 TestServer(IDS)

 Timestamp is 59b92e44 (Wed Sep 13 22:10:28 2017)

 Preferred load address is 00400000

 Start         Length     Name                   Class
 0001:00000000 00010000H .textbss                DATA
 0002:00000000 000046eaH .text$di                CODE
 0002:000046f0 0001bc66H .text$mn                CODE
 0002:00020360 00001ca6H .text$x                 CODE
 0002:00022010 00001352H .text$yd                CODE
 0003:00000000 00000104H .CRT$XCA                DATA
 0003:00000104 00000104H .CRT$XCAA               DATA
 0003:00000208 00000109H .CRT$XCL                DATA
 0003:00000314 00000186H .CRT$XCU                DATA
 0003:0000049c 00000104H .CRT$XCZ                DATA
 0003:000005a0 00000104H .CRT$XIA                DATA
 0003:000006a4 00000104H .CRT$XIAA               DATA
 0003:000007a8 00000104H .CRT$XIAC               DATA
 0003:000008ac 00000104H .CRT$XIC                DATA
 0003:000009b0 00000104H .CRT$XIZ                DATA
 0003:00000ab4 00000004H .CRT$XLA                DATA
 0003:00000ab8 00000004H .CRT$XLZ                DATA
 0003:00000abc 00000104H .CRT$XPA                DATA
 0003:00000bc0 00000104H .CRT$XPZ                DATA
 0003:00000cc4 00000104H .CRT$XTA                DATA
 0003:00000dc8 00000104H .CRT$XTZ                DATA
 0003:00000ed0 00005e72H .rdata                  DATA
 0003:00006d44 0000011cH .rdata$T                DATA
 0003:00006e60 000007eaH .rdata$r                DATA
 0003:0000764c 0000018bH .rdata$zzzdbg           DATA
 0003:000077d8 00000104H .rtc$IAA                DATA
 0003:000078dc 0000013eH .rtc$IMZ                DATA
 0003:00007a1c 00000104H .rtc$IZZ                DATA
 0003:00007b20 00000104H .rtc$TAA                DATA
 0003:00007c24 0000013eH .rtc$TMZ                DATA
 0003:00007d64 00000104H .rtc$TZZ                DATA
 0003:00007e68 00000a1fH .xdata$x                DATA
 0003:00008888 00000104H ATL$__a                 DATA
 0003:0000898c 00000104H ATL$__z                 DATA
 0003:00008a90 00000000H .edata                  DATA
 0004:00000000 000003daH .data                   DATA
 0004:000003dc 00000384H .data$r                 DATA
 0004:00000760 00002eb8H .bss                    DATA
 0005:00000000 00000944H .idata$5                DATA
 0005:00000944 000000f0H .idata$2                DATA
 0005:00000a34 00000014H .idata$3                DATA
 0005:00000a48 00000944H .idata$4                DATA
 0005:0000138c 00000bcfH .idata$6                DATA
 0006:00000000 00000149H .gfids$y                DATA
 0007:00000000 00000101H .tls                    DATA
 0007:00000104 00000104H .tls$                   DATA
 0007:00000208 00000101H .tls$ZZZ                DATA
 0008:00000000 00000104H .00cfg                  DATA
 0009:00000000 0000076eH .rsrc$01                DATA
 0009:00000770 00014cd6H .rsrc$02                DATA

  Address         Publics by Value              Rva+Base       Lib:Object

 0000:00000000       ___safe_se_handler_count   00000000     <absolute>
 0000:00000000       ___guard_iat_count         00000000     <absolute>
 0000:00000000       ___guard_fids_table        00000000     <absolute>
 0000:00000000       ___guard_fids_count        00000000     <absolute>
 0000:00000000       ___guard_longjmp_table     00000000     <absolute>
 0000:00000000       ___guard_longjmp_count     00000000     <absolute>
 0000:00000000       ___guard_iat_table         00000000     <absolute>
 0000:00000000       ___safe_se_handler_table   00000000     <absolute>
 0000:0000002c       __tls_array                0000002c     <absolute>
 0000:00000100       ___guard_flags             00000100     <absolute>
 0000:00000000       ___ImageBase               00400000     <linker-defined>
 0001:00000000       __enc$textbss$begin        00401000     <linker-defined>
 0001:00010000       __enc$textbss$end          00411000     <linker-defined>
 0002:000046f0       ??0AES@@QAE@XZ             004156f0 f   AES.obj
 0002:0000471e       _strlen                    0041571e f   ucrtd:ucrtbased.dll
 0002:00004730       ??1AES@@QAE@XZ             00415730 f   AES.obj
 0002:00004770       ?AddRoundKey@AES@@QAEXQAY03E0@Z 00415770 f   AES.obj
 0002:00004830       ?Decrypt@AES@@QAEXPADQAY03E1@Z 00415830 f   AES.obj
 0002:00004b90       ?Encrypt@AES@@QAEXPADQAY03E1@Z 00415b90 f   AES.obj
 0002:00004d60       ?FreeFunc@AES@@QAEXPAD@Z   00415d60 f   AES.obj
 0002:00004dd0       ?Inv_AddRoundKey@AES@@QAEXQAY03E0@Z 00415dd0 f   AES.obj
 0002:00004e90       ?Inv_KeySchedule@AES@@QAEXQAY03EQAY0BA@EH@Z 00415e90 f   AES.obj
 0002:00005220       ?Inv_MixColumns@AES@@QAEXQAY03E@Z 00416220 f   AES.obj
 0002:00008290       ?print_data@CIDS@@QAEXPBE@Z 00419290 f   IDS.obj
 0002:00008ea0       ?Inv_ShiftRows@AES@@QAEXQAY03E@Z 00419ea0 f   AES.obj
 0002:00008fb0       ?Inv_SubBytes@AES@@QAEXQAY03EQAY0BA@E@Z 00419fb0 f   AES.obj
 0002:00009090       ?KeySchedule@AES@@QAEXQAY03EQAY0BA@EH@Z 0041a090 f   AES.obj
 0002:00009420       ?MixColumns@AES@@QAEXQAY03E@Z 0041a420 f   AES.obj
 0002:00009760       ?ShiftRows@AES@@QAEXQAY03E@Z 0041a760 f   AES.obj
 0002:00009870       ?SubBytes@AES@@QAEXQAY03EQAY0BA@E@Z 0041a870 f   AES.obj
 0002:00009950       ?__empty_global_delete@@YAXPAX@Z 0041a950 f i AES.obj
 0002:00009980       ?__empty_global_delete@@YAXPAXI@Z 0041a980 f i AES.obj
 0002:00009980       ?__global_delete@@YAXPAXI@Z 0041a980 f i AES.obj
 0002:000099b0       ??0ClientSock@@QAE@XZ      0041a9b0 f   ClientSock.obj
 0002:00009a10       ??1ClientSock@@UAE@XZ      0041aa10 f   ClientSock.obj
 0002:00009a70       ??_EClientSock@@UAEPAXI@Z  0041aa70 f i ClientSock.obj
 0002:00009a70       ??_GClientSock@@UAEPAXI@Z  0041aa70 f i ClientSock.obj
 0002:00009b00       ?OnReceive@ClientSock@@UAEXH@Z 0041ab00 f   ClientSock.obj
 0002:00009b80       ?OnBnClickedDb@CDB_Check@@QAEXXZ 0041ab80 f   DB_Check.obj
 0002:00009c70       ?OnCbnSelchangeDbdate@CDB_Check@@QAEXXZ 0041ac70 f   DB_Check.obj
 0002:00009d60       ??$__vcrt_va_start_verify_argument_type@QB_W@@YAXXZ 0041ad60 f i DB_Check.obj
 0002:00009d90       ??0?$CTraceCategoryEx@$0CAAA@$0A@@ATL@@QAE@PBD@Z 0041ad90 f i DB_Check.obj
 0002:00009df0       ??0?$CTraceCategoryEx@$0CAAAA@$0A@@ATL@@QAE@PBD@Z 0041adf0 f i DB_Check.obj
 0002:00009e50       ??0CDB_Check@@QAE@PAVCWnd@@@Z 0041ae50 f   DB_Check.obj
 0002:0000a010       ??1CDB_Check@@UAE@XZ       0041b010 f   DB_Check.obj
 0002:0000a110       ??1CDialogEx@@UAE@XZ       0041b110 f i DB_Check.obj
 0002:0000a190       ??HATL@@YA?AV?$CStringT@DV?$StrTraitMFC_DLL@DV?$ChTraitsCRT@D@ATL@@@@@0@ABV10@PBD@Z 0041b190 f i DB_Check.obj
 0002:0000a350       ??HATL@@YA?AV?$CStringT@DV?$StrTraitMFC_DLL@DV?$ChTraitsCRT@D@ATL@@@@@0@PBDABV10@@Z 0041b350 f i DB_Check.obj
 0002:0000a510       ??_G?$CStringT@DV?$StrTraitMFC_DLL@DV?$ChTraitsCRT@D@ATL@@@@@ATL@@QAEPAXI@Z 0041b510 f i DB_Check.obj
 0002:0000a590       ??_ECDB_Check@@UAEPAXI@Z   0041b590 f i DB_Check.obj
 0002:0000a590       ??_GCDB_Check@@UAEPAXI@Z   0041b590 f i DB_Check.obj
 0002:0000a620       ?DestroyTherad2@CDB_Check@@QAE_NXZ 0041b620 f   DB_Check.obj
 0002:0000a740       ?DestroyTherad@CDB_Check@@QAE_NXZ 0041b740 f   DB_Check.obj
 0002:0000a860       ?DoDataExchange@CDB_Check@@MAEXPAVCDataExchange@@@Z 0041b860 f   DB_Check.obj
 0002:0000a8f0       ?GetMessageMap@CDB_Check@@MBEPBUAFX_MSGMAP@@XZ 0041b8f0 f   DB_Check.obj
 0002:0000a940       ?GetRuntimeClass@CDB_Check@@UBEPAUCRuntimeClass@@XZ 0041b940 f   DB_Check.obj
 0002:0000a980       ?GetThisClass@CDB_Check@@SGPAUCRuntimeClass@@XZ 0041b980 f   DB_Check.obj
 0002:0000a9c0       ?GetThisMessageMap@CDB_Check@@KGPBUAFX_MSGMAP@@XZ 0041b9c0 f   DB_Check.obj
 0002:0000aa00       ?OnInitDialog@CDB_Check@@UAEHXZ 0041ba00 f   DB_Check.obj
 0002:0000ade0       ?RegisterCategory@CTrace@ATL@@SAXPBDI@Z 0041bde0 f i DB_Check.obj
 0002:0000af80       ?ThreadFirst@CDB_Check@@SAIPAX@Z 0041bf80 f   DB_Check.obj
 0002:0000afe0       ?ThreadFunc2@CDB_Check@@QAEXXZ 0041bfe0 f   DB_Check.obj
 0002:0000c310       ?ThreadFunc@CDB_Check@@QAEXXZ 0041d310 f   DB_Check.obj
 0002:0000d750       ?ThreadSecond@CDB_Check@@SAIPAX@Z 0041e750 f   DB_Check.obj
 0002:0000d7b0       ?_GetBaseClass@CDB_Check@@KGPAUCRuntimeClass@@XZ 0041e7b0 f   DB_Check.obj
 0002:0000d800       ___local_stdio_printf_options 0041e800 f i DB_Check.obj
 0002:0000d840       __vswprintf_s_l            0041e840 f i DB_Check.obj
 0002:0000d8f0       _swprintf_s                0041e8f0 f i DB_Check.obj
 0002:0000d970       ?OnBnClickedButton1@CIDS@@QAEXXZ 0041e970 f   IDS.obj
 0002:0000e050       ?OnBnClickedButton2@CIDS@@QAEXXZ 0041f050 f   IDS.obj
 0002:0000e270       ?OnNMDblclkDevice@CIDS@@QAEXPAUtagNMHDR@@PAJ@Z 0041f270 f   IDS.obj
 0002:0000e8e0       ??$__vcrt_va_start_verify_argument_type@QBD@@YAXXZ 0041f8e0 f i IDS.obj
 0002:0000e910       ??0CIDS@@QAE@PAVCWnd@@@Z   0041f910 f   IDS.obj
 0002:0000ea80       ??1CIDS@@UAE@XZ            0041fa80 f   IDS.obj
 0002:0000eb70       ??_ECIDS@@UAEPAXI@Z        0041fb70 f i IDS.obj
 0002:0000eb70       ??_GCIDS@@UAEPAXI@Z        0041fb70 f i IDS.obj
 0002:0000ec00       ?DestroyTherad@CIDS@@QAE_NXZ 0041fc00 f   IDS.obj
 0002:0000ed20       ?DoDataExchange@CIDS@@MAEXPAVCDataExchange@@@Z 0041fd20 f   IDS.obj
 0002:0000ee30       ?GetMessageMap@CIDS@@MBEPBUAFX_MSGMAP@@XZ 0041fe30 f   IDS.obj
 0002:0000ee80       ?GetRuntimeClass@CIDS@@UBEPAUCRuntimeClass@@XZ 0041fe80 f   IDS.obj
 0002:0000eec0       ?GetThisClass@CIDS@@SGPAUCRuntimeClass@@XZ 0041fec0 f   IDS.obj
 0002:0000ef00       ?GetThisMessageMap@CIDS@@KGPBUAFX_MSGMAP@@XZ 0041ff00 f   IDS.obj
 0002:0000ef40       ?OnInitDialog@CIDS@@UAEHXZ 0041ff40 f   IDS.obj
 0002:0000f080       ?ThreadFirst@CIDS@@SAIPAX@Z 00420080 f   IDS.obj
 0002:0000f0e0       ?ThreadFunc@CIDS@@QAEXXZ   004200e0 f   IDS.obj
 0002:0000f260       ?_GetBaseClass@CIDS@@KGPAUCRuntimeClass@@XZ 00420260 f   IDS.obj
 0002:0000f630       ?print_ether_header@CIDS@@QAEXPBE@Z 00420630 f   IDS.obj
 0002:0000fc00       ?print_ip_header@CIDS@@QAEHPBE@Z 00420c00 f   IDS.obj
 0002:000101f0       ?print_tcp_header@CIDS@@QAEHPBE@Z 004211f0 f   IDS.obj
 0002:00010940       __vsnprintf_l              00421940 f i IDS.obj
 0002:000109f0       __vsprintf_l               004219f0 f i IDS.obj
 0002:00010a50       _sprintf                   00421a50 f i IDS.obj
 0002:00010ad0       ??0RSA_CODE@@QAE@XZ        00421ad0 f   RSA_CODE.obj
 0002:00010b10       ??1RSA_CODE@@QAE@XZ        00421b10 f   RSA_CODE.obj
 0002:00010b50       ?Create_Primes@RSA_CODE@@QAEHXZ 00421b50 f   RSA_CODE.obj
 0002:00010cc0       ?Decrypt@RSA_CODE@@QAEXPAHQAH@Z 00421cc0 f   RSA_CODE.obj
 0002:00010e10       ?Encrypt@RSA_CODE@@QAEXPAHQAH@Z 00421e10 f   RSA_CODE.obj
 0002:00010f50       ?FreeFunc@RSA_CODE@@QAEXPAH@Z 00421f50 f   RSA_CODE.obj
 0002:00010fc0       ?Is_Primes@RSA_CODE@@QAE_NH@Z 00421fc0 f   RSA_CODE.obj
 0002:00011050       ?Select_d@RSA_CODE@@QAEHHH@Z 00422050 f   RSA_CODE.obj
 0002:000110d0       ?Select_e@RSA_CODE@@QAEHH@Z 004220d0 f   RSA_CODE.obj
 0002:00011310       ??0ServerSock@@QAE@XZ      00422310 f   ServerSock.obj
 0002:00011370       ??1ServerSock@@UAE@XZ      00422370 f   ServerSock.obj
 0002:000113d0       ??_EServerSock@@UAEPAXI@Z  004223d0 f i ServerSock.obj
 0002:000113d0       ??_GServerSock@@UAEPAXI@Z  004223d0 f i ServerSock.obj
 0002:00011460       ?OnAccept@ServerSock@@UAEXH@Z 00422460 f   ServerSock.obj
 0002:000114d0       ?_AfxInitManaged@@YAHXZ    004224d0 f i stdafx.obj
 0002:00011500       ??$AtlAdd@H@ATL@@YAJPAHHH@Z 00422500 f i stdafx.obj
 0002:00011580       ??$AtlAdd@I@ATL@@YAJPAIII@Z 00422580 f i stdafx.obj
 0002:000115f0       ??$AtlAdd@K@ATL@@YAJPAKKK@Z 004225f0 f i stdafx.obj
 0002:00011660       ??$AtlAlignUp@H@ATL@@YGHHK@Z 00422660 f i stdafx.obj
 0002:000116b0       ??$AtlMultiply@I@ATL@@YAJPAIII@Z 004226b0 f i stdafx.obj
 0002:00011730       ??$AtlMultiply@K@ATL@@YAJPAKKK@Z 00422730 f i stdafx.obj
 0002:000117b0       ??$__vcrt_va_start_verify_argument_type@PBD@@YAXXZ 004227b0 f i stdafx.obj
 0002:000117e0       ??0?$CHeapPtr@DVCCRTAllocator@ATL@@@ATL@@QAE@XZ 004227e0 f i stdafx.obj
 0002:00011840       ??0?$CHeapPtr@_WVCCRTAllocator@ATL@@@ATL@@QAE@XZ 00422840 f i stdafx.obj
 0002:000118a0       ??0?$CHeapPtrBase@DVCCRTAllocator@ATL@@@ATL@@IAE@XZ 004228a0 f i stdafx.obj
 0002:000118f0       ??0?$CHeapPtrBase@_WVCCRTAllocator@ATL@@@ATL@@IAE@XZ 004228f0 f i stdafx.obj
 0002:00011940       ??0?$CSimpleArray@GV?$CSimpleArrayEqualHelper@G@ATL@@@ATL@@QAE@XZ 00422940 f i stdafx.obj
 0002:000119a0       ??0?$CTraceCategoryEx@$00$0A@@ATL@@QAE@PBD@Z 004229a0 f i stdafx.obj
 0002:00011a00       ??0?$CTraceCategoryEx@$01$0A@@ATL@@QAE@PBD@Z 00422a00 f i stdafx.obj
 0002:00011a60       ??0?$CTraceCategoryEx@$03$0A@@ATL@@QAE@PBD@Z 00422a60 f i stdafx.obj
 0002:00011ac0       ??0?$CTraceCategoryEx@$07$0A@@ATL@@QAE@PBD@Z 00422ac0 f i stdafx.obj
 0002:00011b20       ??0?$CTraceCategoryEx@$0BA@$0A@@ATL@@QAE@PBD@Z 00422b20 f i stdafx.obj
 0002:00011b80       ??0?$CTraceCategoryEx@$0BAA@$0A@@ATL@@QAE@PBD@Z 00422b80 f i stdafx.obj
 0002:00011be0       ??0?$CTraceCategoryEx@$0BAAA@$0A@@ATL@@QAE@PBD@Z 00422be0 f i stdafx.obj
 0002:00011c40       ??0?$CTraceCategoryEx@$0BAAAA@$0A@@ATL@@QAE@PBD@Z 00422c40 f i stdafx.obj
 0002:00011ca0       ??0?$CTraceCategoryEx@$0BAAAAA@$0A@@ATL@@QAE@PBD@Z 00422ca0 f i stdafx.obj
 0002:00011d00       ??0?$CTraceCategoryEx@$0CA@$0A@@ATL@@QAE@PBD@Z 00422d00 f i stdafx.obj
 0002:00011d60       ??0?$CTraceCategoryEx@$0CAA@$0A@@ATL@@QAE@PBD@Z 00422d60 f i stdafx.obj
 0002:00011dc0       ??0?$CTraceCategoryEx@$0CAAAAA@$0A@@ATL@@QAE@PBD@Z 00422dc0 f i stdafx.obj
 0002:00011e20       ??0?$CTraceCategoryEx@$0EA@$0A@@ATL@@QAE@PBD@Z 00422e20 f i stdafx.obj
 0002:00011e80       ??0?$CTraceCategoryEx@$0EAA@$0A@@ATL@@QAE@PBD@Z 00422e80 f i stdafx.obj
 0002:00011ee0       ??0?$CTraceCategoryEx@$0EAAA@$0A@@ATL@@QAE@PBD@Z 00422ee0 f i stdafx.obj
 0002:00011f40       ??0?$CTraceCategoryEx@$0EAAAA@$0A@@ATL@@QAE@PBD@Z 00422f40 f i stdafx.obj
 0002:00011fa0       ??0?$CTraceCategoryEx@$0EAAAAA@$0A@@ATL@@QAE@PBD@Z 00422fa0 f i stdafx.obj
 0002:00012000       ??0?$CTraceCategoryEx@$0IA@$0A@@ATL@@QAE@PBD@Z 00423000 f i stdafx.obj
 0002:00012060       ??0?$CTraceCategoryEx@$0IAA@$0A@@ATL@@QAE@PBD@Z 00423060 f i stdafx.obj
 0002:000120c0       ??0?$CTraceCategoryEx@$0IAAA@$0A@@ATL@@QAE@PBD@Z 004230c0 f i stdafx.obj
 0002:00012120       ??0?$CTraceCategoryEx@$0IAAAA@$0A@@ATL@@QAE@PBD@Z 00423120 f i stdafx.obj
 0002:00012180       ??0CAtlComModule@ATL@@QAE@XZ 00423180 f i stdafx.obj
 0002:000122b0       ??0CAtlStringMgr@ATL@@QAE@PAUIAtlMemMgr@1@@Z 004232b0 f i stdafx.obj
 0002:00012340       ??0CAtlWinModule@ATL@@QAE@XZ 00423340 f i stdafx.obj
 0002:00012410       ??0CComCriticalSection@ATL@@QAE@XZ 00423410 f i stdafx.obj
 0002:00012470       ??0CDCCache@CImage@ATL@@QAE@XZ 00423470 f i stdafx.obj
 0002:000124e0       ??0CInitGDIPlus@CImage@ATL@@QAE@XZ 004234e0 f i stdafx.obj
 0002:00012590       ??0CNilStringData@ATL@@QAE@XZ 00423590 f i stdafx.obj
 0002:00012630       ??0CPreserveLastError@ATL@@QAE@XZ 00423630 f i stdafx.obj
 0002:000126a0       ??0CTraceFileAndLineInfo@ATL@@QAE@PBDH@Z 004236a0 f i stdafx.obj
 0002:000126f0       ??0CWin32Heap@ATL@@QAE@PAX@Z 004236f0 f i stdafx.obj
 0002:000127a0       ??0_ATL_COM_MODULE70@ATL@@QAE@XZ 004237a0 f i stdafx.obj
 0002:00012800       ??0_ATL_WIN_MODULE70@ATL@@QAE@XZ 00423800 f i stdafx.obj
 0002:000128b0       ??1?$CHeapPtr@DVCCRTAllocator@ATL@@@ATL@@QAE@XZ 004238b0 f i stdafx.obj
 0002:00012900       ??1?$CHeapPtr@_WVCCRTAllocator@ATL@@@ATL@@QAE@XZ 00423900 f i stdafx.obj
 0002:00012950       ??1?$CHeapPtrBase@DVCCRTAllocator@ATL@@@ATL@@QAE@XZ 00423950 f i stdafx.obj
 0002:000129a0       ??1?$CHeapPtrBase@_WVCCRTAllocator@ATL@@@ATL@@QAE@XZ 004239a0 f i stdafx.obj
 0002:000129f0       ??1?$CSimpleArray@GV?$CSimpleArrayEqualHelper@G@ATL@@@ATL@@QAE@XZ 004239f0 f i stdafx.obj
 0002:00012a80       ??1CAtlComModule@ATL@@QAE@XZ 00423a80 f i stdafx.obj
 0002:00012b10       ??1CAtlStringMgr@ATL@@UAE@XZ 00423b10 f i stdafx.obj
 0002:00012b60       ??1CAtlWinModule@ATL@@QAE@XZ 00423b60 f i stdafx.obj
 0002:00012bf0       ??1CComCriticalSection@ATL@@QAE@XZ 00423bf0 f i stdafx.obj
 0002:00012c30       ??1CDCCache@CImage@ATL@@QAE@XZ 00423c30 f i stdafx.obj
 0002:00012cd0       ??1CInitGDIPlus@CImage@ATL@@QAE@XZ 00423cd0 f i stdafx.obj
 0002:00012d40       ??1CPreserveLastError@ATL@@QAE@XZ 00423d40 f i stdafx.obj
 0002:00012da0       ??1CWin32Heap@ATL@@UAE@XZ  00423da0 f i stdafx.obj
 0002:00012e70       ??1_ATL_COM_MODULE70@ATL@@QAE@XZ 00423e70 f i stdafx.obj
 0002:00012ed0       ??1_ATL_WIN_MODULE70@ATL@@QAE@XZ 00423ed0 f i stdafx.obj
 0002:00012f30       ??A?$CSimpleArray@GV?$CSimpleArrayEqualHelper@G@ATL@@@ATL@@QAEAAGH@Z 00423f30 f i stdafx.obj
 0002:00013000       ??B?$CHeapPtrBase@DVCCRTAllocator@ATL@@@ATL@@QBEPADXZ 00424000 f i stdafx.obj
 0002:00013040       ??B?$CHeapPtrBase@_WVCCRTAllocator@ATL@@@ATL@@QBEPA_WXZ 00424040 f i stdafx.obj
 0002:00013080       ??B?$CTraceCategoryEx@$01$0A@@ATL@@QAEIXZ 00424080 f i stdafx.obj
 0002:000130c0       ??B?$CTraceCategoryEx@$0CA@$0A@@ATL@@QAEIXZ 004240c0 f i stdafx.obj
 0002:00013100       ??RCTraceFileAndLineInfo@ATL@@QBAXHIPBDZZ 00424100 f i stdafx.obj
 0002:00013230       ??_ECAtlStringMgr@ATL@@UAEPAXI@Z 00424230 f i stdafx.obj
 0002:00013230       ??_GCAtlStringMgr@ATL@@UAEPAXI@Z 00424230 f i stdafx.obj
 0002:000132a0       ??_ECWin32Heap@ATL@@UAEPAXI@Z 004242a0 f i stdafx.obj
 0002:000132a0       ??_GCWin32Heap@ATL@@UAEPAXI@Z 004242a0 f i stdafx.obj
 0002:00013310       ??_H@YGXPAXIIP6EPAX0@Z@Z   00424310 f i stdafx.obj
 0002:000133c0       ?AddRef@CStringData@ATL@@QAEXXZ 004243c0 f i stdafx.obj
 0002:00013460       ?Allocate@?$CHeapPtr@DVCCRTAllocator@ATL@@@ATL@@QAE_NI@Z 00424460 f i stdafx.obj
 0002:00013530       ?Allocate@?$CHeapPtr@_WVCCRTAllocator@ATL@@@ATL@@QAE_NI@Z 00424530 f i stdafx.obj
 0002:00013600       ?Allocate@CAtlStringMgr@ATL@@UAEPAUCStringData@2@HH@Z 00424600 f i stdafx.obj
 0002:000138b0       ?Allocate@CCRTAllocator@ATL@@SAPAXI@Z 004248b0 f i stdafx.obj
 0002:00013910       ?Allocate@CWin32Heap@ATL@@UAEPAXI@Z 00424910 f i stdafx.obj
 0002:00013980       ?AllocateBytes@?$CHeapPtrBase@DVCCRTAllocator@ATL@@@ATL@@QAE_NI@Z 00424980 f i stdafx.obj
 0002:00013a40       ?AllocateBytes@?$CHeapPtrBase@_WVCCRTAllocator@ATL@@@ATL@@QAE_NI@Z 00424a40 f i stdafx.obj
 0002:00013b00       ?AtlWinModuleInit@ATL@@YGJPAU_ATL_WIN_MODULE70@1@@Z 00424b00 f i stdafx.obj
 0002:00013c20       ?AtlWinModuleTerm@ATL@@YGJPAU_ATL_WIN_MODULE70@1@PAUHINSTANCE__@@@Z 00424c20 f i stdafx.obj
 0002:00013d20       ?CImageStaticInitialize@CImage@ATL@@CA_NXZ 00424d20 f i stdafx.obj
 0002:00013d70       ?Clone@CAtlStringMgr@ATL@@UAEPAUIAtlStringMgr@2@XZ 00424d70 f i stdafx.obj
 0002:00013db0       ?Free@?$CHeapPtrBase@DVCCRTAllocator@ATL@@@ATL@@QAEXXZ 00424db0 f i stdafx.obj
 0002:00013e20       ?Free@?$CHeapPtrBase@_WVCCRTAllocator@ATL@@@ATL@@QAEXXZ 00424e20 f i stdafx.obj
 0002:00013e90       ?Free@CAtlStringMgr@ATL@@UAEXPAUCStringData@2@@Z 00424e90 f i stdafx.obj
 0002:00013f90       ?Free@CCRTAllocator@ATL@@SAXPAX@Z 00424f90 f i stdafx.obj
 0002:00013ff0       ?Free@CWin32Heap@ATL@@UAEXPAX@Z 00424ff0 f i stdafx.obj
 0002:000140b0       ?GetCDCCacheInstance@CImage@ATL@@CAPAVCDCCache@12@XZ 004250b0 f i stdafx.obj
 0002:00014160       ?GetCategoryName@CTrace@ATL@@CAPA_WI@Z 00425160 f i stdafx.obj
 0002:000141e0       ?GetInitGDIPlusInstance@CImage@ATL@@CAPAVCInitGDIPlus@12@XZ 004251e0 f i stdafx.obj
 0002:00014290       ?GetInstance@CAtlStringMgr@ATL@@SAPAUIAtlStringMgr@2@XZ 00425290 f i stdafx.obj
 0002:000143f0       ?GetModuleInstance@CAtlBaseModule@ATL@@QAEPAUHINSTANCE__@@XZ 004253f0 f i stdafx.obj
 0002:00014430       ?GetNilString@CAtlStringMgr@ATL@@UAEPAUCStringData@2@XZ 00425430 f i stdafx.obj
 0002:00014490       ?GetSize@?$CSimpleArray@GV?$CSimpleArrayEqualHelper@G@ATL@@@ATL@@QBEHXZ 00425490 f i stdafx.obj
 0002:000144d0       ?GetSize@CWin32Heap@ATL@@UAEIPAX@Z 004254d0 f i stdafx.obj
 0002:00014540       ?Init@CComCriticalSection@ATL@@QAEJXZ 00425540 f i stdafx.obj
 0002:000145d0       ?Reallocate@CAtlStringMgr@ATL@@UAEPAUCStringData@2@PAU32@HH@Z 004255d0 f i stdafx.obj
 0002:000148a0       ?Reallocate@CWin32Heap@ATL@@UAEPAXPAXI@Z 004258a0 f i stdafx.obj
 0002:00014970       ?ReleaseGDIPlus@CInitGDIPlus@CImage@ATL@@QAEXXZ 00425970 f i stdafx.obj
 0002:00014a10       ?RemoveAll@?$CSimpleArray@GV?$CSimpleArrayEqualHelper@G@ATL@@@ATL@@QAEXXZ 00425a10 f i stdafx.obj
 0002:00014ad0       ?SetManager@CNilStringData@ATL@@QAEXPAUIAtlStringMgr@2@@Z 00425ad0 f i stdafx.obj
 0002:00014b70       ?StaticInitialize@CAtlStringMgr@ATL@@CA_NXZ 00425b70 f i stdafx.obj
 0002:00014bc0       ?Term@CAtlComModule@ATL@@QAEXXZ 00425bc0 f i stdafx.obj
 0002:00014cc0       ?Term@CAtlWinModule@ATL@@QAEXXZ 00425cc0 f i stdafx.obj
 0002:00014d20       ?Term@CComCriticalSection@ATL@@QAEJXZ 00425d20 f i stdafx.obj
 0002:00014d80       ?TraceV@CTrace@ATL@@CAXPBDHIIPB_W@Z 00425d80 f i stdafx.obj
 0002:000150f0       ?TraceV@CTrace@ATL@@SAXPBDHII0PAD@Z 004260f0 f i stdafx.obj
 0002:000153d0       ?_AtlInitializeCriticalSectionEx@ATL@@YAHPAU_RTL_CRITICAL_SECTION@@KK@Z 004263d0 f i stdafx.obj
 0002:00015430       ?_AtlRaiseException@ATL@@YAXKK@Z 00426430 f i stdafx.obj
 0002:00015490       ?__autoclassinit2@?$CHeapPtr@DVCCRTAllocator@ATL@@@ATL@@QAEXI@Z 00426490 f i stdafx.obj
 0002:000154f0       ?__autoclassinit2@?$CHeapPtr@_WVCCRTAllocator@ATL@@@ATL@@QAEXI@Z 004264f0 f i stdafx.obj
 0002:00015550       ?__autoclassinit2@CAtlStringMgr@ATL@@QAEXI@Z 00426550 f i stdafx.obj
 0002:000155b0       ?__autoclassinit2@CWin32Heap@ATL@@QAEXI@Z 004265b0 f i stdafx.obj
 0002:00015610       _HRESULT_FROM_WIN32        00426610 f i stdafx.obj
 0002:00015680       __vscprintf                00426680 f i stdafx.obj
 0002:000156e0       __vscprintf_l              004266e0 f i stdafx.obj
 0002:00015790       __vsnprintf_s              00426790 f i stdafx.obj
 0002:00015800       __vsnprintf_s_l            00426800 f i stdafx.obj
 0002:000158b0       ??0CTestServerApp@@QAE@XZ  004268b0 f   TestServer.obj
 0002:00015920       ??1CTestServerApp@@UAE@XZ  00426920 f i TestServer.obj
 0002:00015970       ??B?$CTraceCategoryEx@$0IAAAA@$0A@@ATL@@QAEIXZ 00426970 f i TestServer.obj
 0002:000159b0       ??_GCTestServerApp@@UAEPAXI@Z 004269b0 f i TestServer.obj
 0002:000159b0       ??_ECTestServerApp@@UAEPAXI@Z 004269b0 f i TestServer.obj
 0002:00015a40       ?GetApplicationRecoveryParameter@CWinApp@@UAEPAXXZ 00426a40 f i TestServer.obj
 0002:00015a80       ?GetApplicationRecoveryPingInterval@CWinApp@@UAEKXZ 00426a80 f i TestServer.obj
 0002:00015ac0       ?GetApplicationRestartFlags@CWinApp@@UAEKXZ 00426ac0 f i TestServer.obj
 0002:00015b00       ?GetMessageMap@CTestServerApp@@MBEPBUAFX_MSGMAP@@XZ 00426b00 f   TestServer.obj
 0002:00015b50       ?GetThisMessageMap@CTestServerApp@@KGPBUAFX_MSGMAP@@XZ 00426b50 f   TestServer.obj
 0002:00015b90       ?InitInstance@CTestServerApp@@UAEHXZ 00426b90 f   TestServer.obj
 0002:00015ee0       ?ReopenPreviousFilesAtRestart@CWinApp@@UBEHXZ 00426ee0 f i TestServer.obj
 0002:00015f30       ?RestoreAutosavedFilesAtRestart@CWinApp@@UBEHXZ 00426f30 f i TestServer.obj
 0002:00015f80       ?SupportsApplicationRecovery@CWinApp@@UBEHXZ 00426f80 f i TestServer.obj
 0002:00015fd0       ?SupportsAutosaveAtInterval@CWinApp@@UBEHXZ 00426fd0 f i TestServer.obj
 0002:00016020       ?SupportsAutosaveAtRestart@CWinApp@@UBEHXZ 00427020 f i TestServer.obj
 0002:00016070       ?SupportsRestartManager@CWinApp@@UBEHXZ 00427070 f i TestServer.obj
 0002:000160c0       ?__autoclassinit2@CTestServerApp@@QAEXI@Z 004270c0 f i TestServer.obj
 0002:00016120       ?__autoclassinit2@CTestServerDlg@@QAEXI@Z 00427120 f i TestServer.obj
 0002:00016180       ?OnSysCommand@CTestServerDlg@@IAEXIJ@Z 00427180 f   TestServerDlg.obj
 0002:000162c0       ?OnPaint@CTestServerDlg@@IAEXXZ 004272c0 f   TestServerDlg.obj
 0002:000164d0       ?OnQueryDragIcon@CTestServerDlg@@IAEPAUHICON__@@XZ 004274d0 f   TestServerDlg.obj
 0002:00016510       ?OnBnClickedSocketCreate@CTestServerDlg@@QAEXXZ 00427510 f   TestServerDlg.obj
 0002:00016800       ?OnBnClickedSocketClose@CTestServerDlg@@QAEXXZ 00427800 f   TestServerDlg.obj
 0002:00016ad0       ?OnBnClickedDb@CTestServerDlg@@QAEXXZ 00427ad0 f   TestServerDlg.obj
 0002:00016c30       ?OnBnClickedIds@CTestServerDlg@@QAEXXZ 00427c30 f   TestServerDlg.obj
 0002:00016d90       ??0CAboutDlg@@QAE@XZ       00427d90 f   TestServerDlg.obj
 0002:00016e00       ??0CRect@@QAE@XZ           00427e00 f i TestServerDlg.obj
 0002:00016e70       ??0CTestServerDlg@@QAE@PAVCWnd@@@Z 00427e70 f   TestServerDlg.obj
 0002:00017050       ??1CAboutDlg@@UAE@XZ       00428050 f i TestServerDlg.obj
 0002:000170a0       ??1CTestServerDlg@@UAE@XZ  004280a0 f   TestServerDlg.obj
 0002:000172e0       ??_ECAboutDlg@@UAEPAXI@Z   004282e0 f i TestServerDlg.obj
 0002:000172e0       ??_GCAboutDlg@@UAEPAXI@Z   004282e0 f i TestServerDlg.obj
 0002:00017370       ??_ECTestServerDlg@@UAEPAXI@Z 00428370 f i TestServerDlg.obj
 0002:00017370       ??_GCTestServerDlg@@UAEPAXI@Z 00428370 f i TestServerDlg.obj
 0002:00017400       ?AfxAssertFailedLine@@YGHPBDH@Z 00428400 f i TestServerDlg.obj
 0002:00017510       ?DoDataExchange@CAboutDlg@@MAEXPAVCDataExchange@@@Z 00428510 f   TestServerDlg.obj
 0002:00017570       ?DoDataExchange@CTestServerDlg@@MAEXPAVCDataExchange@@@Z 00428570 f   TestServerDlg.obj
 0002:00017600       ?GetMessageMap@CAboutDlg@@MBEPBUAFX_MSGMAP@@XZ 00428600 f   TestServerDlg.obj
 0002:00017650       ?GetMessageMap@CTestServerDlg@@MBEPBUAFX_MSGMAP@@XZ 00428650 f   TestServerDlg.obj
 0002:000176a0       ?GetThisMessageMap@CAboutDlg@@KGPBUAFX_MSGMAP@@XZ 004286a0 f   TestServerDlg.obj
 0002:000176e0       ?GetThisMessageMap@CTestServerDlg@@KGPBUAFX_MSGMAP@@XZ 004286e0 f   TestServerDlg.obj
 0002:00017720       ?Height@CRect@@QBEHXZ      00428720 f i TestServerDlg.obj
 0002:00017770       ?OnAccept@CTestServerDlg@@QAEXXZ 00428770 f   TestServerDlg.obj
 0002:00017b60       ?OnInitDialog@CTestServerDlg@@MAEHXZ 00428b60 f   TestServerDlg.obj
 0002:000180c0       ?OnReceive@CTestServerDlg@@QAEXPAVClientSock@@@Z 004290c0 f   TestServerDlg.obj
 0002:00019350       ?OnSend@CTestServerDlg@@QAEXPADH@Z 0042a350 f   TestServerDlg.obj
 0002:00019410       ?Width@CRect@@QBEHXZ       0042a410 f i TestServerDlg.obj
 0002:00019460       ?__autoclassinit2@CAboutDlg@@QAEXI@Z 0042a460 f i TestServerDlg.obj
 0002:000194c0       ?__autoclassinit2@CPaintDC@@QAEXI@Z 0042a4c0 f i TestServerDlg.obj
 0002:0001957a       _mysql_init@4              0042a57a f   libmysql:libmysql.dll
 0002:00019580       _mysql_real_connect@32     0042a580 f   libmysql:libmysql.dll
 0002:00019586       _mysql_query@8             0042a586 f   libmysql:libmysql.dll
 0002:0001958c       _mysql_store_result@4      0042a58c f   libmysql:libmysql.dll
 0002:00019592       _mysql_free_result@4       0042a592 f   libmysql:libmysql.dll
 0002:00019598       _mysql_fetch_row@4         0042a598 f   libmysql:libmysql.dll
 0002:0001959e       _mysql_close@4             0042a59e f   libmysql:libmysql.dll
 0002:000195a4       ??3@YAXPAX@Z               0042a5a4 f   mfc140d:mfc140d.dll
 0002:000195aa       ??3CObject@@SGXPAX@Z       0042a5aa f   mfc140d:mfc140d.dll
 0002:000195b0       ?Serialize@CObject@@UAEXAAVCArchive@@@Z 0042a5b0 f   mfc140d:mfc140d.dll
 0002:000195b6       ?AfxGetApp@@YGPAVCWinApp@@XZ 0042a5b6 f   mfc140d:mfc140d.dll
 0002:000195bc       ?GetRuntimeClass@CAsyncSocket@@UBEPAUCRuntimeClass@@XZ 0042a5bc f   mfc140d:mfc140d.dll
 0002:000195c2       ??0CAsyncSocket@@QAE@XZ    0042a5c2 f   mfc140d:mfc140d.dll
 0002:000195c8       ?Accept@CAsyncSocket@@UAEHAAV1@PAUsockaddr@@PAH@Z 0042a5c8 f   mfc140d:mfc140d.dll
 0002:000195ce       ?Close@CAsyncSocket@@UAEXXZ 0042a5ce f   mfc140d:mfc140d.dll
 0002:000195d4       ?Receive@CAsyncSocket@@UAEHPAXHH@Z 0042a5d4 f   mfc140d:mfc140d.dll
 0002:000195da       ?Send@CAsyncSocket@@UAEHPBXHH@Z 0042a5da f   mfc140d:mfc140d.dll
 0002:000195e0       ?OnReceive@CAsyncSocket@@MAEXH@Z 0042a5e0 f   mfc140d:mfc140d.dll
 0002:000195e6       ?OnSend@CAsyncSocket@@MAEXH@Z 0042a5e6 f   mfc140d:mfc140d.dll
 0002:000195ec       ?OnOutOfBandData@CAsyncSocket@@MAEXH@Z 0042a5ec f   mfc140d:mfc140d.dll
 0002:000195f2       ?OnAccept@CAsyncSocket@@MAEXH@Z 0042a5f2 f   mfc140d:mfc140d.dll
 0002:000195f8       ?OnConnect@CAsyncSocket@@MAEXH@Z 0042a5f8 f   mfc140d:mfc140d.dll
 0002:000195fe       ?OnClose@CAsyncSocket@@MAEXH@Z 0042a5fe f   mfc140d:mfc140d.dll
 0002:00019604       ??1CAsyncSocket@@UAE@XZ    0042a604 f   mfc140d:mfc140d.dll
 0002:0001960a       ?AssertValid@CAsyncSocket@@UBEXXZ 0042a60a f   mfc140d:mfc140d.dll
 0002:00019610       ?Dump@CAsyncSocket@@UBEXAAVCDumpContext@@@Z 0042a610 f   mfc140d:mfc140d.dll
 0002:00019616       ?ConnectHelper@CAsyncSocket@@MAEHPBUsockaddr@@H@Z 0042a616 f   mfc140d:mfc140d.dll
 0002:0001961c       ?ReceiveFromHelper@CAsyncSocket@@MAEHPAXHPAUsockaddr@@PAHH@Z 0042a61c f   mfc140d:mfc140d.dll
 0002:00019622       ?SendToHelper@CAsyncSocket@@MAEHPBXHPBUsockaddr@@HH@Z 0042a622 f   mfc140d:mfc140d.dll
 0002:00019628       ?GetThisMessageMap@CDialogEx@@KGPBUAFX_MSGMAP@@XZ 0042a628 f   mfc140d:mfc140d.dll
 0002:0001962e       ??2@YAPAXI@Z               0042a62e f   mfc140d:mfc140d.dll
 0002:00019634       ??B?$CSimpleStringT@D$00@ATL@@QBEPBDXZ 0042a634 f   mfc140d:mfc140d.dll
 0002:0001963a       ?Empty@?$CSimpleStringT@D$00@ATL@@QAEXXZ 0042a63a f   mfc140d:mfc140d.dll
 0002:00019640       ?GetBuffer@?$CSimpleStringT@D$00@ATL@@QAEPADH@Z 0042a640 f   mfc140d:mfc140d.dll
 0002:00019646       ?GetLength@?$CSimpleStringT@D$00@ATL@@QBEHXZ 0042a646 f   mfc140d:mfc140d.dll
 0002:0001964c       ?ReleaseBuffer@?$CSimpleStringT@D$00@ATL@@QAEXH@Z 0042a64c f   mfc140d:mfc140d.dll
 0002:00019652       ?StringLength@?$CSimpleStringT@D$00@ATL@@SAHPBD@Z 0042a652 f   mfc140d:mfc140d.dll
 0002:00019658       ?Concatenate@?$CSimpleStringT@D$00@ATL@@KAXAAV12@PBDH1H@Z 0042a658 f   mfc140d:mfc140d.dll
 0002:0001965e       ??0?$CStringT@DV?$StrTraitMFC_DLL@DV?$ChTraitsCRT@D@ATL@@@@@ATL@@QAE@XZ 0042a65e f   mfc140d:mfc140d.dll
 0002:00019664       ??0?$CStringT@DV?$StrTraitMFC_DLL@DV?$ChTraitsCRT@D@ATL@@@@@ATL@@QAE@PAUIAtlStringMgr@1@@Z 0042a664 f   mfc140d:mfc140d.dll
 0002:0001966a       ??0?$CStringT@DV?$StrTraitMFC_DLL@DV?$ChTraitsCRT@D@ATL@@@@@ATL@@QAE@ABV01@@Z 0042a66a f   mfc140d:mfc140d.dll
 0002:00019670       ??0?$CStringT@DV?$StrTraitMFC_DLL@DV?$ChTraitsCRT@D@ATL@@@@@ATL@@QAE@PBD@Z 0042a670 f   mfc140d:mfc140d.dll
 0002:00019676       ??1?$CStringT@DV?$StrTraitMFC_DLL@DV?$ChTraitsCRT@D@ATL@@@@@ATL@@QAE@XZ 0042a676 f   mfc140d:mfc140d.dll
 0002:0001967c       ??4?$CStringT@DV?$StrTraitMFC_DLL@DV?$ChTraitsCRT@D@ATL@@@@@ATL@@QAEAAV01@PBD@Z 0042a67c f   mfc140d:mfc140d.dll
 0002:00019682       ??Y?$CStringT@DV?$StrTraitMFC_DLL@DV?$ChTraitsCRT@D@ATL@@@@@ATL@@QAEAAV01@D@Z 0042a682 f   mfc140d:mfc140d.dll
 0002:00019688       ?GetManager@?$CStringT@DV?$StrTraitMFC_DLL@DV?$ChTraitsCRT@D@ATL@@@@@ATL@@QBEPAUIAtlStringMgr@2@XZ 0042a688 f   mfc140d:mfc140d.dll
 0002:0001968e       ??1CBrush@@UAE@XZ          0042a68e f   mfc140d:mfc140d.dll
 0002:00019694       ?DDX_Control@@YGXPAVCDataExchange@@HAAVCWnd@@@Z 0042a694 f   mfc140d:mfc140d.dll
 0002:0001969a       ?IsInvokeAllowed@CCmdTarget@@UAEHJ@Z 0042a69a f   mfc140d:mfc140d.dll
 0002:000196a0       ?GetDispatchIID@CCmdTarget@@UAEHPAU_GUID@@@Z 0042a6a0 f   mfc140d:mfc140d.dll
 0002:000196a6       ?GetTypeInfoCount@CCmdTarget@@UAEIXZ 0042a6a6 f   mfc140d:mfc140d.dll
 0002:000196ac       ?GetTypeLibCache@CCmdTarget@@UAEPAVCTypeLibCache@@XZ 0042a6ac f   mfc140d:mfc140d.dll
 0002:000196b2       ?GetTypeLib@CCmdTarget@@UAEJKPAPAUITypeLib@@@Z 0042a6b2 f   mfc140d:mfc140d.dll
 0002:000196b8       ?GetCommandMap@CCmdTarget@@MBEPBUAFX_OLECMDMAP@@XZ 0042a6b8 f   mfc140d:mfc140d.dll
 0002:000196be       ?GetDispatchMap@CCmdTarget@@MBEPBUAFX_DISPMAP@@XZ 0042a6be f   mfc140d:mfc140d.dll
 0002:000196c4       ?GetConnectionMap@CCmdTarget@@MBEPBUAFX_CONNECTIONMAP@@XZ 0042a6c4 f   mfc140d:mfc140d.dll
 0002:000196ca       ?GetEventSinkMap@CCmdTarget@@MBEPBUAFX_EVENTSINKMAP@@XZ 0042a6ca f   mfc140d:mfc140d.dll
 0002:000196d0       ?OnCreateAggregates@CCmdTarget@@UAEHXZ 0042a6d0 f   mfc140d:mfc140d.dll
 0002:000196d6       ?GetInterfaceHook@CCmdTarget@@UAEPAUIUnknown@@PBX@Z 0042a6d6 f   mfc140d:mfc140d.dll
 0002:000196dc       ?GetExtraConnectionPoints@CCmdTarget@@MAEHPAVCPtrArray@@@Z 0042a6dc f   mfc140d:mfc140d.dll
 0002:000196e2       ?GetConnectionHook@CCmdTarget@@MAEPAUIConnectionPoint@@ABU_GUID@@@Z 0042a6e2 f   mfc140d:mfc140d.dll
 0002:000196e8       ?PreSubclassWindow@CWnd@@UAEXXZ 0042a6e8 f   mfc140d:mfc140d.dll
 0002:000196ee       ?Create@CWnd@@UAEHPBD0KABUtagRECT@@PAV1@IPAUCCreateContext@@@Z 0042a6ee f   mfc140d:mfc140d.dll
 0002:000196f4       ?CreateEx@CWnd@@UAEHKPBD0KHHHHPAUHWND__@@PAUHMENU__@@PAX@Z 0042a6f4 f   mfc140d:mfc140d.dll
 0002:000196fa       ?CreateEx@CWnd@@UAEHKPBD0KABUtagRECT@@PAV1@IPAX@Z 0042a6fa f   mfc140d:mfc140d.dll
 0002:00019700       ?DestroyWindow@CWnd@@UAEHXZ 0042a700 f   mfc140d:mfc140d.dll
 0002:00019706       ?PreCreateWindow@CWnd@@UAEHAAUtagCREATESTRUCTA@@@Z 0042a706 f   mfc140d:mfc140d.dll
 0002:0001970c       ?CalcWindowRect@CWnd@@UAEXPAUtagRECT@@I@Z 0042a70c f   mfc140d:mfc140d.dll
 0002:00019712       ?GetMenu@CWnd@@UBEPAVCMenu@@XZ 0042a712 f   mfc140d:mfc140d.dll
 0002:00019718       ?SetMenu@CWnd@@UAEHPAVCMenu@@@Z 0042a718 f   mfc140d:mfc140d.dll
 0002:0001971e       ?OnToolHitTest@CWnd@@UBEHVCPoint@@PAUtagTOOLINFOA@@@Z 0042a71e f   mfc140d:mfc140d.dll
 0002:00019724       ?GetScrollBarCtrl@CWnd@@UBEPAVCScrollBar@@H@Z 0042a724 f   mfc140d:mfc140d.dll
 0002:0001972a       ?WinHelpA@CWnd@@UAEXKI@Z   0042a72a f   mfc140d:mfc140d.dll
 0002:00019730       ?HtmlHelpA@CWnd@@UAEXKI@Z  0042a730 f   mfc140d:mfc140d.dll
 0002:00019736       ?WinHelpInternal@CWnd@@UAEXKI@Z 0042a736 f   mfc140d:mfc140d.dll
 0002:0001973c       ?ContinueModal@CWnd@@UAEHXZ 0042a73c f   mfc140d:mfc140d.dll
 0002:00019742       ?EndModalLoop@CWnd@@UAEXH@Z 0042a742 f   mfc140d:mfc140d.dll
 0002:00019748       ?OnDrawIconicThumbnailOrLivePreview@CWnd@@UAEXAAVCDC@@VCRect@@VCSize@@HAAH@Z 0042a748 f   mfc140d:mfc140d.dll
 0002:0001974e       ?GetInterfaceMap@CWnd@@MBEPBUAFX_INTERFACEMAP@@XZ 0042a74e f   mfc140d:mfc140d.dll
 0002:00019754       ?EnsureStdObj@CWnd@@UAEJXZ 0042a754 f   mfc140d:mfc140d.dll
 0002:0001975a       ?get_accParent@CWnd@@UAEJPAPAUIDispatch@@@Z 0042a75a f   mfc140d:mfc140d.dll
 0002:00019760       ?get_accChildCount@CWnd@@UAEJPAJ@Z 0042a760 f   mfc140d:mfc140d.dll
 0002:00019766       ?get_accChild@CWnd@@UAEJUtagVARIANT@@PAPAUIDispatch@@@Z 0042a766 f   mfc140d:mfc140d.dll
 0002:0001976c       ?get_accName@CWnd@@UAEJUtagVARIANT@@PAPA_W@Z 0042a76c f   mfc140d:mfc140d.dll
 0002:00019772       ?get_accValue@CWnd@@UAEJUtagVARIANT@@PAPA_W@Z 0042a772 f   mfc140d:mfc140d.dll
 0002:00019778       ?get_accDescription@CWnd@@UAEJUtagVARIANT@@PAPA_W@Z 0042a778 f   mfc140d:mfc140d.dll
 0002:0001977e       ?get_accRole@CWnd@@UAEJUtagVARIANT@@PAU2@@Z 0042a77e f   mfc140d:mfc140d.dll
 0002:00019784       ?get_accState@CWnd@@UAEJUtagVARIANT@@PAU2@@Z 0042a784 f   mfc140d:mfc140d.dll
 0002:0001978a       ?get_accHelp@CWnd@@UAEJUtagVARIANT@@PAPA_W@Z 0042a78a f   mfc140d:mfc140d.dll
 0002:00019790       ?get_accHelpTopic@CWnd@@UAEJPAPA_WUtagVARIANT@@PAJ@Z 0042a790 f   mfc140d:mfc140d.dll
 0002:00019796       ?get_accKeyboardShortcut@CWnd@@UAEJUtagVARIANT@@PAPA_W@Z 0042a796 f   mfc140d:mfc140d.dll
 0002:0001979c       ?get_accFocus@CWnd@@UAEJPAUtagVARIANT@@@Z 0042a79c f   mfc140d:mfc140d.dll
 0002:000197a2       ?get_accSelection@CWnd@@UAEJPAUtagVARIANT@@@Z 0042a7a2 f   mfc140d:mfc140d.dll
 0002:000197a8       ?get_accDefaultAction@CWnd@@UAEJUtagVARIANT@@PAPA_W@Z 0042a7a8 f   mfc140d:mfc140d.dll
 0002:000197ae       ?accSelect@CWnd@@UAEJJUtagVARIANT@@@Z 0042a7ae f   mfc140d:mfc140d.dll
 0002:000197b4       ?accLocation@CWnd@@UAEJPAJ000UtagVARIANT@@@Z 0042a7b4 f   mfc140d:mfc140d.dll
 0002:000197ba       ?accNavigate@CWnd@@UAEJJUtagVARIANT@@PAU2@@Z 0042a7ba f   mfc140d:mfc140d.dll
 0002:000197c0       ?accHitTest@CWnd@@UAEJJJPAUtagVARIANT@@@Z 0042a7c0 f   mfc140d:mfc140d.dll
 0002:000197c6       ?accDoDefaultAction@CWnd@@UAEJUtagVARIANT@@@Z 0042a7c6 f   mfc140d:mfc140d.dll
 0002:000197cc       ?put_accName@CWnd@@UAEJUtagVARIANT@@PA_W@Z 0042a7cc f   mfc140d:mfc140d.dll
 0002:000197d2       ?put_accValue@CWnd@@UAEJUtagVARIANT@@PA_W@Z 0042a7d2 f   mfc140d:mfc140d.dll
 0002:000197d8       ?SetProxy@CWnd@@UAEJPAUIAccessibleProxy@@@Z 0042a7d8 f   mfc140d:mfc140d.dll
 0002:000197de       ?CreateAccessibleProxy@CWnd@@UAEJIJPAJ@Z 0042a7de f   mfc140d:mfc140d.dll
 0002:000197e4       ?OnNotify@CWnd@@MAEHIJPAJ@Z 0042a7e4 f   mfc140d:mfc140d.dll
 0002:000197ea       ?GetSuperWndProcAddr@CWnd@@MAEPAP6GJPAUHWND__@@IIJ@ZXZ 0042a7ea f   mfc140d:mfc140d.dll
 0002:000197f0       ?DoDataExchange@CWnd@@MAEXPAVCDataExchange@@@Z 0042a7f0 f   mfc140d:mfc140d.dll
 0002:000197f6       ?BeginModalState@CWnd@@UAEXXZ 0042a7f6 f   mfc140d:mfc140d.dll
 0002:000197fc       ?EndModalState@CWnd@@UAEXXZ 0042a7fc f   mfc140d:mfc140d.dll
 0002:00019802       ?OnAmbientProperty@CWnd@@UAEHPAVCOleControlSite@@JPAUtagVARIANT@@@Z 0042a802 f   mfc140d:mfc140d.dll
 0002:00019808       ?WindowProc@CWnd@@MAEJIIJ@Z 0042a808 f   mfc140d:mfc140d.dll
 0002:0001980e       ?OnWndMsg@CWnd@@MAEHIIJPAJ@Z 0042a80e f   mfc140d:mfc140d.dll
 0002:00019814       ?DefWindowProcA@CWnd@@MAEJIIJ@Z 0042a814 f   mfc140d:mfc140d.dll
 0002:0001981a       ?PostNcDestroy@CWnd@@MAEXXZ 0042a81a f   mfc140d:mfc140d.dll
 0002:00019820       ?OnChildNotify@CWnd@@MAEHIIJPAJ@Z 0042a820 f   mfc140d:mfc140d.dll
 0002:00019826       ?OnTouchInputs@CWnd@@MAEHIPAUtagTOUCHINPUT@@@Z 0042a826 f   mfc140d:mfc140d.dll
 0002:0001982c       ?OnTouchInput@CWnd@@MAEHVCPoint@@HHPAUtagTOUCHINPUT@@@Z 0042a82c f   mfc140d:mfc140d.dll
 0002:00019832       ?GetGestureStatus@CWnd@@MAEKVCPoint@@@Z 0042a832 f   mfc140d:mfc140d.dll
 0002:00019838       ?OnGestureZoom@CWnd@@MAEHVCPoint@@J@Z 0042a838 f   mfc140d:mfc140d.dll
 0002:0001983e       ?OnGesturePan@CWnd@@MAEHVCPoint@@0@Z 0042a83e f   mfc140d:mfc140d.dll
 0002:00019844       ?OnGestureRotate@CWnd@@MAEHVCPoint@@N@Z 0042a844 f   mfc140d:mfc140d.dll
 0002:0001984a       ?OnGestureTwoFingerTap@CWnd@@MAEHVCPoint@@@Z 0042a84a f   mfc140d:mfc140d.dll
 0002:00019850       ?OnGesturePressAndTap@CWnd@@MAEHVCPoint@@J@Z 0042a850 f   mfc140d:mfc140d.dll
 0002:00019856       ?ResizeDynamicLayout@CWnd@@MAEXXZ 0042a856 f   mfc140d:mfc140d.dll
 0002:0001985c       ?IsFrameWnd@CWnd@@UBEHXZ   0042a85c f   mfc140d:mfc140d.dll
 0002:00019862       ?OnFinalRelease@CWnd@@UAEXXZ 0042a862 f   mfc140d:mfc140d.dll
 0002:00019868       ?CreateControlContainer@CWnd@@MAEHPAPAVCOleControlContainer@@@Z 0042a868 f   mfc140d:mfc140d.dll
 0002:0001986e       ?CreateControlSite@CWnd@@MAEHPAVCOleControlContainer@@PAPAVCOleControlSite@@IABU_GUID@@@Z 0042a86e f   mfc140d:mfc140d.dll
 0002:00019874       ?Create@CDialog@@UAEHPBDPAVCWnd@@@Z 0042a874 f   mfc140d:mfc140d.dll
 0002:0001987a       ?Create@CDialog@@UAEHIPAVCWnd@@@Z 0042a87a f   mfc140d:mfc140d.dll
 0002:00019880       ?CreateIndirect@CDialog@@UAEHPBUDLGTEMPLATE@@PAVCWnd@@PAX@Z 0042a880 f   mfc140d:mfc140d.dll
 0002:00019886       ?CreateIndirect@CDialog@@UAEHPAXPAVCWnd@@@Z 0042a886 f   mfc140d:mfc140d.dll
 0002:0001988c       ?DoModal@CDialog@@UAEHXZ   0042a88c f   mfc140d:mfc140d.dll
 0002:00019892       ?OnInitDialog@CDialog@@UAEHXZ 0042a892 f   mfc140d:mfc140d.dll
 0002:00019898       ?OnSetFont@CDialog@@UAEXPAVCFont@@@Z 0042a898 f   mfc140d:mfc140d.dll
 0002:0001989e       ?OnOK@CDialog@@MAEXXZ      0042a89e f   mfc140d:mfc140d.dll
 0002:000198a4       ?OnCancel@CDialog@@MAEXXZ  0042a8a4 f   mfc140d:mfc140d.dll
 0002:000198aa       ??1CDialog@@UAE@XZ         0042a8aa f   mfc140d:mfc140d.dll
 0002:000198b0       ?AssertValid@CDialog@@UBEXXZ 0042a8b0 f   mfc140d:mfc140d.dll
 0002:000198b6       ?Dump@CDialog@@UBEXAAVCDumpContext@@@Z 0042a8b6 f   mfc140d:mfc140d.dll
 0002:000198bc       ?OnCmdMsg@CDialog@@UAEHIHPAXPAUAFX_CMDHANDLERINFO@@@Z 0042a8bc f   mfc140d:mfc140d.dll
 0002:000198c2       ?CheckAutoCenter@CDialog@@UAEHXZ 0042a8c2 f   mfc140d:mfc140d.dll
 0002:000198c8       ?SetOccDialogInfo@CDialog@@MAEHPAU_AFX_OCC_DIALOG_INFO@@@Z 0042a8c8 f   mfc140d:mfc140d.dll
 0002:000198ce       ?GetOccDialogInfo@CDialog@@MAEPAU_AFX_OCC_DIALOG_INFO@@XZ 0042a8ce f   mfc140d:mfc140d.dll
 0002:000198d4       ?PreInitDialog@CDialog@@MAEXXZ 0042a8d4 f   mfc140d:mfc140d.dll
 0002:000198da       ??0CComboBox@@QAE@XZ       0042a8da f   mfc140d:mfc140d.dll
 0002:000198e0       ?GetCurSel@CComboBox@@QBEHXZ 0042a8e0 f   mfc140d:mfc140d.dll
 0002:000198e6       ?SetCurSel@CComboBox@@QAEHH@Z 0042a8e6 f   mfc140d:mfc140d.dll
 0002:000198ec       ?GetLBText@CComboBox@@QBEHHPAD@Z 0042a8ec f   mfc140d:mfc140d.dll
 0002:000198f2       ?GetLBTextLen@CComboBox@@QBEHH@Z 0042a8f2 f   mfc140d:mfc140d.dll
 0002:000198f8       ?AddString@CComboBox@@QAEHPBD@Z 0042a8f8 f   mfc140d:mfc140d.dll
 0002:000198fe       ??1CComboBox@@UAE@XZ       0042a8fe f   mfc140d:mfc140d.dll
 0002:00019904       ?ResumeThread@CWinThread@@QAEKXZ 0042a904 f   mfc140d:mfc140d.dll
 0002:0001990a       ?AfxBeginThread@@YGPAVCWinThread@@P6AIPAX@Z0HIKPAU_SECURITY_ATTRIBUTES@@@Z 0042a90a f   mfc140d:mfc140d.dll
 0002:00019910       ?AfxMessageBox@@YGHPBDII@Z 0042a910 f   mfc140d:mfc140d.dll
 0002:00019916       ??0CListCtrl@@QAE@XZ       0042a916 f   mfc140d:mfc140d.dll
 0002:0001991c       ?SetItem@CListCtrl@@QAEHHHIPBDHIIJ@Z 0042a91c f   mfc140d:mfc140d.dll
 0002:00019922       ?InsertItem@CListCtrl@@QAEHHPBD@Z 0042a922 f   mfc140d:mfc140d.dll
 0002:00019928       ?DeleteAllItems@CListCtrl@@QAEHXZ 0042a928 f   mfc140d:mfc140d.dll
 0002:0001992e       ?InsertColumn@CListCtrl@@QAEHHPBDHHH@Z 0042a92e f   mfc140d:mfc140d.dll
 0002:00019934       ??1CListCtrl@@UAE@XZ       0042a934 f   mfc140d:mfc140d.dll
 0002:0001993a       ??1CDialogImpl@@MAE@XZ     0042a93a f   mfc140d:mfc140d.dll
 0002:00019940       ?GetThisClass@CDialogEx@@SGPAUCRuntimeClass@@XZ 0042a940 f   mfc140d:mfc140d.dll
 0002:00019946       ??0CDialogEx@@QAE@IPAVCWnd@@@Z 0042a946 f   mfc140d:mfc140d.dll
 0002:0001994c       ?PreTranslateMessage@CDialogEx@@UAEHPAUtagMSG@@@Z 0042a94c f   mfc140d:mfc140d.dll
 0002:00019952       ?OnCommand@CDialogEx@@MAEHIJ@Z 0042a952 f   mfc140d:mfc140d.dll
 0002:00019958       ??Y?$CStringT@DV?$StrTraitMFC_DLL@DV?$ChTraitsCRT@D@ATL@@@@@ATL@@QAEAAV01@PBD@Z 0042a958 f   mfc140d:mfc140d.dll
 0002:0001995e       ?Format@?$CStringT@DV?$StrTraitMFC_DLL@DV?$ChTraitsCRT@D@ATL@@@@@ATL@@QAAXPBDZZ 0042a95e f   mfc140d:mfc140d.dll
 0002:00019964       ?GetDlgItem@CWnd@@QBEPAV1@H@Z 0042a964 f   mfc140d:mfc140d.dll
 0002:0001996a       ?GetWindowTextLengthA@CWnd@@QBEHXZ 0042a96a f   mfc140d:mfc140d.dll
 0002:00019970       ?EnableWindow@CWnd@@QAEHH@Z 0042a970 f   mfc140d:mfc140d.dll
 0002:00019976       ??0CListBox@@QAE@XZ        0042a976 f   mfc140d:mfc140d.dll
 0002:0001997c       ?SetCurSel@CListBox@@QAEHH@Z 0042a97c f   mfc140d:mfc140d.dll
 0002:00019982       ?InsertString@CListBox@@QAEHHPBD@Z 0042a982 f   mfc140d:mfc140d.dll
 0002:00019988       ??1CListBox@@UAE@XZ        0042a988 f   mfc140d:mfc140d.dll
 0002:0001998e       ??0CEdit@@QAE@XZ           0042a98e f   mfc140d:mfc140d.dll
 0002:00019994       ?SetLimitText@CEdit@@QAEXI@Z 0042a994 f   mfc140d:mfc140d.dll
 0002:0001999a       ?ReplaceSel@CEdit@@QAEXPBDH@Z 0042a99a f   mfc140d:mfc140d.dll
 0002:000199a0       ?SetSel@CEdit@@QAEXHHH@Z   0042a9a0 f   mfc140d:mfc140d.dll
 0002:000199a6       ?Clear@CEdit@@QAEXXZ       0042a9a6 f   mfc140d:mfc140d.dll
 0002:000199ac       ??1CEdit@@UAE@XZ           0042a9ac f   mfc140d:mfc140d.dll
 0002:000199b2       ?GetItemText@CListCtrl@@QBE?AV?$CStringT@DV?$StrTraitMFC_DLL@DV?$ChTraitsCRT@D@ATL@@@@@ATL@@HH@Z 0042a9b2 f   mfc140d:mfc140d.dll
 0002:000199b8       ?OnHelp@CWinApp@@IAEXXZ    0042a9b8 f   mfc140d:mfc140d.dll
 0002:000199be       ?GetThisMessageMap@CWinApp@@KGPBUAFX_MSGMAP@@XZ 0042a9be f   mfc140d:mfc140d.dll
 0002:000199c4       ??2CObject@@SGPAXIPBDH@Z   0042a9c4 f   mfc140d:mfc140d.dll
 0002:000199ca       ??3CObject@@SGXPAXPBDH@Z   0042a9ca f   mfc140d:mfc140d.dll
 0002:000199d0       ?OnCmdMsg@CCmdTarget@@UAEHIHPAXPAUAFX_CMDHANDLERINFO@@@Z 0042a9d0 f   mfc140d:mfc140d.dll
 0002:000199d6       ?OnFinalRelease@CCmdTarget@@UAEXXZ 0042a9d6 f   mfc140d:mfc140d.dll
 0002:000199dc       ?GetInterfaceMap@CCmdTarget@@MBEPBUAFX_INTERFACEMAP@@XZ 0042a9dc f   mfc140d:mfc140d.dll
 0002:000199e2       ?PreTranslateMessage@CWinThread@@UAEHPAUtagMSG@@@Z 0042a9e2 f   mfc140d:mfc140d.dll
 0002:000199e8       ?PumpMessage@CWinThread@@UAEHXZ 0042a9e8 f   mfc140d:mfc140d.dll
 0002:000199ee       ?IsIdleMessage@CWinThread@@UAEHPAUtagMSG@@@Z 0042a9ee f   mfc140d:mfc140d.dll
 0002:000199f4       ?ProcessMessageFilter@CWinThread@@UAEHHPAUtagMSG@@@Z 0042a9f4 f   mfc140d:mfc140d.dll
 0002:000199fa       ?GetMainWnd@CWinThread@@UAEPAVCWnd@@XZ 0042a9fa f   mfc140d:mfc140d.dll
 0002:00019a00       ?Delete@CWinThread@@UAEXXZ 0042aa00 f   mfc140d:mfc140d.dll
 0002:00019a06       ?GetRuntimeClass@CWinApp@@UBEPAUCRuntimeClass@@XZ 0042aa06 f   mfc140d:mfc140d.dll
 0002:00019a0c       ??0CWinApp@@QAE@PBD@Z      0042aa0c f   mfc140d:mfc140d.dll
 0002:00019a12       ?SetRegistryKey@CWinApp@@IAEXPBD@Z 0042aa12 f   mfc140d:mfc140d.dll
 0002:00019a18       ?GetProfileIntA@CWinApp@@UAEIPBD0H@Z 0042aa18 f   mfc140d:mfc140d.dll
 0002:00019a1e       ?WriteProfileInt@CWinApp@@UAEHPBD0H@Z 0042aa1e f   mfc140d:mfc140d.dll
 0002:00019a24       ?GetProfileStringA@CWinApp@@UAE?AV?$CStringT@DV?$StrTraitMFC_DLL@DV?$ChTraitsCRT@D@ATL@@@@@ATL@@PBD00@Z 0042aa24 f   mfc140d:mfc140d.dll
 0002:00019a2a       ?WriteProfileStringA@CWinApp@@UAEHPBD00@Z 0042aa2a f   mfc140d:mfc140d.dll
 0002:00019a30       ?GetProfileBinary@CWinApp@@UAEHPBD0PAPAEPAI@Z 0042aa30 f   mfc140d:mfc140d.dll
 0002:00019a36       ?WriteProfileBinary@CWinApp@@UAEHPBD0PAEI@Z 0042aa36 f   mfc140d:mfc140d.dll
 0002:00019a3c       ?InitLibId@CWinApp@@UAEXXZ 0042aa3c f   mfc140d:mfc140d.dll
 0002:00019a42       ?Register@CWinApp@@UAEHXZ  0042aa42 f   mfc140d:mfc140d.dll
 0002:00019a48       ?Unregister@CWinApp@@UAEHXZ 0042aa48 f   mfc140d:mfc140d.dll
 0002:00019a4e       ?OpenDocumentFile@CWinApp@@UAEPAVCDocument@@PBD@Z 0042aa4e f   mfc140d:mfc140d.dll
 0002:00019a54       ?OpenDocumentFile@CWinApp@@UAEPAVCDocument@@PBDH@Z 0042aa54 f   mfc140d:mfc140d.dll
 0002:00019a5a       ?AddToRecentFileList@CWinApp@@UAEXPBD@Z 0042aa5a f   mfc140d:mfc140d.dll
 0002:00019a60       ?InitApplication@CWinApp@@UAEHXZ 0042aa60 f   mfc140d:mfc140d.dll
 0002:00019a66       ?SaveAllModified@CWinApp@@UAEHXZ 0042aa66 f   mfc140d:mfc140d.dll
 0002:00019a6c       ?DoMessageBox@CWinApp@@UAEHPBDII@Z 0042aa6c f   mfc140d:mfc140d.dll
 0002:00019a72       ?DoWaitCursor@CWinApp@@UAEXH@Z 0042aa72 f   mfc140d:mfc140d.dll
 0002:00019a78       ?OnDDECommand@CWinApp@@UAEHPAD@Z 0042aa78 f   mfc140d:mfc140d.dll
 0002:00019a7e       ?WinHelpA@CWinApp@@UAEXKI@Z 0042aa7e f   mfc140d:mfc140d.dll
 0002:00019a84       ?HtmlHelpA@CWinApp@@UAEXKI@Z 0042aa84 f   mfc140d:mfc140d.dll
 0002:00019a8a       ?WinHelpInternal@CWinApp@@UAEXKI@Z 0042aa8a f   mfc140d:mfc140d.dll
 0002:00019a90       ?RegisterWithRestartManager@CWinApp@@UAEJHABV?$CStringT@DV?$StrTraitMFC_DLL@DV?$ChTraitsCRT@D@ATL@@@@@ATL@@@Z 0042aa90 f   mfc140d:mfc140d.dll
 0002:00019a96       ?RegisterWithRestartManager@CWinApp@@UAEJPB_WKP6GKPAX@Z1KK@Z 0042aa96 f   mfc140d:mfc140d.dll
 0002:00019a9c       ?ApplicationRecoveryCallback@CWinApp@@UAEKPAX@Z 0042aa9c f   mfc140d:mfc140d.dll
 0002:00019aa2       ?GetDataRecoveryHandler@CWinApp@@UAEPAVCDataRecoveryHandler@@XZ 0042aaa2 f   mfc140d:mfc140d.dll
 0002:00019aa8       ?IsTaskbarInteractionEnabled@CWinApp@@UAEHXZ 0042aaa8 f   mfc140d:mfc140d.dll
 0002:00019aae       ?InitInstance@CWinApp@@UAEHXZ 0042aaae f   mfc140d:mfc140d.dll
 0002:00019ab4       ?ExitInstance@CWinApp@@UAEHXZ 0042aab4 f   mfc140d:mfc140d.dll
 0002:00019aba       ?RestartInstance@CWinApp@@UAEHXZ 0042aaba f   mfc140d:mfc140d.dll
 0002:00019ac0       ?Run@CWinApp@@UAEHXZ       0042aac0 f   mfc140d:mfc140d.dll
 0002:00019ac6       ?OnIdle@CWinApp@@UAEHJ@Z   0042aac6 f   mfc140d:mfc140d.dll
 0002:00019acc       ?ProcessWndProcException@CWinApp@@UAEJPAVCException@@PBUtagMSG@@@Z 0042aacc f   mfc140d:mfc140d.dll
 0002:00019ad2       ?LoadAppLangResourceDLL@CWinApp@@UAEPAUHINSTANCE__@@XZ 0042aad2 f   mfc140d:mfc140d.dll
 0002:00019ad8       ??1CWinApp@@UAE@XZ         0042aad8 f   mfc140d:mfc140d.dll
 0002:00019ade       ?AssertValid@CWinApp@@UBEXXZ 0042aade f   mfc140d:mfc140d.dll
 0002:00019ae4       ?Dump@CWinApp@@UBEXAAVCDumpContext@@@Z 0042aae4 f   mfc140d:mfc140d.dll
 0002:00019aea       ?LoadSysPolicies@CWinApp@@UAEHXZ 0042aaea f   mfc140d:mfc140d.dll
 0002:00019af0       ?AfxEnableControlContainer@@YAXPAVCOccManager@@@Z 0042aaf0 f   mfc140d:mfc140d.dll
 0002:00019af6       ?SetDefaultManager@CMFCVisualManager@@SGXPAUCRuntimeClass@@@Z 0042aaf6 f   mfc140d:mfc140d.dll
 0002:00019afc       ??0CShellManager@@QAE@XZ   0042aafc f   mfc140d:mfc140d.dll
 0002:00019b02       ?GetThisClass@CMFCVisualManagerWindows@@SGPAUCRuntimeClass@@XZ 0042ab02 f   mfc140d:mfc140d.dll
 0002:00019b08       ?IsEmpty@?$CSimpleStringT@D$00@ATL@@QBE_NXZ 0042ab08 f   mfc140d:mfc140d.dll
 0002:00019b0e       ??4?$CStringT@DV?$StrTraitMFC_DLL@DV?$ChTraitsCRT@D@ATL@@@@@ATL@@QAEAAV01@ABV01@@Z 0042ab0e f   mfc140d:mfc140d.dll
 0002:00019b14       ??Y?$CStringT@DV?$StrTraitMFC_DLL@DV?$ChTraitsCRT@D@ATL@@@@@ATL@@QAEAAV01@ABV?$CSimpleStringT@D$00@1@@Z 0042ab14 f   mfc140d:mfc140d.dll
 0002:00019b1a       ?LoadStringA@?$CStringT@DV?$StrTraitMFC_DLL@DV?$ChTraitsCRT@D@ATL@@@@@ATL@@QAEHI@Z 0042ab1a f   mfc140d:mfc140d.dll
 0002:00019b20       ??2@YAPAXIPBDH@Z           0042ab20 f   mfc140d:mfc140d.dll
 0002:00019b26       ??3@YAXPAXPBDH@Z           0042ab26 f   mfc140d:mfc140d.dll
 0002:00019b2c       ??_U@YAPAXIPBDH@Z          0042ab2c f   mfc140d:mfc140d.dll
 0002:00019b32       ?GetSafeHdc@CDC@@QBEPAUHDC__@@XZ 0042ab32 f   mfc140d:mfc140d.dll
 0002:00019b38       ?DrawIcon@CDC@@QAEHHHPAUHICON__@@@Z 0042ab38 f   mfc140d:mfc140d.dll
 0002:00019b3e       ??0CPaintDC@@QAE@PAVCWnd@@@Z 0042ab3e f   mfc140d:mfc140d.dll
 0002:00019b44       ??1CPaintDC@@UAE@XZ        0042ab44 f   mfc140d:mfc140d.dll
 0002:00019b4a       ?AppendMenuA@CMenu@@QAEHIIPBD@Z 0042ab4a f   mfc140d:mfc140d.dll
 0002:00019b50       ?SendMessageA@CWnd@@QBEJIIJ@Z 0042ab50 f   mfc140d:mfc140d.dll
 0002:00019b56       ?GetSystemMenu@CWnd@@QBEPAVCMenu@@H@Z 0042ab56 f   mfc140d:mfc140d.dll
 0002:00019b5c       ?IsIconic@CWnd@@QBEHXZ     0042ab5c f   mfc140d:mfc140d.dll
 0002:00019b62       ?GetClientRect@CWnd@@QBEXPAUtagRECT@@@Z 0042ab62 f   mfc140d:mfc140d.dll
 0002:00019b68       ?ShowWindow@CWnd@@QAEHH@Z  0042ab68 f   mfc140d:mfc140d.dll
 0002:00019b6e       ?SetDlgItemTextA@CWnd@@QAEXHPBD@Z 0042ab6e f   mfc140d:mfc140d.dll
 0002:00019b74       ?SetIcon@CWnd@@QAEPAUHICON__@@PAU2@H@Z 0042ab74 f   mfc140d:mfc140d.dll
 0002:00019b7a       ?UpdateData@CWnd@@QAEHH@Z  0042ab7a f   mfc140d:mfc140d.dll
 0002:00019b80       ?OnSysCommand@CWnd@@IAEXIJ@Z 0042ab80 f   mfc140d:mfc140d.dll
 0002:00019b86       ?OnPaint@CDialog@@IAEXXZ   0042ab86 f   mfc140d:mfc140d.dll
 0002:00019b8c       ?LoadIconA@CWinApp@@QBEPAUHICON__@@I@Z 0042ab8c f   mfc140d:mfc140d.dll
 0002:00019b92       ?GetRuntimeClass@CDialogEx@@UBEPAUCRuntimeClass@@XZ 0042ab92 f   mfc140d:mfc140d.dll
 0002:00019b98       ?Create@CAsyncSocket@@QAEHIHJPBD@Z 0042ab98 f   mfc140d:mfc140d.dll
 0002:00019b9e       ?GetPeerName@CAsyncSocket@@QAEHAAV?$CStringT@DV?$StrTraitMFC_DLL@DV?$ChTraitsCRT@D@ATL@@@@@ATL@@AAI@Z 0042ab9e f   mfc140d:mfc140d.dll
 0002:00019ba4       ?IOCtl@CAsyncSocket@@QAEHJPAK@Z 0042aba4 f   mfc140d:mfc140d.dll
 0002:00019baa       ?Listen@CAsyncSocket@@QAEHH@Z 0042abaa f   mfc140d:mfc140d.dll
 0002:00019bb0       ??1CComBSTR@ATL@@QAE@XZ    0042abb0 f i mfcs140d:nolib.obj
 0002:00019bf0       ??1stringdispid@CComTypeInfoHolder@ATL@@QAE@XZ 0042abf0 f i mfcs140d:nolib.obj
 0002:00019c20       ??_Estringdispid@CComTypeInfoHolder@ATL@@QAEPAXI@Z 0042ac20 f i mfcs140d:nolib.obj
 0002:00019d00       _IsolationAwareActivateActCtx@8 0042ad00 f i mfcs140d:nolib.obj
 0002:00019da0       _IsolationAwareCreateActCtxW@4 0042ada0 f i mfcs140d:nolib.obj
 0002:00019e30       _IsolationAwareDeactivateActCtx@8 0042ae30 f i mfcs140d:nolib.obj
 0002:00019ed0       _IsolationAwareFindActCtxSectionStringW@20 0042aed0 f i mfcs140d:nolib.obj
 0002:00019f80       _IsolationAwarePrivatenPgViNgRzlnPgpgk@4 0042af80 f i mfcs140d:nolib.obj
 0002:0001a090       _IsolationAwarePrivatezltRgCebPnQQeRff@12 0042b090 f i mfcs140d:nolib.obj
 0002:0001a140       _IsolationAwarePrivatezltRgzbQhYRuNaQYRJ@4 0042b140 f i mfcs140d:nolib.obj
 0002:0001a170       _IsolationAwarePrivatezltRgzbQhYRuNaQYRn@4 0042b170 f i mfcs140d:nolib.obj
 0002:0001a1a0       _IsolationAwareQueryActCtxW@28 0042b1a0 f i mfcs140d:nolib.obj
 0002:0001a250       _IsolationAwareUnregisterClassA@8 0042b250 f i mfcs140d:nolib.obj
 0002:0001a450       _WinbaseIsolationAwarePrivatetRgCebPnQQeRff_xReaRYQP_QYY@4 0042b450 f i mfcs140d:nolib.obj
 0002:0001a480       _WinbaseIsolationAwarePrivatetRgzlnPgpgk@0 0042b480 f i mfcs140d:nolib.obj
 0002:0001a8a0       ?AfxSocketInit@@YGHPAUWSAData@@@Z 0042b8a0 f   mfcs140d:sockexp.obj
 0002:0001a8d0       @_RTC_AllocaHelper@12      0042b8d0 f   msvcrtd:_stack_.obj
 0002:0001a910       @_RTC_CheckStackVars2@12   0042b910 f   msvcrtd:_stack_.obj
 0002:0001aa20       @_RTC_CheckStackVars@8     0042ba20 f   msvcrtd:_stack_.obj
 0002:0001aa90       __RTC_CheckEsp             0042ba90 f   msvcrtd:_stack_.obj
 0002:0001aac0       @__security_check_cookie@4 0042bac0 f   msvcrtd:_secchk_.obj
 0002:0001aae0       __CRT_RTC_INIT             0042bae0 f   msvcrtd:_init_.obj
 0002:0001aaf0       __CRT_RTC_INITW            0042baf0 f   msvcrtd:_init_.obj
 0002:0001ab00       __RTC_InitBase             0042bb00 f   msvcrtd:_init_.obj
 0002:0001ab40       __RTC_Shutdown             0042bb40 f   msvcrtd:_init_.obj
 0002:0001ab60       ??1type_info@@UAE@XZ       0042bb60 f   msvcrtd:std_type_info_static.obj
 0002:0001ab80       ??_Etype_info@@UAEPAXI@Z   0042bb80 f i msvcrtd:std_type_info_static.obj
 0002:0001ab80       ??_Gtype_info@@UAEPAXI@Z   0042bb80 f i msvcrtd:std_type_info_static.obj
 0002:0001abc0       ??3@YAXPAXI@Z              0042bbc0 f   msvcrtd:delete_scalar_size.obj
 0002:0001abe0       __chkstk                   0042bbe0 f   msvcrtd:chkstk.obj
 0002:0001abe0       __alloca_probe             0042bbe0 f   msvcrtd:chkstk.obj
 0002:0001adc0       ?_RTC_AllocaFailure@@YAXPAXPAU_RTC_ALLOCA_NODE@@H@Z 0042bdc0 f   msvcrtd:_error_.obj
 0002:0001af30       ?_RTC_Failure@@YAXPAXH@Z   0042bf30 f   msvcrtd:_error_.obj
 0002:0001afa0       ?_RTC_StackFailure@@YAXPAXPBD@Z 0042bfa0 f   msvcrtd:_error_.obj
 0002:0001b410       __RTC_UninitUse            0042c410 f   msvcrtd:_error_.obj
 0002:0001b540       __vsprintf_s_l             0042c540 f i msvcrtd:_error_.obj
 0002:0001b580       _sprintf_s                 0042c580 f i msvcrtd:_error_.obj
 0002:0001b5b0       ??$__crt_fast_decode_pointer@PAP6AXXZ@@YAPAP6AXXZQAP6AXXZ@Z 0042c5b0 f i msvcrtd:utility.obj
 0002:0001b5e0       ??$__crt_fast_encode_pointer@PAP6AXXZ@@YAPAP6AXXZQAP6AXXZ@Z 0042c5e0 f i msvcrtd:utility.obj
 0002:0001b620       ?__crt_rotate_pointer_value@@YAIIH@Z 0042c620 f i msvcrtd:utility.obj
 0002:0001b770       _NtCurrentTeb              0042c770 f i msvcrtd:utility.obj
 0002:0001b780       ___scrt_acquire_startup_lock 0042c780 f   msvcrtd:utility.obj
 0002:0001b7e0       ___scrt_dllmain_after_initialize_c 0042c7e0 f   msvcrtd:utility.obj
 0002:0001b810       ___scrt_dllmain_before_initialize_c 0042c810 f   msvcrtd:utility.obj
 0002:0001b840       ___scrt_dllmain_crt_thread_attach 0042c840 f   msvcrtd:utility.obj
 0002:0001b880       ___scrt_dllmain_crt_thread_detach 0042c880 f   msvcrtd:utility.obj
 0002:0001b8a0       ___scrt_dllmain_exception_filter 0042c8a0 f   msvcrtd:utility.obj
 0002:0001b900       ___scrt_dllmain_uninitialize_c 0042c900 f   msvcrtd:utility.obj
 0002:0001b940       ___scrt_dllmain_uninitialize_critical 0042c940 f   msvcrtd:utility.obj
 0002:0001b960       ___scrt_initialize_crt     0042c960 f   msvcrtd:utility.obj
 0002:0001b9c0       ___scrt_initialize_onexit_tables 0042c9c0 f   msvcrtd:utility.obj
 0002:0001bac0       ___scrt_is_nonwritable_in_current_image 0042cac0 f   msvcrtd:utility.obj
 0002:0001bc40       ___scrt_release_startup_lock 0042cc40 f   msvcrtd:utility.obj
 0002:0001bc70       ___scrt_uninitialize_crt   0042cc70 f   msvcrtd:utility.obj
 0002:0001bcc0       __onexit                   0042ccc0 f   msvcrtd:utility.obj
 0002:0001bd50       _at_quick_exit             0042cd50 f   msvcrtd:utility.obj
 0002:0001bdb0       _atexit                    0042cdb0 f   msvcrtd:utility.obj
 0002:0001bf30       ??$__crt_fast_decode_pointer@P6GHPAU_RTL_CONDITION_VARIABLE@@PAU_RTL_CRITICAL_SECTION@@K@Z@@YAP6GHPAU_RTL_CONDITION_VARIABLE@@PAU_RTL_CRITICAL_SECTION@@K@ZQ6GH01K@Z@Z 0042cf30 f i msvcrtd:thread_safe_statics.obj
 0002:0001bf60       ??$__crt_fast_decode_pointer@P6GXPAU_RTL_CONDITION_VARIABLE@@@Z@@YAP6GXPAU_RTL_CONDITION_VARIABLE@@@ZQ6GX0@Z@Z 0042cf60 f i msvcrtd:thread_safe_statics.obj
 0002:0001bf90       ??$__crt_fast_encode_pointer@P6GHPAU_RTL_CONDITION_VARIABLE@@PAU_RTL_CRITICAL_SECTION@@K@Z@@YAP6GHPAU_RTL_CONDITION_VARIABLE@@PAU_RTL_CRITICAL_SECTION@@K@ZQ6GH01K@Z@Z 0042cf90 f i msvcrtd:thread_safe_statics.obj
 0002:0001bfd0       ??$__crt_fast_encode_pointer@P6GXPAU_RTL_CONDITION_VARIABLE@@@Z@@YAP6GXPAU_RTL_CONDITION_VARIABLE@@@ZQ6GX0@Z@Z 0042cfd0 f i msvcrtd:thread_safe_statics.obj
 0002:0001c040       __Init_thread_abort        0042d040 f   msvcrtd:thread_safe_statics.obj
 0002:0001c070       __Init_thread_footer       0042d070 f   msvcrtd:thread_safe_statics.obj
 0002:0001c0d0       __Init_thread_header       0042d0d0 f   msvcrtd:thread_safe_statics.obj
 0002:0001c160       __Init_thread_lock         0042d160 f   msvcrtd:thread_safe_statics.obj
 0002:0001c180       __Init_thread_notify       0042d180 f   msvcrtd:thread_safe_statics.obj
 0002:0001c1f0       __Init_thread_unlock       0042d1f0 f   msvcrtd:thread_safe_statics.obj
 0002:0001c210       __Init_thread_wait         0042d210 f   msvcrtd:thread_safe_statics.obj
 0002:0001c6e0       ?configure_argv@__scrt_narrow_argv_policy@@SAHXZ 0042d6e0 f i msvcrtd:exe_winmain.obj
 0002:0001c700       ?get_app_type@__scrt_winmain_policy@@SA?AW4_crt_app_type@@XZ 0042d700 f i msvcrtd:exe_winmain.obj
 0002:0001c750       _WinMainCRTStartup         0042d750 f   msvcrtd:exe_winmain.obj
 0002:0001c760       ??_M@YGXPAXIHP6EX0@Z@Z     0042d760 f   msvcrtd:ehvecdtr.obj
 0002:0001c790       ??_M@YGXPAXIIP6EX0@Z@Z     0042d790 f   msvcrtd:ehvecdtr.obj
 0002:0001c8c0       ?__ArrayUnwind@@YGXPAXIIP6EX0@Z@Z 0042d8c0 f   msvcrtd:ehvecdtr.obj
 0002:0001c990       ??_V@YAXPAXI@Z             0042d990 f   msvcrtd:delete_array_size.obj
 0002:0001c9b0       __except_handler4          0042d9b0 f   msvcrtd:_chandler4gs_.obj
 0002:0001c9e0       ___raise_securityfailure   0042d9e0 f   msvcrtd:gs_report.obj
 0002:0001ca20       ___report_gsfailure        0042da20 f   msvcrtd:gs_report.obj
 0002:0001cb70       ___report_rangecheckfailure 0042db70 f   msvcrtd:gs_report.obj
 0002:0001cb80       ___report_securityfailure  0042db80 f   msvcrtd:gs_report.obj
 0002:0001cc90       ___report_securityfailureEx 0042dc90 f   msvcrtd:gs_report.obj
 0002:0001ce00       ?_RTC_GetErrorFunc@@YAP6AHHPBDH00ZZPBX@Z 0042de00 f   msvcrtd:_userapi_.obj
 0002:0001ce10       ?_RTC_GetErrorFuncW@@YAP6AHHPB_WH00ZZPBX@Z 0042de10 f   msvcrtd:_userapi_.obj
 0002:0001ce20       __RTC_GetErrDesc           0042de20 f   msvcrtd:_userapi_.obj
 0002:0001ce40       __RTC_NumErrors            0042de40 f   msvcrtd:_userapi_.obj
 0002:0001ce50       __RTC_SetErrorFunc         0042de50 f   msvcrtd:_userapi_.obj
 0002:0001ce80       __RTC_SetErrorFuncW        0042de80 f   msvcrtd:_userapi_.obj
 0002:0001ceb0       __RTC_SetErrorType         0042deb0 f   msvcrtd:_userapi_.obj
 0002:0001d4a0       ?_RTC_GetSrcLine@@YAHPAEPA_WKPAH1K@Z 0042e4a0 f   msvcrtd:_pdblkup_.obj
 0002:0001d8d0       @_guard_check_icall@4      0042e8d0 f i msvcrtd:checkcfg.obj
 0002:0001d8f0       ___isa_available_init      0042e8f0 f   msvcrtd:_cpu_disp_.obj
 0002:0001dc80       ___scrt_is_ucrt_dll_in_use 0042ec80 f   msvcrtd:ucrt_detection.obj
 0002:0001dcb0       ___scrt_fastfail           0042ecb0 f   msvcrtd:utility_desktop.obj
 0002:0001de40       ___scrt_get_show_window_mode 0042ee40 f   msvcrtd:utility_desktop.obj
 0002:0001de90       ___scrt_initialize_winrt   0042ee90 f   msvcrtd:utility_desktop.obj
 0002:0001dea0       ___scrt_is_managed_app     0042eea0 f   msvcrtd:utility_desktop.obj
 0002:0001df50       ___scrt_set_unhandled_exception_filter 0042ef50 f   msvcrtd:utility_desktop.obj
 0002:0001df70       ___scrt_unhandled_exception_filter@4 0042ef70 f   msvcrtd:utility_desktop.obj
 0002:0001dff0       __crt_debugger_hook        0042eff0 f   msvcrtd:utility_desktop.obj
 0002:0001e010       ___security_init_cookie    0042f010 f   msvcrtd:gs_support.obj
 0002:0001e130       __matherr                  0042f130 f   msvcrtd:matherr.obj
 0002:0001e140       __get_startup_argv_mode    0042f140 f   msvcrtd:argv_mode.obj
 0002:0001e150       __get_startup_commit_mode  0042f150 f   msvcrtd:commit_mode.obj
 0002:0001e160       __get_startup_file_mode    0042f160 f   msvcrtd:file_mode.obj
 0002:0001e170       __get_startup_new_mode     0042f170 f   msvcrtd:new_mode.obj
 0002:0001e180       __get_startup_thread_locale_mode 0042f180 f   msvcrtd:thread_locale.obj
 0002:0001e190       ?__scrt_initialize_type_info@@YAXXZ 0042f190 f   msvcrtd:tncleanup.obj
 0002:0001e1b0       ?__scrt_uninitialize_type_info@@YAXXZ 0042f1b0 f   msvcrtd:tncleanup.obj
 0002:0001e1d0       __initialize_default_precision 0042f1d0 f   msvcrtd:default_precision.obj
 0002:0001e200       __initialize_invalid_parameter_handler 0042f200 f   msvcrtd:invalid_parameter_handler.obj
 0002:0001e210       __initialize_denormal_control 0042f210 f   msvcrtd:denormal_control.obj
 0002:0001e220       ___local_stdio_scanf_options 0042f220 f i msvcrtd:default_local_stdio_options.obj
 0002:0001e230       ___scrt_initialize_default_local_stdio_options 0042f230 f   msvcrtd:default_local_stdio_options.obj
 0002:0001e280       ___scrt_is_user_matherr_present 0042f280 f   msvcrtd:matherr_detection.obj
 0002:0001e2b0       ___scrt_get_dyn_tls_init_callback 0042f2b0 f   msvcrtd:dyn_tls_init.obj
 0002:0001e2c0       ___scrt_get_dyn_tls_dtor_callback 0042f2c0 f   msvcrtd:dyn_tls_dtor.obj
 0002:0001e2d0       __RTC_Initialize           0042f2d0 f   msvcrtd:_initsect_.obj
 0002:0001e310       __RTC_Terminate            0042f310 f   msvcrtd:_initsect_.obj
 0002:0001e350       ??_V@YAXPAX@Z              0042f350 f   msvcrtd:delete_array.obj
 0002:0001e370       @_guard_check_icall_nop@4  0042f370 f i msvcrtd:guard_support.obj
 0002:0001e380       __guard_icall_checks_enforced 0042f380 f i msvcrtd:guard_support.obj
 0002:0001e3b0       _WaitForSingleObject@8     0042f3b0 f   kernel32:KERNEL32.dll
 0002:0001e3b6       _DecodePointer@4           0042f3b6 f   kernel32:KERNEL32.dll
 0002:0001e3bc       _RaiseException@16         0042f3bc f   kernel32:KERNEL32.dll
 0002:0001e3c2       _GetLastError@0            0042f3c2 f   kernel32:KERNEL32.dll
 0002:0001e3c8       _SetLastError@4            0042f3c8 f   kernel32:KERNEL32.dll
 0002:0001e3ce       _HeapDestroy@4             0042f3ce f   kernel32:KERNEL32.dll
 0002:0001e3d4       _HeapAlloc@12              0042f3d4 f   kernel32:KERNEL32.dll
 0002:0001e3da       _HeapReAlloc@16            0042f3da f   kernel32:KERNEL32.dll
 0002:0001e3e0       _HeapFree@12               0042f3e0 f   kernel32:KERNEL32.dll
 0002:0001e3e6       _HeapSize@12               0042f3e6 f   kernel32:KERNEL32.dll
 0002:0001e3ec       _GetProcessHeap@0          0042f3ec f   kernel32:KERNEL32.dll
 0002:0001e3f2       _EnterCriticalSection@4    0042f3f2 f   kernel32:KERNEL32.dll
 0002:0001e3f8       _LeaveCriticalSection@4    0042f3f8 f   kernel32:KERNEL32.dll
 0002:0001e3fe       _InitializeCriticalSectionEx@12 0042f3fe f   kernel32:KERNEL32.dll
 0002:0001e404       _DeleteCriticalSection@4   0042f404 f   kernel32:KERNEL32.dll
 0002:0001e40a       _MultiByteToWideChar@24    0042f40a f   kernel32:KERNEL32.dll
 0002:0001e410       _OutputDebugStringA@4      0042f410 f   kernel32:KERNEL32.dll
 0002:0001e416       _InitializeCriticalSectionAndSpinCount@8 0042f416 f   kernel32:KERNEL32.dll
 0002:0001e41c       _GetModuleFileNameW@12     0042f41c f   kernel32:KERNEL32.dll
 0002:0001e422       _GetModuleHandleA@4        0042f422 f   kernel32:KERNEL32.dll
 0002:0001e428       _GetModuleHandleW@4        0042f428 f   kernel32:KERNEL32.dll
 0002:0001e42e       _GetProcAddress@8          0042f42e f   kernel32:KERNEL32.dll
 0002:0001e434       _LoadLibraryW@4            0042f434 f   kernel32:KERNEL32.dll
 0002:0001e43a       _IsDebuggerPresent@0       0042f43a f   kernel32:KERNEL32.dll
 0002:0001e440       _WideCharToMultiByte@32    0042f440 f   kernel32:KERNEL32.dll
 0002:0001e446       _CloseHandle@4             0042f446 f   kernel32:KERNEL32.dll
 0002:0001e44c       _SetEvent@4                0042f44c f   kernel32:KERNEL32.dll
 0002:0001e452       _ResetEvent@4              0042f452 f   kernel32:KERNEL32.dll
 0002:0001e458       _WaitForSingleObjectEx@12  0042f458 f   kernel32:KERNEL32.dll
 0002:0001e45e       _CreateEventW@16           0042f45e f   kernel32:KERNEL32.dll
 0002:0001e464       _UnhandledExceptionFilter@4 0042f464 f   kernel32:KERNEL32.dll
 0002:0001e46a       _SetUnhandledExceptionFilter@4 0042f46a f   kernel32:KERNEL32.dll
 0002:0001e470       _GetCurrentProcess@0       0042f470 f   kernel32:KERNEL32.dll
 0002:0001e476       _TerminateProcess@8        0042f476 f   kernel32:KERNEL32.dll
 0002:0001e47c       _IsProcessorFeaturePresent@4 0042f47c f   kernel32:KERNEL32.dll
 0002:0001e482       _VirtualQuery@12           0042f482 f   kernel32:KERNEL32.dll
 0002:0001e488       _FreeLibrary@4             0042f488 f   kernel32:KERNEL32.dll
 0002:0001e48e       _GetStartupInfoW@4         0042f48e f   kernel32:KERNEL32.dll
 0002:0001e494       _QueryPerformanceCounter@4 0042f494 f   kernel32:KERNEL32.dll
 0002:0001e49a       _GetCurrentProcessId@0     0042f49a f   kernel32:KERNEL32.dll
 0002:0001e4a0       _GetCurrentThreadId@0      0042f4a0 f   kernel32:KERNEL32.dll
 0002:0001e4a6       _GetSystemTimeAsFileTime@4 0042f4a6 f   kernel32:KERNEL32.dll
 0002:0001e4ac       _InitializeSListHead@4     0042f4ac f   kernel32:KERNEL32.dll
 0002:0001e4b2       _UnregisterClassA@8        0042f4b2 f   user32:USER32.dll
 0002:0001e4b8       _PeekMessageA@20           0042f4b8 f   user32:USER32.dll
 0002:0001e4be       _PostQuitMessage@4         0042f4be f   user32:USER32.dll
 0002:0001e4c4       _GetSystemMetrics@4        0042f4c4 f   user32:USER32.dll
 0002:0001e4ca       _DeleteDC@4                0042f4ca f   gdi32:GDI32.dll
 0002:0001e4d0       _InitCommonControlsEx@4    0042f4d0 f   comctl32:COMCTL32.dll
 0002:0001e4d6       ??$?2PAUHINSTANCE__@@@Wrapper@?$CSimpleArray@PAUHINSTANCE__@@V?$CSimpleArrayEqualHelper@PAUHINSTANCE__@@@ATL@@@ATL@@SAPAXIPAPAUHINSTANCE__@@@Z 0042f4d6 f i atls:atlbase.obj
 0002:0001e4e0       ??0?$CComCritSecLock@VCComCriticalSection@ATL@@@ATL@@QAE@AAVCComCriticalSection@1@_N@Z 0042f4e0 f i atls:atlbase.obj
 0002:0001e510       ??0?$CSimpleArray@PAUHINSTANCE__@@V?$CSimpleArrayEqualHelper@PAUHINSTANCE__@@@ATL@@@ATL@@QAE@XZ 0042f510 f i atls:atlbase.obj
 0002:0001e520       ??0CAtlBaseModule@ATL@@QAE@XZ 0042f520 f   atls:atlbase.obj
 0002:0001e587       ??0Wrapper@?$CSimpleArray@PAUHINSTANCE__@@V?$CSimpleArrayEqualHelper@PAUHINSTANCE__@@@ATL@@@ATL@@QAE@ABQAUHINSTANCE__@@@Z 0042f587 f i atls:atlbase.obj
 0002:0001e59b       ??0_ATL_BASE_MODULE70@ATL@@QAE@XZ 0042f59b f i atls:atlbase.obj
 0002:0001e5c6       ??1?$CComCritSecLock@VCComCriticalSection@ATL@@@ATL@@QAE@XZ 0042f5c6 f i atls:atlbase.obj
 0002:0001e5e2       ??1?$CSimpleArray@PAUHINSTANCE__@@V?$CSimpleArrayEqualHelper@PAUHINSTANCE__@@@ATL@@@ATL@@QAE@XZ 0042f5e2 f i atls:atlbase.obj
 0002:0001e5e7       ??1CAtlBaseModule@ATL@@QAE@XZ 0042f5e7 f   atls:atlbase.obj
 0002:0001e602       ??1_ATL_BASE_MODULE70@ATL@@QAE@XZ 0042f602 f i atls:atlbase.obj
 0002:0001e60c       ??A?$CSimpleArray@PAUHINSTANCE__@@V?$CSimpleArrayEqualHelper@PAUHINSTANCE__@@@ATL@@@ATL@@QAEAAPAUHINSTANCE__@@H@Z 0042f60c f i atls:atlbase.obj
 0002:0001e640       ?Add@?$CSimpleArray@PAUHINSTANCE__@@V?$CSimpleArrayEqualHelper@PAUHINSTANCE__@@@ATL@@@ATL@@QAEHABQAUHINSTANCE__@@@Z 0042f640 f i atls:atlbase.obj
 0002:0001e6d6       ?AddResourceInstance@CAtlBaseModule@ATL@@QAE_NPAUHINSTANCE__@@@Z 0042f6d6 f   atls:atlbase.obj
 0002:0001e715       ?AtlCrtErrorCheck@ATL@@YAHH@Z 0042f715 f i atls:atlbase.obj
 0002:0001e75e       ?AtlThrowImpl@ATL@@YGXJ@Z  0042f75e f i atls:atlbase.obj
 0002:0001e78d       ?GetHInstanceAt@CAtlBaseModule@ATL@@QAEPAUHINSTANCE__@@H@Z 0042f78d f   atls:atlbase.obj
 0002:0001e7e3       ?GetSize@?$CSimpleArray@PAUHINSTANCE__@@V?$CSimpleArrayEqualHelper@PAUHINSTANCE__@@@ATL@@@ATL@@QBEHXZ 0042f7e3 f i atls:atlbase.obj
 0002:0001e7e7       ?InternalSetAtIndex@?$CSimpleArray@PAUHINSTANCE__@@V?$CSimpleArrayEqualHelper@PAUHINSTANCE__@@@ATL@@@ATL@@QAEXHABQAUHINSTANCE__@@@Z 0042f7e7 f i atls:atlbase.obj
 0002:0001e807       ?Lock@?$CComCritSecLock@VCComCriticalSection@ATL@@@ATL@@QAEJXZ 0042f807 f i atls:atlbase.obj
 0002:0001e81e       ?Lock@CComCriticalSection@ATL@@QAEJXZ 0042f81e f i atls:atlbase.obj
 0002:0001e82a       ?RemoveAll@?$CSimpleArray@PAUHINSTANCE__@@V?$CSimpleArrayEqualHelper@PAUHINSTANCE__@@@ATL@@@ATL@@QAEXXZ 0042f82a f i atls:atlbase.obj
 0002:0001e84e       ?RemoveAt@?$CSimpleArray@PAUHINSTANCE__@@V?$CSimpleArrayEqualHelper@PAUHINSTANCE__@@@ATL@@@ATL@@QAEHH@Z 0042f84e f i atls:atlbase.obj
 0002:0001e8a8       ?RemoveResourceInstance@CAtlBaseModule@ATL@@QAE_NPAUHINSTANCE__@@@Z 0042f8a8 f   atls:atlbase.obj
 0002:0001e91e       ?Unlock@?$CComCritSecLock@VCComCriticalSection@ATL@@@ATL@@QAEXXZ 0042f91e f i atls:atlbase.obj
 0002:0001e933       ?Unlock@CComCriticalSection@ATL@@QAEJXZ 0042f933 f i atls:atlbase.obj
 0002:0001e93f       ?memmove_s@Checked@ATL@@YAXPAXIPBXI@Z 0042f93f f i atls:atlbase.obj
 0002:0001ea03       ??0?$CTraceCategoryEx@$00$0A@@ATL@@QAE@PB_W@Z 0042fa03 f i atls:stdafx.obj
 0002:0001ea08       ??0?$CTraceCategoryEx@$01$0A@@ATL@@QAE@PB_W@Z 0042fa08 f i atls:stdafx.obj
 0002:0001ea0d       ??0?$CTraceCategoryEx@$03$0A@@ATL@@QAE@PB_W@Z 0042fa0d f i atls:stdafx.obj
 0002:0001ea12       ??0?$CTraceCategoryEx@$07$0A@@ATL@@QAE@PB_W@Z 0042fa12 f i atls:stdafx.obj
 0002:0001ea17       ??0?$CTraceCategoryEx@$0BA@$0A@@ATL@@QAE@PB_W@Z 0042fa17 f i atls:stdafx.obj
 0002:0001ea1c       ??0?$CTraceCategoryEx@$0BAA@$0A@@ATL@@QAE@PB_W@Z 0042fa1c f i atls:stdafx.obj
 0002:0001ea21       ??0?$CTraceCategoryEx@$0BAAA@$0A@@ATL@@QAE@PB_W@Z 0042fa21 f i atls:stdafx.obj
 0002:0001ea26       ??0?$CTraceCategoryEx@$0BAAAA@$0A@@ATL@@QAE@PB_W@Z 0042fa26 f i atls:stdafx.obj
 0002:0001ea2b       ??0?$CTraceCategoryEx@$0BAAAAA@$0A@@ATL@@QAE@PB_W@Z 0042fa2b f i atls:stdafx.obj
 0002:0001ea30       ??0?$CTraceCategoryEx@$0CA@$0A@@ATL@@QAE@PB_W@Z 0042fa30 f i atls:stdafx.obj
 0002:0001ea35       ??0?$CTraceCategoryEx@$0CAA@$0A@@ATL@@QAE@PB_W@Z 0042fa35 f i atls:stdafx.obj
 0002:0001ea3a       ??0?$CTraceCategoryEx@$0CAAA@$0A@@ATL@@QAE@PB_W@Z 0042fa3a f i atls:stdafx.obj
 0002:0001ea3f       ??0?$CTraceCategoryEx@$0CAAAA@$0A@@ATL@@QAE@PB_W@Z 0042fa3f f i atls:stdafx.obj
 0002:0001ea44       ??0?$CTraceCategoryEx@$0CAAAAA@$0A@@ATL@@QAE@PB_W@Z 0042fa44 f i atls:stdafx.obj
 0002:0001ea49       ??0?$CTraceCategoryEx@$0EA@$0A@@ATL@@QAE@PB_W@Z 0042fa49 f i atls:stdafx.obj
 0002:0001ea4e       ??0?$CTraceCategoryEx@$0EAA@$0A@@ATL@@QAE@PB_W@Z 0042fa4e f i atls:stdafx.obj
 0002:0001ea53       ??0?$CTraceCategoryEx@$0EAAA@$0A@@ATL@@QAE@PB_W@Z 0042fa53 f i atls:stdafx.obj
 0002:0001ea58       ??0?$CTraceCategoryEx@$0EAAAA@$0A@@ATL@@QAE@PB_W@Z 0042fa58 f i atls:stdafx.obj
 0002:0001ea5d       ??0?$CTraceCategoryEx@$0EAAAAA@$0A@@ATL@@QAE@PB_W@Z 0042fa5d f i atls:stdafx.obj
 0002:0001ea62       ??0?$CTraceCategoryEx@$0IA@$0A@@ATL@@QAE@PB_W@Z 0042fa62 f i atls:stdafx.obj
 0002:0001ea67       ??0?$CTraceCategoryEx@$0IAA@$0A@@ATL@@QAE@PB_W@Z 0042fa67 f i atls:stdafx.obj
 0002:0001ea6c       ??0?$CTraceCategoryEx@$0IAAA@$0A@@ATL@@QAE@PB_W@Z 0042fa6c f i atls:stdafx.obj
 0002:0001ea71       ??0?$CTraceCategoryEx@$0IAAAA@$0A@@ATL@@QAE@PB_W@Z 0042fa71 f i atls:stdafx.obj
 0002:0001ea76       ??_I@YGXPAXIIP6EX0@Z@Z     0042fa76 f i atls:stdafx.obj
 0002:0001eaaa       _SysFreeString@4           0042faaa f   oleaut32:OLEAUT32.dll
 0002:0001eab0       _GdiplusShutdown@4         0042fab0 f   gdiplus:gdiplus.dll
 0002:0001eab6       _inet_ntoa@4               0042fab6 f   ws2_32:WS2_32.dll
 0002:0001eabc       _ntohs@4                   0042fabc f   ws2_32:WS2_32.dll
 0002:0001eac2       _WSAStartup@8              0042fac2 f   ws2_32:WS2_32.dll
 0002:0001eac8       _pcap_open_live            0042fac8 f   wpcap:wpcap.dll
 0002:0001eace       _pcap_close                0042face f   wpcap:wpcap.dll
 0002:0001ead4       _pcap_next_ex              0042fad4 f   wpcap:wpcap.dll
 0002:0001eada       _pcap_setfilter            0042fada f   wpcap:wpcap.dll
 0002:0001eae0       _pcap_compile              0042fae0 f   wpcap:wpcap.dll
 0002:0001eae6       _pcap_findalldevs          0042fae6 f   wpcap:wpcap.dll
 0002:0001eaec       _pcap_freealldevs          0042faec f   wpcap:wpcap.dll
 0002:0001eaf2       _memset                    0042faf2 f   vcruntimed:VCRUNTIME140D.dll
 0002:0001eaf8       ___CxxFrameHandler3        0042faf8 f   vcruntimed:VCRUNTIME140D.dll
 0002:0001eafe       ___vcrt_InitializeCriticalSectionEx 0042fafe f   vcruntimed:VCRUNTIME140D.dll
 0002:0001eb04       ___telemetry_main_invoke_trigger 0042fb04 f   vcruntimed:VCRUNTIME140D.dll
 0002:0001eb0a       ___telemetry_main_return_trigger 0042fb0a f   vcruntimed:VCRUNTIME140D.dll
 0002:0001eb10       __except_handler4_common   0042fb10 f   vcruntimed:VCRUNTIME140D.dll
 0002:0001eb16       ___vcrt_GetModuleFileNameW 0042fb16 f   vcruntimed:VCRUNTIME140D.dll
 0002:0001eb1c       ___vcrt_GetModuleHandleW   0042fb1c f   vcruntimed:VCRUNTIME140D.dll
 0002:0001eb22       ___vcrt_LoadLibraryExW     0042fb22 f   vcruntimed:VCRUNTIME140D.dll
 0002:0001eb28       ___std_type_info_destroy_list 0042fb28 f   vcruntimed:VCRUNTIME140D.dll
 0002:0001eb2e       _memmove                   0042fb2e f   vcruntimed:VCRUNTIME140D.dll
 0002:0001eb34       _free                      0042fb34 f   ucrtd:ucrtbased.dll
 0002:0001eb3a       _wcscpy_s                  0042fb3a f   ucrtd:ucrtbased.dll
 0002:0001eb40       ___stdio_common_vswprintf_s 0042fb40 f   ucrtd:ucrtbased.dll
 0002:0001eb46       _atoi                      0042fb46 f   ucrtd:ucrtbased.dll
 0002:0001eb4c       __CrtDbgReportW            0042fb4c f   ucrtd:ucrtbased.dll
 0002:0001eb52       ___stdio_common_vsprintf   0042fb52 f   ucrtd:ucrtbased.dll
 0002:0001eb58       _srand                     0042fb58 f   ucrtd:ucrtbased.dll
 0002:0001eb5e       _rand                      0042fb5e f   ucrtd:ucrtbased.dll
 0002:0001eb64       __time64                   0042fb64 f   ucrtd:ucrtbased.dll
 0002:0001eb6a       _wcslen                    0042fb6a f   ucrtd:ucrtbased.dll
 0002:0001eb70       ___stdio_common_vsnprintf_s 0042fb70 f   ucrtd:ucrtbased.dll
 0002:0001eb76       _malloc                    0042fb76 f   ucrtd:ucrtbased.dll
 0002:0001eb7c       _strcat                    0042fb7c f   ucrtd:ucrtbased.dll
 0002:0001eb82       __CrtDbgReport             0042fb82 f   ucrtd:ucrtbased.dll
 0002:0001eb88       ___stdio_common_vsprintf_s 0042fb88 f   ucrtd:ucrtbased.dll
 0002:0001eb8e       __seh_filter_dll           0042fb8e f   ucrtd:ucrtbased.dll
 0002:0001eb94       __initialize_narrow_environment 0042fb94 f   ucrtd:ucrtbased.dll
 0002:0001eb9a       __initialize_onexit_table  0042fb9a f   ucrtd:ucrtbased.dll
 0002:0001eba0       __register_onexit_function 0042fba0 f   ucrtd:ucrtbased.dll
 0002:0001eba6       __execute_onexit_table     0042fba6 f   ucrtd:ucrtbased.dll
 0002:0001ebac       __crt_atexit               0042fbac f   ucrtd:ucrtbased.dll
 0002:0001ebb2       __crt_at_quick_exit        0042fbb2 f   ucrtd:ucrtbased.dll
 0002:0001ebb8       __cexit                    0042fbb8 f   ucrtd:ucrtbased.dll
 0002:0001ebbe       __seh_filter_exe           0042fbbe f   ucrtd:ucrtbased.dll
 0002:0001ebc4       __set_app_type             0042fbc4 f   ucrtd:ucrtbased.dll
 0002:0001ebca       ___setusermatherr          0042fbca f   ucrtd:ucrtbased.dll
 0002:0001ebd0       __configure_narrow_argv    0042fbd0 f   ucrtd:ucrtbased.dll
 0002:0001ebd6       __get_narrow_winmain_command_line 0042fbd6 f   ucrtd:ucrtbased.dll
 0002:0001ebdc       __initterm                 0042fbdc f   ucrtd:ucrtbased.dll
 0002:0001ebe2       __initterm_e               0042fbe2 f   ucrtd:ucrtbased.dll
 0002:0001ebe8       _exit                      0042fbe8 f   ucrtd:ucrtbased.dll
 0002:0001ebee       __exit                     0042fbee f   ucrtd:ucrtbased.dll
 0002:0001ebf4       __set_fmode                0042fbf4 f   ucrtd:ucrtbased.dll
 0002:0001ebfa       __c_exit                   0042fbfa f   ucrtd:ucrtbased.dll
 0002:0001ec00       __register_thread_local_exe_atexit_callback 0042fc00 f   ucrtd:ucrtbased.dll
 0002:0001ec06       __configthreadlocale       0042fc06 f   ucrtd:ucrtbased.dll
 0002:0001ec0c       __set_new_mode             0042fc0c f   ucrtd:ucrtbased.dll
 0002:0001ec12       ___p__commode              0042fc12 f   ucrtd:ucrtbased.dll
 0002:0001ec18       _terminate                 0042fc18 f   ucrtd:ucrtbased.dll
 0002:0001ec1e       __wmakepath_s              0042fc1e f   ucrtd:ucrtbased.dll
 0002:0001ec24       __wsplitpath_s             0042fc24 f   ucrtd:ucrtbased.dll
 0002:0001ec2a       __controlfp_s              0042fc2a f   ucrtd:ucrtbased.dll
 0002:0001ec30       __invalid_parameter_noinfo 0042fc30 f   ucrtd:ucrtbased.dll
 0002:0001ec36       __errno                    0042fc36 f   ucrtd:ucrtbased.dll
 0002:0001ec3c       __recalloc                 0042fc3c f   ucrtd:ucrtbased.dll
 0002:0001ec42       ?_AfxSocketInit@@YGHPAUWSAData@@@Z 0042fc42 f   mfc140d:mfc140d.dll
 0002:0001ec50       ?AfxInitialize@@YGHHK@Z    0042fc50 f   mfcs140d:appmodul.obj
 0002:0001ece0       _WinMain@16                0042fce0 f   mfcs140d:appmodul.obj
 0002:0001ed0c       _OutputDebugStringW@4      0042fd0c f   kernel32:KERNEL32.dll
 0002:0001ed12       __setmbcp                  0042fd12 f   ucrtd:ucrtbased.dll
 0002:0001ed18       ?AfxGetModuleState@@YGPAVAFX_MODULE_STATE@@XZ 0042fd18 f   mfc140d:mfc140d.dll
 0002:0001ed1e       ?AfxWinMain@@YGHPAUHINSTANCE__@@0PADH@Z 0042fd1e f   mfc140d:mfc140d.dll
 0002:0001ed30       ___scrt_stub_for_acrt_initialize 0042fd30 f   msvcrtd:ucrt_stubs.obj
 0002:0001ed30       ___acrt_initialize         0042fd30 f   msvcrtd:ucrt_stubs.obj
 0002:0001ed30       ___vcrt_initialize         0042fd30 f   msvcrtd:ucrt_stubs.obj
 0002:0001ed40       ___scrt_stub_for_acrt_thread_attach 0042fd40 f   msvcrtd:ucrt_stubs.obj
 0002:0001ed40       ___acrt_thread_attach      0042fd40 f   msvcrtd:ucrt_stubs.obj
 0002:0001ed40       ___vcrt_thread_attach      0042fd40 f   msvcrtd:ucrt_stubs.obj
 0002:0001ed50       ___acrt_thread_detach      0042fd50 f   msvcrtd:ucrt_stubs.obj
 0002:0001ed50       ___vcrt_thread_detach      0042fd50 f   msvcrtd:ucrt_stubs.obj
 0002:0001ed50       ___scrt_stub_for_acrt_thread_detach 0042fd50 f   msvcrtd:ucrt_stubs.obj
[...]
 0005:000004dc       __imp_?InitApplication@CWinApp@@UAEHXZ 004424dc     mfc140d:mfc140d.dll
 0005:000004e0       __imp_?SaveAllModified@CWinApp@@UAEHXZ 004424e0     mfc140d:mfc140d.dll
 0005:000004e4       __imp_?DoMessageBox@CWinApp@@UAEHPBDII@Z 004424e4     mfc140d:mfc140d.dll
 0005:000004e8       __imp_?DoWaitCursor@CWinApp@@UAEXH@Z 004424e8     mfc140d:mfc140d.dll
 0005:000004ec       __imp_?OnDDECommand@CWinApp@@UAEHPAD@Z 004424ec     mfc140d:mfc140d.dll
 0005:000004f0       __imp_?WinHelpA@CWinApp@@UAEXKI@Z 004424f0     mfc140d:mfc140d.dll
 0005:000004f4       __imp_?HtmlHelpA@CWinApp@@UAEXKI@Z 004424f4     mfc140d:mfc140d.dll
 0005:000004f8       __imp_?WinHelpInternal@CWinApp@@UAEXKI@Z 004424f8     mfc140d:mfc140d.dll
 0005:000004fc       __imp_?RegisterWithRestartManager@CWinApp@@UAEJHABV?$CStringT@DV?$StrTraitMFC_DLL@DV?$ChTraitsCRT@D@ATL@@@@@ATL@@@Z 004424fc     mfc140d:mfc140d.dll
 0005:00000500       __imp_?RegisterWithRestartManager@CWinApp@@UAEJPB_WKP6GKPAX@Z1KK@Z 00442500     mfc140d:mfc140d.dll
 0005:00000504       __imp_?ApplicationRecoveryCallback@CWinApp@@UAEKPAX@Z 00442504     mfc140d:mfc140d.dll
 0005:00000508       __imp_?GetDataRecoveryHandler@CWinApp@@UAEPAVCDataRecoveryHandler@@XZ 00442508     mfc140d:mfc140d.dll
 0005:0000050c       __imp_?IsTaskbarInteractionEnabled@CWinApp@@UAEHXZ 0044250c     mfc140d:mfc140d.dll
 0005:00000510       __imp_?InitInstance@CWinApp@@UAEHXZ 00442510     mfc140d:mfc140d.dll
 0005:00000514       __imp_?ExitInstance@CWinApp@@UAEHXZ 00442514     mfc140d:mfc140d.dll
 0005:00000518       __imp_?RestartInstance@CWinApp@@UAEHXZ 00442518     mfc140d:mfc140d.dll
 0005:0000051c       __imp_?Run@CWinApp@@UAEHXZ 0044251c     mfc140d:mfc140d.dll
 0005:00000520       __imp_?OnIdle@CWinApp@@UAEHJ@Z 00442520     mfc140d:mfc140d.dll
 0005:00000524       __imp_?ProcessWndProcException@CWinApp@@UAEJPAVCException@@PBUtagMSG@@@Z 00442524     mfc140d:mfc140d.dll
 0005:00000528       __imp_?LoadAppLangResourceDLL@CWinApp@@UAEPAUHINSTANCE__@@XZ 00442528     mfc140d:mfc140d.dll
 0005:0000052c       __imp_??1CWinApp@@UAE@XZ   0044252c     mfc140d:mfc140d.dll
 0005:00000530       __imp_?AssertValid@CWinApp@@UBEXXZ 00442530     mfc140d:mfc140d.dll
 0005:00000534       __imp_?Dump@CWinApp@@UBEXAAVCDumpContext@@@Z 00442534     mfc140d:mfc140d.dll
 0005:00000538       __imp_?LoadSysPolicies@CWinApp@@UAEHXZ 00442538     mfc140d:mfc140d.dll
 0005:0000053c       __imp_?AfxEnableControlContainer@@YAXPAVCOccManager@@@Z 0044253c     mfc140d:mfc140d.dll
 0005:00000540       __imp_?SetDefaultManager@CMFCVisualManager@@SGXPAUCRuntimeClass@@@Z 00442540     mfc140d:mfc140d.dll
 0005:00000544       __imp_??0CShellManager@@QAE@XZ 00442544     mfc140d:mfc140d.dll
 0005:00000548       __imp_?GetThisClass@CMFCVisualManagerWindows@@SGPAUCRuntimeClass@@XZ 00442548     mfc140d:mfc140d.dll
 0005:0000054c       __imp_?traceAppMsg@@3VCTraceCategory@ATL@@A 0044254c     mfc140d:mfc140d.dll
 0005:00000550       __imp_?IsEmpty@?$CSimpleStringT@D$00@ATL@@QBE_NXZ 00442550     mfc140d:mfc140d.dll
 0005:00000554       __imp_??4?$CStringT@DV?$StrTraitMFC_DLL@DV?$ChTraitsCRT@D@ATL@@@@@ATL@@QAEAAV01@ABV01@@Z 00442554     mfc140d:mfc140d.dll
 0005:00000558       __imp_??Y?$CStringT@DV?$StrTraitMFC_DLL@DV?$ChTraitsCRT@D@ATL@@@@@ATL@@QAEAAV01@ABV?$CSimpleStringT@D$00@1@@Z 00442558     mfc140d:mfc140d.dll
 0005:0000055c       __imp_?LoadStringA@?$CStringT@DV?$StrTraitMFC_DLL@DV?$ChTraitsCRT@D@ATL@@@@@ATL@@QAEHI@Z 0044255c     mfc140d:mfc140d.dll
 0005:00000560       __imp_??2@YAPAXIPBDH@Z     00442560     mfc140d:mfc140d.dll
 0005:00000564       __imp_??3@YAXPAXPBDH@Z     00442564     mfc140d:mfc140d.dll
 0005:00000568       __imp_??_U@YAPAXIPBDH@Z    00442568     mfc140d:mfc140d.dll
 0005:0000056c       __imp_?GetSafeHdc@CDC@@QBEPAUHDC__@@XZ 0044256c     mfc140d:mfc140d.dll
 0005:00000570       __imp_?DrawIcon@CDC@@QAEHHHPAUHICON__@@@Z 00442570     mfc140d:mfc140d.dll
 0005:00000574       __imp_??0CPaintDC@@QAE@PAVCWnd@@@Z 00442574     mfc140d:mfc140d.dll
 0005:00000578       __imp_??1CPaintDC@@UAE@XZ  00442578     mfc140d:mfc140d.dll
 0005:0000057c       __imp_?AppendMenuA@CMenu@@QAEHIIPBD@Z 0044257c     mfc140d:mfc140d.dll
 0005:00000580       __imp_?SendMessageA@CWnd@@QBEJIIJ@Z 00442580     mfc140d:mfc140d.dll
 0005:00000584       __imp_?GetSystemMenu@CWnd@@QBEPAVCMenu@@H@Z 00442584     mfc140d:mfc140d.dll
 0005:00000588       __imp_?IsIconic@CWnd@@QBEHXZ 00442588     mfc140d:mfc140d.dll
 0005:0000058c       __imp_?GetClientRect@CWnd@@QBEXPAUtagRECT@@@Z 0044258c     mfc140d:mfc140d.dll
 0005:00000590       __imp_?ShowWindow@CWnd@@QAEHH@Z 00442590     mfc140d:mfc140d.dll
 0005:00000594       __imp_?SetDlgItemTextA@CWnd@@QAEXHPBD@Z 00442594     mfc140d:mfc140d.dll
 0005:00000598       __imp_?SetIcon@CWnd@@QAEPAUHICON__@@PAU2@H@Z 00442598     mfc140d:mfc140d.dll
 0005:0000059c       __imp_?UpdateData@CWnd@@QAEHH@Z 0044259c     mfc140d:mfc140d.dll
 0005:000005a0       __imp_?OnSysCommand@CWnd@@IAEXIJ@Z 004425a0     mfc140d:mfc140d.dll
 0005:000005a4       __imp_?OnPaint@CDialog@@IAEXXZ 004425a4     mfc140d:mfc140d.dll
 0005:000005a8       __imp_?LoadIconA@CWinApp@@QBEPAUHICON__@@I@Z 004425a8     mfc140d:mfc140d.dll
 0005:000005ac       __imp_?GetRuntimeClass@CDialogEx@@UBEPAUCRuntimeClass@@XZ 004425ac     mfc140d:mfc140d.dll
 0005:000005b0       __imp_?Create@CAsyncSocket@@QAEHIHJPBD@Z 004425b0     mfc140d:mfc140d.dll
 0005:000005b4       __imp_?GetPeerName@CAsyncSocket@@QAEHAAV?$CStringT@DV?$StrTraitMFC_DLL@DV?$ChTraitsCRT@D@ATL@@@@@ATL@@AAI@Z 004425b4     mfc140d:mfc140d.dll
 0005:000005b8       __imp_?IOCtl@CAsyncSocket@@QAEHJPAK@Z 004425b8     mfc140d:mfc140d.dll
 0005:000005bc       __imp_?Listen@CAsyncSocket@@QAEHH@Z 004425bc     mfc140d:mfc140d.dll
 0005:000005c0       __imp_?EnsureStdObj@CWnd@@UAEJXZ 004425c0     mfc140d:mfc140d.dll
 0005:000005c4       __imp_?GetInterfaceMap@CWnd@@MBEPBUAFX_INTERFACEMAP@@XZ 004425c4     mfc140d:mfc140d.dll
 0005:000005c8       __imp_?OnDrawIconicThumbnailOrLivePreview@CWnd@@UAEXAAVCDC@@VCRect@@VCSize@@HAAH@Z 004425c8     mfc140d:mfc140d.dll
 0005:000005cc       __imp_?EndModalLoop@CWnd@@UAEXH@Z 004425cc     mfc140d:mfc140d.dll
 0005:000005d0       __imp_?ContinueModal@CWnd@@UAEHXZ 004425d0     mfc140d:mfc140d.dll
 0005:000005d4       __imp_?WinHelpInternal@CWnd@@UAEXKI@Z 004425d4     mfc140d:mfc140d.dll
 0005:000005d8       __imp_?HtmlHelpA@CWnd@@UAEXKI@Z 004425d8     mfc140d:mfc140d.dll
 0005:000005dc       __imp_?WinHelpA@CWnd@@UAEXKI@Z 004425dc     mfc140d:mfc140d.dll
 0005:000005e0       __imp_?GetScrollBarCtrl@CWnd@@UBEPAVCScrollBar@@H@Z 004425e0     mfc140d:mfc140d.dll
 0005:000005e4       __imp_?OnToolHitTest@CWnd@@UBEHVCPoint@@PAUtagTOOLINFOA@@@Z 004425e4     mfc140d:mfc140d.dll
 0005:000005e8       __imp_?SetMenu@CWnd@@UAEHPAVCMenu@@@Z 004425e8     mfc140d:mfc140d.dll
 0005:000005ec       __imp_?GetMenu@CWnd@@UBEPAVCMenu@@XZ 004425ec     mfc140d:mfc140d.dll
 0005:000005f0       __imp_?CalcWindowRect@CWnd@@UAEXPAUtagRECT@@I@Z 004425f0     mfc140d:mfc140d.dll
 0005:000005f4       __imp_?PreCreateWindow@CWnd@@UAEHAAUtagCREATESTRUCTA@@@Z 004425f4     mfc140d:mfc140d.dll
 0005:000005f8       __imp_?DestroyWindow@CWnd@@UAEHXZ 004425f8     mfc140d:mfc140d.dll
 0005:000005fc       __imp_?CreateEx@CWnd@@UAEHKPBD0KABUtagRECT@@PAV1@IPAX@Z 004425fc     mfc140d:mfc140d.dll
 0005:00000600       __imp_?CreateEx@CWnd@@UAEHKPBD0KHHHHPAUHWND__@@PAUHMENU__@@PAX@Z 00442600     mfc140d:mfc140d.dll
 0005:00000604       __imp_?Create@CWnd@@UAEHPBD0KABUtagRECT@@PAV1@IPAUCCreateContext@@@Z 00442604     mfc140d:mfc140d.dll
 0005:00000608       __imp_?PreSubclassWindow@CWnd@@UAEXXZ 00442608     mfc140d:mfc140d.dll
 0005:0000060c       __imp_?GetConnectionHook@CCmdTarget@@MAEPAUIConnectionPoint@@ABU_GUID@@@Z 0044260c     mfc140d:mfc140d.dll
 0005:00000610       __imp_?GetExtraConnectionPoints@CCmdTarget@@MAEHPAVCPtrArray@@@Z 00442610     mfc140d:mfc140d.dll
 0005:00000614       __imp_?GetInterfaceHook@CCmdTarget@@UAEPAUIUnknown@@PBX@Z 00442614     mfc140d:mfc140d.dll
 0005:00000618       __imp_?OnCreateAggregates@CCmdTarget@@UAEHXZ 00442618     mfc140d:mfc140d.dll
 0005:0000061c       __imp_?GetEventSinkMap@CCmdTarget@@MBEPBUAFX_EVENTSINKMAP@@XZ 0044261c     mfc140d:mfc140d.dll
 0005:00000620       __imp_?GetConnectionMap@CCmdTarget@@MBEPBUAFX_CONNECTIONMAP@@XZ 00442620     mfc140d:mfc140d.dll
 0005:00000624       __imp_?GetDispatchMap@CCmdTarget@@MBEPBUAFX_DISPMAP@@XZ 00442624     mfc140d:mfc140d.dll
 0005:00000628       __imp_?GetCommandMap@CCmdTarget@@MBEPBUAFX_OLECMDMAP@@XZ 00442628     mfc140d:mfc140d.dll
 0005:0000062c       __imp_?GetTypeLib@CCmdTarget@@UAEJKPAPAUITypeLib@@@Z 0044262c     mfc140d:mfc140d.dll
 0005:00000630       __imp_?GetTypeLibCache@CCmdTarget@@UAEPAVCTypeLibCache@@XZ 00442630     mfc140d:mfc140d.dll
 0005:00000634       __imp_?GetTypeInfoCount@CCmdTarget@@UAEIXZ 00442634     mfc140d:mfc140d.dll
 0005:00000638       __imp_?GetDispatchIID@CCmdTarget@@UAEHPAU_GUID@@@Z 00442638     mfc140d:mfc140d.dll
 0005:0000063c       __imp_?IsInvokeAllowed@CCmdTarget@@UAEHJ@Z 0044263c     mfc140d:mfc140d.dll
 0005:00000640       __imp_?DDX_Control@@YGXPAVCDataExchange@@HAAVCWnd@@@Z 00442640     mfc140d:mfc140d.dll
 0005:00000644       __imp_??1CBrush@@UAE@XZ    00442644     mfc140d:mfc140d.dll
 0005:00000648       __imp_?GetManager@?$CStringT@DV?$StrTraitMFC_DLL@DV?$ChTraitsCRT@D@ATL@@@@@ATL@@QBEPAUIAtlStringMgr@2@XZ 00442648     mfc140d:mfc140d.dll
 0005:0000064c       __imp_??Y?$CStringT@DV?$StrTraitMFC_DLL@DV?$ChTraitsCRT@D@ATL@@@@@ATL@@QAEAAV01@D@Z 0044264c     mfc140d:mfc140d.dll
 0005:00000650       __imp_??4?$CStringT@DV?$StrTraitMFC_DLL@DV?$ChTraitsCRT@D@ATL@@@@@ATL@@QAEAAV01@PBD@Z 00442650     mfc140d:mfc140d.dll
 0005:00000654       __imp_??1?$CStringT@DV?$StrTraitMFC_DLL@DV?$ChTraitsCRT@D@ATL@@@@@ATL@@QAE@XZ 00442654     mfc140d:mfc140d.dll
 0005:00000658       __imp_??0?$CStringT@DV?$StrTraitMFC_DLL@DV?$ChTraitsCRT@D@ATL@@@@@ATL@@QAE@PBD@Z 00442658     mfc140d:mfc140d.dll
 0005:0000065c       __imp_??0?$CStringT@DV?$StrTraitMFC_DLL@DV?$ChTraitsCRT@D@ATL@@@@@ATL@@QAE@ABV01@@Z 0044265c     mfc140d:mfc140d.dll
 0005:00000660       __imp_??0?$CStringT@DV?$StrTraitMFC_DLL@DV?$ChTraitsCRT@D@ATL@@@@@ATL@@QAE@PAUIAtlStringMgr@1@@Z 00442660     mfc140d:mfc140d.dll
 0005:00000664       __imp_??0?$CStringT@DV?$StrTraitMFC_DLL@DV?$ChTraitsCRT@D@ATL@@@@@ATL@@QAE@XZ 00442664     mfc140d:mfc140d.dll
 0005:00000668       __imp_?Concatenate@?$CSimpleStringT@D$00@ATL@@KAXAAV12@PBDH1H@Z 00442668     mfc140d:mfc140d.dll
 0005:0000066c       __imp_?StringLength@?$CSimpleStringT@D$00@ATL@@SAHPBD@Z 0044266c     mfc140d:mfc140d.dll
 0005:00000670       __imp_?ReleaseBuffer@?$CSimpleStringT@D$00@ATL@@QAEXH@Z 00442670     mfc140d:mfc140d.dll
 0005:00000674       __imp_?GetLength@?$CSimpleStringT@D$00@ATL@@QBEHXZ 00442674     mfc140d:mfc140d.dll
 0005:00000678       __imp_?GetBuffer@?$CSimpleStringT@D$00@ATL@@QAEPADH@Z 00442678     mfc140d:mfc140d.dll
 0005:0000067c       __imp_?Empty@?$CSimpleStringT@D$00@ATL@@QAEXXZ 0044267c     mfc140d:mfc140d.dll
 0005:00000680       __imp_??B?$CSimpleStringT@D$00@ATL@@QBEPBDXZ 00442680     mfc140d:mfc140d.dll
 0005:00000684       __imp_??2@YAPAXI@Z         00442684     mfc140d:mfc140d.dll
 0005:00000688       __imp_?GetThisMessageMap@CDialogEx@@KGPBUAFX_MSGMAP@@XZ 00442688     mfc140d:mfc140d.dll
 0005:0000068c       __imp_?SendToHelper@CAsyncSocket@@MAEHPBXHPBUsockaddr@@HH@Z 0044268c     mfc140d:mfc140d.dll
 0005:00000690       __imp_?ReceiveFromHelper@CAsyncSocket@@MAEHPAXHPAUsockaddr@@PAHH@Z 00442690     mfc140d:mfc140d.dll
 0005:00000694       __imp_?ConnectHelper@CAsyncSocket@@MAEHPBUsockaddr@@H@Z 00442694     mfc140d:mfc140d.dll
 0005:00000698       __imp_?Dump@CAsyncSocket@@UBEXAAVCDumpContext@@@Z 00442698     mfc140d:mfc140d.dll
 0005:0000069c       __imp_?AssertValid@CAsyncSocket@@UBEXXZ 0044269c     mfc140d:mfc140d.dll
 0005:000006a0       __imp_??1CAsyncSocket@@UAE@XZ 004426a0     mfc140d:mfc140d.dll
 0005:000006a4       __imp_?OnClose@CAsyncSocket@@MAEXH@Z 004426a4     mfc140d:mfc140d.dll
 0005:000006a8       __imp_?OnConnect@CAsyncSocket@@MAEXH@Z 004426a8     mfc140d:mfc140d.dll
 0005:000006ac       __imp_?OnAccept@CAsyncSocket@@MAEXH@Z 004426ac     mfc140d:mfc140d.dll
 0005:000006b0       __imp_?OnOutOfBandData@CAsyncSocket@@MAEXH@Z 004426b0     mfc140d:mfc140d.dll
 0005:000006b4       __imp_?AfxGetModuleState@@YGPAVAFX_MODULE_STATE@@XZ 004426b4     mfc140d:mfc140d.dll
 0005:000006b8       __imp_?OnSend@CAsyncSocket@@MAEXH@Z 004426b8     mfc140d:mfc140d.dll
 0005:000006bc       __imp_?_AfxSocketInit@@YGHPAUWSAData@@@Z 004426bc     mfc140d:mfc140d.dll
 0005:000006c0       __imp_?OnReceive@CAsyncSocket@@MAEXH@Z 004426c0     mfc140d:mfc140d.dll
 0005:000006c4       __imp_?Send@CAsyncSocket@@UAEHPBXHH@Z 004426c4     mfc140d:mfc140d.dll
 0005:000006c8       __imp_?Receive@CAsyncSocket@@UAEHPAXHH@Z 004426c8     mfc140d:mfc140d.dll
 0005:000006cc       __imp_?Close@CAsyncSocket@@UAEXXZ 004426cc     mfc140d:mfc140d.dll
 0005:000006d0       __imp_?Accept@CAsyncSocket@@UAEHAAV1@PAUsockaddr@@PAH@Z 004426d0     mfc140d:mfc140d.dll
 0005:000006d4       __imp_??0CAsyncSocket@@QAE@XZ 004426d4     mfc140d:mfc140d.dll
 0005:000006d8       __imp_?GetRuntimeClass@CAsyncSocket@@UBEPAUCRuntimeClass@@XZ 004426d8     mfc140d:mfc140d.dll
 0005:000006dc       __imp_?AfxGetApp@@YGPAVCWinApp@@XZ 004426dc     mfc140d:mfc140d.dll
 0005:000006e0       __imp_?Serialize@CObject@@UAEXAAVCArchive@@@Z 004426e0     mfc140d:mfc140d.dll
 0005:000006e4       __imp_??3CObject@@SGXPAX@Z 004426e4     mfc140d:mfc140d.dll
 0005:000006e8       __imp_??3@YAXPAX@Z         004426e8     mfc140d:mfc140d.dll
 0005:000006ec       __imp_?SetCurSel@CListBox@@QAEHH@Z 004426ec     mfc140d:mfc140d.dll
 0005:000006f0       __imp_?AfxWinMain@@YGHPAUHINSTANCE__@@0PADH@Z 004426f0     mfc140d:mfc140d.dll
 0005:000006f4       \177mfc140d_NULL_THUNK_DATA 004426f4     mfc140d:mfc140d.dll
 0005:000007f0       __imp___setmbcp            004427f0     ucrtd:ucrtbased.dll
 0005:000007f4       __imp___recalloc           004427f4     ucrtd:ucrtbased.dll
 0005:000007f8       __imp___errno              004427f8     ucrtd:ucrtbased.dll
 0005:000007fc       __imp__free                004427fc     ucrtd:ucrtbased.dll
 0005:00000800       __imp__wcscpy_s            00442800     ucrtd:ucrtbased.dll
 0005:00000804       __imp____stdio_common_vswprintf_s 00442804     ucrtd:ucrtbased.dll
 0005:00000808       __imp__atoi                00442808     ucrtd:ucrtbased.dll
 0005:0000080c       __imp___CrtDbgReportW      0044280c     ucrtd:ucrtbased.dll
 0005:00000810       __imp____stdio_common_vsprintf 00442810     ucrtd:ucrtbased.dll
 0005:00000814       __imp__srand               00442814     ucrtd:ucrtbased.dll
 0005:00000818       __imp__rand                00442818     ucrtd:ucrtbased.dll
 0005:0000081c       __imp___time64             0044281c     ucrtd:ucrtbased.dll
 0005:00000820       __imp__wcslen              00442820     ucrtd:ucrtbased.dll
 0005:00000824       __imp____stdio_common_vsnprintf_s 00442824     ucrtd:ucrtbased.dll
 0005:00000828       __imp__malloc              00442828     ucrtd:ucrtbased.dll
 0005:0000082c       __imp__strcat              0044282c     ucrtd:ucrtbased.dll
 0005:00000830       __imp___CrtDbgReport       00442830     ucrtd:ucrtbased.dll
 0005:00000834       __imp____stdio_common_vsprintf_s 00442834     ucrtd:ucrtbased.dll
 0005:00000838       __imp___seh_filter_dll     00442838     ucrtd:ucrtbased.dll
 0005:0000083c       __imp___initialize_narrow_environment 0044283c     ucrtd:ucrtbased.dll
 0005:00000840       __imp___initialize_onexit_table 00442840     ucrtd:ucrtbased.dll
 0005:00000844       __imp___register_onexit_function 00442844     ucrtd:ucrtbased.dll
 0005:00000848       __imp___execute_onexit_table 00442848     ucrtd:ucrtbased.dll
 0005:0000084c       __imp___crt_atexit         0044284c     ucrtd:ucrtbased.dll
 0005:00000850       __imp___crt_at_quick_exit  00442850     ucrtd:ucrtbased.dll
 0005:00000854       __imp___cexit              00442854     ucrtd:ucrtbased.dll
 0005:00000858       __imp___seh_filter_exe     00442858     ucrtd:ucrtbased.dll
 0005:0000085c       __imp___set_app_type       0044285c     ucrtd:ucrtbased.dll
 0005:00000860       __imp____setusermatherr    00442860     ucrtd:ucrtbased.dll
 0005:00000864       __imp___configure_narrow_argv 00442864     ucrtd:ucrtbased.dll
 0005:00000868       __imp___get_narrow_winmain_command_line 00442868     ucrtd:ucrtbased.dll
 0005:0000086c       __imp___initterm           0044286c     ucrtd:ucrtbased.dll
 0005:00000870       __imp___initterm_e         00442870     ucrtd:ucrtbased.dll
 0005:00000874       __imp__exit                00442874     ucrtd:ucrtbased.dll
 0005:00000878       __imp___exit               00442878     ucrtd:ucrtbased.dll
 0005:0000087c       __imp___set_fmode          0044287c     ucrtd:ucrtbased.dll
 0005:00000880       __imp___c_exit             00442880     ucrtd:ucrtbased.dll
 0005:00000884       __imp___register_thread_local_exe_atexit_callback 00442884     ucrtd:ucrtbased.dll
 0005:00000888       __imp___configthreadlocale 00442888     ucrtd:ucrtbased.dll
 0005:0000088c       __imp___set_new_mode       0044288c     ucrtd:ucrtbased.dll
 0005:00000890       __imp____p__commode        00442890     ucrtd:ucrtbased.dll
 0005:00000894       __imp__terminate           00442894     ucrtd:ucrtbased.dll
 0005:00000898       __imp___wmakepath_s        00442898     ucrtd:ucrtbased.dll
 0005:0000089c       __imp___wsplitpath_s       0044289c     ucrtd:ucrtbased.dll
 0005:000008a0       __imp___controlfp_s        004428a0     ucrtd:ucrtbased.dll
 0005:000008a4       __imp___invalid_parameter_noinfo 004428a4     ucrtd:ucrtbased.dll
 0005:000008a8       __imp__strlen              004428a8     ucrtd:ucrtbased.dll
 0005:000008ac       \177ucrtbased_NULL_THUNK_DATA 004428ac     ucrtd:ucrtbased.dll
 0005:000008f8       __imp__pcap_compile        004428f8     wpcap:wpcap.dll
 0005:000008fc       __imp__pcap_findalldevs    004428fc     wpcap:wpcap.dll
 0005:00000900       __imp__pcap_next_ex        00442900     wpcap:wpcap.dll
 0005:00000904       __imp__pcap_close          00442904     wpcap:wpcap.dll
 0005:00000908       __imp__pcap_freealldevs    00442908     wpcap:wpcap.dll
 0005:0000090c       __imp__pcap_open_live      0044290c     wpcap:wpcap.dll
 0005:00000910       __imp__pcap_setfilter      00442910     wpcap:wpcap.dll
 0005:00000914       \177wpcap_NULL_THUNK_DATA  00442914     wpcap:wpcap.dll
 0005:00000944       __IMPORT_DESCRIPTOR_libmysql 00442944     libmysql:libmysql.dll
 0005:00000958       __IMPORT_DESCRIPTOR_mfc140d 00442958     mfc140d:mfc140d.dll
 0005:0000096c       __IMPORT_DESCRIPTOR_KERNEL32 0044296c     kernel32:KERNEL32.dll
 0005:00000980       __IMPORT_DESCRIPTOR_USER32 00442980     user32:USER32.dll
 0005:00000994       __IMPORT_DESCRIPTOR_GDI32  00442994     gdi32:GDI32.dll
 0005:000009a8       __IMPORT_DESCRIPTOR_COMCTL32 004429a8     comctl32:COMCTL32.dll
 0005:000009bc       __IMPORT_DESCRIPTOR_OLEAUT32 004429bc     oleaut32:OLEAUT32.dll
 0005:000009d0       __IMPORT_DESCRIPTOR_gdiplus 004429d0     gdiplus:gdiplus.dll
 0005:000009e4       __IMPORT_DESCRIPTOR_WS2_32 004429e4     ws2_32:WS2_32.dll
 0005:000009f8       __IMPORT_DESCRIPTOR_wpcap  004429f8     wpcap:wpcap.dll
 0005:00000a0c       __IMPORT_DESCRIPTOR_VCRUNTIME140D 00442a0c     vcruntimed:VCRUNTIME140D.dll
 0005:00000a20       __IMPORT_DESCRIPTOR_ucrtbased 00442a20     ucrtd:ucrtbased.dll
 0005:00000a34       __NULL_IMPORT_DESCRIPTOR   00442a34     libmysql:libmysql.dll
 0007:00000000       __tls_start                00445000     msvcrtd:tlssup.obj
 0007:00000104       __Init_thread_epoch        00445104     msvcrtd:thread_safe_statics.obj
 0007:00000208       __tls_end                  00445208     msvcrtd:tlssup.obj
 0008:00000000       ___guard_check_icall_fptr  00446000     msvcrtd:guard_support.obj
