 TestServer(IDS)

 Timestamp is 59cbbed4 (Thu Sep 28 00:08:04 2017)

 Preferred load address is 00400000

 Start         Length     Name                   Class
 0001:00000000 00010000H .textbss                DATA
 0002:00000000 0000473fH .text$di                CODE
 0002:00004740 0001d17fH .text$mn                CODE
 0002:000218c0 00001d89H .text$x                 CODE
 0002:00023650 00001352H .text$yd                CODE
 0003:00000000 00000104H .CRT$XCA                DATA
 0003:00000104 00000104H .CRT$XCAA               DATA
 0003:00000208 00000109H .CRT$XCL                DATA
 0003:00000314 00000186H .CRT$XCU                DATA
 0003:0000049c 00000104H .CRT$XCZ                DATA
 0003:000005a0 00000104H .CRT$XIA                DATA
 0003:000006a4 00000104H .CRT$XIAA               DATA
 0003:000007a8 00000104H .CRT$XIAC               DATA
 0003:000008ac 00000104H .CRT$XIC                DATA
 0003:000009b0 00000104H .CRT$XIZ                DATA
 0003:00000ab4 00000004H .CRT$XLA                DATA
 0003:00000ab8 00000004H .CRT$XLZ                DATA
 0003:00000abc 00000104H .CRT$XPA                DATA
 0003:00000bc0 00000104H .CRT$XPZ                DATA
 0003:00000cc4 00000104H .CRT$XTA                DATA
 0003:00000dc8 00000104H .CRT$XTZ                DATA
 0003:00000ed0 000060adH .rdata                  DATA
 0003:00006f80 0000011cH .rdata$T                DATA
 0003:0000709c 000007eaH .rdata$r                DATA
 0003:00007888 0000018bH .rdata$zzzdbg           DATA
 0003:00007a14 00000104H .rtc$IAA                DATA
 0003:00007b18 0000013eH .rtc$IMZ                DATA
 0003:00007c58 00000104H .rtc$IZZ                DATA
 0003:00007d5c 00000104H .rtc$TAA                DATA
 0003:00007e60 0000013eH .rtc$TMZ                DATA
 0003:00007fa0 00000104H .rtc$TZZ                DATA
 0003:000080a8 00000a92H .xdata$x                DATA
 0003:00008b3c 00000104H ATL$__a                 DATA
 0003:00008c40 00000104H ATL$__z                 DATA
 0003:00008d44 00000000H .edata                  DATA
 0004:00000000 000003eeH .data                   DATA
 0004:000003f0 00000384H .data$r                 DATA
 0004:00000778 00002eb8H .bss                    DATA
 0005:00000000 00000954H .idata$5                DATA
 0005:00000954 000000f0H .idata$2                DATA
 0005:00000a44 00000014H .idata$3                DATA
 0005:00000a58 00000954H .idata$4                DATA
 0005:000013ac 00000beeH .idata$6                DATA
 0006:00000000 00000149H .gfids$y                DATA
 0007:00000000 00000101H .tls                    DATA
 0007:00000104 00000104H .tls$                   DATA
 0007:00000208 00000101H .tls$ZZZ                DATA
 0008:00000000 00000104H .00cfg                  DATA
 0009:00000000 0000076eH .rsrc$01                DATA
 0009:00000770 00014e90H .rsrc$02                DATA

  Address         Publics by Value              Rva+Base       Lib:Object

 0000:00000000       ___guard_fids_table        00000000     <absolute>
 0000:00000000       ___guard_fids_count        00000000     <absolute>
 0000:00000000       ___guard_longjmp_count     00000000     <absolute>
 0000:00000000       ___guard_iat_count         00000000     <absolute>
 0000:00000000       ___safe_se_handler_count   00000000     <absolute>
 0000:00000000       ___guard_iat_table         00000000     <absolute>
 0000:00000000       ___safe_se_handler_table   00000000     <absolute>
 0000:00000000       ___guard_longjmp_table     00000000     <absolute>
 0000:0000002c       __tls_array                0000002c     <absolute>
 0000:00000100       ___guard_flags             00000100     <absolute>
 0000:00000000       ___ImageBase               00400000     <linker-defined>
 0001:00000000       __enc$textbss$begin        00401000     <linker-defined>
 0001:00010000       __enc$textbss$end          00411000     <linker-defined>
 0002:00004740       ??0AES@@QAE@XZ             00415740 f   AES.obj
 0002:0000476e       _memcpy                    0041576e f   vcruntimed:VCRUNTIME140D.dll
 0002:00004780       ??1AES@@QAE@XZ             00415780 f   AES.obj
 0002:000047c0       ?AddRoundKey@AES@@QAEXQAY03E0@Z 004157c0 f   AES.obj
 0002:00004880       ?Decrypt@AES@@QAEXPADQAY03E1@Z 00415880 f   AES.obj
 0002:00004b30       __vscprintf_l              00415b30 f i IDS.obj
 0002:00004be0       ?Encrypt@AES@@QAEXPADQAY03E1@Z 00415be0 f   AES.obj
 0002:00004db0       ?FreeFunc@AES@@QAEXPAD@Z   00415db0 f   AES.obj
 0002:00004e20       ?Inv_AddRoundKey@AES@@QAEXQAY03E0@Z 00415e20 f   AES.obj
 0002:00004ee0       ?Inv_KeySchedule@AES@@QAEXQAY03EQAY0BA@EH@Z 00415ee0 f   AES.obj
 0002:000051c0       __vsnprintf_s_l            004161c0 f i IDS.obj
 0002:00005270       ?Inv_MixColumns@AES@@QAEXQAY03E@Z 00416270 f   AES.obj
 0002:00008ef0       ?Inv_ShiftRows@AES@@QAEXQAY03E@Z 00419ef0 f   AES.obj
 0002:00009000       ?Inv_SubBytes@AES@@QAEXQAY03EQAY0BA@E@Z 0041a000 f   AES.obj
 0002:000090e0       ?KeySchedule@AES@@QAEXQAY03EQAY0BA@EH@Z 0041a0e0 f   AES.obj
 0002:00009470       ?MixColumns@AES@@QAEXQAY03E@Z 0041a470 f   AES.obj
 0002:000097b0       ?ShiftRows@AES@@QAEXQAY03E@Z 0041a7b0 f   AES.obj
 0002:000098c0       ?SubBytes@AES@@QAEXQAY03EQAY0BA@E@Z 0041a8c0 f   AES.obj
 0002:000099a0       ?__empty_global_delete@@YAXPAX@Z 0041a9a0 f i AES.obj
 0002:000099d0       ?__global_delete@@YAXPAXI@Z 0041a9d0 f i AES.obj
 0002:000099d0       ?__empty_global_delete@@YAXPAXI@Z 0041a9d0 f i AES.obj
 0002:00009a00       ??0ClientSock@@QAE@XZ      0041aa00 f   ClientSock.obj
 0002:00009a60       ??1ClientSock@@UAE@XZ      0041aa60 f   ClientSock.obj
 0002:00009ac0       ??_EClientSock@@UAEPAXI@Z  0041aac0 f i ClientSock.obj
 0002:00009ac0       ??_GClientSock@@UAEPAXI@Z  0041aac0 f i ClientSock.obj
 0002:00009b50       ?OnReceive@ClientSock@@UAEXH@Z 0041ab50 f   ClientSock.obj
 0002:00009bd0       ?OnBnClickedDb@CDB_Check@@QAEXXZ 0041abd0 f   DB_Check.obj
 0002:00009cc0       ?OnCbnSelchangeDbdate@CDB_Check@@QAEXXZ 0041acc0 f   DB_Check.obj
 0002:00009db0       ??$__vcrt_va_start_verify_argument_type@QB_W@@YAXXZ 0041adb0 f i DB_Check.obj
 0002:00009de0       ??0?$CTraceCategoryEx@$0CAAA@$0A@@ATL@@QAE@PBD@Z 0041ade0 f i DB_Check.obj
 0002:00009e40       ??0?$CTraceCategoryEx@$0CAAAA@$0A@@ATL@@QAE@PBD@Z 0041ae40 f i DB_Check.obj
 0002:00009ea0       ??0CDB_Check@@QAE@PAVCWnd@@@Z 0041aea0 f   DB_Check.obj
 0002:0000a060       ??1CDB_Check@@UAE@XZ       0041b060 f   DB_Check.obj
 0002:0000a160       ??1CDialogEx@@UAE@XZ       0041b160 f i DB_Check.obj
 0002:0000a1e0       ??HATL@@YA?AV?$CStringT@DV?$StrTraitMFC_DLL@DV?$ChTraitsCRT@D@ATL@@@@@0@ABV10@PBD@Z 0041b1e0 f i DB_Check.obj
 0002:0000a3a0       ??HATL@@YA?AV?$CStringT@DV?$StrTraitMFC_DLL@DV?$ChTraitsCRT@D@ATL@@@@@0@PBDABV10@@Z 0041b3a0 f i DB_Check.obj
 0002:0000a560       ??_G?$CStringT@DV?$StrTraitMFC_DLL@DV?$ChTraitsCRT@D@ATL@@@@@ATL@@QAEPAXI@Z 0041b560 f i DB_Check.obj
 0002:0000a5e0       ??_ECDB_Check@@UAEPAXI@Z   0041b5e0 f i DB_Check.obj
 0002:0000a5e0       ??_GCDB_Check@@UAEPAXI@Z   0041b5e0 f i DB_Check.obj
 0002:0000a670       ?DestroyTherad2@CDB_Check@@QAE_NXZ 0041b670 f   DB_Check.obj
 0002:0000a790       ?DestroyTherad@CDB_Check@@QAE_NXZ 0041b790 f   DB_Check.obj
 0002:0000a8b0       ?DoDataExchange@CDB_Check@@MAEXPAVCDataExchange@@@Z 0041b8b0 f   DB_Check.obj
 0002:0000a940       ?GetMessageMap@CDB_Check@@MBEPBUAFX_MSGMAP@@XZ 0041b940 f   DB_Check.obj
 0002:0000a990       ?GetRuntimeClass@CDB_Check@@UBEPAUCRuntimeClass@@XZ 0041b990 f   DB_Check.obj
 0002:0000a9d0       ?GetThisClass@CDB_Check@@SGPAUCRuntimeClass@@XZ 0041b9d0 f   DB_Check.obj
 0002:0000aa10       ?GetThisMessageMap@CDB_Check@@KGPBUAFX_MSGMAP@@XZ 0041ba10 f   DB_Check.obj
 0002:0000aa50       ?OnInitDialog@CDB_Check@@UAEHXZ 0041ba50 f   DB_Check.obj
 0002:0000ae30       ?RegisterCategory@CTrace@ATL@@SAXPBDI@Z 0041be30 f i DB_Check.obj
 0002:0000afd0       ?ThreadFirst@CDB_Check@@SAIPAX@Z 0041bfd0 f   DB_Check.obj
 0002:0000b030       ?ThreadFunc2@CDB_Check@@QAEXXZ 0041c030 f   DB_Check.obj
 0002:0000c360       ?ThreadFunc@CDB_Check@@QAEXXZ 0041d360 f   DB_Check.obj
 0002:0000d7a0       ?ThreadSecond@CDB_Check@@SAIPAX@Z 0041e7a0 f   DB_Check.obj
 0002:0000d800       ?_GetBaseClass@CDB_Check@@KGPAUCRuntimeClass@@XZ 0041e800 f   DB_Check.obj
 0002:0000d850       ___local_stdio_printf_options 0041e850 f i DB_Check.obj
 0002:0000d890       __vswprintf_s_l            0041e890 f i DB_Check.obj
 0002:0000d940       _swprintf_s                0041e940 f i DB_Check.obj
 0002:0000d9c0       ?OnBnClickedButton1@CIDS@@QAEXXZ 0041e9c0 f   IDS.obj
 0002:0000e0a0       ?OnBnClickedButton2@CIDS@@QAEXXZ 0041f0a0 f   IDS.obj
 0002:0000e2c0       ?OnNMDblclkDevice@CIDS@@QAEXPAUtagNMHDR@@PAJ@Z 0041f2c0 f   IDS.obj
 0002:0000e930       ??$AtlMultiply@I@ATL@@YAJPAIII@Z 0041f930 f i IDS.obj
 0002:0000e9b0       ??$__vcrt_va_start_verify_argument_type@PBD@@YAXXZ 0041f9b0 f i IDS.obj
 0002:0000e9e0       ??$__vcrt_va_start_verify_argument_type@QBD@@YAXXZ 0041f9e0 f i IDS.obj
 0002:0000ea10       ??0?$CHeapPtr@DVCCRTAllocator@ATL@@@ATL@@QAE@XZ 0041fa10 f i IDS.obj
 0002:0000ea70       ??0?$CHeapPtr@_WVCCRTAllocator@ATL@@@ATL@@QAE@XZ 0041fa70 f i IDS.obj
 0002:0000ead0       ??0?$CHeapPtrBase@DVCCRTAllocator@ATL@@@ATL@@IAE@XZ 0041fad0 f i IDS.obj
 0002:0000eb20       ??0?$CHeapPtrBase@_WVCCRTAllocator@ATL@@@ATL@@IAE@XZ 0041fb20 f i IDS.obj
 0002:0000eb70       ??0CIDS@@QAE@PAVCWnd@@@Z   0041fb70 f   IDS.obj
 0002:0000ed30       ??0CPreserveLastError@ATL@@QAE@XZ 0041fd30 f i IDS.obj
 0002:0000eda0       ??0CTime@ATL@@QAE@_J@Z     0041fda0 f i IDS.obj
 0002:0000edf0       ??0CTraceFileAndLineInfo@ATL@@QAE@PBDH@Z 0041fdf0 f i IDS.obj
 0002:0000ee40       ??1?$CHeapPtr@DVCCRTAllocator@ATL@@@ATL@@QAE@XZ 0041fe40 f i IDS.obj
 0002:0000ee90       ??1?$CHeapPtr@_WVCCRTAllocator@ATL@@@ATL@@QAE@XZ 0041fe90 f i IDS.obj
 0002:0000eee0       ??1?$CHeapPtrBase@DVCCRTAllocator@ATL@@@ATL@@QAE@XZ 0041fee0 f i IDS.obj
 0002:0000ef30       ??1?$CHeapPtrBase@_WVCCRTAllocator@ATL@@@ATL@@QAE@XZ 0041ff30 f i IDS.obj
 0002:0000ef80       ??1CIDS@@UAE@XZ            0041ff80 f   IDS.obj
 0002:0000f0b0       ??1CPreserveLastError@ATL@@QAE@XZ 004200b0 f i IDS.obj
 0002:0000f110       ??B?$CHeapPtrBase@DVCCRTAllocator@ATL@@@ATL@@QBEPADXZ 00420110 f i IDS.obj
 0002:0000f150       ??B?$CHeapPtrBase@_WVCCRTAllocator@ATL@@@ATL@@QBEPA_WXZ 00420150 f i IDS.obj
 0002:0000f190       ??B?$CTraceCategoryEx@$0CAAA@$0A@@ATL@@QAEIXZ 00420190 f i IDS.obj
 0002:0000f1d0       ??RCTraceFileAndLineInfo@ATL@@QBAXHIPBDZZ 004201d0 f i IDS.obj
 0002:0000f300       ??_ECIDS@@UAEPAXI@Z        00420300 f i IDS.obj
 0002:0000f300       ??_GCIDS@@UAEPAXI@Z        00420300 f i IDS.obj
 0002:0000f390       ?Allocate@?$CHeapPtr@DVCCRTAllocator@ATL@@@ATL@@QAE_NI@Z 00420390 f i IDS.obj
 0002:0000f460       ?Allocate@?$CHeapPtr@_WVCCRTAllocator@ATL@@@ATL@@QAE_NI@Z 00420460 f i IDS.obj
 0002:0000f530       ?Allocate@CCRTAllocator@ATL@@SAPAXI@Z 00420530 f i IDS.obj
 0002:0000f590       ?AllocateBytes@?$CHeapPtrBase@DVCCRTAllocator@ATL@@@ATL@@QAE_NI@Z 00420590 f i IDS.obj
 0002:0000f650       ?AllocateBytes@?$CHeapPtrBase@_WVCCRTAllocator@ATL@@@ATL@@QAE_NI@Z 00420650 f i IDS.obj
 0002:0000f710       ?AtlThrowImpl@ATL@@YGXJ@Z  00420710 f i IDS.obj
 0002:00010440       ?DestroyTherad@CIDS@@QAE_NXZ 00421440 f   IDS.obj
 0002:00010560       ?DoDataExchange@CIDS@@MAEXPAVCDataExchange@@@Z 00421560 f   IDS.obj
 0002:000106a0       ?Free@?$CHeapPtrBase@DVCCRTAllocator@ATL@@@ATL@@QAEXXZ 004216a0 f i IDS.obj
 0002:00010710       ?Free@?$CHeapPtrBase@_WVCCRTAllocator@ATL@@@ATL@@QAEXXZ 00421710 f i IDS.obj
 0002:00010780       ?Free@CCRTAllocator@ATL@@SAXPAX@Z 00421780 f i IDS.obj
 0002:000107e0       ?GetCategoryName@CTrace@ATL@@CAPA_WI@Z 004217e0 f i IDS.obj
 0002:00010860       ?GetHour@CTime@ATL@@QBEHXZ 00421860 f i IDS.obj
 0002:00010940       ?GetLocalTm@CTime@ATL@@QBEPAUtm@@PAU3@@Z 00421940 f i IDS.obj
 0002:00010ad0       ?GetMessageMap@CIDS@@MBEPBUAFX_MSGMAP@@XZ 00421ad0 f   IDS.obj
 0002:00010b20       ?GetMinute@CTime@ATL@@QBEHXZ 00421b20 f i IDS.obj
 0002:00010c00       ?GetRuntimeClass@CIDS@@UBEPAUCRuntimeClass@@XZ 00421c00 f   IDS.obj
 0002:00010c40       ?GetSecond@CTime@ATL@@QBEHXZ 00421c40 f i IDS.obj
 0002:00010d20       ?GetThisClass@CIDS@@SGPAUCRuntimeClass@@XZ 00421d20 f   IDS.obj
 0002:00010d60       ?GetThisMessageMap@CIDS@@KGPBUAFX_MSGMAP@@XZ 00421d60 f   IDS.obj
 0002:00010da0       ?GetTickCount@CTime@ATL@@SG?AV12@XZ 00421da0 f i IDS.obj
 0002:00010e10       ?OnInitDialog@CIDS@@UAEHXZ 00421e10 f   IDS.obj
 0002:00010f80       ?ThreadFirst@CIDS@@SAIPAX@Z 00421f80 f   IDS.obj
 0002:00010fe0       ?ThreadFunc@CIDS@@QAEXXZ   00421fe0 f   IDS.obj
 0002:000111a0       ?TraceV@CTrace@ATL@@CAXPBDHIIPB_W@Z 004221a0 f i IDS.obj
 0002:00011510       ?TraceV@CTrace@ATL@@SAXPBDHII0PAD@Z 00422510 f i IDS.obj
 0002:000117f0       ?_GetBaseClass@CIDS@@KGPAUCRuntimeClass@@XZ 004227f0 f   IDS.obj
 0002:00011840       ?__autoclassinit2@?$CHeapPtr@DVCCRTAllocator@ATL@@@ATL@@QAEXI@Z 00422840 f i IDS.obj
 0002:000118a0       ?__autoclassinit2@?$CHeapPtr@_WVCCRTAllocator@ATL@@@ATL@@QAEXI@Z 004228a0 f i IDS.obj
 0002:00011900       ?print_ether_header@CIDS@@QAEXPBE@Z 00422900 f   IDS.obj
 0002:00011e00       ?print_ip_header@CIDS@@QAEHPBE@Z 00422e00 f   IDS.obj
 0002:000123d0       ?print_tcp_header@CIDS@@QAEHPBE@Z 004233d0 f   IDS.obj
 0002:000129c0       _HRESULT_FROM_WIN32        004239c0 f i IDS.obj
 0002:00013110       __vscprintf                00424110 f i IDS.obj
 0002:000131e0       __vsnprintf_l              004241e0 f i IDS.obj
 0002:00013290       __vsnprintf_s              00424290 f i IDS.obj
 0002:000133b0       __vsprintf_l               004243b0 f i IDS.obj
 0002:00013460       _sprintf                   00424460 f i IDS.obj
 0002:00013540       ??0RSA_CODE@@QAE@XZ        00424540 f   RSA_CODE.obj
 0002:00013580       ??1RSA_CODE@@QAE@XZ        00424580 f   RSA_CODE.obj
 0002:000135c0       ?Create_Primes@RSA_CODE@@QAEHXZ 004245c0 f   RSA_CODE.obj
 0002:00013730       ?Decrypt@RSA_CODE@@QAEXPAHQAH@Z 00424730 f   RSA_CODE.obj
 0002:00013880       ?Encrypt@RSA_CODE@@QAEXPAHQAH@Z 00424880 f   RSA_CODE.obj
 0002:000139c0       ?FreeFunc@RSA_CODE@@QAEXPAH@Z 004249c0 f   RSA_CODE.obj
 0002:00013a30       ?Is_Primes@RSA_CODE@@QAE_NH@Z 00424a30 f   RSA_CODE.obj
 0002:00013ac0       ?Select_d@RSA_CODE@@QAEHHH@Z 00424ac0 f   RSA_CODE.obj
 0002:00013b40       ?Select_e@RSA_CODE@@QAEHH@Z 00424b40 f   RSA_CODE.obj
 0002:00013d80       ??0ServerSock@@QAE@XZ      00424d80 f   ServerSock.obj
 0002:00013de0       ??1ServerSock@@UAE@XZ      00424de0 f   ServerSock.obj
 0002:00013e40       ??_GServerSock@@UAEPAXI@Z  00424e40 f i ServerSock.obj
 0002:00013e40       ??_EServerSock@@UAEPAXI@Z  00424e40 f i ServerSock.obj
 0002:00013ed0       ?OnAccept@ServerSock@@UAEXH@Z 00424ed0 f   ServerSock.obj
 0002:00013f40       ?_AfxInitManaged@@YAHXZ    00424f40 f i stdafx.obj
 0002:00013f70       ??$AtlAdd@H@ATL@@YAJPAHHH@Z 00424f70 f i stdafx.obj
 0002:00013ff0       ??$AtlAdd@I@ATL@@YAJPAIII@Z 00424ff0 f i stdafx.obj
 0002:00014060       ??$AtlAdd@K@ATL@@YAJPAKKK@Z 00425060 f i stdafx.obj
 0002:000140d0       ??$AtlAlignUp@H@ATL@@YGHHK@Z 004250d0 f i stdafx.obj
 0002:00014120       ??$AtlMultiply@K@ATL@@YAJPAKKK@Z 00425120 f i stdafx.obj
 0002:000141a0       ??0?$CSimpleArray@GV?$CSimpleArrayEqualHelper@G@ATL@@@ATL@@QAE@XZ 004251a0 f i stdafx.obj
 0002:00014200       ??0?$CTraceCategoryEx@$00$0A@@ATL@@QAE@PBD@Z 00425200 f i stdafx.obj
 0002:00014260       ??0?$CTraceCategoryEx@$01$0A@@ATL@@QAE@PBD@Z 00425260 f i stdafx.obj
 0002:000142c0       ??0?$CTraceCategoryEx@$03$0A@@ATL@@QAE@PBD@Z 004252c0 f i stdafx.obj
 0002:00014320       ??0?$CTraceCategoryEx@$07$0A@@ATL@@QAE@PBD@Z 00425320 f i stdafx.obj
 0002:00014380       ??0?$CTraceCategoryEx@$0BA@$0A@@ATL@@QAE@PBD@Z 00425380 f i stdafx.obj
 0002:000143e0       ??0?$CTraceCategoryEx@$0BAA@$0A@@ATL@@QAE@PBD@Z 004253e0 f i stdafx.obj
 0002:00014440       ??0?$CTraceCategoryEx@$0BAAA@$0A@@ATL@@QAE@PBD@Z 00425440 f i stdafx.obj
 0002:000144a0       ??0?$CTraceCategoryEx@$0BAAAA@$0A@@ATL@@QAE@PBD@Z 004254a0 f i stdafx.obj
 0002:00014500       ??0?$CTraceCategoryEx@$0BAAAAA@$0A@@ATL@@QAE@PBD@Z 00425500 f i stdafx.obj
 0002:00014560       ??0?$CTraceCategoryEx@$0CA@$0A@@ATL@@QAE@PBD@Z 00425560 f i stdafx.obj
 0002:000145c0       ??0?$CTraceCategoryEx@$0CAA@$0A@@ATL@@QAE@PBD@Z 004255c0 f i stdafx.obj
 0002:00014620       ??0?$CTraceCategoryEx@$0CAAAAA@$0A@@ATL@@QAE@PBD@Z 00425620 f i stdafx.obj
 0002:00014680       ??0?$CTraceCategoryEx@$0EA@$0A@@ATL@@QAE@PBD@Z 00425680 f i stdafx.obj
 0002:000146e0       ??0?$CTraceCategoryEx@$0EAA@$0A@@ATL@@QAE@PBD@Z 004256e0 f i stdafx.obj
 0002:00014740       ??0?$CTraceCategoryEx@$0EAAA@$0A@@ATL@@QAE@PBD@Z 00425740 f i stdafx.obj
 0002:000147a0       ??0?$CTraceCategoryEx@$0EAAAA@$0A@@ATL@@QAE@PBD@Z 004257a0 f i stdafx.obj
 0002:00014800       ??0?$CTraceCategoryEx@$0EAAAAA@$0A@@ATL@@QAE@PBD@Z 00425800 f i stdafx.obj
 0002:00014860       ??0?$CTraceCategoryEx@$0IA@$0A@@ATL@@QAE@PBD@Z 00425860 f i stdafx.obj
 0002:000148c0       ??0?$CTraceCategoryEx@$0IAA@$0A@@ATL@@QAE@PBD@Z 004258c0 f i stdafx.obj
 0002:00014920       ??0?$CTraceCategoryEx@$0IAAA@$0A@@ATL@@QAE@PBD@Z 00425920 f i stdafx.obj
 0002:00014980       ??0?$CTraceCategoryEx@$0IAAAA@$0A@@ATL@@QAE@PBD@Z 00425980 f i stdafx.obj
 0002:000149e0       ??0CAtlComModule@ATL@@QAE@XZ 004259e0 f i stdafx.obj
 0002:00014b10       ??0CAtlStringMgr@ATL@@QAE@PAUIAtlMemMgr@1@@Z 00425b10 f i stdafx.obj
 0002:00014ba0       ??0CAtlWinModule@ATL@@QAE@XZ 00425ba0 f i stdafx.obj
 0002:00014c70       ??0CComCriticalSection@ATL@@QAE@XZ 00425c70 f i stdafx.obj
 0002:00014cd0       ??0CDCCache@CImage@ATL@@QAE@XZ 00425cd0 f i stdafx.obj
 0002:00014d40       ??0CInitGDIPlus@CImage@ATL@@QAE@XZ 00425d40 f i stdafx.obj
 0002:00014df0       ??0CNilStringData@ATL@@QAE@XZ 00425df0 f i stdafx.obj
 0002:00014e90       ??0CWin32Heap@ATL@@QAE@PAX@Z 00425e90 f i stdafx.obj
 0002:00014f40       ??0_ATL_COM_MODULE70@ATL@@QAE@XZ 00425f40 f i stdafx.obj
 0002:00014fa0       ??0_ATL_WIN_MODULE70@ATL@@QAE@XZ 00425fa0 f i stdafx.obj
 0002:00015050       ??1?$CSimpleArray@GV?$CSimpleArrayEqualHelper@G@ATL@@@ATL@@QAE@XZ 00426050 f i stdafx.obj
 0002:000150e0       ??1CAtlComModule@ATL@@QAE@XZ 004260e0 f i stdafx.obj
 0002:00015170       ??1CAtlStringMgr@ATL@@UAE@XZ 00426170 f i stdafx.obj
 0002:000151c0       ??1CAtlWinModule@ATL@@QAE@XZ 004261c0 f i stdafx.obj
 0002:00015250       ??1CComCriticalSection@ATL@@QAE@XZ 00426250 f i stdafx.obj
 0002:00015290       ??1CDCCache@CImage@ATL@@QAE@XZ 00426290 f i stdafx.obj
 0002:00015330       ??1CInitGDIPlus@CImage@ATL@@QAE@XZ 00426330 f i stdafx.obj
 0002:000153a0       ??1CWin32Heap@ATL@@UAE@XZ  004263a0 f i stdafx.obj
 0002:00015470       ??1_ATL_COM_MODULE70@ATL@@QAE@XZ 00426470 f i stdafx.obj
 0002:000154d0       ??1_ATL_WIN_MODULE70@ATL@@QAE@XZ 004264d0 f i stdafx.obj
 0002:00015530       ??A?$CSimpleArray@GV?$CSimpleArrayEqualHelper@G@ATL@@@ATL@@QAEAAGH@Z 00426530 f i stdafx.obj
 0002:00015600       ??B?$CTraceCategoryEx@$01$0A@@ATL@@QAEIXZ 00426600 f i stdafx.obj
 0002:00015640       ??B?$CTraceCategoryEx@$0CA@$0A@@ATL@@QAEIXZ 00426640 f i stdafx.obj
 0002:00015680       ??_GCAtlStringMgr@ATL@@UAEPAXI@Z 00426680 f i stdafx.obj
 0002:00015680       ??_ECAtlStringMgr@ATL@@UAEPAXI@Z 00426680 f i stdafx.obj
 0002:000156f0       ??_GCWin32Heap@ATL@@UAEPAXI@Z 004266f0 f i stdafx.obj
 0002:000156f0       ??_ECWin32Heap@ATL@@UAEPAXI@Z 004266f0 f i stdafx.obj
 0002:00015760       ??_H@YGXPAXIIP6EPAX0@Z@Z   00426760 f i stdafx.obj
 0002:00015810       ?AddRef@CStringData@ATL@@QAEXXZ 00426810 f i stdafx.obj
 0002:000158b0       ?Allocate@CAtlStringMgr@ATL@@UAEPAUCStringData@2@HH@Z 004268b0 f i stdafx.obj
 0002:00015b60       ?Allocate@CWin32Heap@ATL@@UAEPAXI@Z 00426b60 f i stdafx.obj
 0002:00015bd0       ?AtlWinModuleInit@ATL@@YGJPAU_ATL_WIN_MODULE70@1@@Z 00426bd0 f i stdafx.obj
 0002:00015cf0       ?AtlWinModuleTerm@ATL@@YGJPAU_ATL_WIN_MODULE70@1@PAUHINSTANCE__@@@Z 00426cf0 f i stdafx.obj
 0002:00015df0       ?CImageStaticInitialize@CImage@ATL@@CA_NXZ 00426df0 f i stdafx.obj
 0002:00015e40       ?Clone@CAtlStringMgr@ATL@@UAEPAUIAtlStringMgr@2@XZ 00426e40 f i stdafx.obj
 0002:00015e80       ?Free@CAtlStringMgr@ATL@@UAEXPAUCStringData@2@@Z 00426e80 f i stdafx.obj
 0002:00015f80       ?Free@CWin32Heap@ATL@@UAEXPAX@Z 00426f80 f i stdafx.obj
 0002:00016040       ?GetCDCCacheInstance@CImage@ATL@@CAPAVCDCCache@12@XZ 00427040 f i stdafx.obj
 0002:000160f0       ?GetInitGDIPlusInstance@CImage@ATL@@CAPAVCInitGDIPlus@12@XZ 004270f0 f i stdafx.obj
 0002:000161a0       ?GetInstance@CAtlStringMgr@ATL@@SAPAUIAtlStringMgr@2@XZ 004271a0 f i stdafx.obj
 0002:00016300       ?GetModuleInstance@CAtlBaseModule@ATL@@QAEPAUHINSTANCE__@@XZ 00427300 f i stdafx.obj
 0002:00016340       ?GetNilString@CAtlStringMgr@ATL@@UAEPAUCStringData@2@XZ 00427340 f i stdafx.obj
 0002:000163a0       ?GetSize@?$CSimpleArray@GV?$CSimpleArrayEqualHelper@G@ATL@@@ATL@@QBEHXZ 004273a0 f i stdafx.obj
 0002:000163e0       ?GetSize@CWin32Heap@ATL@@UAEIPAX@Z 004273e0 f i stdafx.obj
 0002:00016450       ?Init@CComCriticalSection@ATL@@QAEJXZ 00427450 f i stdafx.obj
 0002:000164e0       ?Reallocate@CAtlStringMgr@ATL@@UAEPAUCStringData@2@PAU32@HH@Z 004274e0 f i stdafx.obj
 0002:000167b0       ?Reallocate@CWin32Heap@ATL@@UAEPAXPAXI@Z 004277b0 f i stdafx.obj
 0002:00016880       ?ReleaseGDIPlus@CInitGDIPlus@CImage@ATL@@QAEXXZ 00427880 f i stdafx.obj
 0002:00016920       ?RemoveAll@?$CSimpleArray@GV?$CSimpleArrayEqualHelper@G@ATL@@@ATL@@QAEXXZ 00427920 f i stdafx.obj
 0002:000169e0       ?SetManager@CNilStringData@ATL@@QAEXPAUIAtlStringMgr@2@@Z 004279e0 f i stdafx.obj
 0002:00016a80       ?StaticInitialize@CAtlStringMgr@ATL@@CA_NXZ 00427a80 f i stdafx.obj
 0002:00016ad0       ?Term@CAtlComModule@ATL@@QAEXXZ 00427ad0 f i stdafx.obj
 0002:00016bd0       ?Term@CAtlWinModule@ATL@@QAEXXZ 00427bd0 f i stdafx.obj
 0002:00016c30       ?Term@CComCriticalSection@ATL@@QAEJXZ 00427c30 f i stdafx.obj
 0002:00016c90       ?_AtlInitializeCriticalSectionEx@ATL@@YAHPAU_RTL_CRITICAL_SECTION@@KK@Z 00427c90 f i stdafx.obj
 0002:00016cf0       ?_AtlRaiseException@ATL@@YAXKK@Z 00427cf0 f i stdafx.obj
 0002:00016d50       ?__autoclassinit2@CAtlStringMgr@ATL@@QAEXI@Z 00427d50 f i stdafx.obj
 0002:00016db0       ?__autoclassinit2@CWin32Heap@ATL@@QAEXI@Z 00427db0 f i stdafx.obj
 0002:00016e10       ??0CTestServerApp@@QAE@XZ  00427e10 f   TestServer.obj
 0002:00016e80       ??1CTestServerApp@@UAE@XZ  00427e80 f i TestServer.obj
 0002:00016ed0       ??B?$CTraceCategoryEx@$0IAAAA@$0A@@ATL@@QAEIXZ 00427ed0 f i TestServer.obj
 0002:00016f10       ??_GCTestServerApp@@UAEPAXI@Z 00427f10 f i TestServer.obj
 0002:00016f10       ??_ECTestServerApp@@UAEPAXI@Z 00427f10 f i TestServer.obj
 0002:00016fa0       ?GetApplicationRecoveryParameter@CWinApp@@UAEPAXXZ 00427fa0 f i TestServer.obj
 0002:00016fe0       ?GetApplicationRecoveryPingInterval@CWinApp@@UAEKXZ 00427fe0 f i TestServer.obj
 0002:00017020       ?GetApplicationRestartFlags@CWinApp@@UAEKXZ 00428020 f i TestServer.obj
 0002:00017060       ?GetMessageMap@CTestServerApp@@MBEPBUAFX_MSGMAP@@XZ 00428060 f   TestServer.obj
 0002:000170b0       ?GetThisMessageMap@CTestServerApp@@KGPBUAFX_MSGMAP@@XZ 004280b0 f   TestServer.obj
 0002:000170f0       ?InitInstance@CTestServerApp@@UAEHXZ 004280f0 f   TestServer.obj
 0002:00017440       ?ReopenPreviousFilesAtRestart@CWinApp@@UBEHXZ 00428440 f i TestServer.obj
 0002:00017490       ?RestoreAutosavedFilesAtRestart@CWinApp@@UBEHXZ 00428490 f i TestServer.obj
 0002:000174e0       ?SupportsApplicationRecovery@CWinApp@@UBEHXZ 004284e0 f i TestServer.obj
 0002:00017530       ?SupportsAutosaveAtInterval@CWinApp@@UBEHXZ 00428530 f i TestServer.obj
 0002:00017580       ?SupportsAutosaveAtRestart@CWinApp@@UBEHXZ 00428580 f i TestServer.obj
 0002:000175d0       ?SupportsRestartManager@CWinApp@@UBEHXZ 004285d0 f i TestServer.obj
 0002:00017620       ?__autoclassinit2@CTestServerApp@@QAEXI@Z 00428620 f i TestServer.obj
 0002:00017680       ?__autoclassinit2@CTestServerDlg@@QAEXI@Z 00428680 f i TestServer.obj
 0002:000176e0       ?OnSysCommand@CTestServerDlg@@IAEXIJ@Z 004286e0 f   TestServerDlg.obj
 0002:00017820       ?OnPaint@CTestServerDlg@@IAEXXZ 00428820 f   TestServerDlg.obj
 0002:00017a30       ?OnQueryDragIcon@CTestServerDlg@@IAEPAUHICON__@@XZ 00428a30 f   TestServerDlg.obj
 0002:00017a70       ?OnBnClickedSocketCreate@CTestServerDlg@@QAEXXZ 00428a70 f   TestServerDlg.obj
 0002:00017d60       ?OnBnClickedSocketClose@CTestServerDlg@@QAEXXZ 00428d60 f   TestServerDlg.obj
 0002:00018030       ?OnBnClickedDb@CTestServerDlg@@QAEXXZ 00429030 f   TestServerDlg.obj
 0002:00018190       ?OnBnClickedIds@CTestServerDlg@@QAEXXZ 00429190 f   TestServerDlg.obj
 0002:000182f0       ??0CAboutDlg@@QAE@XZ       004292f0 f   TestServerDlg.obj
 0002:00018360       ??0CRect@@QAE@XZ           00429360 f i TestServerDlg.obj
 0002:000183d0       ??0CTestServerDlg@@QAE@PAVCWnd@@@Z 004293d0 f   TestServerDlg.obj
 0002:000185b0       ??1CAboutDlg@@UAE@XZ       004295b0 f i TestServerDlg.obj
 0002:00018600       ??1CTestServerDlg@@UAE@XZ  00429600 f   TestServerDlg.obj
 0002:00018840       ??_ECAboutDlg@@UAEPAXI@Z   00429840 f i TestServerDlg.obj
 0002:00018840       ??_GCAboutDlg@@UAEPAXI@Z   00429840 f i TestServerDlg.obj
 0002:000188d0       ??_ECTestServerDlg@@UAEPAXI@Z 004298d0 f i TestServerDlg.obj
 0002:000188d0       ??_GCTestServerDlg@@UAEPAXI@Z 004298d0 f i TestServerDlg.obj
 0002:00018960       ?AfxAssertFailedLine@@YGHPBDH@Z 00429960 f i TestServerDlg.obj
 0002:00018a70       ?DoDataExchange@CAboutDlg@@MAEXPAVCDataExchange@@@Z 00429a70 f   TestServerDlg.obj
 0002:00018ad0       ?DoDataExchange@CTestServerDlg@@MAEXPAVCDataExchange@@@Z 00429ad0 f   TestServerDlg.obj
 0002:00018b60       ?GetMessageMap@CAboutDlg@@MBEPBUAFX_MSGMAP@@XZ 00429b60 f   TestServerDlg.obj
 0002:00018bb0       ?GetMessageMap@CTestServerDlg@@MBEPBUAFX_MSGMAP@@XZ 00429bb0 f   TestServerDlg.obj
 0002:00018c00       ?GetThisMessageMap@CAboutDlg@@KGPBUAFX_MSGMAP@@XZ 00429c00 f   TestServerDlg.obj
 0002:00018c40       ?GetThisMessageMap@CTestServerDlg@@KGPBUAFX_MSGMAP@@XZ 00429c40 f   TestServerDlg.obj
 0002:00018c80       ?Height@CRect@@QBEHXZ      00429c80 f i TestServerDlg.obj
 0002:00018cd0       ?OnAccept@CTestServerDlg@@QAEXXZ 00429cd0 f   TestServerDlg.obj
 0002:000190c0       ?OnInitDialog@CTestServerDlg@@MAEHXZ 0042a0c0 f   TestServerDlg.obj
 0002:00019620       ?OnReceive@CTestServerDlg@@QAEXPAVClientSock@@@Z 0042a620 f   TestServerDlg.obj
 0002:0001a8b0       ?OnSend@CTestServerDlg@@QAEXPADH@Z 0042b8b0 f   TestServerDlg.obj
 0002:0001a970       ?Width@CRect@@QBEHXZ       0042b970 f i TestServerDlg.obj
 0002:0001a9c0       ?__autoclassinit2@CAboutDlg@@QAEXI@Z 0042b9c0 f i TestServerDlg.obj
 0002:0001aa20       ?__autoclassinit2@CPaintDC@@QAEXI@Z 0042ba20 f i TestServerDlg.obj
 0002:0001aada       _mysql_init@4              0042bada f   libmysql:libmysql.dll
 0002:0001aae0       _mysql_real_connect@32     0042bae0 f   libmysql:libmysql.dll
 0002:0001aae6       _mysql_query@8             0042bae6 f   libmysql:libmysql.dll
 0002:0001aaec       _mysql_store_result@4      0042baec f   libmysql:libmysql.dll
 0002:0001aaf2       _mysql_free_result@4       0042baf2 f   libmysql:libmysql.dll
 0002:0001aaf8       _mysql_fetch_row@4         0042baf8 f   libmysql:libmysql.dll
 0002:0001aafe       _mysql_close@4             0042bafe f   libmysql:libmysql.dll
 0002:0001ab04       ??3@YAXPAX@Z               0042bb04 f   mfc140d:mfc140d.dll
 0002:0001ab0a       ??3CObject@@SGXPAX@Z       0042bb0a f   mfc140d:mfc140d.dll
 0002:0001ab10       ?Serialize@CObject@@UAEXAAVCArchive@@@Z 0042bb10 f   mfc140d:mfc140d.dll
 0002:0001ab16       ?AfxGetApp@@YGPAVCWinApp@@XZ 0042bb16 f   mfc140d:mfc140d.dll
 0002:0001ab1c       ?GetRuntimeClass@CAsyncSocket@@UBEPAUCRuntimeClass@@XZ 0042bb1c f   mfc140d:mfc140d.dll
 0002:0001ab22       ??0CAsyncSocket@@QAE@XZ    0042bb22 f   mfc140d:mfc140d.dll
 0002:0001ab28       ?Accept@CAsyncSocket@@UAEHAAV1@PAUsockaddr@@PAH@Z 0042bb28 f   mfc140d:mfc140d.dll
 0002:0001ab2e       ?Close@CAsyncSocket@@UAEXXZ 0042bb2e f   mfc140d:mfc140d.dll
 0002:0001ab34       ?Receive@CAsyncSocket@@UAEHPAXHH@Z 0042bb34 f   mfc140d:mfc140d.dll
 0002:0001ab3a       ?Send@CAsyncSocket@@UAEHPBXHH@Z 0042bb3a f   mfc140d:mfc140d.dll
 0002:0001ab40       ?OnReceive@CAsyncSocket@@MAEXH@Z 0042bb40 f   mfc140d:mfc140d.dll
 0002:0001ab46       ?OnSend@CAsyncSocket@@MAEXH@Z 0042bb46 f   mfc140d:mfc140d.dll
 0002:0001ab4c       ?OnOutOfBandData@CAsyncSocket@@MAEXH@Z 0042bb4c f   mfc140d:mfc140d.dll
 0002:0001ab52       ?OnAccept@CAsyncSocket@@MAEXH@Z 0042bb52 f   mfc140d:mfc140d.dll
 0002:0001ab58       ?OnConnect@CAsyncSocket@@MAEXH@Z 0042bb58 f   mfc140d:mfc140d.dll
 0002:0001ab5e       ?OnClose@CAsyncSocket@@MAEXH@Z 0042bb5e f   mfc140d:mfc140d.dll
 0002:0001ab64       ??1CAsyncSocket@@UAE@XZ    0042bb64 f   mfc140d:mfc140d.dll
 0002:0001ab6a       ?AssertValid@CAsyncSocket@@UBEXXZ 0042bb6a f   mfc140d:mfc140d.dll
 0002:0001ab70       ?Dump@CAsyncSocket@@UBEXAAVCDumpContext@@@Z 0042bb70 f   mfc140d:mfc140d.dll
 0002:0001ab76       ?ConnectHelper@CAsyncSocket@@MAEHPBUsockaddr@@H@Z 0042bb76 f   mfc140d:mfc140d.dll
 0002:0001ab7c       ?ReceiveFromHelper@CAsyncSocket@@MAEHPAXHPAUsockaddr@@PAHH@Z 0042bb7c f   mfc140d:mfc140d.dll
 0002:0001ab82       ?SendToHelper@CAsyncSocket@@MAEHPBXHPBUsockaddr@@HH@Z 0042bb82 f   mfc140d:mfc140d.dll
 0002:0001ab88       ?GetThisMessageMap@CDialogEx@@KGPBUAFX_MSGMAP@@XZ 0042bb88 f   mfc140d:mfc140d.dll
 0002:0001ab8e       ??2@YAPAXI@Z               0042bb8e f   mfc140d:mfc140d.dll
 0002:0001ab94       ??B?$CSimpleStringT@D$00@ATL@@QBEPBDXZ 0042bb94 f   mfc140d:mfc140d.dll
 0002:0001ab9a       ?Empty@?$CSimpleStringT@D$00@ATL@@QAEXXZ 0042bb9a f   mfc140d:mfc140d.dll
 0002:0001aba0       ?GetBuffer@?$CSimpleStringT@D$00@ATL@@QAEPADH@Z 0042bba0 f   mfc140d:mfc140d.dll
 0002:0001aba6       ?GetLength@?$CSimpleStringT@D$00@ATL@@QBEHXZ 0042bba6 f   mfc140d:mfc140d.dll
 0002:0001abac       ?ReleaseBuffer@?$CSimpleStringT@D$00@ATL@@QAEXH@Z 0042bbac f   mfc140d:mfc140d.dll
 0002:0001abb2       ?StringLength@?$CSimpleStringT@D$00@ATL@@SAHPBD@Z 0042bbb2 f   mfc140d:mfc140d.dll
 0002:0001abb8       ?Concatenate@?$CSimpleStringT@D$00@ATL@@KAXAAV12@PBDH1H@Z 0042bbb8 f   mfc140d:mfc140d.dll
 0002:0001abbe       ??0?$CStringT@DV?$StrTraitMFC_DLL@DV?$ChTraitsCRT@D@ATL@@@@@ATL@@QAE@XZ 0042bbbe f   mfc140d:mfc140d.dll
 0002:0001abc4       ??0?$CStringT@DV?$StrTraitMFC_DLL@DV?$ChTraitsCRT@D@ATL@@@@@ATL@@QAE@PAUIAtlStringMgr@1@@Z 0042bbc4 f   mfc140d:mfc140d.dll
 0002:0001abca       ??0?$CStringT@DV?$StrTraitMFC_DLL@DV?$ChTraitsCRT@D@ATL@@@@@ATL@@QAE@ABV01@@Z 0042bbca f   mfc140d:mfc140d.dll
 0002:0001abd0       ??0?$CStringT@DV?$StrTraitMFC_DLL@DV?$ChTraitsCRT@D@ATL@@@@@ATL@@QAE@PBD@Z 0042bbd0 f   mfc140d:mfc140d.dll
 0002:0001abd6       ??1?$CStringT@DV?$StrTraitMFC_DLL@DV?$ChTraitsCRT@D@ATL@@@@@ATL@@QAE@XZ 0042bbd6 f   mfc140d:mfc140d.dll
 0002:0001abdc       ??4?$CStringT@DV?$StrTraitMFC_DLL@DV?$ChTraitsCRT@D@ATL@@@@@ATL@@QAEAAV01@PBD@Z 0042bbdc f   mfc140d:mfc140d.dll
 0002:0001abe2       ??Y?$CStringT@DV?$StrTraitMFC_DLL@DV?$ChTraitsCRT@D@ATL@@@@@ATL@@QAEAAV01@D@Z 0042bbe2 f   mfc140d:mfc140d.dll
 0002:0001abe8       ?GetManager@?$CStringT@DV?$StrTraitMFC_DLL@DV?$ChTraitsCRT@D@ATL@@@@@ATL@@QBEPAUIAtlStringMgr@2@XZ 0042bbe8 f   mfc140d:mfc140d.dll
 0002:0001abee       ??1CBrush@@UAE@XZ          0042bbee f   mfc140d:mfc140d.dll
 0002:0001abf4       ?DDX_Control@@YGXPAVCDataExchange@@HAAVCWnd@@@Z 0042bbf4 f   mfc140d:mfc140d.dll
 0002:0001abfa       ?IsInvokeAllowed@CCmdTarget@@UAEHJ@Z 0042bbfa f   mfc140d:mfc140d.dll
 0002:0001ac00       ?GetDispatchIID@CCmdTarget@@UAEHPAU_GUID@@@Z 0042bc00 f   mfc140d:mfc140d.dll
 0002:0001ac06       ?GetTypeInfoCount@CCmdTarget@@UAEIXZ 0042bc06 f   mfc140d:mfc140d.dll
 0002:0001ac0c       ?GetTypeLibCache@CCmdTarget@@UAEPAVCTypeLibCache@@XZ 0042bc0c f   mfc140d:mfc140d.dll
 0002:0001ac12       ?GetTypeLib@CCmdTarget@@UAEJKPAPAUITypeLib@@@Z 0042bc12 f   mfc140d:mfc140d.dll
 0002:0001ac18       ?GetCommandMap@CCmdTarget@@MBEPBUAFX_OLECMDMAP@@XZ 0042bc18 f   mfc140d:mfc140d.dll
 0002:0001ac1e       ?GetDispatchMap@CCmdTarget@@MBEPBUAFX_DISPMAP@@XZ 0042bc1e f   mfc140d:mfc140d.dll
 0002:0001ac24       ?GetConnectionMap@CCmdTarget@@MBEPBUAFX_CONNECTIONMAP@@XZ 0042bc24 f   mfc140d:mfc140d.dll
 0002:0001ac2a       ?GetEventSinkMap@CCmdTarget@@MBEPBUAFX_EVENTSINKMAP@@XZ 0042bc2a f   mfc140d:mfc140d.dll
 0002:0001ac30       ?OnCreateAggregates@CCmdTarget@@UAEHXZ 0042bc30 f   mfc140d:mfc140d.dll
 0002:0001ac36       ?GetInterfaceHook@CCmdTarget@@UAEPAUIUnknown@@PBX@Z 0042bc36 f   mfc140d:mfc140d.dll
 0002:0001ac3c       ?GetExtraConnectionPoints@CCmdTarget@@MAEHPAVCPtrArray@@@Z 0042bc3c f   mfc140d:mfc140d.dll
 0002:0001ac42       ?GetConnectionHook@CCmdTarget@@MAEPAUIConnectionPoint@@ABU_GUID@@@Z 0042bc42 f   mfc140d:mfc140d.dll
 0002:0001ac48       ?PreSubclassWindow@CWnd@@UAEXXZ 0042bc48 f   mfc140d:mfc140d.dll
 0002:0001ac4e       ?Create@CWnd@@UAEHPBD0KABUtagRECT@@PAV1@IPAUCCreateContext@@@Z 0042bc4e f   mfc140d:mfc140d.dll
 0002:0001ac54       ?CreateEx@CWnd@@UAEHKPBD0KHHHHPAUHWND__@@PAUHMENU__@@PAX@Z 0042bc54 f   mfc140d:mfc140d.dll
 0002:0001ac5a       ?CreateEx@CWnd@@UAEHKPBD0KABUtagRECT@@PAV1@IPAX@Z 0042bc5a f   mfc140d:mfc140d.dll
 0002:0001ac60       ?DestroyWindow@CWnd@@UAEHXZ 0042bc60 f   mfc140d:mfc140d.dll
 0002:0001ac66       ?PreCreateWindow@CWnd@@UAEHAAUtagCREATESTRUCTA@@@Z 0042bc66 f   mfc140d:mfc140d.dll
 0002:0001ac6c       ?CalcWindowRect@CWnd@@UAEXPAUtagRECT@@I@Z 0042bc6c f   mfc140d:mfc140d.dll
 0002:0001ac72       ?GetMenu@CWnd@@UBEPAVCMenu@@XZ 0042bc72 f   mfc140d:mfc140d.dll
 0002:0001ac78       ?SetMenu@CWnd@@UAEHPAVCMenu@@@Z 0042bc78 f   mfc140d:mfc140d.dll
 0002:0001ac7e       ?OnToolHitTest@CWnd@@UBEHVCPoint@@PAUtagTOOLINFOA@@@Z 0042bc7e f   mfc140d:mfc140d.dll
 0002:0001ac84       ?GetScrollBarCtrl@CWnd@@UBEPAVCScrollBar@@H@Z 0042bc84 f   mfc140d:mfc140d.dll
 0002:0001ac8a       ?WinHelpA@CWnd@@UAEXKI@Z   0042bc8a f   mfc140d:mfc140d.dll
 0002:0001ac90       ?HtmlHelpA@CWnd@@UAEXKI@Z  0042bc90 f   mfc140d:mfc140d.dll
 0002:0001ac96       ?WinHelpInternal@CWnd@@UAEXKI@Z 0042bc96 f   mfc140d:mfc140d.dll
 0002:0001ac9c       ?ContinueModal@CWnd@@UAEHXZ 0042bc9c f   mfc140d:mfc140d.dll
 0002:0001aca2       ?EndModalLoop@CWnd@@UAEXH@Z 0042bca2 f   mfc140d:mfc140d.dll
 0002:0001aca8       ?OnDrawIconicThumbnailOrLivePreview@CWnd@@UAEXAAVCDC@@VCRect@@VCSize@@HAAH@Z 0042bca8 f   mfc140d:mfc140d.dll
 0002:0001acae       ?GetInterfaceMap@CWnd@@MBEPBUAFX_INTERFACEMAP@@XZ 0042bcae f   mfc140d:mfc140d.dll
 0002:0001acb4       ?EnsureStdObj@CWnd@@UAEJXZ 0042bcb4 f   mfc140d:mfc140d.dll
 0002:0001acba       ?get_accParent@CWnd@@UAEJPAPAUIDispatch@@@Z 0042bcba f   mfc140d:mfc140d.dll
 0002:0001acc0       ?get_accChildCount@CWnd@@UAEJPAJ@Z 0042bcc0 f   mfc140d:mfc140d.dll
 0002:0001acc6       ?get_accChild@CWnd@@UAEJUtagVARIANT@@PAPAUIDispatch@@@Z 0042bcc6 f   mfc140d:mfc140d.dll
 0002:0001accc       ?get_accName@CWnd@@UAEJUtagVARIANT@@PAPA_W@Z 0042bccc f   mfc140d:mfc140d.dll
 0002:0001acd2       ?get_accValue@CWnd@@UAEJUtagVARIANT@@PAPA_W@Z 0042bcd2 f   mfc140d:mfc140d.dll
 0002:0001acd8       ?get_accDescription@CWnd@@UAEJUtagVARIANT@@PAPA_W@Z 0042bcd8 f   mfc140d:mfc140d.dll
 0002:0001acde       ?get_accRole@CWnd@@UAEJUtagVARIANT@@PAU2@@Z 0042bcde f   mfc140d:mfc140d.dll
 0002:0001ace4       ?get_accState@CWnd@@UAEJUtagVARIANT@@PAU2@@Z 0042bce4 f   mfc140d:mfc140d.dll
 0002:0001acea       ?get_accHelp@CWnd@@UAEJUtagVARIANT@@PAPA_W@Z 0042bcea f   mfc140d:mfc140d.dll
 0002:0001acf0       ?get_accHelpTopic@CWnd@@UAEJPAPA_WUtagVARIANT@@PAJ@Z 0042bcf0 f   mfc140d:mfc140d.dll
 0002:0001acf6       ?get_accKeyboardShortcut@CWnd@@UAEJUtagVARIANT@@PAPA_W@Z 0042bcf6 f   mfc140d:mfc140d.dll
 0002:0001acfc       ?get_accFocus@CWnd@@UAEJPAUtagVARIANT@@@Z 0042bcfc f   mfc140d:mfc140d.dll
 0002:0001ad02       ?get_accSelection@CWnd@@UAEJPAUtagVARIANT@@@Z 0042bd02 f   mfc140d:mfc140d.dll
 0002:0001ad08       ?get_accDefaultAction@CWnd@@UAEJUtagVARIANT@@PAPA_W@Z 0042bd08 f   mfc140d:mfc140d.dll
 0002:0001ad0e       ?accSelect@CWnd@@UAEJJUtagVARIANT@@@Z 0042bd0e f   mfc140d:mfc140d.dll
 0002:0001ad14       ?accLocation@CWnd@@UAEJPAJ000UtagVARIANT@@@Z 0042bd14 f   mfc140d:mfc140d.dll
 0002:0001ad1a       ?accNavigate@CWnd@@UAEJJUtagVARIANT@@PAU2@@Z 0042bd1a f   mfc140d:mfc140d.dll
 0002:0001ad20       ?accHitTest@CWnd@@UAEJJJPAUtagVARIANT@@@Z 0042bd20 f   mfc140d:mfc140d.dll
 0002:0001ad26       ?accDoDefaultAction@CWnd@@UAEJUtagVARIANT@@@Z 0042bd26 f   mfc140d:mfc140d.dll
 0002:0001ad2c       ?put_accName@CWnd@@UAEJUtagVARIANT@@PA_W@Z 0042bd2c f   mfc140d:mfc140d.dll
 0002:0001ad32       ?put_accValue@CWnd@@UAEJUtagVARIANT@@PA_W@Z 0042bd32 f   mfc140d:mfc140d.dll
 0002:0001ad38       ?SetProxy@CWnd@@UAEJPAUIAccessibleProxy@@@Z 0042bd38 f   mfc140d:mfc140d.dll
 0002:0001ad3e       ?CreateAccessibleProxy@CWnd@@UAEJIJPAJ@Z 0042bd3e f   mfc140d:mfc140d.dll
 0002:0001ad44       ?OnNotify@CWnd@@MAEHIJPAJ@Z 0042bd44 f   mfc140d:mfc140d.dll
 0002:0001ad4a       ?GetSuperWndProcAddr@CWnd@@MAEPAP6GJPAUHWND__@@IIJ@ZXZ 0042bd4a f   mfc140d:mfc140d.dll
 0002:0001ad50       ?DoDataExchange@CWnd@@MAEXPAVCDataExchange@@@Z 0042bd50 f   mfc140d:mfc140d.dll
 0002:0001ad56       ?BeginModalState@CWnd@@UAEXXZ 0042bd56 f   mfc140d:mfc140d.dll
 0002:0001ad5c       ?EndModalState@CWnd@@UAEXXZ 0042bd5c f   mfc140d:mfc140d.dll
 0002:0001ad62       ?OnAmbientProperty@CWnd@@UAEHPAVCOleControlSite@@JPAUtagVARIANT@@@Z 0042bd62 f   mfc140d:mfc140d.dll
 0002:0001ad68       ?WindowProc@CWnd@@MAEJIIJ@Z 0042bd68 f   mfc140d:mfc140d.dll
 0002:0001ad6e       ?OnWndMsg@CWnd@@MAEHIIJPAJ@Z 0042bd6e f   mfc140d:mfc140d.dll
 0002:0001ad74       ?DefWindowProcA@CWnd@@MAEJIIJ@Z 0042bd74 f   mfc140d:mfc140d.dll
 0002:0001ad7a       ?PostNcDestroy@CWnd@@MAEXXZ 0042bd7a f   mfc140d:mfc140d.dll
 0002:0001ad80       ?OnChildNotify@CWnd@@MAEHIIJPAJ@Z 0042bd80 f   mfc140d:mfc140d.dll
 0002:0001ad86       ?OnTouchInputs@CWnd@@MAEHIPAUtagTOUCHINPUT@@@Z 0042bd86 f   mfc140d:mfc140d.dll
 0002:0001ad8c       ?OnTouchInput@CWnd@@MAEHVCPoint@@HHPAUtagTOUCHINPUT@@@Z 0042bd8c f   mfc140d:mfc140d.dll
 0002:0001ad92       ?GetGestureStatus@CWnd@@MAEKVCPoint@@@Z 0042bd92 f   mfc140d:mfc140d.dll
 0002:0001ad98       ?OnGestureZoom@CWnd@@MAEHVCPoint@@J@Z 0042bd98 f   mfc140d:mfc140d.dll
 0002:0001ad9e       ?OnGesturePan@CWnd@@MAEHVCPoint@@0@Z 0042bd9e f   mfc140d:mfc140d.dll
 0002:0001ada4       ?OnGestureRotate@CWnd@@MAEHVCPoint@@N@Z 0042bda4 f   mfc140d:mfc140d.dll
 0002:0001adaa       ?OnGestureTwoFingerTap@CWnd@@MAEHVCPoint@@@Z 0042bdaa f   mfc140d:mfc140d.dll
 0002:0001adb0       ?OnGesturePressAndTap@CWnd@@MAEHVCPoint@@J@Z 0042bdb0 f   mfc140d:mfc140d.dll
 0002:0001adb6       ?ResizeDynamicLayout@CWnd@@MAEXXZ 0042bdb6 f   mfc140d:mfc140d.dll
 0002:0001adbc       ?IsFrameWnd@CWnd@@UBEHXZ   0042bdbc f   mfc140d:mfc140d.dll
 0002:0001adc2       ?OnFinalRelease@CWnd@@UAEXXZ 0042bdc2 f   mfc140d:mfc140d.dll
 0002:0001adc8       ?CreateControlContainer@CWnd@@MAEHPAPAVCOleControlContainer@@@Z 0042bdc8 f   mfc140d:mfc140d.dll
 0002:0001adce       ?CreateControlSite@CWnd@@MAEHPAVCOleControlContainer@@PAPAVCOleControlSite@@IABU_GUID@@@Z 0042bdce f   mfc140d:mfc140d.dll
 0002:0001add4       ?Create@CDialog@@UAEHPBDPAVCWnd@@@Z 0042bdd4 f   mfc140d:mfc140d.dll
 0002:0001adda       ?Create@CDialog@@UAEHIPAVCWnd@@@Z 0042bdda f   mfc140d:mfc140d.dll
 0002:0001ade0       ?CreateIndirect@CDialog@@UAEHPBUDLGTEMPLATE@@PAVCWnd@@PAX@Z 0042bde0 f   mfc140d:mfc140d.dll
 0002:0001ade6       ?CreateIndirect@CDialog@@UAEHPAXPAVCWnd@@@Z 0042bde6 f   mfc140d:mfc140d.dll
 0002:0001adec       ?DoModal@CDialog@@UAEHXZ   0042bdec f   mfc140d:mfc140d.dll
 0002:0001adf2       ?OnInitDialog@CDialog@@UAEHXZ 0042bdf2 f   mfc140d:mfc140d.dll
 0002:0001adf8       ?OnSetFont@CDialog@@UAEXPAVCFont@@@Z 0042bdf8 f   mfc140d:mfc140d.dll
 0002:0001adfe       ?OnOK@CDialog@@MAEXXZ      0042bdfe f   mfc140d:mfc140d.dll
 0002:0001ae04       ?OnCancel@CDialog@@MAEXXZ  0042be04 f   mfc140d:mfc140d.dll
 0002:0001ae0a       ??1CDialog@@UAE@XZ         0042be0a f   mfc140d:mfc140d.dll
 0002:0001ae10       ?AssertValid@CDialog@@UBEXXZ 0042be10 f   mfc140d:mfc140d.dll
 0002:0001ae16       ?Dump@CDialog@@UBEXAAVCDumpContext@@@Z 0042be16 f   mfc140d:mfc140d.dll
 0002:0001ae1c       ?OnCmdMsg@CDialog@@UAEHIHPAXPAUAFX_CMDHANDLERINFO@@@Z 0042be1c f   mfc140d:mfc140d.dll
 0002:0001ae22       ?CheckAutoCenter@CDialog@@UAEHXZ 0042be22 f   mfc140d:mfc140d.dll
 0002:0001ae28       ?SetOccDialogInfo@CDialog@@MAEHPAU_AFX_OCC_DIALOG_INFO@@@Z 0042be28 f   mfc140d:mfc140d.dll
 0002:0001ae2e       ?GetOccDialogInfo@CDialog@@MAEPAU_AFX_OCC_DIALOG_INFO@@XZ 0042be2e f   mfc140d:mfc140d.dll
 0002:0001ae34       ?PreInitDialog@CDialog@@MAEXXZ 0042be34 f   mfc140d:mfc140d.dll
 0002:0001ae3a       ??0CComboBox@@QAE@XZ       0042be3a f   mfc140d:mfc140d.dll
 0002:0001ae40       ?GetCurSel@CComboBox@@QBEHXZ 0042be40 f   mfc140d:mfc140d.dll
 0002:0001ae46       ?SetCurSel@CComboBox@@QAEHH@Z 0042be46 f   mfc140d:mfc140d.dll
 0002:0001ae4c       ?GetLBText@CComboBox@@QBEHHPAD@Z 0042be4c f   mfc140d:mfc140d.dll
 0002:0001ae52       ?GetLBTextLen@CComboBox@@QBEHH@Z 0042be52 f   mfc140d:mfc140d.dll
 0002:0001ae58       ?AddString@CComboBox@@QAEHPBD@Z 0042be58 f   mfc140d:mfc140d.dll
 0002:0001ae5e       ??1CComboBox@@UAE@XZ       0042be5e f   mfc140d:mfc140d.dll
 0002:0001ae64       ?ResumeThread@CWinThread@@QAEKXZ 0042be64 f   mfc140d:mfc140d.dll
 0002:0001ae6a       ?AfxBeginThread@@YGPAVCWinThread@@P6AIPAX@Z0HIKPAU_SECURITY_ATTRIBUTES@@@Z 0042be6a f   mfc140d:mfc140d.dll
 0002:0001ae70       ?AfxMessageBox@@YGHPBDII@Z 0042be70 f   mfc140d:mfc140d.dll
 0002:0001ae76       ??0CListCtrl@@QAE@XZ       0042be76 f   mfc140d:mfc140d.dll
 0002:0001ae7c       ?SetItem@CListCtrl@@QAEHHHIPBDHIIJ@Z 0042be7c f   mfc140d:mfc140d.dll
 0002:0001ae82       ?InsertItem@CListCtrl@@QAEHHPBD@Z 0042be82 f   mfc140d:mfc140d.dll
 0002:0001ae88       ?DeleteAllItems@CListCtrl@@QAEHXZ 0042be88 f   mfc140d:mfc140d.dll
 0002:0001ae8e       ?InsertColumn@CListCtrl@@QAEHHPBDHHH@Z 0042be8e f   mfc140d:mfc140d.dll
 0002:0001ae94       ??1CListCtrl@@UAE@XZ       0042be94 f   mfc140d:mfc140d.dll
 0002:0001ae9a       ??1CDialogImpl@@MAE@XZ     0042be9a f   mfc140d:mfc140d.dll
 0002:0001aea0       ?GetThisClass@CDialogEx@@SGPAUCRuntimeClass@@XZ 0042bea0 f   mfc140d:mfc140d.dll
 0002:0001aea6       ??0CDialogEx@@QAE@IPAVCWnd@@@Z 0042bea6 f   mfc140d:mfc140d.dll
 0002:0001aeac       ?PreTranslateMessage@CDialogEx@@UAEHPAUtagMSG@@@Z 0042beac f   mfc140d:mfc140d.dll
 0002:0001aeb2       ?OnCommand@CDialogEx@@MAEHIJ@Z 0042beb2 f   mfc140d:mfc140d.dll
 0002:0001aeb8       ?AfxThrowMemoryException@@YGXXZ 0042beb8 f   mfc140d:mfc140d.dll
 0002:0001aebe       ?AfxThrowOleException@@YGXJ@Z 0042bebe f   mfc140d:mfc140d.dll
 0002:0001aec4       ??Y?$CStringT@DV?$StrTraitMFC_DLL@DV?$ChTraitsCRT@D@ATL@@@@@ATL@@QAEAAV01@ABV?$CSimpleStringT@D$00@1@@Z 0042bec4 f   mfc140d:mfc140d.dll
 0002:0001aeca       ??Y?$CStringT@DV?$StrTraitMFC_DLL@DV?$ChTraitsCRT@D@ATL@@@@@ATL@@QAEAAV01@PBD@Z 0042beca f   mfc140d:mfc140d.dll
 0002:0001aed0       ?Format@?$CStringT@DV?$StrTraitMFC_DLL@DV?$ChTraitsCRT@D@ATL@@@@@ATL@@QAAXPBDZZ 0042bed0 f   mfc140d:mfc140d.dll
 0002:0001aed6       ?GetDlgItem@CWnd@@QBEPAV1@H@Z 0042bed6 f   mfc140d:mfc140d.dll
 0002:0001aedc       ?GetWindowTextLengthA@CWnd@@QBEHXZ 0042bedc f   mfc140d:mfc140d.dll
 0002:0001aee2       ?EnableWindow@CWnd@@QAEHH@Z 0042bee2 f   mfc140d:mfc140d.dll
 0002:0001aee8       ??0CListBox@@QAE@XZ        0042bee8 f   mfc140d:mfc140d.dll
 0002:0001aeee       ?SetCurSel@CListBox@@QAEHH@Z 0042beee f   mfc140d:mfc140d.dll
 0002:0001aef4       ?InsertString@CListBox@@QAEHHPBD@Z 0042bef4 f   mfc140d:mfc140d.dll
 0002:0001aefa       ??1CListBox@@UAE@XZ        0042befa f   mfc140d:mfc140d.dll
 0002:0001af00       ??0CEdit@@QAE@XZ           0042bf00 f   mfc140d:mfc140d.dll
 0002:0001af06       ?SetLimitText@CEdit@@QAEXI@Z 0042bf06 f   mfc140d:mfc140d.dll
 0002:0001af0c       ?ReplaceSel@CEdit@@QAEXPBDH@Z 0042bf0c f   mfc140d:mfc140d.dll
 0002:0001af12       ?SetSel@CEdit@@QAEXHHH@Z   0042bf12 f   mfc140d:mfc140d.dll
 0002:0001af18       ?Clear@CEdit@@QAEXXZ       0042bf18 f   mfc140d:mfc140d.dll
 0002:0001af1e       ??1CEdit@@UAE@XZ           0042bf1e f   mfc140d:mfc140d.dll
 0002:0001af24       ?GetItemText@CListCtrl@@QBE?AV?$CStringT@DV?$StrTraitMFC_DLL@DV?$ChTraitsCRT@D@ATL@@@@@ATL@@HH@Z 0042bf24 f   mfc140d:mfc140d.dll
 0002:0001af2a       ?OnHelp@CWinApp@@IAEXXZ    0042bf2a f   mfc140d:mfc140d.dll
 0002:0001af30       ?GetThisMessageMap@CWinApp@@KGPBUAFX_MSGMAP@@XZ 0042bf30 f   mfc140d:mfc140d.dll
 0002:0001af36       ??2CObject@@SGPAXIPBDH@Z   0042bf36 f   mfc140d:mfc140d.dll
 0002:0001af3c       ??3CObject@@SGXPAXPBDH@Z   0042bf3c f   mfc140d:mfc140d.dll
 0002:0001af42       ?OnCmdMsg@CCmdTarget@@UAEHIHPAXPAUAFX_CMDHANDLERINFO@@@Z 0042bf42 f   mfc140d:mfc140d.dll
 0002:0001af48       ?OnFinalRelease@CCmdTarget@@UAEXXZ 0042bf48 f   mfc140d:mfc140d.dll
 0002:0001af4e       ?GetInterfaceMap@CCmdTarget@@MBEPBUAFX_INTERFACEMAP@@XZ 0042bf4e f   mfc140d:mfc140d.dll
 0002:0001af54       ?PreTranslateMessage@CWinThread@@UAEHPAUtagMSG@@@Z 0042bf54 f   mfc140d:mfc140d.dll
 0002:0001af5a       ?PumpMessage@CWinThread@@UAEHXZ 0042bf5a f   mfc140d:mfc140d.dll
 0002:0001af60       ?IsIdleMessage@CWinThread@@UAEHPAUtagMSG@@@Z 0042bf60 f   mfc140d:mfc140d.dll
 0002:0001af66       ?ProcessMessageFilter@CWinThread@@UAEHHPAUtagMSG@@@Z 0042bf66 f   mfc140d:mfc140d.dll
 0002:0001af6c       ?GetMainWnd@CWinThread@@UAEPAVCWnd@@XZ 0042bf6c f   mfc140d:mfc140d.dll
 0002:0001af72       ?Delete@CWinThread@@UAEXXZ 0042bf72 f   mfc140d:mfc140d.dll
 0002:0001af78       ?GetRuntimeClass@CWinApp@@UBEPAUCRuntimeClass@@XZ 0042bf78 f   mfc140d:mfc140d.dll
 0002:0001af7e       ??0CWinApp@@QAE@PBD@Z      0042bf7e f   mfc140d:mfc140d.dll
 0002:0001af84       ?SetRegistryKey@CWinApp@@IAEXPBD@Z 0042bf84 f   mfc140d:mfc140d.dll
 0002:0001af8a       ?GetProfileIntA@CWinApp@@UAEIPBD0H@Z 0042bf8a f   mfc140d:mfc140d.dll
 0002:0001af90       ?WriteProfileInt@CWinApp@@UAEHPBD0H@Z 0042bf90 f   mfc140d:mfc140d.dll
 0002:0001af96       ?GetProfileStringA@CWinApp@@UAE?AV?$CStringT@DV?$StrTraitMFC_DLL@DV?$ChTraitsCRT@D@ATL@@@@@ATL@@PBD00@Z 0042bf96 f   mfc140d:mfc140d.dll
 0002:0001af9c       ?WriteProfileStringA@CWinApp@@UAEHPBD00@Z 0042bf9c f   mfc140d:mfc140d.dll
 0002:0001afa2       ?GetProfileBinary@CWinApp@@UAEHPBD0PAPAEPAI@Z 0042bfa2 f   mfc140d:mfc140d.dll
 0002:0001afa8       ?WriteProfileBinary@CWinApp@@UAEHPBD0PAEI@Z 0042bfa8 f   mfc140d:mfc140d.dll
 0002:0001afae       ?InitLibId@CWinApp@@UAEXXZ 0042bfae f   mfc140d:mfc140d.dll
 0002:0001afb4       ?Register@CWinApp@@UAEHXZ  0042bfb4 f   mfc140d:mfc140d.dll
 0002:0001afba       ?Unregister@CWinApp@@UAEHXZ 0042bfba f   mfc140d:mfc140d.dll
 0002:0001afc0       ?OpenDocumentFile@CWinApp@@UAEPAVCDocument@@PBD@Z 0042bfc0 f   mfc140d:mfc140d.dll
 0002:0001afc6       ?OpenDocumentFile@CWinApp@@UAEPAVCDocument@@PBDH@Z 0042bfc6 f   mfc140d:mfc140d.dll
 0002:0001afcc       ?AddToRecentFileList@CWinApp@@UAEXPBD@Z 0042bfcc f   mfc140d:mfc140d.dll
 0002:0001afd2       ?InitApplication@CWinApp@@UAEHXZ 0042bfd2 f   mfc140d:mfc140d.dll
 0002:0001afd8       ?SaveAllModified@CWinApp@@UAEHXZ 0042bfd8 f   mfc140d:mfc140d.dll
 0002:0001afde       ?DoMessageBox@CWinApp@@UAEHPBDII@Z 0042bfde f   mfc140d:mfc140d.dll
 0002:0001afe4       ?DoWaitCursor@CWinApp@@UAEXH@Z 0042bfe4 f   mfc140d:mfc140d.dll
 0002:0001afea       ?OnDDECommand@CWinApp@@UAEHPAD@Z 0042bfea f   mfc140d:mfc140d.dll
 0002:0001aff0       ?WinHelpA@CWinApp@@UAEXKI@Z 0042bff0 f   mfc140d:mfc140d.dll
 0002:0001aff6       ?HtmlHelpA@CWinApp@@UAEXKI@Z 0042bff6 f   mfc140d:mfc140d.dll
 0002:0001affc       ?WinHelpInternal@CWinApp@@UAEXKI@Z 0042bffc f   mfc140d:mfc140d.dll
 0002:0001b002       ?RegisterWithRestartManager@CWinApp@@UAEJHABV?$CStringT@DV?$StrTraitMFC_DLL@DV?$ChTraitsCRT@D@ATL@@@@@ATL@@@Z 0042c002 f   mfc140d:mfc140d.dll
 0002:0001b008       ?RegisterWithRestartManager@CWinApp@@UAEJPB_WKP6GKPAX@Z1KK@Z 0042c008 f   mfc140d:mfc140d.dll
 0002:0001b00e       ?ApplicationRecoveryCallback@CWinApp@@UAEKPAX@Z 0042c00e f   mfc140d:mfc140d.dll
 0002:0001b014       ?GetDataRecoveryHandler@CWinApp@@UAEPAVCDataRecoveryHandler@@XZ 0042c014 f   mfc140d:mfc140d.dll
 0002:0001b01a       ?IsTaskbarInteractionEnabled@CWinApp@@UAEHXZ 0042c01a f   mfc140d:mfc140d.dll
 0002:0001b020       ?InitInstance@CWinApp@@UAEHXZ 0042c020 f   mfc140d:mfc140d.dll
 0002:0001b026       ?ExitInstance@CWinApp@@UAEHXZ 0042c026 f   mfc140d:mfc140d.dll
 0002:0001b02c       ?RestartInstance@CWinApp@@UAEHXZ 0042c02c f   mfc140d:mfc140d.dll
 0002:0001b032       ?Run@CWinApp@@UAEHXZ       0042c032 f   mfc140d:mfc140d.dll
 0002:0001b038       ?OnIdle@CWinApp@@UAEHJ@Z   0042c038 f   mfc140d:mfc140d.dll
 0002:0001b03e       ?ProcessWndProcException@CWinApp@@UAEJPAVCException@@PBUtagMSG@@@Z 0042c03e f   mfc140d:mfc140d.dll
 0002:0001b044       ?LoadAppLangResourceDLL@CWinApp@@UAEPAUHINSTANCE__@@XZ 0042c044 f   mfc140d:mfc140d.dll
 0002:0001b04a       ??1CWinApp@@UAE@XZ         0042c04a f   mfc140d:mfc140d.dll
 0002:0001b050       ?AssertValid@CWinApp@@UBEXXZ 0042c050 f   mfc140d:mfc140d.dll
 0002:0001b056       ?Dump@CWinApp@@UBEXAAVCDumpContext@@@Z 0042c056 f   mfc140d:mfc140d.dll
 0002:0001b05c       ?LoadSysPolicies@CWinApp@@UAEHXZ 0042c05c f   mfc140d:mfc140d.dll
 0002:0001b062       ?AfxEnableControlContainer@@YAXPAVCOccManager@@@Z 0042c062 f   mfc140d:mfc140d.dll
 0002:0001b068       ?SetDefaultManager@CMFCVisualManager@@SGXPAUCRuntimeClass@@@Z 0042c068 f   mfc140d:mfc140d.dll
 0002:0001b06e       ??0CShellManager@@QAE@XZ   0042c06e f   mfc140d:mfc140d.dll
 0002:0001b074       ?GetThisClass@CMFCVisualManagerWindows@@SGPAUCRuntimeClass@@XZ 0042c074 f   mfc140d:mfc140d.dll
 0002:0001b07a       ?IsEmpty@?$CSimpleStringT@D$00@ATL@@QBE_NXZ 0042c07a f   mfc140d:mfc140d.dll
 0002:0001b080       ??4?$CStringT@DV?$StrTraitMFC_DLL@DV?$ChTraitsCRT@D@ATL@@@@@ATL@@QAEAAV01@ABV01@@Z 0042c080 f   mfc140d:mfc140d.dll
 0002:0001b086       ?LoadStringA@?$CStringT@DV?$StrTraitMFC_DLL@DV?$ChTraitsCRT@D@ATL@@@@@ATL@@QAEHI@Z 0042c086 f   mfc140d:mfc140d.dll
 0002:0001b08c       ??2@YAPAXIPBDH@Z           0042c08c f   mfc140d:mfc140d.dll
 0002:0001b092       ??3@YAXPAXPBDH@Z           0042c092 f   mfc140d:mfc140d.dll
 0002:0001b098       ??_U@YAPAXIPBDH@Z          0042c098 f   mfc140d:mfc140d.dll
 0002:0001b09e       ?GetSafeHdc@CDC@@QBEPAUHDC__@@XZ 0042c09e f   mfc140d:mfc140d.dll
 0002:0001b0a4       ?DrawIcon@CDC@@QAEHHHPAUHICON__@@@Z 0042c0a4 f   mfc140d:mfc140d.dll
 0002:0001b0aa       ??0CPaintDC@@QAE@PAVCWnd@@@Z 0042c0aa f   mfc140d:mfc140d.dll
 0002:0001b0b0       ??1CPaintDC@@UAE@XZ        0042c0b0 f   mfc140d:mfc140d.dll
 0002:0001b0b6       ?AppendMenuA@CMenu@@QAEHIIPBD@Z 0042c0b6 f   mfc140d:mfc140d.dll
 0002:0001b0bc       ?SendMessageA@CWnd@@QBEJIIJ@Z 0042c0bc f   mfc140d:mfc140d.dll
 0002:0001b0c2       ?GetSystemMenu@CWnd@@QBEPAVCMenu@@H@Z 0042c0c2 f   mfc140d:mfc140d.dll
 0002:0001b0c8       ?IsIconic@CWnd@@QBEHXZ     0042c0c8 f   mfc140d:mfc140d.dll
 0002:0001b0ce       ?GetClientRect@CWnd@@QBEXPAUtagRECT@@@Z 0042c0ce f   mfc140d:mfc140d.dll
 0002:0001b0d4       ?ShowWindow@CWnd@@QAEHH@Z  0042c0d4 f   mfc140d:mfc140d.dll
 0002:0001b0da       ?SetDlgItemTextA@CWnd@@QAEXHPBD@Z 0042c0da f   mfc140d:mfc140d.dll
 0002:0001b0e0       ?SetIcon@CWnd@@QAEPAUHICON__@@PAU2@H@Z 0042c0e0 f   mfc140d:mfc140d.dll
 0002:0001b0e6       ?UpdateData@CWnd@@QAEHH@Z  0042c0e6 f   mfc140d:mfc140d.dll
 0002:0001b0ec       ?OnSysCommand@CWnd@@IAEXIJ@Z 0042c0ec f   mfc140d:mfc140d.dll
 0002:0001b0f2       ?OnPaint@CDialog@@IAEXXZ   0042c0f2 f   mfc140d:mfc140d.dll
 0002:0001b0f8       ?LoadIconA@CWinApp@@QBEPAUHICON__@@I@Z 0042c0f8 f   mfc140d:mfc140d.dll
 0002:0001b0fe       ?GetRuntimeClass@CDialogEx@@UBEPAUCRuntimeClass@@XZ 0042c0fe f   mfc140d:mfc140d.dll
 0002:0001b104       ?Create@CAsyncSocket@@QAEHIHJPBD@Z 0042c104 f   mfc140d:mfc140d.dll
 0002:0001b10a       ?GetPeerName@CAsyncSocket@@QAEHAAV?$CStringT@DV?$StrTraitMFC_DLL@DV?$ChTraitsCRT@D@ATL@@@@@ATL@@AAI@Z 0042c10a f   mfc140d:mfc140d.dll
 0002:0001b110       ?IOCtl@CAsyncSocket@@QAEHJPAK@Z 0042c110 f   mfc140d:mfc140d.dll
 0002:0001b116       ?Listen@CAsyncSocket@@QAEHH@Z 0042c116 f   mfc140d:mfc140d.dll
 0002:0001b120       ??1CComBSTR@ATL@@QAE@XZ    0042c120 f i mfcs140d:nolib.obj
 0002:0001b160       ??1stringdispid@CComTypeInfoHolder@ATL@@QAE@XZ 0042c160 f i mfcs140d:nolib.obj
 0002:0001b190       ??_Estringdispid@CComTypeInfoHolder@ATL@@QAEPAXI@Z 0042c190 f i mfcs140d:nolib.obj
 0002:0001b270       _IsolationAwareActivateActCtx@8 0042c270 f i mfcs140d:nolib.obj
 0002:0001b310       _IsolationAwareCreateActCtxW@4 0042c310 f i mfcs140d:nolib.obj
 0002:0001b3a0       _IsolationAwareDeactivateActCtx@8 0042c3a0 f i mfcs140d:nolib.obj
 0002:0001b440       _IsolationAwareFindActCtxSectionStringW@20 0042c440 f i mfcs140d:nolib.obj
 0002:0001b4f0       _IsolationAwarePrivatenPgViNgRzlnPgpgk@4 0042c4f0 f i mfcs140d:nolib.obj
 0002:0001b600       _IsolationAwarePrivatezltRgCebPnQQeRff@12 0042c600 f i mfcs140d:nolib.obj
 0002:0001b6b0       _IsolationAwarePrivatezltRgzbQhYRuNaQYRJ@4 0042c6b0 f i mfcs140d:nolib.obj
 0002:0001b6e0       _IsolationAwarePrivatezltRgzbQhYRuNaQYRn@4 0042c6e0 f i mfcs140d:nolib.obj
 0002:0001b710       _IsolationAwareQueryActCtxW@28 0042c710 f i mfcs140d:nolib.obj
 0002:0001b7c0       _IsolationAwareUnregisterClassA@8 0042c7c0 f i mfcs140d:nolib.obj
 0002:0001b9c0       _WinbaseIsolationAwarePrivatetRgCebPnQQeRff_xReaRYQP_QYY@4 0042c9c0 f i mfcs140d:nolib.obj
 0002:0001b9f0       _WinbaseIsolationAwarePrivatetRgzlnPgpgk@0 0042c9f0 f i mfcs140d:nolib.obj
 0002:0001be10       ?AfxSocketInit@@YGHPAUWSAData@@@Z 0042ce10 f   mfcs140d:sockexp.obj
 0002:0001be40       @_RTC_AllocaHelper@12      0042ce40 f   msvcrtd:_stack_.obj
 0002:0001be80       @_RTC_CheckStackVars2@12   0042ce80 f   msvcrtd:_stack_.obj
 0002:0001bf90       @_RTC_CheckStackVars@8     0042cf90 f   msvcrtd:_stack_.obj
 0002:0001c000       __RTC_CheckEsp             0042d000 f   msvcrtd:_stack_.obj
 0002:0001c030       @__security_check_cookie@4 0042d030 f   msvcrtd:_secchk_.obj
 0002:0001c050       __CRT_RTC_INIT             0042d050 f   msvcrtd:_init_.obj
 0002:0001c060       __CRT_RTC_INITW            0042d060 f   msvcrtd:_init_.obj
 0002:0001c070       __RTC_InitBase             0042d070 f   msvcrtd:_init_.obj
 0002:0001c0b0       __RTC_Shutdown             0042d0b0 f   msvcrtd:_init_.obj
 0002:0001c0d0       ??1type_info@@UAE@XZ       0042d0d0 f   msvcrtd:std_type_info_static.obj
 0002:0001c0f0       ??_Gtype_info@@UAEPAXI@Z   0042d0f0 f i msvcrtd:std_type_info_static.obj
 0002:0001c0f0       ??_Etype_info@@UAEPAXI@Z   0042d0f0 f i msvcrtd:std_type_info_static.obj
 0002:0001c130       ??3@YAXPAXI@Z              0042d130 f   msvcrtd:delete_scalar_size.obj
 0002:0001c150       __alloca_probe             0042d150 f   msvcrtd:chkstk.obj
 0002:0001c150       __chkstk                   0042d150 f   msvcrtd:chkstk.obj
 0002:0001c330       ?_RTC_AllocaFailure@@YAXPAXPAU_RTC_ALLOCA_NODE@@H@Z 0042d330 f   msvcrtd:_error_.obj
 0002:0001c4a0       ?_RTC_Failure@@YAXPAXH@Z   0042d4a0 f   msvcrtd:_error_.obj
 0002:0001c510       ?_RTC_StackFailure@@YAXPAXPBD@Z 0042d510 f   msvcrtd:_error_.obj
 0002:0001c980       __RTC_UninitUse            0042d980 f   msvcrtd:_error_.obj
 0002:0001cab0       __vsprintf_s_l             0042dab0 f i msvcrtd:_error_.obj
 0002:0001caf0       _sprintf_s                 0042daf0 f i msvcrtd:_error_.obj
 0002:0001cb20       ??$__crt_fast_decode_pointer@PAP6AXXZ@@YAPAP6AXXZQAP6AXXZ@Z 0042db20 f i msvcrtd:utility.obj
 0002:0001cb50       ??$__crt_fast_encode_pointer@PAP6AXXZ@@YAPAP6AXXZQAP6AXXZ@Z 0042db50 f i msvcrtd:utility.obj
 0002:0001cb90       ?__crt_rotate_pointer_value@@YAIIH@Z 0042db90 f i msvcrtd:utility.obj
 0002:0001cce0       _NtCurrentTeb              0042dce0 f i msvcrtd:utility.obj
 0002:0001ccf0       ___scrt_acquire_startup_lock 0042dcf0 f   msvcrtd:utility.obj
 0002:0001cd50       ___scrt_dllmain_after_initialize_c 0042dd50 f   msvcrtd:utility.obj
 0002:0001cd80       ___scrt_dllmain_before_initialize_c 0042dd80 f   msvcrtd:utility.obj
 0002:0001cdb0       ___scrt_dllmain_crt_thread_attach 0042ddb0 f   msvcrtd:utility.obj
 0002:0001cdf0       ___scrt_dllmain_crt_thread_detach 0042ddf0 f   msvcrtd:utility.obj
 0002:0001ce10       ___scrt_dllmain_exception_filter 0042de10 f   msvcrtd:utility.obj
 0002:0001ce70       ___scrt_dllmain_uninitialize_c 0042de70 f   msvcrtd:utility.obj
 0002:0001ceb0       ___scrt_dllmain_uninitialize_critical 0042deb0 f   msvcrtd:utility.obj
 0002:0001ced0       ___scrt_initialize_crt     0042ded0 f   msvcrtd:utility.obj
 0002:0001cf30       ___scrt_initialize_onexit_tables 0042df30 f   msvcrtd:utility.obj
 0002:0001d030       ___scrt_is_nonwritable_in_current_image 0042e030 f   msvcrtd:utility.obj
 0002:0001d1b0       ___scrt_release_startup_lock 0042e1b0 f   msvcrtd:utility.obj
 0002:0001d1e0       ___scrt_uninitialize_crt   0042e1e0 f   msvcrtd:utility.obj
 0002:0001d230       __onexit                   0042e230 f   msvcrtd:utility.obj
 0002:0001d2c0       _at_quick_exit             0042e2c0 f   msvcrtd:utility.obj
 0002:0001d320       _atexit                    0042e320 f   msvcrtd:utility.obj
 0002:0001d4a0       ??$__crt_fast_decode_pointer@P6GHPAU_RTL_CONDITION_VARIABLE@@PAU_RTL_CRITICAL_SECTION@@K@Z@@YAP6GHPAU_RTL_CONDITION_VARIABLE@@PAU_RTL_CRITICAL_SECTION@@K@ZQ6GH01K@Z@Z 0042e4a0 f i msvcrtd:thread_safe_statics.obj
 0002:0001d4d0       ??$__crt_fast_decode_pointer@P6GXPAU_RTL_CONDITION_VARIABLE@@@Z@@YAP6GXPAU_RTL_CONDITION_VARIABLE@@@ZQ6GX0@Z@Z 0042e4d0 f i msvcrtd:thread_safe_statics.obj
 0002:0001d500       ??$__crt_fast_encode_pointer@P6GHPAU_RTL_CONDITION_VARIABLE@@PAU_RTL_CRITICAL_SECTION@@K@Z@@YAP6GHPAU_RTL_CONDITION_VARIABLE@@PAU_RTL_CRITICAL_SECTION@@K@ZQ6GH01K@Z@Z 0042e500 f i msvcrtd:thread_safe_statics.obj
 0002:0001d540       ??$__crt_fast_encode_pointer@P6GXPAU_RTL_CONDITION_VARIABLE@@@Z@@YAP6GXPAU_RTL_CONDITION_VARIABLE@@@ZQ6GX0@Z@Z 0042e540 f i msvcrtd:thread_safe_statics.obj
 0002:0001d5b0       __Init_thread_abort        0042e5b0 f   msvcrtd:thread_safe_statics.obj
 0002:0001d5e0       __Init_thread_footer       0042e5e0 f   msvcrtd:thread_safe_statics.obj
 0002:0001d640       __Init_thread_header       0042e640 f   msvcrtd:thread_safe_statics.obj
 0002:0001d6d0       __Init_thread_lock         0042e6d0 f   msvcrtd:thread_safe_statics.obj
 0002:0001d6f0       __Init_thread_notify       0042e6f0 f   msvcrtd:thread_safe_statics.obj
 0002:0001d760       __Init_thread_unlock       0042e760 f   msvcrtd:thread_safe_statics.obj
 0002:0001d780       __Init_thread_wait         0042e780 f   msvcrtd:thread_safe_statics.obj
 0002:0001dc50       ?configure_argv@__scrt_narrow_argv_policy@@SAHXZ 0042ec50 f i msvcrtd:exe_winmain.obj
 0002:0001dc70       ?get_app_type@__scrt_winmain_policy@@SA?AW4_crt_app_type@@XZ 0042ec70 f i msvcrtd:exe_winmain.obj
 0002:0001dcc0       _WinMainCRTStartup         0042ecc0 f   msvcrtd:exe_winmain.obj
 0002:0001dcd0       ??_M@YGXPAXIHP6EX0@Z@Z     0042ecd0 f   msvcrtd:ehvecdtr.obj
 0002:0001dd00       ??_M@YGXPAXIIP6EX0@Z@Z     0042ed00 f   msvcrtd:ehvecdtr.obj
 0002:0001de30       ?__ArrayUnwind@@YGXPAXIIP6EX0@Z@Z 0042ee30 f   msvcrtd:ehvecdtr.obj
 0002:0001df00       ??_V@YAXPAXI@Z             0042ef00 f   msvcrtd:delete_array_size.obj
 0002:0001df20       __except_handler4          0042ef20 f   msvcrtd:_chandler4gs_.obj
 0002:0001df50       ___raise_securityfailure   0042ef50 f   msvcrtd:gs_report.obj
 0002:0001df90       ___report_gsfailure        0042ef90 f   msvcrtd:gs_report.obj
 0002:0001e0e0       ___report_rangecheckfailure 0042f0e0 f   msvcrtd:gs_report.obj
 0002:0001e0f0       ___report_securityfailure  0042f0f0 f   msvcrtd:gs_report.obj
 0002:0001e200       ___report_securityfailureEx 0042f200 f   msvcrtd:gs_report.obj
 0002:0001e370       ?_RTC_GetErrorFunc@@YAP6AHHPBDH00ZZPBX@Z 0042f370 f   msvcrtd:_userapi_.obj
 0002:0001e380       ?_RTC_GetErrorFuncW@@YAP6AHHPB_WH00ZZPBX@Z 0042f380 f   msvcrtd:_userapi_.obj
 0002:0001e390       __RTC_GetErrDesc           0042f390 f   msvcrtd:_userapi_.obj
 0002:0001e3b0       __RTC_NumErrors            0042f3b0 f   msvcrtd:_userapi_.obj
 0002:0001e3c0       __RTC_SetErrorFunc         0042f3c0 f   msvcrtd:_userapi_.obj
 0002:0001e3f0       __RTC_SetErrorFuncW        0042f3f0 f   msvcrtd:_userapi_.obj
 0002:0001e420       __RTC_SetErrorType         0042f420 f   msvcrtd:_userapi_.obj
 0002:0001ea10       ?_RTC_GetSrcLine@@YAHPAEPA_WKPAH1K@Z 0042fa10 f   msvcrtd:_pdblkup_.obj
 0002:0001ee40       @_guard_check_icall@4      0042fe40 f i msvcrtd:checkcfg.obj
 0002:0001ee60       ___isa_available_init      0042fe60 f   msvcrtd:_cpu_disp_.obj
 0002:0001f1f0       ___scrt_is_ucrt_dll_in_use 004301f0 f   msvcrtd:ucrt_detection.obj
 0002:0001f220       ___scrt_fastfail           00430220 f   msvcrtd:utility_desktop.obj
 0002:0001f3b0       ___scrt_get_show_window_mode 004303b0 f   msvcrtd:utility_desktop.obj
 0002:0001f400       ___scrt_initialize_winrt   00430400 f   msvcrtd:utility_desktop.obj
 0002:0001f410       ___scrt_is_managed_app     00430410 f   msvcrtd:utility_desktop.obj
 0002:0001f4c0       ___scrt_set_unhandled_exception_filter 004304c0 f   msvcrtd:utility_desktop.obj
 0002:0001f4e0       ___scrt_unhandled_exception_filter@4 004304e0 f   msvcrtd:utility_desktop.obj
 0002:0001f560       __crt_debugger_hook        00430560 f   msvcrtd:utility_desktop.obj
 0002:0001f580       ___security_init_cookie    00430580 f   msvcrtd:gs_support.obj
 0002:0001f6a0       __matherr                  004306a0 f   msvcrtd:matherr.obj
 0002:0001f6b0       __get_startup_argv_mode    004306b0 f   msvcrtd:argv_mode.obj
 0002:0001f6c0       __get_startup_commit_mode  004306c0 f   msvcrtd:commit_mode.obj
 0002:0001f6d0       __get_startup_file_mode    004306d0 f   msvcrtd:file_mode.obj
 0002:0001f6e0       __get_startup_new_mode     004306e0 f   msvcrtd:new_mode.obj
 0002:0001f6f0       __get_startup_thread_locale_mode 004306f0 f   msvcrtd:thread_locale.obj
 0002:0001f700       ?__scrt_initialize_type_info@@YAXXZ 00430700 f   msvcrtd:tncleanup.obj
 0002:0001f720       ?__scrt_uninitialize_type_info@@YAXXZ 00430720 f   msvcrtd:tncleanup.obj
 0002:0001f740       __initialize_default_precision 00430740 f   msvcrtd:default_precision.obj
 0002:0001f770       __initialize_invalid_parameter_handler 00430770 f   msvcrtd:invalid_parameter_handler.obj
 0002:0001f780       __initialize_denormal_control 00430780 f   msvcrtd:denormal_control.obj
 0002:0001f790       ___local_stdio_scanf_options 00430790 f i msvcrtd:default_local_stdio_options.obj
 0002:0001f7a0       ___scrt_initialize_default_local_stdio_options 004307a0 f   msvcrtd:default_local_stdio_options.obj
 0002:0001f7f0       ___scrt_is_user_matherr_present 004307f0 f   msvcrtd:matherr_detection.obj
 0002:0001f820       ___scrt_get_dyn_tls_init_callback 00430820 f   msvcrtd:dyn_tls_init.obj
 0002:0001f830       ___scrt_get_dyn_tls_dtor_callback 00430830 f   msvcrtd:dyn_tls_dtor.obj
 0002:0001f840       __RTC_Initialize           00430840 f   msvcrtd:_initsect_.obj
 0002:0001f880       __RTC_Terminate            00430880 f   msvcrtd:_initsect_.obj
 0002:0001f8c0       ??_V@YAXPAX@Z              004308c0 f   msvcrtd:delete_array.obj
 0002:0001f8e0       @_guard_check_icall_nop@4  004308e0 f i msvcrtd:guard_support.obj
 0002:0001f8f0       __guard_icall_checks_enforced 004308f0 f i msvcrtd:guard_support.obj
 0002:0001f920       _WaitForSingleObject@8     00430920 f   kernel32:KERNEL32.dll
 0002:0001f926       _GetLastError@0            00430926 f   kernel32:KERNEL32.dll
 0002:0001f92c       _SetLastError@4            0043092c f   kernel32:KERNEL32.dll
 0002:0001f932       _MultiByteToWideChar@24    00430932 f   kernel32:KERNEL32.dll
 0002:0001f938       _DecodePointer@4           00430938 f   kernel32:KERNEL32.dll
 0002:0001f93e       _RaiseException@16         0043093e f   kernel32:KERNEL32.dll
 0002:0001f944       _HeapDestroy@4             00430944 f   kernel32:KERNEL32.dll
 0002:0001f94a       _HeapAlloc@12              0043094a f   kernel32:KERNEL32.dll
 0002:0001f950       _HeapReAlloc@16            00430950 f   kernel32:KERNEL32.dll
 0002:0001f956       _HeapFree@12               00430956 f   kernel32:KERNEL32.dll
 0002:0001f95c       _HeapSize@12               0043095c f   kernel32:KERNEL32.dll
 0002:0001f962       _GetProcessHeap@0          00430962 f   kernel32:KERNEL32.dll
 0002:0001f968       _EnterCriticalSection@4    00430968 f   kernel32:KERNEL32.dll
 0002:0001f96e       _LeaveCriticalSection@4    0043096e f   kernel32:KERNEL32.dll
 0002:0001f974       _InitializeCriticalSectionEx@12 00430974 f   kernel32:KERNEL32.dll
 0002:0001f97a       _DeleteCriticalSection@4   0043097a f   kernel32:KERNEL32.dll
 0002:0001f980       _OutputDebugStringA@4      00430980 f   kernel32:KERNEL32.dll
 0002:0001f986       _InitializeCriticalSectionAndSpinCount@8 00430986 f   kernel32:KERNEL32.dll
 0002:0001f98c       _GetModuleFileNameW@12     0043098c f   kernel32:KERNEL32.dll
 0002:0001f992       _GetModuleHandleA@4        00430992 f   kernel32:KERNEL32.dll
 0002:0001f998       _GetModuleHandleW@4        00430998 f   kernel32:KERNEL32.dll
 0002:0001f99e       _GetProcAddress@8          0043099e f   kernel32:KERNEL32.dll
 0002:0001f9a4       _LoadLibraryW@4            004309a4 f   kernel32:KERNEL32.dll
 0002:0001f9aa       _IsDebuggerPresent@0       004309aa f   kernel32:KERNEL32.dll
 0002:0001f9b0       _WideCharToMultiByte@32    004309b0 f   kernel32:KERNEL32.dll
 0002:0001f9b6       _CloseHandle@4             004309b6 f   kernel32:KERNEL32.dll
 0002:0001f9bc       _SetEvent@4                004309bc f   kernel32:KERNEL32.dll
 0002:0001f9c2       _ResetEvent@4              004309c2 f   kernel32:KERNEL32.dll
 0002:0001f9c8       _WaitForSingleObjectEx@12  004309c8 f   kernel32:KERNEL32.dll
 0002:0001f9ce       _CreateEventW@16           004309ce f   kernel32:KERNEL32.dll
 0002:0001f9d4       _UnhandledExceptionFilter@4 004309d4 f   kernel32:KERNEL32.dll
 0002:0001f9da       _SetUnhandledExceptionFilter@4 004309da f   kernel32:KERNEL32.dll
 0002:0001f9e0       _GetCurrentProcess@0       004309e0 f   kernel32:KERNEL32.dll
 0002:0001f9e6       _TerminateProcess@8        004309e6 f   kernel32:KERNEL32.dll
 0002:0001f9ec       _IsProcessorFeaturePresent@4 004309ec f   kernel32:KERNEL32.dll
 0002:0001f9f2       _VirtualQuery@12           004309f2 f   kernel32:KERNEL32.dll
 0002:0001f9f8       _FreeLibrary@4             004309f8 f   kernel32:KERNEL32.dll
 0002:0001f9fe       _GetStartupInfoW@4         004309fe f   kernel32:KERNEL32.dll
 0002:0001fa04       _QueryPerformanceCounter@4 00430a04 f   kernel32:KERNEL32.dll
 0002:0001fa0a       _GetCurrentProcessId@0     00430a0a f   kernel32:KERNEL32.dll
 0002:0001fa10       _GetCurrentThreadId@0      00430a10 f   kernel32:KERNEL32.dll
 0002:0001fa16       _GetSystemTimeAsFileTime@4 00430a16 f   kernel32:KERNEL32.dll
 0002:0001fa1c       _InitializeSListHead@4     00430a1c f   kernel32:KERNEL32.dll
 0002:0001fa22       _UnregisterClassA@8        00430a22 f   user32:USER32.dll
 0002:0001fa28       _PeekMessageA@20           00430a28 f   user32:USER32.dll
 0002:0001fa2e       _PostQuitMessage@4         00430a2e f   user32:USER32.dll
 0002:0001fa34       _GetSystemMetrics@4        00430a34 f   user32:USER32.dll
 0002:0001fa3a       _DeleteDC@4                00430a3a f   gdi32:GDI32.dll
 0002:0001fa40       _InitCommonControlsEx@4    00430a40 f   comctl32:COMCTL32.dll
 0002:0001fa46       ??$?2PAUHINSTANCE__@@@Wrapper@?$CSimpleArray@PAUHINSTANCE__@@V?$CSimpleArrayEqualHelper@PAUHINSTANCE__@@@ATL@@@ATL@@SAPAXIPAPAUHINSTANCE__@@@Z 00430a46 f i atls:atlbase.obj
 0002:0001fa50       ??0?$CComCritSecLock@VCComCriticalSection@ATL@@@ATL@@QAE@AAVCComCriticalSection@1@_N@Z 00430a50 f i atls:atlbase.obj
 0002:0001fa80       ??0?$CSimpleArray@PAUHINSTANCE__@@V?$CSimpleArrayEqualHelper@PAUHINSTANCE__@@@ATL@@@ATL@@QAE@XZ 00430a80 f i atls:atlbase.obj
 0002:0001fa90       ??0CAtlBaseModule@ATL@@QAE@XZ 00430a90 f   atls:atlbase.obj
 0002:0001faf7       ??0Wrapper@?$CSimpleArray@PAUHINSTANCE__@@V?$CSimpleArrayEqualHelper@PAUHINSTANCE__@@@ATL@@@ATL@@QAE@ABQAUHINSTANCE__@@@Z 00430af7 f i atls:atlbase.obj
 0002:0001fb0b       ??0_ATL_BASE_MODULE70@ATL@@QAE@XZ 00430b0b f i atls:atlbase.obj
 0002:0001fb36       ??1?$CComCritSecLock@VCComCriticalSection@ATL@@@ATL@@QAE@XZ 00430b36 f i atls:atlbase.obj
 0002:0001fb52       ??1?$CSimpleArray@PAUHINSTANCE__@@V?$CSimpleArrayEqualHelper@PAUHINSTANCE__@@@ATL@@@ATL@@QAE@XZ 00430b52 f i atls:atlbase.obj
 0002:0001fb57       ??1CAtlBaseModule@ATL@@QAE@XZ 00430b57 f   atls:atlbase.obj
 0002:0001fb72       ??1_ATL_BASE_MODULE70@ATL@@QAE@XZ 00430b72 f i atls:atlbase.obj
 0002:0001fb7c       ??A?$CSimpleArray@PAUHINSTANCE__@@V?$CSimpleArrayEqualHelper@PAUHINSTANCE__@@@ATL@@@ATL@@QAEAAPAUHINSTANCE__@@H@Z 00430b7c f i atls:atlbase.obj
 0002:0001fbb0       ?Add@?$CSimpleArray@PAUHINSTANCE__@@V?$CSimpleArrayEqualHelper@PAUHINSTANCE__@@@ATL@@@ATL@@QAEHABQAUHINSTANCE__@@@Z 00430bb0 f i atls:atlbase.obj
 0002:0001fc46       ?AddResourceInstance@CAtlBaseModule@ATL@@QAE_NPAUHINSTANCE__@@@Z 00430c46 f   atls:atlbase.obj
 0002:0001fc85       ?AtlCrtErrorCheck@ATL@@YAHH@Z 00430c85 f i atls:atlbase.obj
 0002:0001fcce       ?GetHInstanceAt@CAtlBaseModule@ATL@@QAEPAUHINSTANCE__@@H@Z 00430cce f   atls:atlbase.obj
 0002:0001fd24       ?GetSize@?$CSimpleArray@PAUHINSTANCE__@@V?$CSimpleArrayEqualHelper@PAUHINSTANCE__@@@ATL@@@ATL@@QBEHXZ 00430d24 f i atls:atlbase.obj
 0002:0001fd28       ?InternalSetAtIndex@?$CSimpleArray@PAUHINSTANCE__@@V?$CSimpleArrayEqualHelper@PAUHINSTANCE__@@@ATL@@@ATL@@QAEXHABQAUHINSTANCE__@@@Z 00430d28 f i atls:atlbase.obj
 0002:0001fd48       ?Lock@?$CComCritSecLock@VCComCriticalSection@ATL@@@ATL@@QAEJXZ 00430d48 f i atls:atlbase.obj
 0002:0001fd5f       ?Lock@CComCriticalSection@ATL@@QAEJXZ 00430d5f f i atls:atlbase.obj
 0002:0001fd6b       ?RemoveAll@?$CSimpleArray@PAUHINSTANCE__@@V?$CSimpleArrayEqualHelper@PAUHINSTANCE__@@@ATL@@@ATL@@QAEXXZ 00430d6b f i atls:atlbase.obj
 0002:0001fd8f       ?RemoveAt@?$CSimpleArray@PAUHINSTANCE__@@V?$CSimpleArrayEqualHelper@PAUHINSTANCE__@@@ATL@@@ATL@@QAEHH@Z 00430d8f f i atls:atlbase.obj
 0002:0001fde9       ?RemoveResourceInstance@CAtlBaseModule@ATL@@QAE_NPAUHINSTANCE__@@@Z 00430de9 f   atls:atlbase.obj
 0002:0001fe5f       ?Unlock@?$CComCritSecLock@VCComCriticalSection@ATL@@@ATL@@QAEXXZ 00430e5f f i atls:atlbase.obj
 0002:0001fe74       ?Unlock@CComCriticalSection@ATL@@QAEJXZ 00430e74 f i atls:atlbase.obj
 0002:0001fe80       ?memmove_s@Checked@ATL@@YAXPAXIPBXI@Z 00430e80 f i atls:atlbase.obj
 0002:0001ff44       ??0?$CTraceCategoryEx@$00$0A@@ATL@@QAE@PB_W@Z 00430f44 f i atls:stdafx.obj
 0002:0001ff49       ??0?$CTraceCategoryEx@$01$0A@@ATL@@QAE@PB_W@Z 00430f49 f i atls:stdafx.obj
 0002:0001ff4e       ??0?$CTraceCategoryEx@$03$0A@@ATL@@QAE@PB_W@Z 00430f4e f i atls:stdafx.obj
 0002:0001ff53       ??0?$CTraceCategoryEx@$07$0A@@ATL@@QAE@PB_W@Z 00430f53 f i atls:stdafx.obj
 0002:0001ff58       ??0?$CTraceCategoryEx@$0BA@$0A@@ATL@@QAE@PB_W@Z 00430f58 f i atls:stdafx.obj
 0002:0001ff5d       ??0?$CTraceCategoryEx@$0BAA@$0A@@ATL@@QAE@PB_W@Z 00430f5d f i atls:stdafx.obj
 0002:0001ff62       ??0?$CTraceCategoryEx@$0BAAA@$0A@@ATL@@QAE@PB_W@Z 00430f62 f i atls:stdafx.obj
 0002:0001ff67       ??0?$CTraceCategoryEx@$0BAAAA@$0A@@ATL@@QAE@PB_W@Z 00430f67 f i atls:stdafx.obj
 0002:0001ff6c       ??0?$CTraceCategoryEx@$0BAAAAA@$0A@@ATL@@QAE@PB_W@Z 00430f6c f i atls:stdafx.obj
 0002:0001ff71       ??0?$CTraceCategoryEx@$0CA@$0A@@ATL@@QAE@PB_W@Z 00430f71 f i atls:stdafx.obj
 0002:0001ff76       ??0?$CTraceCategoryEx@$0CAA@$0A@@ATL@@QAE@PB_W@Z 00430f76 f i atls:stdafx.obj
 0002:0001ff7b       ??0?$CTraceCategoryEx@$0CAAA@$0A@@ATL@@QAE@PB_W@Z 00430f7b f i atls:stdafx.obj
 0002:0001ff80       ??0?$CTraceCategoryEx@$0CAAAA@$0A@@ATL@@QAE@PB_W@Z 00430f80 f i atls:stdafx.obj
 0002:0001ff85       ??0?$CTraceCategoryEx@$0CAAAAA@$0A@@ATL@@QAE@PB_W@Z 00430f85 f i atls:stdafx.obj
 0002:0001ff8a       ??0?$CTraceCategoryEx@$0EA@$0A@@ATL@@QAE@PB_W@Z 00430f8a f i atls:stdafx.obj
 0002:0001ff8f       ??0?$CTraceCategoryEx@$0EAA@$0A@@ATL@@QAE@PB_W@Z 00430f8f f i atls:stdafx.obj
 0002:0001ff94       ??0?$CTraceCategoryEx@$0EAAA@$0A@@ATL@@QAE@PB_W@Z 00430f94 f i atls:stdafx.obj
 0002:0001ff99       ??0?$CTraceCategoryEx@$0EAAAA@$0A@@ATL@@QAE@PB_W@Z 00430f99 f i atls:stdafx.obj
 0002:0001ff9e       ??0?$CTraceCategoryEx@$0EAAAAA@$0A@@ATL@@QAE@PB_W@Z 00430f9e f i atls:stdafx.obj
 0002:0001ffa3       ??0?$CTraceCategoryEx@$0IA@$0A@@ATL@@QAE@PB_W@Z 00430fa3 f i atls:stdafx.obj
 0002:0001ffa8       ??0?$CTraceCategoryEx@$0IAA@$0A@@ATL@@QAE@PB_W@Z 00430fa8 f i atls:stdafx.obj
 0002:0001ffad       ??0?$CTraceCategoryEx@$0IAAA@$0A@@ATL@@QAE@PB_W@Z 00430fad f i atls:stdafx.obj
 0002:0001ffb2       ??0?$CTraceCategoryEx@$0IAAAA@$0A@@ATL@@QAE@PB_W@Z 00430fb2 f i atls:stdafx.obj
 0002:0001ffb7       ??_I@YGXPAXIIP6EX0@Z@Z     00430fb7 f i atls:stdafx.obj
 0002:0001ffec       _SysFreeString@4           00430fec f   oleaut32:OLEAUT32.dll
 0002:0001fff2       _GdiplusShutdown@4         00430ff2 f   gdiplus:gdiplus.dll
 0002:0001fff8       _inet_ntoa@4               00430ff8 f   ws2_32:WS2_32.dll
 0002:0001fffe       _ntohs@4                   00430ffe f   ws2_32:WS2_32.dll
 0002:00020004       _WSAStartup@8              00431004 f   ws2_32:WS2_32.dll
 0002:0002000a       _pcap_open_live            0043100a f   wpcap:wpcap.dll
 0002:00020010       _pcap_close                00431010 f   wpcap:wpcap.dll
 0002:00020016       _pcap_next_ex              00431016 f   wpcap:wpcap.dll
 0002:0002001c       _pcap_setfilter            0043101c f   wpcap:wpcap.dll
 0002:00020022       _pcap_compile              00431022 f   wpcap:wpcap.dll
 0002:00020028       _pcap_findalldevs          00431028 f   wpcap:wpcap.dll
 0002:0002002e       _pcap_freealldevs          0043102e f   wpcap:wpcap.dll
 0002:00020034       _memset                    00431034 f   vcruntimed:VCRUNTIME140D.dll
 0002:0002003a       ___CxxFrameHandler3        0043103a f   vcruntimed:VCRUNTIME140D.dll
 0002:00020040       ___vcrt_InitializeCriticalSectionEx 00431040 f   vcruntimed:VCRUNTIME140D.dll
 0002:00020046       ___telemetry_main_invoke_trigger 00431046 f   vcruntimed:VCRUNTIME140D.dll
 0002:0002004c       ___telemetry_main_return_trigger 0043104c f   vcruntimed:VCRUNTIME140D.dll
 0002:00020052       __except_handler4_common   00431052 f   vcruntimed:VCRUNTIME140D.dll
 0002:00020058       ___vcrt_GetModuleFileNameW 00431058 f   vcruntimed:VCRUNTIME140D.dll
 0002:0002005e       ___vcrt_GetModuleHandleW   0043105e f   vcruntimed:VCRUNTIME140D.dll
 0002:00020064       ___vcrt_LoadLibraryExW     00431064 f   vcruntimed:VCRUNTIME140D.dll
 0002:0002006a       ___std_type_info_destroy_list 0043106a f   vcruntimed:VCRUNTIME140D.dll
 0002:00020070       _memmove                   00431070 f   vcruntimed:VCRUNTIME140D.dll
 0002:00020076       _free                      00431076 f   ucrtd:ucrtbased.dll
 0002:0002007c       _wcscpy_s                  0043107c f   ucrtd:ucrtbased.dll
 0002:00020082       ___stdio_common_vswprintf_s 00431082 f   ucrtd:ucrtbased.dll
 0002:00020088       _atoi                      00431088 f   ucrtd:ucrtbased.dll
 0002:0002008e       __CrtDbgReportW            0043108e f   ucrtd:ucrtbased.dll
 0002:00020094       _wcslen                    00431094 f   ucrtd:ucrtbased.dll
 0002:0002009a       _strlen                    0043109a f   ucrtd:ucrtbased.dll
 0002:000200a0       ___stdio_common_vsprintf   004310a0 f   ucrtd:ucrtbased.dll
 0002:000200a6       ___stdio_common_vsnprintf_s 004310a6 f   ucrtd:ucrtbased.dll
 0002:000200ac       _malloc                    004310ac f   ucrtd:ucrtbased.dll
 0002:000200b2       __localtime64_s            004310b2 f   ucrtd:ucrtbased.dll
 0002:000200b8       __time64                   004310b8 f   ucrtd:ucrtbased.dll
 0002:000200be       _srand                     004310be f   ucrtd:ucrtbased.dll
 0002:000200c4       _rand                      004310c4 f   ucrtd:ucrtbased.dll
 0002:000200ca       _strcat                    004310ca f   ucrtd:ucrtbased.dll
 0002:000200d0       __CrtDbgReport             004310d0 f   ucrtd:ucrtbased.dll
 0002:000200d6       ___stdio_common_vsprintf_s 004310d6 f   ucrtd:ucrtbased.dll
 0002:000200dc       __seh_filter_dll           004310dc f   ucrtd:ucrtbased.dll
 0002:000200e2       __initialize_narrow_environment 004310e2 f   ucrtd:ucrtbased.dll
 0002:000200e8       __initialize_onexit_table  004310e8 f   ucrtd:ucrtbased.dll
 0002:000200ee       __register_onexit_function 004310ee f   ucrtd:ucrtbased.dll
 0002:000200f4       __execute_onexit_table     004310f4 f   ucrtd:ucrtbased.dll
 0002:000200fa       __crt_atexit               004310fa f   ucrtd:ucrtbased.dll
 0002:00020100       __crt_at_quick_exit        00431100 f   ucrtd:ucrtbased.dll
 0002:00020106       __cexit                    00431106 f   ucrtd:ucrtbased.dll
 0002:0002010c       __seh_filter_exe           0043110c f   ucrtd:ucrtbased.dll
 0002:00020112       __set_app_type             00431112 f   ucrtd:ucrtbased.dll
 0002:00020118       ___setusermatherr          00431118 f   ucrtd:ucrtbased.dll
 0002:0002011e       __configure_narrow_argv    0043111e f   ucrtd:ucrtbased.dll
 0002:00020124       __get_narrow_winmain_command_line 00431124 f   ucrtd:ucrtbased.dll
 0002:0002012a       __initterm                 0043112a f   ucrtd:ucrtbased.dll
 0002:00020130       __initterm_e               00431130 f   ucrtd:ucrtbased.dll
 0002:00020136       _exit                      00431136 f   ucrtd:ucrtbased.dll
 0002:0002013c       __exit                     0043113c f   ucrtd:ucrtbased.dll
 0002:00020142       __set_fmode                00431142 f   ucrtd:ucrtbased.dll
 0002:00020148       __c_exit                   00431148 f   ucrtd:ucrtbased.dll
 0002:0002014e       __register_thread_local_exe_atexit_callback 0043114e f   ucrtd:ucrtbased.dll
 0002:00020154       __configthreadlocale       00431154 f   ucrtd:ucrtbased.dll
 0002:0002015a       __set_new_mode             0043115a f   ucrtd:ucrtbased.dll
 0002:00020160       ___p__commode              00431160 f   ucrtd:ucrtbased.dll
 0002:00020166       _terminate                 00431166 f   ucrtd:ucrtbased.dll
 0002:0002016c       __wmakepath_s              0043116c f   ucrtd:ucrtbased.dll
 0002:00020172       __wsplitpath_s             00431172 f   ucrtd:ucrtbased.dll
 0002:00020178       __controlfp_s              00431178 f   ucrtd:ucrtbased.dll
 0002:0002017e       __invalid_parameter_noinfo 0043117e f   ucrtd:ucrtbased.dll
 0002:00020184       __errno                    00431184 f   ucrtd:ucrtbased.dll
 0002:0002018a       __recalloc                 0043118a f   ucrtd:ucrtbased.dll
 0002:00020190       ?_AfxSocketInit@@YGHPAUWSAData@@@Z 00431190 f   mfc140d:mfc140d.dll
 0002:000201a0       ?AfxInitialize@@YGHHK@Z    004311a0 f   mfcs140d:appmodul.obj
 0002:00020230       _WinMain@16                00431230 f   mfcs140d:appmodul.obj
 0002:0002025c       _OutputDebugStringW@4      0043125c f   kernel32:KERNEL32.dll
 0002:00020262       __setmbcp                  00431262 f   ucrtd:ucrtbased.dll
 0002:00020268       ?AfxGetModuleState@@YGPAVAFX_MODULE_STATE@@XZ 00431268 f   mfc140d:mfc140d.dll
 0002:0002026e       ?AfxWinMain@@YGHPAUHINSTANCE__@@0PADH@Z 0043126e f   mfc140d:mfc140d.dll
 0002:00020280       ___acrt_initialize         00431280 f   msvcrtd:ucrt_stubs.obj
[...]
 0005:000004e4       __imp_?AddToRecentFileList@CWinApp@@UAEXPBD@Z 004434e4     mfc140d:mfc140d.dll
 0005:000004e8       __imp_?InitApplication@CWinApp@@UAEHXZ 004434e8     mfc140d:mfc140d.dll
 0005:000004ec       __imp_?SaveAllModified@CWinApp@@UAEHXZ 004434ec     mfc140d:mfc140d.dll
 0005:000004f0       __imp_?DoMessageBox@CWinApp@@UAEHPBDII@Z 004434f0     mfc140d:mfc140d.dll
 0005:000004f4       __imp_?DoWaitCursor@CWinApp@@UAEXH@Z 004434f4     mfc140d:mfc140d.dll
 0005:000004f8       __imp_?OnDDECommand@CWinApp@@UAEHPAD@Z 004434f8     mfc140d:mfc140d.dll
 0005:000004fc       __imp_?WinHelpA@CWinApp@@UAEXKI@Z 004434fc     mfc140d:mfc140d.dll
 0005:00000500       __imp_?HtmlHelpA@CWinApp@@UAEXKI@Z 00443500     mfc140d:mfc140d.dll
 0005:00000504       __imp_?WinHelpInternal@CWinApp@@UAEXKI@Z 00443504     mfc140d:mfc140d.dll
 0005:00000508       __imp_?RegisterWithRestartManager@CWinApp@@UAEJHABV?$CStringT@DV?$StrTraitMFC_DLL@DV?$ChTraitsCRT@D@ATL@@@@@ATL@@@Z 00443508     mfc140d:mfc140d.dll
 0005:0000050c       __imp_?RegisterWithRestartManager@CWinApp@@UAEJPB_WKP6GKPAX@Z1KK@Z 0044350c     mfc140d:mfc140d.dll
 0005:00000510       __imp_?ApplicationRecoveryCallback@CWinApp@@UAEKPAX@Z 00443510     mfc140d:mfc140d.dll
 0005:00000514       __imp_?GetDataRecoveryHandler@CWinApp@@UAEPAVCDataRecoveryHandler@@XZ 00443514     mfc140d:mfc140d.dll
 0005:00000518       __imp_?IsTaskbarInteractionEnabled@CWinApp@@UAEHXZ 00443518     mfc140d:mfc140d.dll
 0005:0000051c       __imp_?InitInstance@CWinApp@@UAEHXZ 0044351c     mfc140d:mfc140d.dll
 0005:00000520       __imp_?ExitInstance@CWinApp@@UAEHXZ 00443520     mfc140d:mfc140d.dll
 0005:00000524       __imp_?RestartInstance@CWinApp@@UAEHXZ 00443524     mfc140d:mfc140d.dll
 0005:00000528       __imp_?Run@CWinApp@@UAEHXZ 00443528     mfc140d:mfc140d.dll
 0005:0000052c       __imp_?OnIdle@CWinApp@@UAEHJ@Z 0044352c     mfc140d:mfc140d.dll
 0005:00000530       __imp_?ProcessWndProcException@CWinApp@@UAEJPAVCException@@PBUtagMSG@@@Z 00443530     mfc140d:mfc140d.dll
 0005:00000534       __imp_?LoadAppLangResourceDLL@CWinApp@@UAEPAUHINSTANCE__@@XZ 00443534     mfc140d:mfc140d.dll
 0005:00000538       __imp_??1CWinApp@@UAE@XZ   00443538     mfc140d:mfc140d.dll
 0005:0000053c       __imp_?AssertValid@CWinApp@@UBEXXZ 0044353c     mfc140d:mfc140d.dll
 0005:00000540       __imp_?Dump@CWinApp@@UBEXAAVCDumpContext@@@Z 00443540     mfc140d:mfc140d.dll
 0005:00000544       __imp_?LoadSysPolicies@CWinApp@@UAEHXZ 00443544     mfc140d:mfc140d.dll
 0005:00000548       __imp_?AfxEnableControlContainer@@YAXPAVCOccManager@@@Z 00443548     mfc140d:mfc140d.dll
 0005:0000054c       __imp_?SetDefaultManager@CMFCVisualManager@@SGXPAUCRuntimeClass@@@Z 0044354c     mfc140d:mfc140d.dll
 0005:00000550       __imp_??0CShellManager@@QAE@XZ 00443550     mfc140d:mfc140d.dll
 0005:00000554       __imp_?GetThisClass@CMFCVisualManagerWindows@@SGPAUCRuntimeClass@@XZ 00443554     mfc140d:mfc140d.dll
 0005:00000558       __imp_?traceAppMsg@@3VCTraceCategory@ATL@@A 00443558     mfc140d:mfc140d.dll
 0005:0000055c       __imp_?IsEmpty@?$CSimpleStringT@D$00@ATL@@QBE_NXZ 0044355c     mfc140d:mfc140d.dll
 0005:00000560       __imp_??4?$CStringT@DV?$StrTraitMFC_DLL@DV?$ChTraitsCRT@D@ATL@@@@@ATL@@QAEAAV01@ABV01@@Z 00443560     mfc140d:mfc140d.dll
 0005:00000564       __imp_?LoadStringA@?$CStringT@DV?$StrTraitMFC_DLL@DV?$ChTraitsCRT@D@ATL@@@@@ATL@@QAEHI@Z 00443564     mfc140d:mfc140d.dll
 0005:00000568       __imp_??2@YAPAXIPBDH@Z     00443568     mfc140d:mfc140d.dll
 0005:0000056c       __imp_??3@YAXPAXPBDH@Z     0044356c     mfc140d:mfc140d.dll
 0005:00000570       __imp_??_U@YAPAXIPBDH@Z    00443570     mfc140d:mfc140d.dll
 0005:00000574       __imp_?GetSafeHdc@CDC@@QBEPAUHDC__@@XZ 00443574     mfc140d:mfc140d.dll
 0005:00000578       __imp_?DrawIcon@CDC@@QAEHHHPAUHICON__@@@Z 00443578     mfc140d:mfc140d.dll
 0005:0000057c       __imp_??0CPaintDC@@QAE@PAVCWnd@@@Z 0044357c     mfc140d:mfc140d.dll
 0005:00000580       __imp_??1CPaintDC@@UAE@XZ  00443580     mfc140d:mfc140d.dll
 0005:00000584       __imp_?AppendMenuA@CMenu@@QAEHIIPBD@Z 00443584     mfc140d:mfc140d.dll
 0005:00000588       __imp_?SendMessageA@CWnd@@QBEJIIJ@Z 00443588     mfc140d:mfc140d.dll
 0005:0000058c       __imp_?GetSystemMenu@CWnd@@QBEPAVCMenu@@H@Z 0044358c     mfc140d:mfc140d.dll
 0005:00000590       __imp_?IsIconic@CWnd@@QBEHXZ 00443590     mfc140d:mfc140d.dll
 0005:00000594       __imp_?GetClientRect@CWnd@@QBEXPAUtagRECT@@@Z 00443594     mfc140d:mfc140d.dll
 0005:00000598       __imp_?ShowWindow@CWnd@@QAEHH@Z 00443598     mfc140d:mfc140d.dll
 0005:0000059c       __imp_?SetDlgItemTextA@CWnd@@QAEXHPBD@Z 0044359c     mfc140d:mfc140d.dll
 0005:000005a0       __imp_?SetIcon@CWnd@@QAEPAUHICON__@@PAU2@H@Z 004435a0     mfc140d:mfc140d.dll
 0005:000005a4       __imp_?UpdateData@CWnd@@QAEHH@Z 004435a4     mfc140d:mfc140d.dll
 0005:000005a8       __imp_?OnSysCommand@CWnd@@IAEXIJ@Z 004435a8     mfc140d:mfc140d.dll
 0005:000005ac       __imp_?OnPaint@CDialog@@IAEXXZ 004435ac     mfc140d:mfc140d.dll
 0005:000005b0       __imp_?LoadIconA@CWinApp@@QBEPAUHICON__@@I@Z 004435b0     mfc140d:mfc140d.dll
 0005:000005b4       __imp_?GetRuntimeClass@CDialogEx@@UBEPAUCRuntimeClass@@XZ 004435b4     mfc140d:mfc140d.dll
 0005:000005b8       __imp_?Create@CAsyncSocket@@QAEHIHJPBD@Z 004435b8     mfc140d:mfc140d.dll
 0005:000005bc       __imp_?GetPeerName@CAsyncSocket@@QAEHAAV?$CStringT@DV?$StrTraitMFC_DLL@DV?$ChTraitsCRT@D@ATL@@@@@ATL@@AAI@Z 004435bc     mfc140d:mfc140d.dll
 0005:000005c0       __imp_?IOCtl@CAsyncSocket@@QAEHJPAK@Z 004435c0     mfc140d:mfc140d.dll
 0005:000005c4       __imp_?Listen@CAsyncSocket@@QAEHH@Z 004435c4     mfc140d:mfc140d.dll
 0005:000005c8       __imp_?EnsureStdObj@CWnd@@UAEJXZ 004435c8     mfc140d:mfc140d.dll
 0005:000005cc       __imp_?GetInterfaceMap@CWnd@@MBEPBUAFX_INTERFACEMAP@@XZ 004435cc     mfc140d:mfc140d.dll
 0005:000005d0       __imp_?OnDrawIconicThumbnailOrLivePreview@CWnd@@UAEXAAVCDC@@VCRect@@VCSize@@HAAH@Z 004435d0     mfc140d:mfc140d.dll
 0005:000005d4       __imp_?EndModalLoop@CWnd@@UAEXH@Z 004435d4     mfc140d:mfc140d.dll
 0005:000005d8       __imp_?ContinueModal@CWnd@@UAEHXZ 004435d8     mfc140d:mfc140d.dll
 0005:000005dc       __imp_?WinHelpInternal@CWnd@@UAEXKI@Z 004435dc     mfc140d:mfc140d.dll
 0005:000005e0       __imp_?HtmlHelpA@CWnd@@UAEXKI@Z 004435e0     mfc140d:mfc140d.dll
 0005:000005e4       __imp_?WinHelpA@CWnd@@UAEXKI@Z 004435e4     mfc140d:mfc140d.dll
 0005:000005e8       __imp_?GetScrollBarCtrl@CWnd@@UBEPAVCScrollBar@@H@Z 004435e8     mfc140d:mfc140d.dll
 0005:000005ec       __imp_?OnToolHitTest@CWnd@@UBEHVCPoint@@PAUtagTOOLINFOA@@@Z 004435ec     mfc140d:mfc140d.dll
 0005:000005f0       __imp_?SetMenu@CWnd@@UAEHPAVCMenu@@@Z 004435f0     mfc140d:mfc140d.dll
 0005:000005f4       __imp_?GetMenu@CWnd@@UBEPAVCMenu@@XZ 004435f4     mfc140d:mfc140d.dll
 0005:000005f8       __imp_?CalcWindowRect@CWnd@@UAEXPAUtagRECT@@I@Z 004435f8     mfc140d:mfc140d.dll
 0005:000005fc       __imp_?PreCreateWindow@CWnd@@UAEHAAUtagCREATESTRUCTA@@@Z 004435fc     mfc140d:mfc140d.dll
 0005:00000600       __imp_?DestroyWindow@CWnd@@UAEHXZ 00443600     mfc140d:mfc140d.dll
 0005:00000604       __imp_?CreateEx@CWnd@@UAEHKPBD0KABUtagRECT@@PAV1@IPAX@Z 00443604     mfc140d:mfc140d.dll
 0005:00000608       __imp_?CreateEx@CWnd@@UAEHKPBD0KHHHHPAUHWND__@@PAUHMENU__@@PAX@Z 00443608     mfc140d:mfc140d.dll
 0005:0000060c       __imp_?Create@CWnd@@UAEHPBD0KABUtagRECT@@PAV1@IPAUCCreateContext@@@Z 0044360c     mfc140d:mfc140d.dll
 0005:00000610       __imp_?PreSubclassWindow@CWnd@@UAEXXZ 00443610     mfc140d:mfc140d.dll
 0005:00000614       __imp_?GetConnectionHook@CCmdTarget@@MAEPAUIConnectionPoint@@ABU_GUID@@@Z 00443614     mfc140d:mfc140d.dll
 0005:00000618       __imp_?GetExtraConnectionPoints@CCmdTarget@@MAEHPAVCPtrArray@@@Z 00443618     mfc140d:mfc140d.dll
 0005:0000061c       __imp_?GetInterfaceHook@CCmdTarget@@UAEPAUIUnknown@@PBX@Z 0044361c     mfc140d:mfc140d.dll
 0005:00000620       __imp_?OnCreateAggregates@CCmdTarget@@UAEHXZ 00443620     mfc140d:mfc140d.dll
 0005:00000624       __imp_?GetEventSinkMap@CCmdTarget@@MBEPBUAFX_EVENTSINKMAP@@XZ 00443624     mfc140d:mfc140d.dll
 0005:00000628       __imp_?GetConnectionMap@CCmdTarget@@MBEPBUAFX_CONNECTIONMAP@@XZ 00443628     mfc140d:mfc140d.dll
 0005:0000062c       __imp_?GetDispatchMap@CCmdTarget@@MBEPBUAFX_DISPMAP@@XZ 0044362c     mfc140d:mfc140d.dll
 0005:00000630       __imp_?GetCommandMap@CCmdTarget@@MBEPBUAFX_OLECMDMAP@@XZ 00443630     mfc140d:mfc140d.dll
 0005:00000634       __imp_?GetTypeLib@CCmdTarget@@UAEJKPAPAUITypeLib@@@Z 00443634     mfc140d:mfc140d.dll
 0005:00000638       __imp_?GetTypeLibCache@CCmdTarget@@UAEPAVCTypeLibCache@@XZ 00443638     mfc140d:mfc140d.dll
 0005:0000063c       __imp_?GetTypeInfoCount@CCmdTarget@@UAEIXZ 0044363c     mfc140d:mfc140d.dll
 0005:00000640       __imp_?GetDispatchIID@CCmdTarget@@UAEHPAU_GUID@@@Z 00443640     mfc140d:mfc140d.dll
 0005:00000644       __imp_?IsInvokeAllowed@CCmdTarget@@UAEHJ@Z 00443644     mfc140d:mfc140d.dll
 0005:00000648       __imp_?DDX_Control@@YGXPAVCDataExchange@@HAAVCWnd@@@Z 00443648     mfc140d:mfc140d.dll
 0005:0000064c       __imp_??1CBrush@@UAE@XZ    0044364c     mfc140d:mfc140d.dll
 0005:00000650       __imp_?GetManager@?$CStringT@DV?$StrTraitMFC_DLL@DV?$ChTraitsCRT@D@ATL@@@@@ATL@@QBEPAUIAtlStringMgr@2@XZ 00443650     mfc140d:mfc140d.dll
 0005:00000654       __imp_??Y?$CStringT@DV?$StrTraitMFC_DLL@DV?$ChTraitsCRT@D@ATL@@@@@ATL@@QAEAAV01@D@Z 00443654     mfc140d:mfc140d.dll
 0005:00000658       __imp_??4?$CStringT@DV?$StrTraitMFC_DLL@DV?$ChTraitsCRT@D@ATL@@@@@ATL@@QAEAAV01@PBD@Z 00443658     mfc140d:mfc140d.dll
 0005:0000065c       __imp_??1?$CStringT@DV?$StrTraitMFC_DLL@DV?$ChTraitsCRT@D@ATL@@@@@ATL@@QAE@XZ 0044365c     mfc140d:mfc140d.dll
 0005:00000660       __imp_??0?$CStringT@DV?$StrTraitMFC_DLL@DV?$ChTraitsCRT@D@ATL@@@@@ATL@@QAE@PBD@Z 00443660     mfc140d:mfc140d.dll
 0005:00000664       __imp_??0?$CStringT@DV?$StrTraitMFC_DLL@DV?$ChTraitsCRT@D@ATL@@@@@ATL@@QAE@ABV01@@Z 00443664     mfc140d:mfc140d.dll
 0005:00000668       __imp_??0?$CStringT@DV?$StrTraitMFC_DLL@DV?$ChTraitsCRT@D@ATL@@@@@ATL@@QAE@PAUIAtlStringMgr@1@@Z 00443668     mfc140d:mfc140d.dll
 0005:0000066c       __imp_??0?$CStringT@DV?$StrTraitMFC_DLL@DV?$ChTraitsCRT@D@ATL@@@@@ATL@@QAE@XZ 0044366c     mfc140d:mfc140d.dll
 0005:00000670       __imp_?Concatenate@?$CSimpleStringT@D$00@ATL@@KAXAAV12@PBDH1H@Z 00443670     mfc140d:mfc140d.dll
 0005:00000674       __imp_?StringLength@?$CSimpleStringT@D$00@ATL@@SAHPBD@Z 00443674     mfc140d:mfc140d.dll
 0005:00000678       __imp_?ReleaseBuffer@?$CSimpleStringT@D$00@ATL@@QAEXH@Z 00443678     mfc140d:mfc140d.dll
 0005:0000067c       __imp_?GetLength@?$CSimpleStringT@D$00@ATL@@QBEHXZ 0044367c     mfc140d:mfc140d.dll
 0005:00000680       __imp_?GetBuffer@?$CSimpleStringT@D$00@ATL@@QAEPADH@Z 00443680     mfc140d:mfc140d.dll
 0005:00000684       __imp_?Empty@?$CSimpleStringT@D$00@ATL@@QAEXXZ 00443684     mfc140d:mfc140d.dll
 0005:00000688       __imp_??B?$CSimpleStringT@D$00@ATL@@QBEPBDXZ 00443688     mfc140d:mfc140d.dll
 0005:0000068c       __imp_??2@YAPAXI@Z         0044368c     mfc140d:mfc140d.dll
 0005:00000690       __imp_?GetThisMessageMap@CDialogEx@@KGPBUAFX_MSGMAP@@XZ 00443690     mfc140d:mfc140d.dll
 0005:00000694       __imp_?SendToHelper@CAsyncSocket@@MAEHPBXHPBUsockaddr@@HH@Z 00443694     mfc140d:mfc140d.dll
 0005:00000698       __imp_?ReceiveFromHelper@CAsyncSocket@@MAEHPAXHPAUsockaddr@@PAHH@Z 00443698     mfc140d:mfc140d.dll
 0005:0000069c       __imp_?ConnectHelper@CAsyncSocket@@MAEHPBUsockaddr@@H@Z 0044369c     mfc140d:mfc140d.dll
 0005:000006a0       __imp_?Dump@CAsyncSocket@@UBEXAAVCDumpContext@@@Z 004436a0     mfc140d:mfc140d.dll
 0005:000006a4       __imp_?AssertValid@CAsyncSocket@@UBEXXZ 004436a4     mfc140d:mfc140d.dll
 0005:000006a8       __imp_??1CAsyncSocket@@UAE@XZ 004436a8     mfc140d:mfc140d.dll
 0005:000006ac       __imp_?OnClose@CAsyncSocket@@MAEXH@Z 004436ac     mfc140d:mfc140d.dll
 0005:000006b0       __imp_?OnConnect@CAsyncSocket@@MAEXH@Z 004436b0     mfc140d:mfc140d.dll
 0005:000006b4       __imp_?OnAccept@CAsyncSocket@@MAEXH@Z 004436b4     mfc140d:mfc140d.dll
 0005:000006b8       __imp_?OnOutOfBandData@CAsyncSocket@@MAEXH@Z 004436b8     mfc140d:mfc140d.dll
 0005:000006bc       __imp_?AfxGetModuleState@@YGPAVAFX_MODULE_STATE@@XZ 004436bc     mfc140d:mfc140d.dll
 0005:000006c0       __imp_?OnSend@CAsyncSocket@@MAEXH@Z 004436c0     mfc140d:mfc140d.dll
 0005:000006c4       __imp_?_AfxSocketInit@@YGHPAUWSAData@@@Z 004436c4     mfc140d:mfc140d.dll
 0005:000006c8       __imp_?OnReceive@CAsyncSocket@@MAEXH@Z 004436c8     mfc140d:mfc140d.dll
 0005:000006cc       __imp_?Send@CAsyncSocket@@UAEHPBXHH@Z 004436cc     mfc140d:mfc140d.dll
 0005:000006d0       __imp_?Receive@CAsyncSocket@@UAEHPAXHH@Z 004436d0     mfc140d:mfc140d.dll
 0005:000006d4       __imp_?Close@CAsyncSocket@@UAEXXZ 004436d4     mfc140d:mfc140d.dll
 0005:000006d8       __imp_?Accept@CAsyncSocket@@UAEHAAV1@PAUsockaddr@@PAH@Z 004436d8     mfc140d:mfc140d.dll
 0005:000006dc       __imp_??0CAsyncSocket@@QAE@XZ 004436dc     mfc140d:mfc140d.dll
 0005:000006e0       __imp_?GetRuntimeClass@CAsyncSocket@@UBEPAUCRuntimeClass@@XZ 004436e0     mfc140d:mfc140d.dll
 0005:000006e4       __imp_?AfxGetApp@@YGPAVCWinApp@@XZ 004436e4     mfc140d:mfc140d.dll
 0005:000006e8       __imp_?Serialize@CObject@@UAEXAAVCArchive@@@Z 004436e8     mfc140d:mfc140d.dll
 0005:000006ec       __imp_??3CObject@@SGXPAX@Z 004436ec     mfc140d:mfc140d.dll
 0005:000006f0       __imp_??3@YAXPAX@Z         004436f0     mfc140d:mfc140d.dll
 0005:000006f4       __imp_?EnableWindow@CWnd@@QAEHH@Z 004436f4     mfc140d:mfc140d.dll
 0005:000006f8       __imp_?AfxWinMain@@YGHPAUHINSTANCE__@@0PADH@Z 004436f8     mfc140d:mfc140d.dll
 0005:000006fc       \177mfc140d_NULL_THUNK_DATA 004436fc     mfc140d:mfc140d.dll
 0005:000007f8       __imp___setmbcp            004437f8     ucrtd:ucrtbased.dll
 0005:000007fc       __imp___recalloc           004437fc     ucrtd:ucrtbased.dll
 0005:00000800       __imp___errno              00443800     ucrtd:ucrtbased.dll
 0005:00000804       __imp__free                00443804     ucrtd:ucrtbased.dll
 0005:00000808       __imp__wcscpy_s            00443808     ucrtd:ucrtbased.dll
 0005:0000080c       __imp____stdio_common_vswprintf_s 0044380c     ucrtd:ucrtbased.dll
 0005:00000810       __imp__atoi                00443810     ucrtd:ucrtbased.dll
 0005:00000814       __imp___CrtDbgReportW      00443814     ucrtd:ucrtbased.dll
 0005:00000818       __imp__wcslen              00443818     ucrtd:ucrtbased.dll
 0005:0000081c       __imp__strlen              0044381c     ucrtd:ucrtbased.dll
 0005:00000820       __imp____stdio_common_vsprintf 00443820     ucrtd:ucrtbased.dll
 0005:00000824       __imp____stdio_common_vsnprintf_s 00443824     ucrtd:ucrtbased.dll
 0005:00000828       __imp__malloc              00443828     ucrtd:ucrtbased.dll
 0005:0000082c       __imp___localtime64_s      0044382c     ucrtd:ucrtbased.dll
 0005:00000830       __imp___time64             00443830     ucrtd:ucrtbased.dll
 0005:00000834       __imp__srand               00443834     ucrtd:ucrtbased.dll
 0005:00000838       __imp__rand                00443838     ucrtd:ucrtbased.dll
 0005:0000083c       __imp__strcat              0044383c     ucrtd:ucrtbased.dll
 0005:00000840       __imp___CrtDbgReport       00443840     ucrtd:ucrtbased.dll
 0005:00000844       __imp____stdio_common_vsprintf_s 00443844     ucrtd:ucrtbased.dll
 0005:00000848       __imp___seh_filter_dll     00443848     ucrtd:ucrtbased.dll
 0005:0000084c       __imp___initialize_narrow_environment 0044384c     ucrtd:ucrtbased.dll
 0005:00000850       __imp___initialize_onexit_table 00443850     ucrtd:ucrtbased.dll
 0005:00000854       __imp___register_onexit_function 00443854     ucrtd:ucrtbased.dll
 0005:00000858       __imp___execute_onexit_table 00443858     ucrtd:ucrtbased.dll
 0005:0000085c       __imp___crt_atexit         0044385c     ucrtd:ucrtbased.dll
 0005:00000860       __imp___crt_at_quick_exit  00443860     ucrtd:ucrtbased.dll
 0005:00000864       __imp___cexit              00443864     ucrtd:ucrtbased.dll
 0005:00000868       __imp___seh_filter_exe     00443868     ucrtd:ucrtbased.dll
 0005:0000086c       __imp___set_app_type       0044386c     ucrtd:ucrtbased.dll
 0005:00000870       __imp____setusermatherr    00443870     ucrtd:ucrtbased.dll
 0005:00000874       __imp___configure_narrow_argv 00443874     ucrtd:ucrtbased.dll
 0005:00000878       __imp___get_narrow_winmain_command_line 00443878     ucrtd:ucrtbased.dll
 0005:0000087c       __imp___initterm           0044387c     ucrtd:ucrtbased.dll
 0005:00000880       __imp___initterm_e         00443880     ucrtd:ucrtbased.dll
 0005:00000884       __imp__exit                00443884     ucrtd:ucrtbased.dll
 0005:00000888       __imp___exit               00443888     ucrtd:ucrtbased.dll
 0005:0000088c       __imp___set_fmode          0044388c     ucrtd:ucrtbased.dll
 0005:00000890       __imp___c_exit             00443890     ucrtd:ucrtbased.dll
 0005:00000894       __imp___register_thread_local_exe_atexit_callback 00443894     ucrtd:ucrtbased.dll
 0005:00000898       __imp___configthreadlocale 00443898     ucrtd:ucrtbased.dll
 0005:0000089c       __imp___set_new_mode       0044389c     ucrtd:ucrtbased.dll
 0005:000008a0       __imp____p__commode        004438a0     ucrtd:ucrtbased.dll
 0005:000008a4       __imp__terminate           004438a4     ucrtd:ucrtbased.dll
 0005:000008a8       __imp___wmakepath_s        004438a8     ucrtd:ucrtbased.dll
 0005:000008ac       __imp___wsplitpath_s       004438ac     ucrtd:ucrtbased.dll
 0005:000008b0       __imp___controlfp_s        004438b0     ucrtd:ucrtbased.dll
 0005:000008b4       __imp___invalid_parameter_noinfo 004438b4     ucrtd:ucrtbased.dll
 0005:000008b8       \177ucrtbased_NULL_THUNK_DATA 004438b8     ucrtd:ucrtbased.dll
 0005:00000908       __imp__pcap_compile        00443908     wpcap:wpcap.dll
 0005:0000090c       __imp__pcap_findalldevs    0044390c     wpcap:wpcap.dll
 0005:00000910       __imp__pcap_next_ex        00443910     wpcap:wpcap.dll
 0005:00000914       __imp__pcap_close          00443914     wpcap:wpcap.dll
 0005:00000918       __imp__pcap_freealldevs    00443918     wpcap:wpcap.dll
 0005:0000091c       __imp__pcap_open_live      0044391c     wpcap:wpcap.dll
 0005:00000920       __imp__pcap_setfilter      00443920     wpcap:wpcap.dll
 0005:00000924       \177wpcap_NULL_THUNK_DATA  00443924     wpcap:wpcap.dll
 0005:00000954       __IMPORT_DESCRIPTOR_libmysql 00443954     libmysql:libmysql.dll
 0005:00000968       __IMPORT_DESCRIPTOR_mfc140d 00443968     mfc140d:mfc140d.dll
 0005:0000097c       __IMPORT_DESCRIPTOR_KERNEL32 0044397c     kernel32:KERNEL32.dll
 0005:00000990       __IMPORT_DESCRIPTOR_USER32 00443990     user32:USER32.dll
 0005:000009a4       __IMPORT_DESCRIPTOR_GDI32  004439a4     gdi32:GDI32.dll
 0005:000009b8       __IMPORT_DESCRIPTOR_COMCTL32 004439b8     comctl32:COMCTL32.dll
 0005:000009cc       __IMPORT_DESCRIPTOR_OLEAUT32 004439cc     oleaut32:OLEAUT32.dll
 0005:000009e0       __IMPORT_DESCRIPTOR_gdiplus 004439e0     gdiplus:gdiplus.dll
 0005:000009f4       __IMPORT_DESCRIPTOR_WS2_32 004439f4     ws2_32:WS2_32.dll
 0005:00000a08       __IMPORT_DESCRIPTOR_wpcap  00443a08     wpcap:wpcap.dll
 0005:00000a1c       __IMPORT_DESCRIPTOR_VCRUNTIME140D 00443a1c     vcruntimed:VCRUNTIME140D.dll
 0005:00000a30       __IMPORT_DESCRIPTOR_ucrtbased 00443a30     ucrtd:ucrtbased.dll
 0005:00000a44       __NULL_IMPORT_DESCRIPTOR   00443a44     libmysql:libmysql.dll
 0007:00000000       __tls_start                00446000     msvcrtd:tlssup.obj
 0007:00000104       __Init_thread_epoch        00446104     msvcrtd:thread_safe_statics.obj
 0007:00000208       __tls_end                  00446208     msvcrtd:tlssup.obj
 0008:00000000       ___guard_check_icall_fptr  00447000     msvcrtd:guard_support.obj
