 TestServer

 Timestamp is 59b7ad5c (Tue Sep 12 18:48:12 2017)

 Preferred load address is 00400000

 Start         Length     Name                   Class
 0001:00000000 00010000H .textbss                DATA
 0002:00000000 0000459aH .text$di                CODE
 0002:000045a0 00018a18H .text$mn                CODE
 0002:0001cfc0 00001984H .text$x                 CODE
 0002:0001e950 00001352H .text$yd                CODE
 0003:00000000 00000104H .CRT$XCA                DATA
 0003:00000104 00000104H .CRT$XCAA               DATA
 0003:00000208 00000109H .CRT$XCL                DATA
 0003:00000314 00000186H .CRT$XCU                DATA
 0003:0000049c 00000104H .CRT$XCZ                DATA
 0003:000005a0 00000104H .CRT$XIA                DATA
 0003:000006a4 00000104H .CRT$XIAA               DATA
 0003:000007a8 00000104H .CRT$XIAC               DATA
 0003:000008ac 00000104H .CRT$XIC                DATA
 0003:000009b0 00000104H .CRT$XIZ                DATA
 0003:00000ab4 00000004H .CRT$XLA                DATA
 0003:00000ab8 00000004H .CRT$XLZ                DATA
 0003:00000abc 00000104H .CRT$XPA                DATA
 0003:00000bc0 00000104H .CRT$XPZ                DATA
 0003:00000cc4 00000104H .CRT$XTA                DATA
 0003:00000dc8 00000104H .CRT$XTZ                DATA
 0003:00000ed0 0000571fH .rdata                  DATA
 0003:000065f0 0000011cH .rdata$T                DATA
 0003:0000670c 00000778H .rdata$r                DATA
 0003:00006e84 00000181H .rdata$zzzdbg           DATA
 0003:00007008 00000104H .rtc$IAA                DATA
 0003:0000710c 00000139H .rtc$IMZ                DATA
 0003:00007248 00000104H .rtc$IZZ                DATA
 0003:0000734c 00000104H .rtc$TAA                DATA
 0003:00007450 00000139H .rtc$TMZ                DATA
 0003:0000758c 00000104H .rtc$TZZ                DATA
 0003:00007690 00000821H .xdata$x                DATA
 0003:00007eb4 00000104H ATL$__a                 DATA
 0003:00007fb8 00000104H ATL$__z                 DATA
 0003:000080bc 00000000H .edata                  DATA
 0004:00000000 000003daH .data                   DATA
 0004:000003dc 0000036bH .data$r                 DATA
 0004:00000748 00002ec0H .bss                    DATA
 0005:00000000 000008ccH .idata$5                DATA
 0005:000008cc 000000dcH .idata$2                DATA
 0005:000009a8 00000014H .idata$3                DATA
 0005:000009bc 000008ccH .idata$4                DATA
 0005:00001288 00000b33H .idata$6                DATA
 0006:00000000 00000149H .gfids$y                DATA
 0007:00000000 00000101H .tls                    DATA
 0007:00000104 00000104H .tls$                   DATA
 0007:00000208 00000101H .tls$ZZZ                DATA
 0008:00000000 00000104H .00cfg                  DATA
 0009:00000000 000006fbH .rsrc$01                DATA
 0009:00000700 00014a06H .rsrc$02                DATA

  Address         Publics by Value              Rva+Base       Lib:Object

 0000:00000000       ___guard_iat_count         00000000     <absolute>
 0000:00000000       ___safe_se_handler_count   00000000     <absolute>
 0000:00000000       ___guard_fids_table        00000000     <absolute>
 0000:00000000       ___guard_longjmp_table     00000000     <absolute>
 0000:00000000       ___guard_iat_table         00000000     <absolute>
 0000:00000000       ___guard_fids_count        00000000     <absolute>
 0000:00000000       ___safe_se_handler_table   00000000     <absolute>
 0000:00000000       ___guard_longjmp_count     00000000     <absolute>
 0000:0000002c       __tls_array                0000002c     <absolute>
 0000:00000100       ___guard_flags             00000100     <absolute>
 0000:00000000       ___ImageBase               00400000     <linker-defined>
 0001:00000000       __enc$textbss$begin        00401000     <linker-defined>
 0001:00010000       __enc$textbss$end          00411000     <linker-defined>
 0002:000045a0       ??$__vcrt_va_start_verify_argument_type@QB_W@@YAXXZ 004155a0 f i AES.obj
 0002:000045d0       ??0?$CTraceCategoryEx@$0CAAA@$0A@@ATL@@QAE@PBD@Z 004155d0 f i AES.obj
 0002:00004630       ??0AES@@QAE@XZ             00415630 f   AES.obj
 0002:00004670       ??1AES@@QAE@XZ             00415670 f   AES.obj
 0002:000046b0       ?AddRoundKey@AES@@QAEXQAY03E0@Z 004156b0 f   AES.obj
 0002:00004770       ?Decrypt@AES@@QAEXPADQAY03E1@Z 00415770 f   AES.obj
 0002:00004ad0       ?Encrypt@AES@@QAE?AV?$CStringT@DV?$StrTraitMFC_DLL@DV?$ChTraitsCRT@D@ATL@@@@@ATL@@QAY03E@Z 00415ad0 f   AES.obj
 0002:00004e30       ?FreeFunc@AES@@QAEXPAD@Z   00415e30 f   AES.obj
 0002:00004ea0       ?Inv_AddRoundKey@AES@@QAEXQAY03E0@Z 00415ea0 f   AES.obj
 0002:00004f60       ?Inv_KeySchedule@AES@@QAEXQAY03EQAY0BA@EH@Z 00415f60 f   AES.obj
 0002:000052f0       ?Inv_MixColumns@AES@@QAEXQAY03E@Z 004162f0 f   AES.obj
 0002:00008f70       ?Inv_ShiftRows@AES@@QAEXQAY03E@Z 00419f70 f   AES.obj
 0002:00009080       ?Inv_SubBytes@AES@@QAEXQAY03EQAY0BA@E@Z 0041a080 f   AES.obj
 0002:00009160       ?KeySchedule@AES@@QAEXQAY03EQAY0BA@EH@Z 0041a160 f   AES.obj
 0002:000094f0       ?MixColumns@AES@@QAEXQAY03E@Z 0041a4f0 f   AES.obj
 0002:00009830       ?RegisterCategory@CTrace@ATL@@SAXPBDI@Z 0041a830 f i AES.obj
 0002:000099d0       ?ShiftRows@AES@@QAEXQAY03E@Z 0041a9d0 f   AES.obj
 0002:00009ae0       ?SubBytes@AES@@QAEXQAY03EQAY0BA@E@Z 0041aae0 f   AES.obj
 0002:00009bc0       ?__empty_global_delete@@YAXPAX@Z 0041abc0 f i AES.obj
 0002:00009bf0       ?__empty_global_delete@@YAXPAXI@Z 0041abf0 f i AES.obj
 0002:00009bf0       ?__global_delete@@YAXPAXI@Z 0041abf0 f i AES.obj
 0002:00009c20       ___local_stdio_printf_options 0041ac20 f i AES.obj
 0002:00009c60       __vswprintf_s_l            0041ac60 f i AES.obj
 0002:00009d10       _swprintf_s                0041ad10 f i AES.obj
 0002:00009d90       ??0ClientSock@@QAE@XZ      0041ad90 f   ClientSock.obj
 0002:00009df0       ??1ClientSock@@UAE@XZ      0041adf0 f   ClientSock.obj
 0002:00009e50       ??_EClientSock@@UAEPAXI@Z  0041ae50 f i ClientSock.obj
 0002:00009e50       ??_GClientSock@@UAEPAXI@Z  0041ae50 f i ClientSock.obj
 0002:00009ee0       ?OnReceive@ClientSock@@UAEXH@Z 0041aee0 f   ClientSock.obj
 0002:00009f60       ?OnBnClickedDb@CDB_Check@@QAEXXZ 0041af60 f   DB_Check.obj
 0002:0000a050       ?OnCbnSelchangeDbdate@CDB_Check@@QAEXXZ 0041b050 f   DB_Check.obj
 0002:0000a140       ??0?$CTraceCategoryEx@$0CAAAA@$0A@@ATL@@QAE@PBD@Z 0041b140 f i DB_Check.obj
 0002:0000a1a0       ??0CDB_Check@@QAE@PAVCWnd@@@Z 0041b1a0 f   DB_Check.obj
 0002:0000a360       ??1CDB_Check@@UAE@XZ       0041b360 f   DB_Check.obj
 0002:0000a460       ??1CDialogEx@@UAE@XZ       0041b460 f i DB_Check.obj
 0002:0000a4e0       ??HATL@@YA?AV?$CStringT@DV?$StrTraitMFC_DLL@DV?$ChTraitsCRT@D@ATL@@@@@0@ABV10@PBD@Z 0041b4e0 f i DB_Check.obj
 0002:0000a6a0       ??HATL@@YA?AV?$CStringT@DV?$StrTraitMFC_DLL@DV?$ChTraitsCRT@D@ATL@@@@@0@PBDABV10@@Z 0041b6a0 f i DB_Check.obj
 0002:0000a860       ??_G?$CStringT@DV?$StrTraitMFC_DLL@DV?$ChTraitsCRT@D@ATL@@@@@ATL@@QAEPAXI@Z 0041b860 f i DB_Check.obj
 0002:0000a8e0       ??_GCDB_Check@@UAEPAXI@Z   0041b8e0 f i DB_Check.obj
 0002:0000a8e0       ??_ECDB_Check@@UAEPAXI@Z   0041b8e0 f i DB_Check.obj
 0002:0000a970       ?DestroyTherad2@CDB_Check@@QAE_NXZ 0041b970 f   DB_Check.obj
 0002:0000aa90       ?DestroyTherad@CDB_Check@@QAE_NXZ 0041ba90 f   DB_Check.obj
 0002:0000abb0       ?DoDataExchange@CDB_Check@@MAEXPAVCDataExchange@@@Z 0041bbb0 f   DB_Check.obj
 0002:0000ac40       ?GetMessageMap@CDB_Check@@MBEPBUAFX_MSGMAP@@XZ 0041bc40 f   DB_Check.obj
 0002:0000ac90       ?GetRuntimeClass@CDB_Check@@UBEPAUCRuntimeClass@@XZ 0041bc90 f   DB_Check.obj
 0002:0000acd0       ?GetThisClass@CDB_Check@@SGPAUCRuntimeClass@@XZ 0041bcd0 f   DB_Check.obj
 0002:0000ad10       ?GetThisMessageMap@CDB_Check@@KGPBUAFX_MSGMAP@@XZ 0041bd10 f   DB_Check.obj
 0002:0000ad50       ?OnInitDialog@CDB_Check@@UAEHXZ 0041bd50 f   DB_Check.obj
 0002:0000b0b0       ?ThreadFirst@CDB_Check@@SAIPAX@Z 0041c0b0 f   DB_Check.obj
 0002:0000b110       ?ThreadFunc2@CDB_Check@@QAEXXZ 0041c110 f   DB_Check.obj
 0002:0000c440       ?ThreadFunc@CDB_Check@@QAEXXZ 0041d440 f   DB_Check.obj
 0002:0000d880       ?ThreadSecond@CDB_Check@@SAIPAX@Z 0041e880 f   DB_Check.obj
 0002:0000d8e0       ?_GetBaseClass@CDB_Check@@KGPAUCRuntimeClass@@XZ 0041e8e0 f   DB_Check.obj
 0002:0000d930       ??0RSA_CODE@@QAE@XZ        0041e930 f   RSA_CODE.obj
 0002:0000d970       ??1RSA_CODE@@QAE@XZ        0041e970 f   RSA_CODE.obj
 0002:0000d9b0       ?Create_Primes@RSA_CODE@@QAEHXZ 0041e9b0 f   RSA_CODE.obj
 0002:0000db20       ?Decrypt@RSA_CODE@@QAEXPAHQAH@Z 0041eb20 f   RSA_CODE.obj
 0002:0000dc70       ?Encrypt@RSA_CODE@@QAEHH@Z 0041ec70 f   RSA_CODE.obj
 0002:0000dd40       ?FreeFunc@RSA_CODE@@QAEXPAH@Z 0041ed40 f   RSA_CODE.obj
 0002:0000ddb0       ?Is_Primes@RSA_CODE@@QAE_NH@Z 0041edb0 f   RSA_CODE.obj
 0002:0000de40       ?Select_d@RSA_CODE@@QAEHHH@Z 0041ee40 f   RSA_CODE.obj
 0002:0000dec0       ?Select_e@RSA_CODE@@QAEHH@Z 0041eec0 f   RSA_CODE.obj
 0002:0000e100       ??0ServerSock@@QAE@XZ      0041f100 f   ServerSock.obj
 0002:0000e160       ??1ServerSock@@UAE@XZ      0041f160 f   ServerSock.obj
 0002:0000e1c0       ??_GServerSock@@UAEPAXI@Z  0041f1c0 f i ServerSock.obj
 0002:0000e1c0       ??_EServerSock@@UAEPAXI@Z  0041f1c0 f i ServerSock.obj
 0002:0000e250       ?OnAccept@ServerSock@@UAEXH@Z 0041f250 f   ServerSock.obj
 0002:0000e2c0       ?_AfxInitManaged@@YAHXZ    0041f2c0 f i stdafx.obj
 0002:0000e2f0       ??$AtlAdd@H@ATL@@YAJPAHHH@Z 0041f2f0 f i stdafx.obj
 0002:0000e370       ??$AtlAdd@I@ATL@@YAJPAIII@Z 0041f370 f i stdafx.obj
 0002:0000e3e0       ??$AtlAdd@K@ATL@@YAJPAKKK@Z 0041f3e0 f i stdafx.obj
 0002:0000e450       ??$AtlAlignUp@H@ATL@@YGHHK@Z 0041f450 f i stdafx.obj
 0002:0000e4a0       ??$AtlMultiply@I@ATL@@YAJPAIII@Z 0041f4a0 f i stdafx.obj
 0002:0000e520       ??$AtlMultiply@K@ATL@@YAJPAKKK@Z 0041f520 f i stdafx.obj
 0002:0000e5a0       ??$__vcrt_va_start_verify_argument_type@PBD@@YAXXZ 0041f5a0 f i stdafx.obj
 0002:0000e5d0       ??0?$CHeapPtr@DVCCRTAllocator@ATL@@@ATL@@QAE@XZ 0041f5d0 f i stdafx.obj
 0002:0000e630       ??0?$CHeapPtr@_WVCCRTAllocator@ATL@@@ATL@@QAE@XZ 0041f630 f i stdafx.obj
 0002:0000e690       ??0?$CHeapPtrBase@DVCCRTAllocator@ATL@@@ATL@@IAE@XZ 0041f690 f i stdafx.obj
 0002:0000e6e0       ??0?$CHeapPtrBase@_WVCCRTAllocator@ATL@@@ATL@@IAE@XZ 0041f6e0 f i stdafx.obj
 0002:0000e730       ??0?$CSimpleArray@GV?$CSimpleArrayEqualHelper@G@ATL@@@ATL@@QAE@XZ 0041f730 f i stdafx.obj
 0002:0000e790       ??0?$CTraceCategoryEx@$00$0A@@ATL@@QAE@PBD@Z 0041f790 f i stdafx.obj
 0002:0000e7f0       ??0?$CTraceCategoryEx@$01$0A@@ATL@@QAE@PBD@Z 0041f7f0 f i stdafx.obj
 0002:0000e850       ??0?$CTraceCategoryEx@$03$0A@@ATL@@QAE@PBD@Z 0041f850 f i stdafx.obj
 0002:0000e8b0       ??0?$CTraceCategoryEx@$07$0A@@ATL@@QAE@PBD@Z 0041f8b0 f i stdafx.obj
 0002:0000e910       ??0?$CTraceCategoryEx@$0BA@$0A@@ATL@@QAE@PBD@Z 0041f910 f i stdafx.obj
 0002:0000e970       ??0?$CTraceCategoryEx@$0BAA@$0A@@ATL@@QAE@PBD@Z 0041f970 f i stdafx.obj
 0002:0000e9d0       ??0?$CTraceCategoryEx@$0BAAA@$0A@@ATL@@QAE@PBD@Z 0041f9d0 f i stdafx.obj
 0002:0000ea30       ??0?$CTraceCategoryEx@$0BAAAA@$0A@@ATL@@QAE@PBD@Z 0041fa30 f i stdafx.obj
 0002:0000ea90       ??0?$CTraceCategoryEx@$0BAAAAA@$0A@@ATL@@QAE@PBD@Z 0041fa90 f i stdafx.obj
 0002:0000eaf0       ??0?$CTraceCategoryEx@$0CA@$0A@@ATL@@QAE@PBD@Z 0041faf0 f i stdafx.obj
 0002:0000eb50       ??0?$CTraceCategoryEx@$0CAA@$0A@@ATL@@QAE@PBD@Z 0041fb50 f i stdafx.obj
 0002:0000ebb0       ??0?$CTraceCategoryEx@$0CAAAAA@$0A@@ATL@@QAE@PBD@Z 0041fbb0 f i stdafx.obj
 0002:0000ec10       ??0?$CTraceCategoryEx@$0EA@$0A@@ATL@@QAE@PBD@Z 0041fc10 f i stdafx.obj
 0002:0000ec70       ??0?$CTraceCategoryEx@$0EAA@$0A@@ATL@@QAE@PBD@Z 0041fc70 f i stdafx.obj
 0002:0000ecd0       ??0?$CTraceCategoryEx@$0EAAA@$0A@@ATL@@QAE@PBD@Z 0041fcd0 f i stdafx.obj
 0002:0000ed30       ??0?$CTraceCategoryEx@$0EAAAA@$0A@@ATL@@QAE@PBD@Z 0041fd30 f i stdafx.obj
 0002:0000ed90       ??0?$CTraceCategoryEx@$0EAAAAA@$0A@@ATL@@QAE@PBD@Z 0041fd90 f i stdafx.obj
 0002:0000edf0       ??0?$CTraceCategoryEx@$0IA@$0A@@ATL@@QAE@PBD@Z 0041fdf0 f i stdafx.obj
 0002:0000ee50       ??0?$CTraceCategoryEx@$0IAA@$0A@@ATL@@QAE@PBD@Z 0041fe50 f i stdafx.obj
 0002:0000eeb0       ??0?$CTraceCategoryEx@$0IAAA@$0A@@ATL@@QAE@PBD@Z 0041feb0 f i stdafx.obj
 0002:0000ef10       ??0?$CTraceCategoryEx@$0IAAAA@$0A@@ATL@@QAE@PBD@Z 0041ff10 f i stdafx.obj
 0002:0000ef70       ??0CAtlComModule@ATL@@QAE@XZ 0041ff70 f i stdafx.obj
 0002:0000f0a0       ??0CAtlStringMgr@ATL@@QAE@PAUIAtlMemMgr@1@@Z 004200a0 f i stdafx.obj
 0002:0000f130       ??0CAtlWinModule@ATL@@QAE@XZ 00420130 f i stdafx.obj
 0002:0000f200       ??0CComCriticalSection@ATL@@QAE@XZ 00420200 f i stdafx.obj
 0002:0000f260       ??0CDCCache@CImage@ATL@@QAE@XZ 00420260 f i stdafx.obj
 0002:0000f2d0       ??0CInitGDIPlus@CImage@ATL@@QAE@XZ 004202d0 f i stdafx.obj
 0002:0000f380       ??0CNilStringData@ATL@@QAE@XZ 00420380 f i stdafx.obj
 0002:0000f420       ??0CPreserveLastError@ATL@@QAE@XZ 00420420 f i stdafx.obj
 0002:0000f490       ??0CTraceFileAndLineInfo@ATL@@QAE@PBDH@Z 00420490 f i stdafx.obj
 0002:0000f4e0       ??0CWin32Heap@ATL@@QAE@PAX@Z 004204e0 f i stdafx.obj
 0002:0000f590       ??0_ATL_COM_MODULE70@ATL@@QAE@XZ 00420590 f i stdafx.obj
 0002:0000f5f0       ??0_ATL_WIN_MODULE70@ATL@@QAE@XZ 004205f0 f i stdafx.obj
 0002:0000f6a0       ??1?$CHeapPtr@DVCCRTAllocator@ATL@@@ATL@@QAE@XZ 004206a0 f i stdafx.obj
 0002:0000f6f0       ??1?$CHeapPtr@_WVCCRTAllocator@ATL@@@ATL@@QAE@XZ 004206f0 f i stdafx.obj
 0002:0000f740       ??1?$CHeapPtrBase@DVCCRTAllocator@ATL@@@ATL@@QAE@XZ 00420740 f i stdafx.obj
 0002:0000f790       ??1?$CHeapPtrBase@_WVCCRTAllocator@ATL@@@ATL@@QAE@XZ 00420790 f i stdafx.obj
 0002:0000f7e0       ??1?$CSimpleArray@GV?$CSimpleArrayEqualHelper@G@ATL@@@ATL@@QAE@XZ 004207e0 f i stdafx.obj
 0002:0000f870       ??1CAtlComModule@ATL@@QAE@XZ 00420870 f i stdafx.obj
 0002:0000f900       ??1CAtlStringMgr@ATL@@UAE@XZ 00420900 f i stdafx.obj
 0002:0000f950       ??1CAtlWinModule@ATL@@QAE@XZ 00420950 f i stdafx.obj
 0002:0000f9e0       ??1CComCriticalSection@ATL@@QAE@XZ 004209e0 f i stdafx.obj
 0002:0000fa20       ??1CDCCache@CImage@ATL@@QAE@XZ 00420a20 f i stdafx.obj
 0002:0000fac0       ??1CInitGDIPlus@CImage@ATL@@QAE@XZ 00420ac0 f i stdafx.obj
 0002:0000fb30       ??1CPreserveLastError@ATL@@QAE@XZ 00420b30 f i stdafx.obj
 0002:0000fb90       ??1CWin32Heap@ATL@@UAE@XZ  00420b90 f i stdafx.obj
 0002:0000fc60       ??1_ATL_COM_MODULE70@ATL@@QAE@XZ 00420c60 f i stdafx.obj
 0002:0000fcc0       ??1_ATL_WIN_MODULE70@ATL@@QAE@XZ 00420cc0 f i stdafx.obj
 0002:0000fd20       ??A?$CSimpleArray@GV?$CSimpleArrayEqualHelper@G@ATL@@@ATL@@QAEAAGH@Z 00420d20 f i stdafx.obj
 0002:0000fdf0       ??B?$CHeapPtrBase@DVCCRTAllocator@ATL@@@ATL@@QBEPADXZ 00420df0 f i stdafx.obj
 0002:0000fe30       ??B?$CHeapPtrBase@_WVCCRTAllocator@ATL@@@ATL@@QBEPA_WXZ 00420e30 f i stdafx.obj
 0002:0000fe70       ??B?$CTraceCategoryEx@$01$0A@@ATL@@QAEIXZ 00420e70 f i stdafx.obj
 0002:0000feb0       ??B?$CTraceCategoryEx@$0CA@$0A@@ATL@@QAEIXZ 00420eb0 f i stdafx.obj
 0002:0000fef0       ??RCTraceFileAndLineInfo@ATL@@QBAXHIPBDZZ 00420ef0 f i stdafx.obj
 0002:00010020       ??_ECAtlStringMgr@ATL@@UAEPAXI@Z 00421020 f i stdafx.obj
 0002:00010020       ??_GCAtlStringMgr@ATL@@UAEPAXI@Z 00421020 f i stdafx.obj
 0002:00010090       ??_ECWin32Heap@ATL@@UAEPAXI@Z 00421090 f i stdafx.obj
 0002:00010090       ??_GCWin32Heap@ATL@@UAEPAXI@Z 00421090 f i stdafx.obj
 0002:00010100       ??_H@YGXPAXIIP6EPAX0@Z@Z   00421100 f i stdafx.obj
 0002:000101b0       ?AddRef@CStringData@ATL@@QAEXXZ 004211b0 f i stdafx.obj
 0002:00010250       ?Allocate@?$CHeapPtr@DVCCRTAllocator@ATL@@@ATL@@QAE_NI@Z 00421250 f i stdafx.obj
 0002:00010320       ?Allocate@?$CHeapPtr@_WVCCRTAllocator@ATL@@@ATL@@QAE_NI@Z 00421320 f i stdafx.obj
 0002:000103f0       ?Allocate@CAtlStringMgr@ATL@@UAEPAUCStringData@2@HH@Z 004213f0 f i stdafx.obj
 0002:000106a0       ?Allocate@CCRTAllocator@ATL@@SAPAXI@Z 004216a0 f i stdafx.obj
 0002:00010700       ?Allocate@CWin32Heap@ATL@@UAEPAXI@Z 00421700 f i stdafx.obj
 0002:00010770       ?AllocateBytes@?$CHeapPtrBase@DVCCRTAllocator@ATL@@@ATL@@QAE_NI@Z 00421770 f i stdafx.obj
 0002:00010830       ?AllocateBytes@?$CHeapPtrBase@_WVCCRTAllocator@ATL@@@ATL@@QAE_NI@Z 00421830 f i stdafx.obj
 0002:000108f0       ?AtlWinModuleInit@ATL@@YGJPAU_ATL_WIN_MODULE70@1@@Z 004218f0 f i stdafx.obj
 0002:00010a10       ?AtlWinModuleTerm@ATL@@YGJPAU_ATL_WIN_MODULE70@1@PAUHINSTANCE__@@@Z 00421a10 f i stdafx.obj
 0002:00010b10       ?CImageStaticInitialize@CImage@ATL@@CA_NXZ 00421b10 f i stdafx.obj
 0002:00010b60       ?Clone@CAtlStringMgr@ATL@@UAEPAUIAtlStringMgr@2@XZ 00421b60 f i stdafx.obj
 0002:00010ba0       ?Free@?$CHeapPtrBase@DVCCRTAllocator@ATL@@@ATL@@QAEXXZ 00421ba0 f i stdafx.obj
 0002:00010c10       ?Free@?$CHeapPtrBase@_WVCCRTAllocator@ATL@@@ATL@@QAEXXZ 00421c10 f i stdafx.obj
 0002:00010c80       ?Free@CAtlStringMgr@ATL@@UAEXPAUCStringData@2@@Z 00421c80 f i stdafx.obj
 0002:00010d80       ?Free@CCRTAllocator@ATL@@SAXPAX@Z 00421d80 f i stdafx.obj
 0002:00010de0       ?Free@CWin32Heap@ATL@@UAEXPAX@Z 00421de0 f i stdafx.obj
 0002:00010ea0       ?GetCDCCacheInstance@CImage@ATL@@CAPAVCDCCache@12@XZ 00421ea0 f i stdafx.obj
 0002:00010f50       ?GetCategoryName@CTrace@ATL@@CAPA_WI@Z 00421f50 f i stdafx.obj
 0002:00010fd0       ?GetInitGDIPlusInstance@CImage@ATL@@CAPAVCInitGDIPlus@12@XZ 00421fd0 f i stdafx.obj
 0002:00011080       ?GetInstance@CAtlStringMgr@ATL@@SAPAUIAtlStringMgr@2@XZ 00422080 f i stdafx.obj
 0002:000111e0       ?GetModuleInstance@CAtlBaseModule@ATL@@QAEPAUHINSTANCE__@@XZ 004221e0 f i stdafx.obj
 0002:00011220       ?GetNilString@CAtlStringMgr@ATL@@UAEPAUCStringData@2@XZ 00422220 f i stdafx.obj
 0002:00011280       ?GetSize@?$CSimpleArray@GV?$CSimpleArrayEqualHelper@G@ATL@@@ATL@@QBEHXZ 00422280 f i stdafx.obj
 0002:000112c0       ?GetSize@CWin32Heap@ATL@@UAEIPAX@Z 004222c0 f i stdafx.obj
 0002:00011330       ?Init@CComCriticalSection@ATL@@QAEJXZ 00422330 f i stdafx.obj
 0002:000113c0       ?Reallocate@CAtlStringMgr@ATL@@UAEPAUCStringData@2@PAU32@HH@Z 004223c0 f i stdafx.obj
 0002:00011690       ?Reallocate@CWin32Heap@ATL@@UAEPAXPAXI@Z 00422690 f i stdafx.obj
 0002:00011760       ?ReleaseGDIPlus@CInitGDIPlus@CImage@ATL@@QAEXXZ 00422760 f i stdafx.obj
 0002:00011800       ?RemoveAll@?$CSimpleArray@GV?$CSimpleArrayEqualHelper@G@ATL@@@ATL@@QAEXXZ 00422800 f i stdafx.obj
 0002:000118c0       ?SetManager@CNilStringData@ATL@@QAEXPAUIAtlStringMgr@2@@Z 004228c0 f i stdafx.obj
 0002:00011960       ?StaticInitialize@CAtlStringMgr@ATL@@CA_NXZ 00422960 f i stdafx.obj
 0002:000119b0       ?Term@CAtlComModule@ATL@@QAEXXZ 004229b0 f i stdafx.obj
 0002:00011ab0       ?Term@CAtlWinModule@ATL@@QAEXXZ 00422ab0 f i stdafx.obj
 0002:00011b10       ?Term@CComCriticalSection@ATL@@QAEJXZ 00422b10 f i stdafx.obj
 0002:00011b70       ?TraceV@CTrace@ATL@@CAXPBDHIIPB_W@Z 00422b70 f i stdafx.obj
 0002:00011ee0       ?TraceV@CTrace@ATL@@SAXPBDHII0PAD@Z 00422ee0 f i stdafx.obj
 0002:000121c0       ?_AtlInitializeCriticalSectionEx@ATL@@YAHPAU_RTL_CRITICAL_SECTION@@KK@Z 004231c0 f i stdafx.obj
 0002:00012220       ?_AtlRaiseException@ATL@@YAXKK@Z 00423220 f i stdafx.obj
 0002:00012280       ?__autoclassinit2@?$CHeapPtr@DVCCRTAllocator@ATL@@@ATL@@QAEXI@Z 00423280 f i stdafx.obj
 0002:000122e0       ?__autoclassinit2@?$CHeapPtr@_WVCCRTAllocator@ATL@@@ATL@@QAEXI@Z 004232e0 f i stdafx.obj
 0002:00012340       ?__autoclassinit2@CAtlStringMgr@ATL@@QAEXI@Z 00423340 f i stdafx.obj
 0002:000123a0       ?__autoclassinit2@CWin32Heap@ATL@@QAEXI@Z 004233a0 f i stdafx.obj
 0002:00012400       _HRESULT_FROM_WIN32        00423400 f i stdafx.obj
 0002:00012470       __vscprintf                00423470 f i stdafx.obj
 0002:000124d0       __vscprintf_l              004234d0 f i stdafx.obj
 0002:00012580       __vsnprintf_s              00423580 f i stdafx.obj
 0002:000125f0       __vsnprintf_s_l            004235f0 f i stdafx.obj
 0002:000126a0       ??0CTestServerApp@@QAE@XZ  004236a0 f   TestServer.obj
 0002:00012710       ??1CTestServerApp@@UAE@XZ  00423710 f i TestServer.obj
 0002:00012760       ??B?$CTraceCategoryEx@$0IAAAA@$0A@@ATL@@QAEIXZ 00423760 f i TestServer.obj
 0002:000127a0       ??_GCTestServerApp@@UAEPAXI@Z 004237a0 f i TestServer.obj
 0002:000127a0       ??_ECTestServerApp@@UAEPAXI@Z 004237a0 f i TestServer.obj
 0002:00012830       ?GetApplicationRecoveryParameter@CWinApp@@UAEPAXXZ 00423830 f i TestServer.obj
 0002:00012870       ?GetApplicationRecoveryPingInterval@CWinApp@@UAEKXZ 00423870 f i TestServer.obj
 0002:000128b0       ?GetApplicationRestartFlags@CWinApp@@UAEKXZ 004238b0 f i TestServer.obj
 0002:000128f0       ?GetMessageMap@CTestServerApp@@MBEPBUAFX_MSGMAP@@XZ 004238f0 f   TestServer.obj
 0002:00012940       ?GetThisMessageMap@CTestServerApp@@KGPBUAFX_MSGMAP@@XZ 00423940 f   TestServer.obj
 0002:00012980       ?InitInstance@CTestServerApp@@UAEHXZ 00423980 f   TestServer.obj
 0002:00012cd0       ?ReopenPreviousFilesAtRestart@CWinApp@@UBEHXZ 00423cd0 f i TestServer.obj
 0002:00012d20       ?RestoreAutosavedFilesAtRestart@CWinApp@@UBEHXZ 00423d20 f i TestServer.obj
 0002:00012d70       ?SupportsApplicationRecovery@CWinApp@@UBEHXZ 00423d70 f i TestServer.obj
 0002:00012dc0       ?SupportsAutosaveAtInterval@CWinApp@@UBEHXZ 00423dc0 f i TestServer.obj
 0002:00012e10       ?SupportsAutosaveAtRestart@CWinApp@@UBEHXZ 00423e10 f i TestServer.obj
 0002:00012e60       ?SupportsRestartManager@CWinApp@@UBEHXZ 00423e60 f i TestServer.obj
 0002:00012eb0       ?__autoclassinit2@CTestServerApp@@QAEXI@Z 00423eb0 f i TestServer.obj
 0002:00012f10       ?__autoclassinit2@CTestServerDlg@@QAEXI@Z 00423f10 f i TestServer.obj
 0002:00012f70       ?OnSysCommand@CTestServerDlg@@IAEXIJ@Z 00423f70 f   TestServerDlg.obj
 0002:000130b0       ?OnPaint@CTestServerDlg@@IAEXXZ 004240b0 f   TestServerDlg.obj
 0002:000132c0       ?OnQueryDragIcon@CTestServerDlg@@IAEPAUHICON__@@XZ 004242c0 f   TestServerDlg.obj
 0002:00013300       ?OnBnClickedSocketCreate@CTestServerDlg@@QAEXXZ 00424300 f   TestServerDlg.obj
 0002:000135f0       ?OnBnClickedSocketClose@CTestServerDlg@@QAEXXZ 004245f0 f   TestServerDlg.obj
 0002:000138c0       ?OnBnClickedDb@CTestServerDlg@@QAEXXZ 004248c0 f   TestServerDlg.obj
 0002:00013a20       ??$__vcrt_va_start_verify_argument_type@QBD@@YAXXZ 00424a20 f i TestServerDlg.obj
 0002:00013a50       ??0CAboutDlg@@QAE@XZ       00424a50 f   TestServerDlg.obj
 0002:00013ac0       ??0CRect@@QAE@XZ           00424ac0 f i TestServerDlg.obj
 0002:00013b30       ??0CTestServerDlg@@QAE@PAVCWnd@@@Z 00424b30 f   TestServerDlg.obj
 0002:00013d00       ??1CAboutDlg@@UAE@XZ       00424d00 f i TestServerDlg.obj
 0002:00013d50       ??1CTestServerDlg@@UAE@XZ  00424d50 f   TestServerDlg.obj
 0002:00013f80       ??_ECAboutDlg@@UAEPAXI@Z   00424f80 f i TestServerDlg.obj
 0002:00013f80       ??_GCAboutDlg@@UAEPAXI@Z   00424f80 f i TestServerDlg.obj
 0002:00014010       ??_ECTestServerDlg@@UAEPAXI@Z 00425010 f i TestServerDlg.obj
 0002:00014010       ??_GCTestServerDlg@@UAEPAXI@Z 00425010 f i TestServerDlg.obj
 0002:000140a0       ?AfxAssertFailedLine@@YGHPBDH@Z 004250a0 f i TestServerDlg.obj
 0002:000141b0       ?DoDataExchange@CAboutDlg@@MAEXPAVCDataExchange@@@Z 004251b0 f   TestServerDlg.obj
 0002:00014210       ?DoDataExchange@CTestServerDlg@@MAEXPAVCDataExchange@@@Z 00425210 f   TestServerDlg.obj
 0002:00014290       ?GetMessageMap@CAboutDlg@@MBEPBUAFX_MSGMAP@@XZ 00425290 f   TestServerDlg.obj
 0002:000142e0       ?GetMessageMap@CTestServerDlg@@MBEPBUAFX_MSGMAP@@XZ 004252e0 f   TestServerDlg.obj
 0002:00014330       ?GetThisMessageMap@CAboutDlg@@KGPBUAFX_MSGMAP@@XZ 00425330 f   TestServerDlg.obj
 0002:00014370       ?GetThisMessageMap@CTestServerDlg@@KGPBUAFX_MSGMAP@@XZ 00425370 f   TestServerDlg.obj
 0002:000143b0       ?Height@CRect@@QBEHXZ      004253b0 f i TestServerDlg.obj
 0002:00014400       ?OnAccept@CTestServerDlg@@QAEXXZ 00425400 f   TestServerDlg.obj
 0002:000147f0       ?OnInitDialog@CTestServerDlg@@MAEHXZ 004257f0 f   TestServerDlg.obj
 0002:00014c60       ?OnReceive@CTestServerDlg@@QAEXPAVClientSock@@@Z 00425c60 f   TestServerDlg.obj
 0002:00015f30       ?OnSend@CTestServerDlg@@QAEXPADH@Z 00426f30 f   TestServerDlg.obj
 0002:00015ff0       ?Width@CRect@@QBEHXZ       00426ff0 f i TestServerDlg.obj
 0002:00016040       ?__autoclassinit2@CAboutDlg@@QAEXI@Z 00427040 f i TestServerDlg.obj
 0002:000160a0       ?__autoclassinit2@CPaintDC@@QAEXI@Z 004270a0 f i TestServerDlg.obj
 0002:00016100       __vsnprintf_l              00427100 f i TestServerDlg.obj
 0002:000161b0       __vsprintf_l               004271b0 f i TestServerDlg.obj
 0002:00016210       _sprintf                   00427210 f i TestServerDlg.obj
 0002:00016288       _mysql_init@4              00427288 f   libmysql:libmysql.dll
 0002:0001628e       _mysql_real_connect@32     0042728e f   libmysql:libmysql.dll
 0002:00016294       _mysql_query@8             00427294 f   libmysql:libmysql.dll
 0002:0001629a       _mysql_store_result@4      0042729a f   libmysql:libmysql.dll
 0002:000162a0       _mysql_free_result@4       004272a0 f   libmysql:libmysql.dll
 0002:000162a6       _mysql_fetch_row@4         004272a6 f   libmysql:libmysql.dll
 0002:000162ac       _mysql_close@4             004272ac f   libmysql:libmysql.dll
 0002:000162b2       ??3@YAXPAX@Z               004272b2 f   mfc140d:mfc140d.dll
 0002:000162b8       ??0?$CStringT@DV?$StrTraitMFC_DLL@DV?$ChTraitsCRT@D@ATL@@@@@ATL@@QAE@XZ 004272b8 f   mfc140d:mfc140d.dll
 0002:000162be       ??0?$CStringT@DV?$StrTraitMFC_DLL@DV?$ChTraitsCRT@D@ATL@@@@@ATL@@QAE@ABV01@@Z 004272be f   mfc140d:mfc140d.dll
 0002:000162c4       ??1?$CStringT@DV?$StrTraitMFC_DLL@DV?$ChTraitsCRT@D@ATL@@@@@ATL@@QAE@XZ 004272c4 f   mfc140d:mfc140d.dll
 0002:000162ca       ??Y?$CStringT@DV?$StrTraitMFC_DLL@DV?$ChTraitsCRT@D@ATL@@@@@ATL@@QAEAAV01@E@Z 004272ca f   mfc140d:mfc140d.dll
 0002:000162d0       ?Format@?$CStringT@DV?$StrTraitMFC_DLL@DV?$ChTraitsCRT@D@ATL@@@@@ATL@@QAAXPBDZZ 004272d0 f   mfc140d:mfc140d.dll
 0002:000162d6       ??3CObject@@SGXPAX@Z       004272d6 f   mfc140d:mfc140d.dll
 0002:000162dc       ?Serialize@CObject@@UAEXAAVCArchive@@@Z 004272dc f   mfc140d:mfc140d.dll
 0002:000162e2       ?AfxGetApp@@YGPAVCWinApp@@XZ 004272e2 f   mfc140d:mfc140d.dll
 0002:000162e8       ?GetRuntimeClass@CAsyncSocket@@UBEPAUCRuntimeClass@@XZ 004272e8 f   mfc140d:mfc140d.dll
 0002:000162ee       ??0CAsyncSocket@@QAE@XZ    004272ee f   mfc140d:mfc140d.dll
 0002:000162f4       ?Accept@CAsyncSocket@@UAEHAAV1@PAUsockaddr@@PAH@Z 004272f4 f   mfc140d:mfc140d.dll
 0002:000162fa       ?Close@CAsyncSocket@@UAEXXZ 004272fa f   mfc140d:mfc140d.dll
 0002:00016300       ?Receive@CAsyncSocket@@UAEHPAXHH@Z 00427300 f   mfc140d:mfc140d.dll
 0002:00016306       ?Send@CAsyncSocket@@UAEHPBXHH@Z 00427306 f   mfc140d:mfc140d.dll
 0002:0001630c       ?OnReceive@CAsyncSocket@@MAEXH@Z 0042730c f   mfc140d:mfc140d.dll
 0002:00016312       ?OnSend@CAsyncSocket@@MAEXH@Z 00427312 f   mfc140d:mfc140d.dll
 0002:00016318       ?OnOutOfBandData@CAsyncSocket@@MAEXH@Z 00427318 f   mfc140d:mfc140d.dll
 0002:0001631e       ?OnAccept@CAsyncSocket@@MAEXH@Z 0042731e f   mfc140d:mfc140d.dll
 0002:00016324       ?OnConnect@CAsyncSocket@@MAEXH@Z 00427324 f   mfc140d:mfc140d.dll
 0002:0001632a       ?OnClose@CAsyncSocket@@MAEXH@Z 0042732a f   mfc140d:mfc140d.dll
 0002:00016330       ??1CAsyncSocket@@UAE@XZ    00427330 f   mfc140d:mfc140d.dll
 0002:00016336       ?AssertValid@CAsyncSocket@@UBEXXZ 00427336 f   mfc140d:mfc140d.dll
 0002:0001633c       ?Dump@CAsyncSocket@@UBEXAAVCDumpContext@@@Z 0042733c f   mfc140d:mfc140d.dll
 0002:00016342       ?ConnectHelper@CAsyncSocket@@MAEHPBUsockaddr@@H@Z 00427342 f   mfc140d:mfc140d.dll
 0002:00016348       ?ReceiveFromHelper@CAsyncSocket@@MAEHPAXHPAUsockaddr@@PAHH@Z 00427348 f   mfc140d:mfc140d.dll
 0002:0001634e       ?SendToHelper@CAsyncSocket@@MAEHPBXHPBUsockaddr@@HH@Z 0042734e f   mfc140d:mfc140d.dll
 0002:00016354       ?GetThisMessageMap@CDialogEx@@KGPBUAFX_MSGMAP@@XZ 00427354 f   mfc140d:mfc140d.dll
 0002:0001635a       ??2@YAPAXI@Z               0042735a f   mfc140d:mfc140d.dll
 0002:00016360       ??B?$CSimpleStringT@D$00@ATL@@QBEPBDXZ 00427360 f   mfc140d:mfc140d.dll
 0002:00016366       ?Empty@?$CSimpleStringT@D$00@ATL@@QAEXXZ 00427366 f   mfc140d:mfc140d.dll
 0002:0001636c       ?GetBuffer@?$CSimpleStringT@D$00@ATL@@QAEPADH@Z 0042736c f   mfc140d:mfc140d.dll
 0002:00016372       ?GetLength@?$CSimpleStringT@D$00@ATL@@QBEHXZ 00427372 f   mfc140d:mfc140d.dll
 0002:00016378       ?ReleaseBuffer@?$CSimpleStringT@D$00@ATL@@QAEXH@Z 00427378 f   mfc140d:mfc140d.dll
 0002:0001637e       ?StringLength@?$CSimpleStringT@D$00@ATL@@SAHPBD@Z 0042737e f   mfc140d:mfc140d.dll
 0002:00016384       ?Concatenate@?$CSimpleStringT@D$00@ATL@@KAXAAV12@PBDH1H@Z 00427384 f   mfc140d:mfc140d.dll
 0002:0001638a       ??0?$CStringT@DV?$StrTraitMFC_DLL@DV?$ChTraitsCRT@D@ATL@@@@@ATL@@QAE@PAUIAtlStringMgr@1@@Z 0042738a f   mfc140d:mfc140d.dll
 0002:00016390       ??0?$CStringT@DV?$StrTraitMFC_DLL@DV?$ChTraitsCRT@D@ATL@@@@@ATL@@QAE@PBD@Z 00427390 f   mfc140d:mfc140d.dll
 0002:00016396       ??4?$CStringT@DV?$StrTraitMFC_DLL@DV?$ChTraitsCRT@D@ATL@@@@@ATL@@QAEAAV01@PBD@Z 00427396 f   mfc140d:mfc140d.dll
 0002:0001639c       ??Y?$CStringT@DV?$StrTraitMFC_DLL@DV?$ChTraitsCRT@D@ATL@@@@@ATL@@QAEAAV01@D@Z 0042739c f   mfc140d:mfc140d.dll
 0002:000163a2       ?GetManager@?$CStringT@DV?$StrTraitMFC_DLL@DV?$ChTraitsCRT@D@ATL@@@@@ATL@@QBEPAUIAtlStringMgr@2@XZ 004273a2 f   mfc140d:mfc140d.dll
 0002:000163a8       ??1CBrush@@UAE@XZ          004273a8 f   mfc140d:mfc140d.dll
 0002:000163ae       ?DDX_Control@@YGXPAVCDataExchange@@HAAVCWnd@@@Z 004273ae f   mfc140d:mfc140d.dll
 0002:000163b4       ?IsInvokeAllowed@CCmdTarget@@UAEHJ@Z 004273b4 f   mfc140d:mfc140d.dll
 0002:000163ba       ?GetDispatchIID@CCmdTarget@@UAEHPAU_GUID@@@Z 004273ba f   mfc140d:mfc140d.dll
 0002:000163c0       ?GetTypeInfoCount@CCmdTarget@@UAEIXZ 004273c0 f   mfc140d:mfc140d.dll
 0002:000163c6       ?GetTypeLibCache@CCmdTarget@@UAEPAVCTypeLibCache@@XZ 004273c6 f   mfc140d:mfc140d.dll
 0002:000163cc       ?GetTypeLib@CCmdTarget@@UAEJKPAPAUITypeLib@@@Z 004273cc f   mfc140d:mfc140d.dll
 0002:000163d2       ?GetCommandMap@CCmdTarget@@MBEPBUAFX_OLECMDMAP@@XZ 004273d2 f   mfc140d:mfc140d.dll
 0002:000163d8       ?GetDispatchMap@CCmdTarget@@MBEPBUAFX_DISPMAP@@XZ 004273d8 f   mfc140d:mfc140d.dll
 0002:000163de       ?GetConnectionMap@CCmdTarget@@MBEPBUAFX_CONNECTIONMAP@@XZ 004273de f   mfc140d:mfc140d.dll
 0002:000163e4       ?GetEventSinkMap@CCmdTarget@@MBEPBUAFX_EVENTSINKMAP@@XZ 004273e4 f   mfc140d:mfc140d.dll
 0002:000163ea       ?OnCreateAggregates@CCmdTarget@@UAEHXZ 004273ea f   mfc140d:mfc140d.dll
 0002:000163f0       ?GetInterfaceHook@CCmdTarget@@UAEPAUIUnknown@@PBX@Z 004273f0 f   mfc140d:mfc140d.dll
 0002:000163f6       ?GetExtraConnectionPoints@CCmdTarget@@MAEHPAVCPtrArray@@@Z 004273f6 f   mfc140d:mfc140d.dll
 0002:000163fc       ?GetConnectionHook@CCmdTarget@@MAEPAUIConnectionPoint@@ABU_GUID@@@Z 004273fc f   mfc140d:mfc140d.dll
 0002:00016402       ?PreSubclassWindow@CWnd@@UAEXXZ 00427402 f   mfc140d:mfc140d.dll
 0002:00016408       ?Create@CWnd@@UAEHPBD0KABUtagRECT@@PAV1@IPAUCCreateContext@@@Z 00427408 f   mfc140d:mfc140d.dll
 0002:0001640e       ?CreateEx@CWnd@@UAEHKPBD0KHHHHPAUHWND__@@PAUHMENU__@@PAX@Z 0042740e f   mfc140d:mfc140d.dll
 0002:00016414       ?CreateEx@CWnd@@UAEHKPBD0KABUtagRECT@@PAV1@IPAX@Z 00427414 f   mfc140d:mfc140d.dll
 0002:0001641a       ?DestroyWindow@CWnd@@UAEHXZ 0042741a f   mfc140d:mfc140d.dll
 0002:00016420       ?PreCreateWindow@CWnd@@UAEHAAUtagCREATESTRUCTA@@@Z 00427420 f   mfc140d:mfc140d.dll
 0002:00016426       ?CalcWindowRect@CWnd@@UAEXPAUtagRECT@@I@Z 00427426 f   mfc140d:mfc140d.dll
 0002:0001642c       ?GetMenu@CWnd@@UBEPAVCMenu@@XZ 0042742c f   mfc140d:mfc140d.dll
 0002:00016432       ?SetMenu@CWnd@@UAEHPAVCMenu@@@Z 00427432 f   mfc140d:mfc140d.dll
 0002:00016438       ?OnToolHitTest@CWnd@@UBEHVCPoint@@PAUtagTOOLINFOA@@@Z 00427438 f   mfc140d:mfc140d.dll
 0002:0001643e       ?GetScrollBarCtrl@CWnd@@UBEPAVCScrollBar@@H@Z 0042743e f   mfc140d:mfc140d.dll
 0002:00016444       ?WinHelpA@CWnd@@UAEXKI@Z   00427444 f   mfc140d:mfc140d.dll
 0002:0001644a       ?HtmlHelpA@CWnd@@UAEXKI@Z  0042744a f   mfc140d:mfc140d.dll
 0002:00016450       ?WinHelpInternal@CWnd@@UAEXKI@Z 00427450 f   mfc140d:mfc140d.dll
 0002:00016456       ?ContinueModal@CWnd@@UAEHXZ 00427456 f   mfc140d:mfc140d.dll
 0002:0001645c       ?EndModalLoop@CWnd@@UAEXH@Z 0042745c f   mfc140d:mfc140d.dll
 0002:00016462       ?OnDrawIconicThumbnailOrLivePreview@CWnd@@UAEXAAVCDC@@VCRect@@VCSize@@HAAH@Z 00427462 f   mfc140d:mfc140d.dll
 0002:00016468       ?GetInterfaceMap@CWnd@@MBEPBUAFX_INTERFACEMAP@@XZ 00427468 f   mfc140d:mfc140d.dll
 0002:0001646e       ?EnsureStdObj@CWnd@@UAEJXZ 0042746e f   mfc140d:mfc140d.dll
 0002:00016474       ?get_accParent@CWnd@@UAEJPAPAUIDispatch@@@Z 00427474 f   mfc140d:mfc140d.dll
 0002:0001647a       ?get_accChildCount@CWnd@@UAEJPAJ@Z 0042747a f   mfc140d:mfc140d.dll
 0002:00016480       ?get_accChild@CWnd@@UAEJUtagVARIANT@@PAPAUIDispatch@@@Z 00427480 f   mfc140d:mfc140d.dll
 0002:00016486       ?get_accName@CWnd@@UAEJUtagVARIANT@@PAPA_W@Z 00427486 f   mfc140d:mfc140d.dll
 0002:0001648c       ?get_accValue@CWnd@@UAEJUtagVARIANT@@PAPA_W@Z 0042748c f   mfc140d:mfc140d.dll
 0002:00016492       ?get_accDescription@CWnd@@UAEJUtagVARIANT@@PAPA_W@Z 00427492 f   mfc140d:mfc140d.dll
 0002:00016498       ?get_accRole@CWnd@@UAEJUtagVARIANT@@PAU2@@Z 00427498 f   mfc140d:mfc140d.dll
 0002:0001649e       ?get_accState@CWnd@@UAEJUtagVARIANT@@PAU2@@Z 0042749e f   mfc140d:mfc140d.dll
 0002:000164a4       ?get_accHelp@CWnd@@UAEJUtagVARIANT@@PAPA_W@Z 004274a4 f   mfc140d:mfc140d.dll
 0002:000164aa       ?get_accHelpTopic@CWnd@@UAEJPAPA_WUtagVARIANT@@PAJ@Z 004274aa f   mfc140d:mfc140d.dll
 0002:000164b0       ?get_accKeyboardShortcut@CWnd@@UAEJUtagVARIANT@@PAPA_W@Z 004274b0 f   mfc140d:mfc140d.dll
 0002:000164b6       ?get_accFocus@CWnd@@UAEJPAUtagVARIANT@@@Z 004274b6 f   mfc140d:mfc140d.dll
 0002:000164bc       ?get_accSelection@CWnd@@UAEJPAUtagVARIANT@@@Z 004274bc f   mfc140d:mfc140d.dll
 0002:000164c2       ?get_accDefaultAction@CWnd@@UAEJUtagVARIANT@@PAPA_W@Z 004274c2 f   mfc140d:mfc140d.dll
 0002:000164c8       ?accSelect@CWnd@@UAEJJUtagVARIANT@@@Z 004274c8 f   mfc140d:mfc140d.dll
 0002:000164ce       ?accLocation@CWnd@@UAEJPAJ000UtagVARIANT@@@Z 004274ce f   mfc140d:mfc140d.dll
 0002:000164d4       ?accNavigate@CWnd@@UAEJJUtagVARIANT@@PAU2@@Z 004274d4 f   mfc140d:mfc140d.dll
 0002:000164da       ?accHitTest@CWnd@@UAEJJJPAUtagVARIANT@@@Z 004274da f   mfc140d:mfc140d.dll
 0002:000164e0       ?accDoDefaultAction@CWnd@@UAEJUtagVARIANT@@@Z 004274e0 f   mfc140d:mfc140d.dll
 0002:000164e6       ?put_accName@CWnd@@UAEJUtagVARIANT@@PA_W@Z 004274e6 f   mfc140d:mfc140d.dll
 0002:000164ec       ?put_accValue@CWnd@@UAEJUtagVARIANT@@PA_W@Z 004274ec f   mfc140d:mfc140d.dll
 0002:000164f2       ?SetProxy@CWnd@@UAEJPAUIAccessibleProxy@@@Z 004274f2 f   mfc140d:mfc140d.dll
 0002:000164f8       ?CreateAccessibleProxy@CWnd@@UAEJIJPAJ@Z 004274f8 f   mfc140d:mfc140d.dll
 0002:000164fe       ?OnNotify@CWnd@@MAEHIJPAJ@Z 004274fe f   mfc140d:mfc140d.dll
 0002:00016504       ?GetSuperWndProcAddr@CWnd@@MAEPAP6GJPAUHWND__@@IIJ@ZXZ 00427504 f   mfc140d:mfc140d.dll
 0002:0001650a       ?DoDataExchange@CWnd@@MAEXPAVCDataExchange@@@Z 0042750a f   mfc140d:mfc140d.dll
 0002:00016510       ?BeginModalState@CWnd@@UAEXXZ 00427510 f   mfc140d:mfc140d.dll
 0002:00016516       ?EndModalState@CWnd@@UAEXXZ 00427516 f   mfc140d:mfc140d.dll
 0002:0001651c       ?OnAmbientProperty@CWnd@@UAEHPAVCOleControlSite@@JPAUtagVARIANT@@@Z 0042751c f   mfc140d:mfc140d.dll
 0002:00016522       ?WindowProc@CWnd@@MAEJIIJ@Z 00427522 f   mfc140d:mfc140d.dll
 0002:00016528       ?OnWndMsg@CWnd@@MAEHIIJPAJ@Z 00427528 f   mfc140d:mfc140d.dll
 0002:0001652e       ?DefWindowProcA@CWnd@@MAEJIIJ@Z 0042752e f   mfc140d:mfc140d.dll
 0002:00016534       ?PostNcDestroy@CWnd@@MAEXXZ 00427534 f   mfc140d:mfc140d.dll
 0002:0001653a       ?OnChildNotify@CWnd@@MAEHIIJPAJ@Z 0042753a f   mfc140d:mfc140d.dll
 0002:00016540       ?OnTouchInputs@CWnd@@MAEHIPAUtagTOUCHINPUT@@@Z 00427540 f   mfc140d:mfc140d.dll
 0002:00016546       ?OnTouchInput@CWnd@@MAEHVCPoint@@HHPAUtagTOUCHINPUT@@@Z 00427546 f   mfc140d:mfc140d.dll
 0002:0001654c       ?GetGestureStatus@CWnd@@MAEKVCPoint@@@Z 0042754c f   mfc140d:mfc140d.dll
 0002:00016552       ?OnGestureZoom@CWnd@@MAEHVCPoint@@J@Z 00427552 f   mfc140d:mfc140d.dll
 0002:00016558       ?OnGesturePan@CWnd@@MAEHVCPoint@@0@Z 00427558 f   mfc140d:mfc140d.dll
 0002:0001655e       ?OnGestureRotate@CWnd@@MAEHVCPoint@@N@Z 0042755e f   mfc140d:mfc140d.dll
 0002:00016564       ?OnGestureTwoFingerTap@CWnd@@MAEHVCPoint@@@Z 00427564 f   mfc140d:mfc140d.dll
 0002:0001656a       ?OnGesturePressAndTap@CWnd@@MAEHVCPoint@@J@Z 0042756a f   mfc140d:mfc140d.dll
 0002:00016570       ?ResizeDynamicLayout@CWnd@@MAEXXZ 00427570 f   mfc140d:mfc140d.dll
 0002:00016576       ?IsFrameWnd@CWnd@@UBEHXZ   00427576 f   mfc140d:mfc140d.dll
 0002:0001657c       ?OnFinalRelease@CWnd@@UAEXXZ 0042757c f   mfc140d:mfc140d.dll
 0002:00016582       ?CreateControlContainer@CWnd@@MAEHPAPAVCOleControlContainer@@@Z 00427582 f   mfc140d:mfc140d.dll
 0002:00016588       ?CreateControlSite@CWnd@@MAEHPAVCOleControlContainer@@PAPAVCOleControlSite@@IABU_GUID@@@Z 00427588 f   mfc140d:mfc140d.dll
 0002:0001658e       ?Create@CDialog@@UAEHPBDPAVCWnd@@@Z 0042758e f   mfc140d:mfc140d.dll
 0002:00016594       ?Create@CDialog@@UAEHIPAVCWnd@@@Z 00427594 f   mfc140d:mfc140d.dll
 0002:0001659a       ?CreateIndirect@CDialog@@UAEHPBUDLGTEMPLATE@@PAVCWnd@@PAX@Z 0042759a f   mfc140d:mfc140d.dll
 0002:000165a0       ?CreateIndirect@CDialog@@UAEHPAXPAVCWnd@@@Z 004275a0 f   mfc140d:mfc140d.dll
 0002:000165a6       ?DoModal@CDialog@@UAEHXZ   004275a6 f   mfc140d:mfc140d.dll
 0002:000165ac       ?OnInitDialog@CDialog@@UAEHXZ 004275ac f   mfc140d:mfc140d.dll
 0002:000165b2       ?OnSetFont@CDialog@@UAEXPAVCFont@@@Z 004275b2 f   mfc140d:mfc140d.dll
 0002:000165b8       ?OnOK@CDialog@@MAEXXZ      004275b8 f   mfc140d:mfc140d.dll
 0002:000165be       ?OnCancel@CDialog@@MAEXXZ  004275be f   mfc140d:mfc140d.dll
 0002:000165c4       ??1CDialog@@UAE@XZ         004275c4 f   mfc140d:mfc140d.dll
 0002:000165ca       ?AssertValid@CDialog@@UBEXXZ 004275ca f   mfc140d:mfc140d.dll
 0002:000165d0       ?Dump@CDialog@@UBEXAAVCDumpContext@@@Z 004275d0 f   mfc140d:mfc140d.dll
 0002:000165d6       ?OnCmdMsg@CDialog@@UAEHIHPAXPAUAFX_CMDHANDLERINFO@@@Z 004275d6 f   mfc140d:mfc140d.dll
 0002:000165dc       ?CheckAutoCenter@CDialog@@UAEHXZ 004275dc f   mfc140d:mfc140d.dll
 0002:000165e2       ?SetOccDialogInfo@CDialog@@MAEHPAU_AFX_OCC_DIALOG_INFO@@@Z 004275e2 f   mfc140d:mfc140d.dll
 0002:000165e8       ?GetOccDialogInfo@CDialog@@MAEPAU_AFX_OCC_DIALOG_INFO@@XZ 004275e8 f   mfc140d:mfc140d.dll
 0002:000165ee       ?PreInitDialog@CDialog@@MAEXXZ 004275ee f   mfc140d:mfc140d.dll
 0002:000165f4       ??0CComboBox@@QAE@XZ       004275f4 f   mfc140d:mfc140d.dll
 0002:000165fa       ?GetCurSel@CComboBox@@QBEHXZ 004275fa f   mfc140d:mfc140d.dll
 0002:00016600       ?SetCurSel@CComboBox@@QAEHH@Z 00427600 f   mfc140d:mfc140d.dll
 0002:00016606       ?GetLBText@CComboBox@@QBEHHPAD@Z 00427606 f   mfc140d:mfc140d.dll
 0002:0001660c       ?GetLBTextLen@CComboBox@@QBEHH@Z 0042760c f   mfc140d:mfc140d.dll
 0002:00016612       ?AddString@CComboBox@@QAEHPBD@Z 00427612 f   mfc140d:mfc140d.dll
 0002:00016618       ??1CComboBox@@UAE@XZ       00427618 f   mfc140d:mfc140d.dll
 0002:0001661e       ?ResumeThread@CWinThread@@QAEKXZ 0042761e f   mfc140d:mfc140d.dll
 0002:00016624       ?AfxBeginThread@@YGPAVCWinThread@@P6AIPAX@Z0HIKPAU_SECURITY_ATTRIBUTES@@@Z 00427624 f   mfc140d:mfc140d.dll
 0002:0001662a       ?AfxMessageBox@@YGHPBDII@Z 0042762a f   mfc140d:mfc140d.dll
 0002:00016630       ??0CListCtrl@@QAE@XZ       00427630 f   mfc140d:mfc140d.dll
 0002:00016636       ?SetItem@CListCtrl@@QAEHHHIPBDHIIJ@Z 00427636 f   mfc140d:mfc140d.dll
 0002:0001663c       ?InsertItem@CListCtrl@@QAEHHPBD@Z 0042763c f   mfc140d:mfc140d.dll
 0002:00016642       ?DeleteAllItems@CListCtrl@@QAEHXZ 00427642 f   mfc140d:mfc140d.dll
 0002:00016648       ?InsertColumn@CListCtrl@@QAEHHPBDHHH@Z 00427648 f   mfc140d:mfc140d.dll
 0002:0001664e       ??1CListCtrl@@UAE@XZ       0042764e f   mfc140d:mfc140d.dll
 0002:00016654       ??1CDialogImpl@@MAE@XZ     00427654 f   mfc140d:mfc140d.dll
 0002:0001665a       ?GetThisClass@CDialogEx@@SGPAUCRuntimeClass@@XZ 0042765a f   mfc140d:mfc140d.dll
 0002:00016660       ??0CDialogEx@@QAE@IPAVCWnd@@@Z 00427660 f   mfc140d:mfc140d.dll
 0002:00016666       ?PreTranslateMessage@CDialogEx@@UAEHPAUtagMSG@@@Z 00427666 f   mfc140d:mfc140d.dll
 0002:0001666c       ?OnCommand@CDialogEx@@MAEHIJ@Z 0042766c f   mfc140d:mfc140d.dll
 0002:00016672       ?OnHelp@CWinApp@@IAEXXZ    00427672 f   mfc140d:mfc140d.dll
 0002:00016678       ?GetThisMessageMap@CWinApp@@KGPBUAFX_MSGMAP@@XZ 00427678 f   mfc140d:mfc140d.dll
 0002:0001667e       ??2CObject@@SGPAXIPBDH@Z   0042767e f   mfc140d:mfc140d.dll
 0002:00016684       ??3CObject@@SGXPAXPBDH@Z   00427684 f   mfc140d:mfc140d.dll
 0002:0001668a       ?OnCmdMsg@CCmdTarget@@UAEHIHPAXPAUAFX_CMDHANDLERINFO@@@Z 0042768a f   mfc140d:mfc140d.dll
 0002:00016690       ?OnFinalRelease@CCmdTarget@@UAEXXZ 00427690 f   mfc140d:mfc140d.dll
 0002:00016696       ?GetInterfaceMap@CCmdTarget@@MBEPBUAFX_INTERFACEMAP@@XZ 00427696 f   mfc140d:mfc140d.dll
 0002:0001669c       ?PreTranslateMessage@CWinThread@@UAEHPAUtagMSG@@@Z 0042769c f   mfc140d:mfc140d.dll
 0002:000166a2       ?PumpMessage@CWinThread@@UAEHXZ 004276a2 f   mfc140d:mfc140d.dll
 0002:000166a8       ?IsIdleMessage@CWinThread@@UAEHPAUtagMSG@@@Z 004276a8 f   mfc140d:mfc140d.dll
 0002:000166ae       ?ProcessMessageFilter@CWinThread@@UAEHHPAUtagMSG@@@Z 004276ae f   mfc140d:mfc140d.dll
 0002:000166b4       ?GetMainWnd@CWinThread@@UAEPAVCWnd@@XZ 004276b4 f   mfc140d:mfc140d.dll
 0002:000166ba       ?Delete@CWinThread@@UAEXXZ 004276ba f   mfc140d:mfc140d.dll
 0002:000166c0       ?GetRuntimeClass@CWinApp@@UBEPAUCRuntimeClass@@XZ 004276c0 f   mfc140d:mfc140d.dll
 0002:000166c6       ??0CWinApp@@QAE@PBD@Z      004276c6 f   mfc140d:mfc140d.dll
 0002:000166cc       ?SetRegistryKey@CWinApp@@IAEXPBD@Z 004276cc f   mfc140d:mfc140d.dll
 0002:000166d2       ?GetProfileIntA@CWinApp@@UAEIPBD0H@Z 004276d2 f   mfc140d:mfc140d.dll
 0002:000166d8       ?WriteProfileInt@CWinApp@@UAEHPBD0H@Z 004276d8 f   mfc140d:mfc140d.dll
 0002:000166de       ?GetProfileStringA@CWinApp@@UAE?AV?$CStringT@DV?$StrTraitMFC_DLL@DV?$ChTraitsCRT@D@ATL@@@@@ATL@@PBD00@Z 004276de f   mfc140d:mfc140d.dll
 0002:000166e4       ?WriteProfileStringA@CWinApp@@UAEHPBD00@Z 004276e4 f   mfc140d:mfc140d.dll
 0002:000166ea       ?GetProfileBinary@CWinApp@@UAEHPBD0PAPAEPAI@Z 004276ea f   mfc140d:mfc140d.dll
 0002:000166f0       ?WriteProfileBinary@CWinApp@@UAEHPBD0PAEI@Z 004276f0 f   mfc140d:mfc140d.dll
 0002:000166f6       ?InitLibId@CWinApp@@UAEXXZ 004276f6 f   mfc140d:mfc140d.dll
 0002:000166fc       ?Register@CWinApp@@UAEHXZ  004276fc f   mfc140d:mfc140d.dll
 0002:00016702       ?Unregister@CWinApp@@UAEHXZ 00427702 f   mfc140d:mfc140d.dll
 0002:00016708       ?OpenDocumentFile@CWinApp@@UAEPAVCDocument@@PBD@Z 00427708 f   mfc140d:mfc140d.dll
 0002:0001670e       ?OpenDocumentFile@CWinApp@@UAEPAVCDocument@@PBDH@Z 0042770e f   mfc140d:mfc140d.dll
 0002:00016714       ?AddToRecentFileList@CWinApp@@UAEXPBD@Z 00427714 f   mfc140d:mfc140d.dll
 0002:0001671a       ?InitApplication@CWinApp@@UAEHXZ 0042771a f   mfc140d:mfc140d.dll
 0002:00016720       ?SaveAllModified@CWinApp@@UAEHXZ 00427720 f   mfc140d:mfc140d.dll
 0002:00016726       ?DoMessageBox@CWinApp@@UAEHPBDII@Z 00427726 f   mfc140d:mfc140d.dll
 0002:0001672c       ?DoWaitCursor@CWinApp@@UAEXH@Z 0042772c f   mfc140d:mfc140d.dll
 0002:00016732       ?OnDDECommand@CWinApp@@UAEHPAD@Z 00427732 f   mfc140d:mfc140d.dll
 0002:00016738       ?WinHelpA@CWinApp@@UAEXKI@Z 00427738 f   mfc140d:mfc140d.dll
 0002:0001673e       ?HtmlHelpA@CWinApp@@UAEXKI@Z 0042773e f   mfc140d:mfc140d.dll
 0002:00016744       ?WinHelpInternal@CWinApp@@UAEXKI@Z 00427744 f   mfc140d:mfc140d.dll
 0002:0001674a       ?RegisterWithRestartManager@CWinApp@@UAEJHABV?$CStringT@DV?$StrTraitMFC_DLL@DV?$ChTraitsCRT@D@ATL@@@@@ATL@@@Z 0042774a f   mfc140d:mfc140d.dll
 0002:00016750       ?RegisterWithRestartManager@CWinApp@@UAEJPB_WKP6GKPAX@Z1KK@Z 00427750 f   mfc140d:mfc140d.dll
 0002:00016756       ?ApplicationRecoveryCallback@CWinApp@@UAEKPAX@Z 00427756 f   mfc140d:mfc140d.dll
 0002:0001675c       ?GetDataRecoveryHandler@CWinApp@@UAEPAVCDataRecoveryHandler@@XZ 0042775c f   mfc140d:mfc140d.dll
 0002:00016762       ?IsTaskbarInteractionEnabled@CWinApp@@UAEHXZ 00427762 f   mfc140d:mfc140d.dll
 0002:00016768       ?InitInstance@CWinApp@@UAEHXZ 00427768 f   mfc140d:mfc140d.dll
 0002:0001676e       ?ExitInstance@CWinApp@@UAEHXZ 0042776e f   mfc140d:mfc140d.dll
 0002:00016774       ?RestartInstance@CWinApp@@UAEHXZ 00427774 f   mfc140d:mfc140d.dll
 0002:0001677a       ?Run@CWinApp@@UAEHXZ       0042777a f   mfc140d:mfc140d.dll
 0002:00016780       ?OnIdle@CWinApp@@UAEHJ@Z   00427780 f   mfc140d:mfc140d.dll
 0002:00016786       ?ProcessWndProcException@CWinApp@@UAEJPAVCException@@PBUtagMSG@@@Z 00427786 f   mfc140d:mfc140d.dll
 0002:0001678c       ?LoadAppLangResourceDLL@CWinApp@@UAEPAUHINSTANCE__@@XZ 0042778c f   mfc140d:mfc140d.dll
 0002:00016792       ??1CWinApp@@UAE@XZ         00427792 f   mfc140d:mfc140d.dll
 0002:00016798       ?AssertValid@CWinApp@@UBEXXZ 00427798 f   mfc140d:mfc140d.dll
 0002:0001679e       ?Dump@CWinApp@@UBEXAAVCDumpContext@@@Z 0042779e f   mfc140d:mfc140d.dll
 0002:000167a4       ?LoadSysPolicies@CWinApp@@UAEHXZ 004277a4 f   mfc140d:mfc140d.dll
 0002:000167aa       ?AfxEnableControlContainer@@YAXPAVCOccManager@@@Z 004277aa f   mfc140d:mfc140d.dll
 0002:000167b0       ?SetDefaultManager@CMFCVisualManager@@SGXPAUCRuntimeClass@@@Z 004277b0 f   mfc140d:mfc140d.dll
 0002:000167b6       ??0CShellManager@@QAE@XZ   004277b6 f   mfc140d:mfc140d.dll
 0002:000167bc       ?GetThisClass@CMFCVisualManagerWindows@@SGPAUCRuntimeClass@@XZ 004277bc f   mfc140d:mfc140d.dll
 0002:000167c2       ?IsEmpty@?$CSimpleStringT@D$00@ATL@@QBE_NXZ 004277c2 f   mfc140d:mfc140d.dll
 0002:000167c8       ??4?$CStringT@DV?$StrTraitMFC_DLL@DV?$ChTraitsCRT@D@ATL@@@@@ATL@@QAEAAV01@ABV01@@Z 004277c8 f   mfc140d:mfc140d.dll
 0002:000167ce       ??Y?$CStringT@DV?$StrTraitMFC_DLL@DV?$ChTraitsCRT@D@ATL@@@@@ATL@@QAEAAV01@ABV?$CSimpleStringT@D$00@1@@Z 004277ce f   mfc140d:mfc140d.dll
 0002:000167d4       ??Y?$CStringT@DV?$StrTraitMFC_DLL@DV?$ChTraitsCRT@D@ATL@@@@@ATL@@QAEAAV01@PBD@Z 004277d4 f   mfc140d:mfc140d.dll
 0002:000167da       ?LoadStringA@?$CStringT@DV?$StrTraitMFC_DLL@DV?$ChTraitsCRT@D@ATL@@@@@ATL@@QAEHI@Z 004277da f   mfc140d:mfc140d.dll
 0002:000167e0       ??2@YAPAXIPBDH@Z           004277e0 f   mfc140d:mfc140d.dll
 0002:000167e6       ??3@YAXPAXPBDH@Z           004277e6 f   mfc140d:mfc140d.dll
 0002:000167ec       ??_U@YAPAXIPBDH@Z          004277ec f   mfc140d:mfc140d.dll
 0002:000167f2       ?GetSafeHdc@CDC@@QBEPAUHDC__@@XZ 004277f2 f   mfc140d:mfc140d.dll
 0002:000167f8       ?DrawIcon@CDC@@QAEHHHPAUHICON__@@@Z 004277f8 f   mfc140d:mfc140d.dll
 0002:000167fe       ??0CPaintDC@@QAE@PAVCWnd@@@Z 004277fe f   mfc140d:mfc140d.dll
 0002:00016804       ??1CPaintDC@@UAE@XZ        00427804 f   mfc140d:mfc140d.dll
 0002:0001680a       ?AppendMenuA@CMenu@@QAEHIIPBD@Z 0042780a f   mfc140d:mfc140d.dll
 0002:00016810       ?GetDlgItem@CWnd@@QBEPAV1@H@Z 00427810 f   mfc140d:mfc140d.dll
 0002:00016816       ?SendMessageA@CWnd@@QBEJIIJ@Z 00427816 f   mfc140d:mfc140d.dll
 0002:0001681c       ?GetSystemMenu@CWnd@@QBEPAVCMenu@@H@Z 0042781c f   mfc140d:mfc140d.dll
 0002:00016822       ?IsIconic@CWnd@@QBEHXZ     00427822 f   mfc140d:mfc140d.dll
 0002:00016828       ?GetClientRect@CWnd@@QBEXPAUtagRECT@@@Z 00427828 f   mfc140d:mfc140d.dll
 0002:0001682e       ?ShowWindow@CWnd@@QAEHH@Z  0042782e f   mfc140d:mfc140d.dll
 0002:00016834       ?EnableWindow@CWnd@@QAEHH@Z 00427834 f   mfc140d:mfc140d.dll
 0002:0001683a       ?SetDlgItemTextA@CWnd@@QAEXHPBD@Z 0042783a f   mfc140d:mfc140d.dll
 0002:00016840       ?SetIcon@CWnd@@QAEPAUHICON__@@PAU2@H@Z 00427840 f   mfc140d:mfc140d.dll
 0002:00016846       ?UpdateData@CWnd@@QAEHH@Z  00427846 f   mfc140d:mfc140d.dll
 0002:0001684c       ?OnSysCommand@CWnd@@IAEXIJ@Z 0042784c f   mfc140d:mfc140d.dll
 0002:00016852       ?OnPaint@CDialog@@IAEXXZ   00427852 f   mfc140d:mfc140d.dll
 0002:00016858       ??0CListBox@@QAE@XZ        00427858 f   mfc140d:mfc140d.dll
 0002:0001685e       ?SetCurSel@CListBox@@QAEHH@Z 0042785e f   mfc140d:mfc140d.dll
 0002:00016864       ?InsertString@CListBox@@QAEHHPBD@Z 00427864 f   mfc140d:mfc140d.dll
 0002:0001686a       ??1CListBox@@UAE@XZ        0042786a f   mfc140d:mfc140d.dll
 0002:00016870       ?LoadIconA@CWinApp@@QBEPAUHICON__@@I@Z 00427870 f   mfc140d:mfc140d.dll
 0002:00016876       ?GetRuntimeClass@CDialogEx@@UBEPAUCRuntimeClass@@XZ 00427876 f   mfc140d:mfc140d.dll
 0002:0001687c       ?Create@CAsyncSocket@@QAEHIHJPBD@Z 0042787c f   mfc140d:mfc140d.dll
 0002:00016882       ?GetPeerName@CAsyncSocket@@QAEHAAV?$CStringT@DV?$StrTraitMFC_DLL@DV?$ChTraitsCRT@D@ATL@@@@@ATL@@AAI@Z 00427882 f   mfc140d:mfc140d.dll
 0002:00016888       ?IOCtl@CAsyncSocket@@QAEHJPAK@Z 00427888 f   mfc140d:mfc140d.dll
 0002:0001688e       ?Listen@CAsyncSocket@@QAEHH@Z 0042788e f   mfc140d:mfc140d.dll
 0002:000168a0       ??1CComBSTR@ATL@@QAE@XZ    004278a0 f i mfcs140d:nolib.obj
 0002:000168e0       ??1stringdispid@CComTypeInfoHolder@ATL@@QAE@XZ 004278e0 f i mfcs140d:nolib.obj
 0002:00016910       ??_Estringdispid@CComTypeInfoHolder@ATL@@QAEPAXI@Z 00427910 f i mfcs140d:nolib.obj
 0002:000169f0       _IsolationAwareActivateActCtx@8 004279f0 f i mfcs140d:nolib.obj
 0002:00016a90       _IsolationAwareCreateActCtxW@4 00427a90 f i mfcs140d:nolib.obj
 0002:00016b20       _IsolationAwareDeactivateActCtx@8 00427b20 f i mfcs140d:nolib.obj
 0002:00016bc0       _IsolationAwareFindActCtxSectionStringW@20 00427bc0 f i mfcs140d:nolib.obj
 0002:00016c70       _IsolationAwarePrivatenPgViNgRzlnPgpgk@4 00427c70 f i mfcs140d:nolib.obj
 0002:00016d80       _IsolationAwarePrivatezltRgCebPnQQeRff@12 00427d80 f i mfcs140d:nolib.obj
 0002:00016e30       _IsolationAwarePrivatezltRgzbQhYRuNaQYRJ@4 00427e30 f i mfcs140d:nolib.obj
 0002:00016e60       _IsolationAwarePrivatezltRgzbQhYRuNaQYRn@4 00427e60 f i mfcs140d:nolib.obj
 0002:00016e90       _IsolationAwareQueryActCtxW@28 00427e90 f i mfcs140d:nolib.obj
 0002:00016f40       _IsolationAwareUnregisterClassA@8 00427f40 f i mfcs140d:nolib.obj
 0002:00017140       _WinbaseIsolationAwarePrivatetRgCebPnQQeRff_xReaRYQP_QYY@4 00428140 f i mfcs140d:nolib.obj
 0002:00017170       _WinbaseIsolationAwarePrivatetRgzlnPgpgk@0 00428170 f i mfcs140d:nolib.obj
 0002:00017590       ?AfxSocketInit@@YGHPAUWSAData@@@Z 00428590 f   mfcs140d:sockexp.obj
 0002:000175c0       @_RTC_AllocaHelper@12      004285c0 f   msvcrtd:_stack_.obj
 0002:00017600       @_RTC_CheckStackVars2@12   00428600 f   msvcrtd:_stack_.obj
 0002:00017710       @_RTC_CheckStackVars@8     00428710 f   msvcrtd:_stack_.obj
 0002:00017780       __RTC_CheckEsp             00428780 f   msvcrtd:_stack_.obj
 0002:000177b0       @__security_check_cookie@4 004287b0 f   msvcrtd:_secchk_.obj
 0002:000177d0       __CRT_RTC_INIT             004287d0 f   msvcrtd:_init_.obj
 0002:000177e0       __CRT_RTC_INITW            004287e0 f   msvcrtd:_init_.obj
 0002:000177f0       __RTC_InitBase             004287f0 f   msvcrtd:_init_.obj
 0002:00017830       __RTC_Shutdown             00428830 f   msvcrtd:_init_.obj
 0002:00017850       ??1type_info@@UAE@XZ       00428850 f   msvcrtd:std_type_info_static.obj
 0002:00017870       ??_Gtype_info@@UAEPAXI@Z   00428870 f i msvcrtd:std_type_info_static.obj
 0002:00017870       ??_Etype_info@@UAEPAXI@Z   00428870 f i msvcrtd:std_type_info_static.obj
 0002:000178b0       ??3@YAXPAXI@Z              004288b0 f   msvcrtd:delete_scalar_size.obj
 0002:000178d0       __chkstk                   004288d0 f   msvcrtd:chkstk.obj
 0002:000178d0       __alloca_probe             004288d0 f   msvcrtd:chkstk.obj
 0002:00017ab0       ?_RTC_AllocaFailure@@YAXPAXPAU_RTC_ALLOCA_NODE@@H@Z 00428ab0 f   msvcrtd:_error_.obj
 0002:00017c20       ?_RTC_Failure@@YAXPAXH@Z   00428c20 f   msvcrtd:_error_.obj
 0002:00017c90       ?_RTC_StackFailure@@YAXPAXPBD@Z 00428c90 f   msvcrtd:_error_.obj
 0002:00018100       __RTC_UninitUse            00429100 f   msvcrtd:_error_.obj
 0002:00018230       __vsprintf_s_l             00429230 f i msvcrtd:_error_.obj
 0002:00018270       _sprintf_s                 00429270 f i msvcrtd:_error_.obj
 0002:000182a0       ??$__crt_fast_decode_pointer@PAP6AXXZ@@YAPAP6AXXZQAP6AXXZ@Z 004292a0 f i msvcrtd:utility.obj
 0002:000182d0       ??$__crt_fast_encode_pointer@PAP6AXXZ@@YAPAP6AXXZQAP6AXXZ@Z 004292d0 f i msvcrtd:utility.obj
 0002:00018310       ?__crt_rotate_pointer_value@@YAIIH@Z 00429310 f i msvcrtd:utility.obj
 0002:00018460       _NtCurrentTeb              00429460 f i msvcrtd:utility.obj
 0002:00018470       ___scrt_acquire_startup_lock 00429470 f   msvcrtd:utility.obj
 0002:000184d0       ___scrt_dllmain_after_initialize_c 004294d0 f   msvcrtd:utility.obj
 0002:00018500       ___scrt_dllmain_before_initialize_c 00429500 f   msvcrtd:utility.obj
 0002:00018530       ___scrt_dllmain_crt_thread_attach 00429530 f   msvcrtd:utility.obj
 0002:00018570       ___scrt_dllmain_crt_thread_detach 00429570 f   msvcrtd:utility.obj
 0002:00018590       ___scrt_dllmain_exception_filter 00429590 f   msvcrtd:utility.obj
 0002:000185f0       ___scrt_dllmain_uninitialize_c 004295f0 f   msvcrtd:utility.obj
 0002:00018630       ___scrt_dllmain_uninitialize_critical 00429630 f   msvcrtd:utility.obj
 0002:00018650       ___scrt_initialize_crt     00429650 f   msvcrtd:utility.obj
 0002:000186b0       ___scrt_initialize_onexit_tables 004296b0 f   msvcrtd:utility.obj
 0002:000187b0       ___scrt_is_nonwritable_in_current_image 004297b0 f   msvcrtd:utility.obj
 0002:00018930       ___scrt_release_startup_lock 00429930 f   msvcrtd:utility.obj
 0002:00018960       ___scrt_uninitialize_crt   00429960 f   msvcrtd:utility.obj
 0002:000189b0       __onexit                   004299b0 f   msvcrtd:utility.obj
 0002:00018a40       _at_quick_exit             00429a40 f   msvcrtd:utility.obj
 0002:00018aa0       _atexit                    00429aa0 f   msvcrtd:utility.obj
 0002:00018c20       ??$__crt_fast_decode_pointer@P6GHPAU_RTL_CONDITION_VARIABLE@@PAU_RTL_CRITICAL_SECTION@@K@Z@@YAP6GHPAU_RTL_CONDITION_VARIABLE@@PAU_RTL_CRITICAL_SECTION@@K@ZQ6GH01K@Z@Z 00429c20 f i msvcrtd:thread_safe_statics.obj
 0002:00018c50       ??$__crt_fast_decode_pointer@P6GXPAU_RTL_CONDITION_VARIABLE@@@Z@@YAP6GXPAU_RTL_CONDITION_VARIABLE@@@ZQ6GX0@Z@Z 00429c50 f i msvcrtd:thread_safe_statics.obj
 0002:00018c80       ??$__crt_fast_encode_pointer@P6GHPAU_RTL_CONDITION_VARIABLE@@PAU_RTL_CRITICAL_SECTION@@K@Z@@YAP6GHPAU_RTL_CONDITION_VARIABLE@@PAU_RTL_CRITICAL_SECTION@@K@ZQ6GH01K@Z@Z 00429c80 f i msvcrtd:thread_safe_statics.obj
 0002:00018cc0       ??$__crt_fast_encode_pointer@P6GXPAU_RTL_CONDITION_VARIABLE@@@Z@@YAP6GXPAU_RTL_CONDITION_VARIABLE@@@ZQ6GX0@Z@Z 00429cc0 f i msvcrtd:thread_safe_statics.obj
 0002:00018d30       __Init_thread_abort        00429d30 f   msvcrtd:thread_safe_statics.obj
 0002:00018d60       __Init_thread_footer       00429d60 f   msvcrtd:thread_safe_statics.obj
 0002:00018dc0       __Init_thread_header       00429dc0 f   msvcrtd:thread_safe_statics.obj
 0002:00018e50       __Init_thread_lock         00429e50 f   msvcrtd:thread_safe_statics.obj
 0002:00018e70       __Init_thread_notify       00429e70 f   msvcrtd:thread_safe_statics.obj
 0002:00018ee0       __Init_thread_unlock       00429ee0 f   msvcrtd:thread_safe_statics.obj
 0002:00018f00       __Init_thread_wait         00429f00 f   msvcrtd:thread_safe_statics.obj
 0002:000193d0       ?configure_argv@__scrt_narrow_argv_policy@@SAHXZ 0042a3d0 f i msvcrtd:exe_winmain.obj
 0002:000193f0       ?get_app_type@__scrt_winmain_policy@@SA?AW4_crt_app_type@@XZ 0042a3f0 f i msvcrtd:exe_winmain.obj
 0002:00019440       _WinMainCRTStartup         0042a440 f   msvcrtd:exe_winmain.obj
 0002:00019450       ??_M@YGXPAXIHP6EX0@Z@Z     0042a450 f   msvcrtd:ehvecdtr.obj
 0002:00019480       ??_M@YGXPAXIIP6EX0@Z@Z     0042a480 f   msvcrtd:ehvecdtr.obj
 0002:000195b0       ?__ArrayUnwind@@YGXPAXIIP6EX0@Z@Z 0042a5b0 f   msvcrtd:ehvecdtr.obj
 0002:00019680       ??_V@YAXPAXI@Z             0042a680 f   msvcrtd:delete_array_size.obj
 0002:000196a0       __except_handler4          0042a6a0 f   msvcrtd:_chandler4gs_.obj
 0002:000196d0       ___raise_securityfailure   0042a6d0 f   msvcrtd:gs_report.obj
 0002:00019710       ___report_gsfailure        0042a710 f   msvcrtd:gs_report.obj
 0002:00019860       ___report_rangecheckfailure 0042a860 f   msvcrtd:gs_report.obj
 0002:00019870       ___report_securityfailure  0042a870 f   msvcrtd:gs_report.obj
 0002:00019980       ___report_securityfailureEx 0042a980 f   msvcrtd:gs_report.obj
 0002:00019af0       ?_RTC_GetErrorFunc@@YAP6AHHPBDH00ZZPBX@Z 0042aaf0 f   msvcrtd:_userapi_.obj
 0002:00019b00       ?_RTC_GetErrorFuncW@@YAP6AHHPB_WH00ZZPBX@Z 0042ab00 f   msvcrtd:_userapi_.obj
 0002:00019b10       __RTC_GetErrDesc           0042ab10 f   msvcrtd:_userapi_.obj
 0002:00019b30       __RTC_NumErrors            0042ab30 f   msvcrtd:_userapi_.obj
 0002:00019b40       __RTC_SetErrorFunc         0042ab40 f   msvcrtd:_userapi_.obj
 0002:00019b70       __RTC_SetErrorFuncW        0042ab70 f   msvcrtd:_userapi_.obj
 0002:00019ba0       __RTC_SetErrorType         0042aba0 f   msvcrtd:_userapi_.obj
 0002:0001a190       ?_RTC_GetSrcLine@@YAHPAEPA_WKPAH1K@Z 0042b190 f   msvcrtd:_pdblkup_.obj
 0002:0001a5c0       @_guard_check_icall@4      0042b5c0 f i msvcrtd:checkcfg.obj
 0002:0001a5e0       ___isa_available_init      0042b5e0 f   msvcrtd:_cpu_disp_.obj
 0002:0001a970       ___scrt_is_ucrt_dll_in_use 0042b970 f   msvcrtd:ucrt_detection.obj
 0002:0001a9a0       ___scrt_fastfail           0042b9a0 f   msvcrtd:utility_desktop.obj
 0002:0001ab30       ___scrt_get_show_window_mode 0042bb30 f   msvcrtd:utility_desktop.obj
 0002:0001ab80       ___scrt_initialize_winrt   0042bb80 f   msvcrtd:utility_desktop.obj
 0002:0001ab90       ___scrt_is_managed_app     0042bb90 f   msvcrtd:utility_desktop.obj
 0002:0001ac40       ___scrt_set_unhandled_exception_filter 0042bc40 f   msvcrtd:utility_desktop.obj
 0002:0001ac60       ___scrt_unhandled_exception_filter@4 0042bc60 f   msvcrtd:utility_desktop.obj
 0002:0001ace0       __crt_debugger_hook        0042bce0 f   msvcrtd:utility_desktop.obj
 0002:0001ad00       ___security_init_cookie    0042bd00 f   msvcrtd:gs_support.obj
 0002:0001ae20       __matherr                  0042be20 f   msvcrtd:matherr.obj
 0002:0001ae30       __get_startup_argv_mode    0042be30 f   msvcrtd:argv_mode.obj
 0002:0001ae40       __get_startup_commit_mode  0042be40 f   msvcrtd:commit_mode.obj
 0002:0001ae50       __get_startup_file_mode    0042be50 f   msvcrtd:file_mode.obj
 0002:0001ae60       __get_startup_new_mode     0042be60 f   msvcrtd:new_mode.obj
 0002:0001ae70       __get_startup_thread_locale_mode 0042be70 f   msvcrtd:thread_locale.obj
 0002:0001ae80       ?__scrt_initialize_type_info@@YAXXZ 0042be80 f   msvcrtd:tncleanup.obj
 0002:0001aea0       ?__scrt_uninitialize_type_info@@YAXXZ 0042bea0 f   msvcrtd:tncleanup.obj
 0002:0001aec0       __initialize_default_precision 0042bec0 f   msvcrtd:default_precision.obj
 0002:0001aef0       __initialize_invalid_parameter_handler 0042bef0 f   msvcrtd:invalid_parameter_handler.obj
 0002:0001af00       __initialize_denormal_control 0042bf00 f   msvcrtd:denormal_control.obj
 0002:0001af10       ___local_stdio_scanf_options 0042bf10 f i msvcrtd:default_local_stdio_options.obj
 0002:0001af20       ___scrt_initialize_default_local_stdio_options 0042bf20 f   msvcrtd:default_local_stdio_options.obj
 0002:0001af70       ___scrt_is_user_matherr_present 0042bf70 f   msvcrtd:matherr_detection.obj
 0002:0001afa0       ___scrt_get_dyn_tls_init_callback 0042bfa0 f   msvcrtd:dyn_tls_init.obj
 0002:0001afb0       ___scrt_get_dyn_tls_dtor_callback 0042bfb0 f   msvcrtd:dyn_tls_dtor.obj
 0002:0001afc0       __RTC_Initialize           0042bfc0 f   msvcrtd:_initsect_.obj
 0002:0001b000       __RTC_Terminate            0042c000 f   msvcrtd:_initsect_.obj
 0002:0001b040       ??_V@YAXPAX@Z              0042c040 f   msvcrtd:delete_array.obj
 0002:0001b060       @_guard_check_icall_nop@4  0042c060 f i msvcrtd:guard_support.obj
 0002:0001b070       __guard_icall_checks_enforced 0042c070 f i msvcrtd:guard_support.obj
 0002:0001b0a0       _WaitForSingleObject@8     0042c0a0 f   kernel32:KERNEL32.dll
 0002:0001b0a6       _DecodePointer@4           0042c0a6 f   kernel32:KERNEL32.dll
 0002:0001b0ac       _RaiseException@16         0042c0ac f   kernel32:KERNEL32.dll
 0002:0001b0b2       _GetLastError@0            0042c0b2 f   kernel32:KERNEL32.dll
 0002:0001b0b8       _SetLastError@4            0042c0b8 f   kernel32:KERNEL32.dll
 0002:0001b0be       _HeapDestroy@4             0042c0be f   kernel32:KERNEL32.dll
 0002:0001b0c4       _HeapAlloc@12              0042c0c4 f   kernel32:KERNEL32.dll
 0002:0001b0ca       _HeapReAlloc@16            0042c0ca f   kernel32:KERNEL32.dll
 0002:0001b0d0       _HeapFree@12               0042c0d0 f   kernel32:KERNEL32.dll
 0002:0001b0d6       _HeapSize@12               0042c0d6 f   kernel32:KERNEL32.dll
 0002:0001b0dc       _GetProcessHeap@0          0042c0dc f   kernel32:KERNEL32.dll
 0002:0001b0e2       _EnterCriticalSection@4    0042c0e2 f   kernel32:KERNEL32.dll
 0002:0001b0e8       _LeaveCriticalSection@4    0042c0e8 f   kernel32:KERNEL32.dll
 0002:0001b0ee       _InitializeCriticalSectionEx@12 0042c0ee f   kernel32:KERNEL32.dll
 0002:0001b0f4       _DeleteCriticalSection@4   0042c0f4 f   kernel32:KERNEL32.dll
 0002:0001b0fa       _MultiByteToWideChar@24    0042c0fa f   kernel32:KERNEL32.dll
 0002:0001b100       _OutputDebugStringA@4      0042c100 f   kernel32:KERNEL32.dll
 0002:0001b106       _InitializeCriticalSectionAndSpinCount@8 0042c106 f   kernel32:KERNEL32.dll
 0002:0001b10c       _GetModuleFileNameW@12     0042c10c f   kernel32:KERNEL32.dll
 0002:0001b112       _GetModuleHandleA@4        0042c112 f   kernel32:KERNEL32.dll
 0002:0001b118       _GetModuleHandleW@4        0042c118 f   kernel32:KERNEL32.dll
 0002:0001b11e       _GetProcAddress@8          0042c11e f   kernel32:KERNEL32.dll
 0002:0001b124       _LoadLibraryW@4            0042c124 f   kernel32:KERNEL32.dll
 0002:0001b12a       _IsDebuggerPresent@0       0042c12a f   kernel32:KERNEL32.dll
 0002:0001b130       _WideCharToMultiByte@32    0042c130 f   kernel32:KERNEL32.dll
 0002:0001b136       _CloseHandle@4             0042c136 f   kernel32:KERNEL32.dll
 0002:0001b13c       _SetEvent@4                0042c13c f   kernel32:KERNEL32.dll
 0002:0001b142       _ResetEvent@4              0042c142 f   kernel32:KERNEL32.dll
 0002:0001b148       _WaitForSingleObjectEx@12  0042c148 f   kernel32:KERNEL32.dll
 0002:0001b14e       _CreateEventW@16           0042c14e f   kernel32:KERNEL32.dll
 0002:0001b154       _UnhandledExceptionFilter@4 0042c154 f   kernel32:KERNEL32.dll
 0002:0001b15a       _SetUnhandledExceptionFilter@4 0042c15a f   kernel32:KERNEL32.dll
 0002:0001b160       _GetCurrentProcess@0       0042c160 f   kernel32:KERNEL32.dll
 0002:0001b166       _TerminateProcess@8        0042c166 f   kernel32:KERNEL32.dll
 0002:0001b16c       _IsProcessorFeaturePresent@4 0042c16c f   kernel32:KERNEL32.dll
 0002:0001b172       _VirtualQuery@12           0042c172 f   kernel32:KERNEL32.dll
 0002:0001b178       _FreeLibrary@4             0042c178 f   kernel32:KERNEL32.dll
 0002:0001b17e       _GetStartupInfoW@4         0042c17e f   kernel32:KERNEL32.dll
 0002:0001b184       _QueryPerformanceCounter@4 0042c184 f   kernel32:KERNEL32.dll
 0002:0001b18a       _GetCurrentProcessId@0     0042c18a f   kernel32:KERNEL32.dll
 0002:0001b190       _GetCurrentThreadId@0      0042c190 f   kernel32:KERNEL32.dll
 0002:0001b196       _GetSystemTimeAsFileTime@4 0042c196 f   kernel32:KERNEL32.dll
 0002:0001b19c       _InitializeSListHead@4     0042c19c f   kernel32:KERNEL32.dll
 0002:0001b1a2       _UnregisterClassA@8        0042c1a2 f   user32:USER32.dll
 0002:0001b1a8       _PeekMessageA@20           0042c1a8 f   user32:USER32.dll
 0002:0001b1ae       _PostQuitMessage@4         0042c1ae f   user32:USER32.dll
 0002:0001b1b4       _GetSystemMetrics@4        0042c1b4 f   user32:USER32.dll
 0002:0001b1ba       _DeleteDC@4                0042c1ba f   gdi32:GDI32.dll
 0002:0001b1c0       _InitCommonControlsEx@4    0042c1c0 f   comctl32:COMCTL32.dll
 0002:0001b1c6       ??$?2PAUHINSTANCE__@@@Wrapper@?$CSimpleArray@PAUHINSTANCE__@@V?$CSimpleArrayEqualHelper@PAUHINSTANCE__@@@ATL@@@ATL@@SAPAXIPAPAUHINSTANCE__@@@Z 0042c1c6 f i atls:atlbase.obj
 0002:0001b1d0       ??0?$CComCritSecLock@VCComCriticalSection@ATL@@@ATL@@QAE@AAVCComCriticalSection@1@_N@Z 0042c1d0 f i atls:atlbase.obj
 0002:0001b200       ??0?$CSimpleArray@PAUHINSTANCE__@@V?$CSimpleArrayEqualHelper@PAUHINSTANCE__@@@ATL@@@ATL@@QAE@XZ 0042c200 f i atls:atlbase.obj
 0002:0001b210       ??0CAtlBaseModule@ATL@@QAE@XZ 0042c210 f   atls:atlbase.obj
 0002:0001b277       ??0Wrapper@?$CSimpleArray@PAUHINSTANCE__@@V?$CSimpleArrayEqualHelper@PAUHINSTANCE__@@@ATL@@@ATL@@QAE@ABQAUHINSTANCE__@@@Z 0042c277 f i atls:atlbase.obj
 0002:0001b28b       ??0_ATL_BASE_MODULE70@ATL@@QAE@XZ 0042c28b f i atls:atlbase.obj
 0002:0001b2b6       ??1?$CComCritSecLock@VCComCriticalSection@ATL@@@ATL@@QAE@XZ 0042c2b6 f i atls:atlbase.obj
 0002:0001b2d2       ??1?$CSimpleArray@PAUHINSTANCE__@@V?$CSimpleArrayEqualHelper@PAUHINSTANCE__@@@ATL@@@ATL@@QAE@XZ 0042c2d2 f i atls:atlbase.obj
 0002:0001b2d7       ??1CAtlBaseModule@ATL@@QAE@XZ 0042c2d7 f   atls:atlbase.obj
 0002:0001b2f2       ??1_ATL_BASE_MODULE70@ATL@@QAE@XZ 0042c2f2 f i atls:atlbase.obj
 0002:0001b2fc       ??A?$CSimpleArray@PAUHINSTANCE__@@V?$CSimpleArrayEqualHelper@PAUHINSTANCE__@@@ATL@@@ATL@@QAEAAPAUHINSTANCE__@@H@Z 0042c2fc f i atls:atlbase.obj
 0002:0001b330       ?Add@?$CSimpleArray@PAUHINSTANCE__@@V?$CSimpleArrayEqualHelper@PAUHINSTANCE__@@@ATL@@@ATL@@QAEHABQAUHINSTANCE__@@@Z 0042c330 f i atls:atlbase.obj
 0002:0001b3c6       ?AddResourceInstance@CAtlBaseModule@ATL@@QAE_NPAUHINSTANCE__@@@Z 0042c3c6 f   atls:atlbase.obj
 0002:0001b405       ?AtlCrtErrorCheck@ATL@@YAHH@Z 0042c405 f i atls:atlbase.obj
 0002:0001b44e       ?AtlThrowImpl@ATL@@YGXJ@Z  0042c44e f i atls:atlbase.obj
 0002:0001b47d       ?GetHInstanceAt@CAtlBaseModule@ATL@@QAEPAUHINSTANCE__@@H@Z 0042c47d f   atls:atlbase.obj
 0002:0001b4d3       ?GetSize@?$CSimpleArray@PAUHINSTANCE__@@V?$CSimpleArrayEqualHelper@PAUHINSTANCE__@@@ATL@@@ATL@@QBEHXZ 0042c4d3 f i atls:atlbase.obj
 0002:0001b4d7       ?InternalSetAtIndex@?$CSimpleArray@PAUHINSTANCE__@@V?$CSimpleArrayEqualHelper@PAUHINSTANCE__@@@ATL@@@ATL@@QAEXHABQAUHINSTANCE__@@@Z 0042c4d7 f i atls:atlbase.obj
 0002:0001b4f7       ?Lock@?$CComCritSecLock@VCComCriticalSection@ATL@@@ATL@@QAEJXZ 0042c4f7 f i atls:atlbase.obj
 0002:0001b50e       ?Lock@CComCriticalSection@ATL@@QAEJXZ 0042c50e f i atls:atlbase.obj
 0002:0001b51a       ?RemoveAll@?$CSimpleArray@PAUHINSTANCE__@@V?$CSimpleArrayEqualHelper@PAUHINSTANCE__@@@ATL@@@ATL@@QAEXXZ 0042c51a f i atls:atlbase.obj
 0002:0001b53e       ?RemoveAt@?$CSimpleArray@PAUHINSTANCE__@@V?$CSimpleArrayEqualHelper@PAUHINSTANCE__@@@ATL@@@ATL@@QAEHH@Z 0042c53e f i atls:atlbase.obj
 0002:0001b598       ?RemoveResourceInstance@CAtlBaseModule@ATL@@QAE_NPAUHINSTANCE__@@@Z 0042c598 f   atls:atlbase.obj
 0002:0001b60e       ?Unlock@?$CComCritSecLock@VCComCriticalSection@ATL@@@ATL@@QAEXXZ 0042c60e f i atls:atlbase.obj
 0002:0001b623       ?Unlock@CComCriticalSection@ATL@@QAEJXZ 0042c623 f i atls:atlbase.obj
 0002:0001b62f       ?memmove_s@Checked@ATL@@YAXPAXIPBXI@Z 0042c62f f i atls:atlbase.obj
 0002:0001b6f3       ??0?$CTraceCategoryEx@$00$0A@@ATL@@QAE@PB_W@Z 0042c6f3 f i atls:stdafx.obj
 0002:0001b6f8       ??0?$CTraceCategoryEx@$01$0A@@ATL@@QAE@PB_W@Z 0042c6f8 f i atls:stdafx.obj
 0002:0001b6fd       ??0?$CTraceCategoryEx@$03$0A@@ATL@@QAE@PB_W@Z 0042c6fd f i atls:stdafx.obj
 0002:0001b702       ??0?$CTraceCategoryEx@$07$0A@@ATL@@QAE@PB_W@Z 0042c702 f i atls:stdafx.obj
 0002:0001b707       ??0?$CTraceCategoryEx@$0BA@$0A@@ATL@@QAE@PB_W@Z 0042c707 f i atls:stdafx.obj
 0002:0001b70c       ??0?$CTraceCategoryEx@$0BAA@$0A@@ATL@@QAE@PB_W@Z 0042c70c f i atls:stdafx.obj
 0002:0001b711       ??0?$CTraceCategoryEx@$0BAAA@$0A@@ATL@@QAE@PB_W@Z 0042c711 f i atls:stdafx.obj
 0002:0001b716       ??0?$CTraceCategoryEx@$0BAAAA@$0A@@ATL@@QAE@PB_W@Z 0042c716 f i atls:stdafx.obj
 0002:0001b71b       ??0?$CTraceCategoryEx@$0BAAAAA@$0A@@ATL@@QAE@PB_W@Z 0042c71b f i atls:stdafx.obj
 0002:0001b720       ??0?$CTraceCategoryEx@$0CA@$0A@@ATL@@QAE@PB_W@Z 0042c720 f i atls:stdafx.obj
 0002:0001b725       ??0?$CTraceCategoryEx@$0CAA@$0A@@ATL@@QAE@PB_W@Z 0042c725 f i atls:stdafx.obj
 0002:0001b72a       ??0?$CTraceCategoryEx@$0CAAA@$0A@@ATL@@QAE@PB_W@Z 0042c72a f i atls:stdafx.obj
 0002:0001b72f       ??0?$CTraceCategoryEx@$0CAAAA@$0A@@ATL@@QAE@PB_W@Z 0042c72f f i atls:stdafx.obj
 0002:0001b734       ??0?$CTraceCategoryEx@$0CAAAAA@$0A@@ATL@@QAE@PB_W@Z 0042c734 f i atls:stdafx.obj
 0002:0001b739       ??0?$CTraceCategoryEx@$0EA@$0A@@ATL@@QAE@PB_W@Z 0042c739 f i atls:stdafx.obj
 0002:0001b73e       ??0?$CTraceCategoryEx@$0EAA@$0A@@ATL@@QAE@PB_W@Z 0042c73e f i atls:stdafx.obj
 0002:0001b743       ??0?$CTraceCategoryEx@$0EAAA@$0A@@ATL@@QAE@PB_W@Z 0042c743 f i atls:stdafx.obj
 0002:0001b748       ??0?$CTraceCategoryEx@$0EAAAA@$0A@@ATL@@QAE@PB_W@Z 0042c748 f i atls:stdafx.obj
 0002:0001b74d       ??0?$CTraceCategoryEx@$0EAAAAA@$0A@@ATL@@QAE@PB_W@Z 0042c74d f i atls:stdafx.obj
 0002:0001b752       ??0?$CTraceCategoryEx@$0IA@$0A@@ATL@@QAE@PB_W@Z 0042c752 f i atls:stdafx.obj
 0002:0001b757       ??0?$CTraceCategoryEx@$0IAA@$0A@@ATL@@QAE@PB_W@Z 0042c757 f i atls:stdafx.obj
 0002:0001b75c       ??0?$CTraceCategoryEx@$0IAAA@$0A@@ATL@@QAE@PB_W@Z 0042c75c f i atls:stdafx.obj
 0002:0001b761       ??0?$CTraceCategoryEx@$0IAAAA@$0A@@ATL@@QAE@PB_W@Z 0042c761 f i atls:stdafx.obj
 0002:0001b766       ??_I@YGXPAXIIP6EX0@Z@Z     0042c766 f i atls:stdafx.obj
 0002:0001b79a       _SysFreeString@4           0042c79a f   oleaut32:OLEAUT32.dll
 0002:0001b7a0       _GdiplusShutdown@4         0042c7a0 f   gdiplus:gdiplus.dll
 0002:0001b7a6       _WSAStartup@8              0042c7a6 f   ws2_32:WS2_32.dll
 0002:0001b7ac       ___CxxFrameHandler3        0042c7ac f   vcruntimed:VCRUNTIME140D.dll
 0002:0001b7b2       _memset                    0042c7b2 f   vcruntimed:VCRUNTIME140D.dll
 0002:0001b7b8       ___vcrt_InitializeCriticalSectionEx 0042c7b8 f   vcruntimed:VCRUNTIME140D.dll
 0002:0001b7be       ___telemetry_main_invoke_trigger 0042c7be f   vcruntimed:VCRUNTIME140D.dll
 0002:0001b7c4       ___telemetry_main_return_trigger 0042c7c4 f   vcruntimed:VCRUNTIME140D.dll
 0002:0001b7ca       __except_handler4_common   0042c7ca f   vcruntimed:VCRUNTIME140D.dll
 0002:0001b7d0       ___vcrt_GetModuleFileNameW 0042c7d0 f   vcruntimed:VCRUNTIME140D.dll
 0002:0001b7d6       ___vcrt_GetModuleHandleW   0042c7d6 f   vcruntimed:VCRUNTIME140D.dll
 0002:0001b7dc       ___vcrt_LoadLibraryExW     0042c7dc f   vcruntimed:VCRUNTIME140D.dll
 0002:0001b7e2       ___std_type_info_destroy_list 0042c7e2 f   vcruntimed:VCRUNTIME140D.dll
 0002:0001b7e8       _memmove                   0042c7e8 f   vcruntimed:VCRUNTIME140D.dll
 0002:0001b7ee       _wcscpy_s                  0042c7ee f   ucrtd:ucrtbased.dll
 0002:0001b7f4       ___stdio_common_vswprintf_s 0042c7f4 f   ucrtd:ucrtbased.dll
 0002:0001b7fa       _free                      0042c7fa f   ucrtd:ucrtbased.dll
 0002:0001b800       __CrtDbgReportW            0042c800 f   ucrtd:ucrtbased.dll
 0002:0001b806       _atoi                      0042c806 f   ucrtd:ucrtbased.dll
 0002:0001b80c       _srand                     0042c80c f   ucrtd:ucrtbased.dll
 0002:0001b812       _rand                      0042c812 f   ucrtd:ucrtbased.dll
 0002:0001b818       __time64                   0042c818 f   ucrtd:ucrtbased.dll
 0002:0001b81e       _wcslen                    0042c81e f   ucrtd:ucrtbased.dll
 0002:0001b824       ___stdio_common_vsprintf   0042c824 f   ucrtd:ucrtbased.dll
 0002:0001b82a       ___stdio_common_vsnprintf_s 0042c82a f   ucrtd:ucrtbased.dll
 0002:0001b830       _malloc                    0042c830 f   ucrtd:ucrtbased.dll
 0002:0001b836       __CrtDbgReport             0042c836 f   ucrtd:ucrtbased.dll
 0002:0001b83c       ___stdio_common_vsprintf_s 0042c83c f   ucrtd:ucrtbased.dll
 0002:0001b842       __seh_filter_dll           0042c842 f   ucrtd:ucrtbased.dll
 0002:0001b848       __initialize_narrow_environment 0042c848 f   ucrtd:ucrtbased.dll
 0002:0001b84e       __initialize_onexit_table  0042c84e f   ucrtd:ucrtbased.dll
 0002:0001b854       __register_onexit_function 0042c854 f   ucrtd:ucrtbased.dll
 0002:0001b85a       __execute_onexit_table     0042c85a f   ucrtd:ucrtbased.dll
 0002:0001b860       __crt_atexit               0042c860 f   ucrtd:ucrtbased.dll
 0002:0001b866       __crt_at_quick_exit        0042c866 f   ucrtd:ucrtbased.dll
 0002:0001b86c       __cexit                    0042c86c f   ucrtd:ucrtbased.dll
 0002:0001b872       __seh_filter_exe           0042c872 f   ucrtd:ucrtbased.dll
 0002:0001b878       __set_app_type             0042c878 f   ucrtd:ucrtbased.dll
 0002:0001b87e       ___setusermatherr          0042c87e f   ucrtd:ucrtbased.dll
 0002:0001b884       __configure_narrow_argv    0042c884 f   ucrtd:ucrtbased.dll
 0002:0001b88a       __get_narrow_winmain_command_line 0042c88a f   ucrtd:ucrtbased.dll
 0002:0001b890       __initterm                 0042c890 f   ucrtd:ucrtbased.dll
 0002:0001b896       __initterm_e               0042c896 f   ucrtd:ucrtbased.dll
 0002:0001b89c       _exit                      0042c89c f   ucrtd:ucrtbased.dll
 0002:0001b8a2       __exit                     0042c8a2 f   ucrtd:ucrtbased.dll
 0002:0001b8a8       __set_fmode                0042c8a8 f   ucrtd:ucrtbased.dll
 0002:0001b8ae       __c_exit                   0042c8ae f   ucrtd:ucrtbased.dll
 0002:0001b8b4       __register_thread_local_exe_atexit_callback 0042c8b4 f   ucrtd:ucrtbased.dll
 0002:0001b8ba       __configthreadlocale       0042c8ba f   ucrtd:ucrtbased.dll
 0002:0001b8c0       __set_new_mode             0042c8c0 f   ucrtd:ucrtbased.dll
 0002:0001b8c6       ___p__commode              0042c8c6 f   ucrtd:ucrtbased.dll
 0002:0001b8cc       _terminate                 0042c8cc f   ucrtd:ucrtbased.dll
 0002:0001b8d2       __wmakepath_s              0042c8d2 f   ucrtd:ucrtbased.dll
 0002:0001b8d8       __wsplitpath_s             0042c8d8 f   ucrtd:ucrtbased.dll
 0002:0001b8de       __controlfp_s              0042c8de f   ucrtd:ucrtbased.dll
 0002:0001b8e4       __invalid_parameter_noinfo 0042c8e4 f   ucrtd:ucrtbased.dll
 0002:0001b8ea       __errno                    0042c8ea f   ucrtd:ucrtbased.dll
 0002:0001b8f0       __recalloc                 0042c8f0 f   ucrtd:ucrtbased.dll
 0002:0001b8f6       ?_AfxSocketInit@@YGHPAUWSAData@@@Z 0042c8f6 f   mfc140d:mfc140d.dll
 0002:0001b900       ?AfxInitialize@@YGHHK@Z    0042c900 f   mfcs140d:appmodul.obj
 0002:0001b990       _WinMain@16                0042c990 f   mfcs140d:appmodul.obj
 0002:0001b9bc       _OutputDebugStringW@4      0042c9bc f   kernel32:KERNEL32.dll
 0002:0001b9c2       __setmbcp                  0042c9c2 f   ucrtd:ucrtbased.dll
 0002:0001b9c8       ?AfxGetModuleState@@YGPAVAFX_MODULE_STATE@@XZ 0042c9c8 f   mfc140d:mfc140d.dll
 0002:0001b9ce       ?AfxWinMain@@YGHPAUHINSTANCE__@@0PADH@Z 0042c9ce f   mfc140d:mfc140d.dll
 0002:0001b9e0       ___scrt_stub_for_acrt_initialize 0042c9e0 f   msvcrtd:ucrt_stubs.obj
 0002:0001b9e0       ___vcrt_initialize         0042c9e0 f   msvcrtd:ucrt_stubs.obj
 0002:0001b9e0       ___acrt_initialize         0042c9e0 f   msvcrtd:ucrt_stubs.obj
 0002:0001b9f0       ___acrt_thread_attach      0042c9f0 f   msvcrtd:ucrt_stubs.obj
 0002:0001b9f0       ___scrt_stub_for_acrt_thread_attach 0042c9f0 f   msvcrtd:ucrt_stubs.obj
 0002:0001b9f0       ___vcrt_thread_attach      0042c9f0 f   msvcrtd:ucrt_stubs.obj
 0002:0001ba00       ___scrt_stub_for_acrt_thread_detach 0042ca00 f   msvcrtd:ucrt_stubs.obj
 0002:0001ba00       ___acrt_thread_detach      0042ca00 f   msvcrtd:ucrt_stubs.obj
 0002:0001ba00       ___vcrt_thread_detach      0042ca00 f   msvcrtd:ucrt_stubs.obj
 0002:0001ba10       ___scrt_stub_for_acrt_uninitialize 0042ca10 f   msvcrtd:ucrt_stubs.obj
 0002:0001ba10       ___acrt_uninitialize       0042ca10 f   msvcrtd:ucrt_stubs.obj
 0002:0001ba10       ___vcrt_uninitialize       0042ca10 f   msvcrtd:ucrt_stubs.obj
 0002:0001ba20       ___vcrt_uninitialize_critical 0042ca20 f   msvcrtd:ucrt_stubs.obj
 0002:0001ba20       ___scrt_stub_for_acrt_uninitialize_critical 0042ca20 f   msvcrtd:ucrt_stubs.obj
 0002:0001ba20       ___acrt_uninitialize_critical 0042ca20 f   msvcrtd:ucrt_stubs.obj
 0002:0001ba30       __is_c_termination_complete 0042ca30 f   msvcrtd:ucrt_stubs.obj
 0002:0001ba30       ___scrt_stub_for_is_c_termination_complete 0042ca30 f   msvcrtd:ucrt_stubs.obj
 0002:0001e9f0       ??__Fcache@?1??GetCDCCacheInstance@CImage@ATL@@CAPAVCDCCache@12@XZ@YAXXZ 0042f9f0 f i stdafx.obj
 0002:0001ea40       ??__FgdiPlus@?1??GetInitGDIPlusInstance@CImage@ATL@@CAPAVCInitGDIPlus@12@XZ@YAXXZ 0042fa40 f i stdafx.obj
 0002:0001ea90       ??__FstrHeap@?1??GetInstance@CAtlStringMgr@ATL@@SAPAUIAtlStringMgr@2@XZ@YAXXZ 0042fa90 f i stdafx.obj
 0002:0001eae0       ??__FstrMgr@?1??GetInstance@CAtlStringMgr@ATL@@SAPAUIAtlStringMgr@2@XZ@YAXXZ 0042fae0 f i stdafx.obj
 0003:00000000       ___xc_a                    00431000     msvcrtd:initializers.obj
 0003:0000049c       ___xc_z                    0043149c     msvcrtd:initializers.obj
 0003:000005a0       ___xi_a                    004315a0     msvcrtd:initializers.obj
 0003:000009b0       ___xi_z                    004319b0     msvcrtd:initializers.obj
 0003:00000ab4       ___xl_a                    00431ab4     msvcrtd:tlssup.obj
 0003:00000ab8       ___xl_z                    00431ab8     msvcrtd:tlssup.obj
 0003:00000abc       ___xp_a                    00431abc     msvcrtd:initializers.obj
 0003:00000bc0       ___xp_z                    00431bc0     msvcrtd:initializers.obj
 0003:00000cc4       ___xt_a                    00431cc4     msvcrtd:initializers.obj
 0003:00000dc8       ___xt_z                    00431dc8     msvcrtd:initializers.obj
 0003:00000ed0       ??_C@_17CNPHIMPH@?$AA?$CF?$AAl?$AAs?$AA?$AA@ 00431ed0     AES.obj
 0003:00000edc       ??_C@_0BC@PGMFNIFA@atlTraceException?$AA@ 00431edc     AES.obj
 0003:00000ef4       ??_C@_17LGGGMOOB@?$AA?$CF?$AAh?$AAs?$AA?$AA@ 00431ef4     AES.obj
 0003:00000f00       ??_C@_1EO@EBPPKGOM@?$AAf?$AAa?$AAl?$AAs?$AAe?$AA?5?$AA?$CG?$AA?$CG?$AA?5?$AA?$CC?$AAT?$AAo?$AAo?$AA?5?$AAm?$AAa?$AAn?$AAy?$AA?5?$AAc?$AAa?$AAt?$AAe?$AAg?$AAo?$AAr?$AAi?$AAe?$AAs?$AA?5?$AAd?$AAe@ 00431f00     AES.obj
 0003:00000f50       ??_C@_01DCLJPIOD@?$CB?$AA@ 00431f50     TestServerDlg.obj
 0003:00000f54       ??_C@_04FBLNPEBP@DATE?$AA@ 00431f54     DB_Check.obj
 0003:00000f60       ??_C@_1KC@LMLKMJJ@?$AAc?$AA?3?$AA?2?$AAp?$AAr?$AAo?$AAg?$AAr?$AAa?$AAm?$AA?5?$AAf?$AAi?$AAl?$AAe?$AAs?$AA?5?$AA?$CI?$AAx?$AA8?$AA6?$AA?$CJ?$AA?2?$AAm?$AAi?$AAc?$AAr?$AAo?$AAs?$AAo?$AAf?$AAt@ 00431f60     AES.obj
 0003:00001004       ??_C@_01EOFPKCAF@?$EA?$AA@ 00432004     TestServerDlg.obj
 0003:00001008       ??_C@_0N@BHEAEDAP@192?4168?40?476?$AA@ 00432008     DB_Check.obj
[...]
 0005:00000498       __imp_?OpenDocumentFile@CWinApp@@UAEPAVCDocument@@PBD@Z 0043e498     mfc140d:mfc140d.dll
 0005:0000049c       __imp_?OpenDocumentFile@CWinApp@@UAEPAVCDocument@@PBDH@Z 0043e49c     mfc140d:mfc140d.dll
 0005:000004a0       __imp_?AddToRecentFileList@CWinApp@@UAEXPBD@Z 0043e4a0     mfc140d:mfc140d.dll
 0005:000004a4       __imp_?InitApplication@CWinApp@@UAEHXZ 0043e4a4     mfc140d:mfc140d.dll
 0005:000004a8       __imp_?SaveAllModified@CWinApp@@UAEHXZ 0043e4a8     mfc140d:mfc140d.dll
 0005:000004ac       __imp_?DoMessageBox@CWinApp@@UAEHPBDII@Z 0043e4ac     mfc140d:mfc140d.dll
 0005:000004b0       __imp_?DoWaitCursor@CWinApp@@UAEXH@Z 0043e4b0     mfc140d:mfc140d.dll
 0005:000004b4       __imp_?OnDDECommand@CWinApp@@UAEHPAD@Z 0043e4b4     mfc140d:mfc140d.dll
 0005:000004b8       __imp_?WinHelpA@CWinApp@@UAEXKI@Z 0043e4b8     mfc140d:mfc140d.dll
 0005:000004bc       __imp_?HtmlHelpA@CWinApp@@UAEXKI@Z 0043e4bc     mfc140d:mfc140d.dll
 0005:000004c0       __imp_?WinHelpInternal@CWinApp@@UAEXKI@Z 0043e4c0     mfc140d:mfc140d.dll
 0005:000004c4       __imp_?RegisterWithRestartManager@CWinApp@@UAEJHABV?$CStringT@DV?$StrTraitMFC_DLL@DV?$ChTraitsCRT@D@ATL@@@@@ATL@@@Z 0043e4c4     mfc140d:mfc140d.dll
 0005:000004c8       __imp_?RegisterWithRestartManager@CWinApp@@UAEJPB_WKP6GKPAX@Z1KK@Z 0043e4c8     mfc140d:mfc140d.dll
 0005:000004cc       __imp_?ApplicationRecoveryCallback@CWinApp@@UAEKPAX@Z 0043e4cc     mfc140d:mfc140d.dll
 0005:000004d0       __imp_?GetDataRecoveryHandler@CWinApp@@UAEPAVCDataRecoveryHandler@@XZ 0043e4d0     mfc140d:mfc140d.dll
 0005:000004d4       __imp_?IsTaskbarInteractionEnabled@CWinApp@@UAEHXZ 0043e4d4     mfc140d:mfc140d.dll
 0005:000004d8       __imp_?InitInstance@CWinApp@@UAEHXZ 0043e4d8     mfc140d:mfc140d.dll
 0005:000004dc       __imp_?ExitInstance@CWinApp@@UAEHXZ 0043e4dc     mfc140d:mfc140d.dll
 0005:000004e0       __imp_?RestartInstance@CWinApp@@UAEHXZ 0043e4e0     mfc140d:mfc140d.dll
 0005:000004e4       __imp_?Run@CWinApp@@UAEHXZ 0043e4e4     mfc140d:mfc140d.dll
 0005:000004e8       __imp_?OnIdle@CWinApp@@UAEHJ@Z 0043e4e8     mfc140d:mfc140d.dll
 0005:000004ec       __imp_?ProcessWndProcException@CWinApp@@UAEJPAVCException@@PBUtagMSG@@@Z 0043e4ec     mfc140d:mfc140d.dll
 0005:000004f0       __imp_?LoadAppLangResourceDLL@CWinApp@@UAEPAUHINSTANCE__@@XZ 0043e4f0     mfc140d:mfc140d.dll
 0005:000004f4       __imp_??1CWinApp@@UAE@XZ   0043e4f4     mfc140d:mfc140d.dll
 0005:000004f8       __imp_?AssertValid@CWinApp@@UBEXXZ 0043e4f8     mfc140d:mfc140d.dll
 0005:000004fc       __imp_?Dump@CWinApp@@UBEXAAVCDumpContext@@@Z 0043e4fc     mfc140d:mfc140d.dll
 0005:00000500       __imp_?LoadSysPolicies@CWinApp@@UAEHXZ 0043e500     mfc140d:mfc140d.dll
 0005:00000504       __imp_?AfxEnableControlContainer@@YAXPAVCOccManager@@@Z 0043e504     mfc140d:mfc140d.dll
 0005:00000508       __imp_?SetDefaultManager@CMFCVisualManager@@SGXPAUCRuntimeClass@@@Z 0043e508     mfc140d:mfc140d.dll
 0005:0000050c       __imp_??0CShellManager@@QAE@XZ 0043e50c     mfc140d:mfc140d.dll
 0005:00000510       __imp_?GetThisClass@CMFCVisualManagerWindows@@SGPAUCRuntimeClass@@XZ 0043e510     mfc140d:mfc140d.dll
 0005:00000514       __imp_?traceAppMsg@@3VCTraceCategory@ATL@@A 0043e514     mfc140d:mfc140d.dll
 0005:00000518       __imp_?IsEmpty@?$CSimpleStringT@D$00@ATL@@QBE_NXZ 0043e518     mfc140d:mfc140d.dll
 0005:0000051c       __imp_??4?$CStringT@DV?$StrTraitMFC_DLL@DV?$ChTraitsCRT@D@ATL@@@@@ATL@@QAEAAV01@ABV01@@Z 0043e51c     mfc140d:mfc140d.dll
 0005:00000520       __imp_??Y?$CStringT@DV?$StrTraitMFC_DLL@DV?$ChTraitsCRT@D@ATL@@@@@ATL@@QAEAAV01@ABV?$CSimpleStringT@D$00@1@@Z 0043e520     mfc140d:mfc140d.dll
 0005:00000524       __imp_??Y?$CStringT@DV?$StrTraitMFC_DLL@DV?$ChTraitsCRT@D@ATL@@@@@ATL@@QAEAAV01@PBD@Z 0043e524     mfc140d:mfc140d.dll
 0005:00000528       __imp_?LoadStringA@?$CStringT@DV?$StrTraitMFC_DLL@DV?$ChTraitsCRT@D@ATL@@@@@ATL@@QAEHI@Z 0043e528     mfc140d:mfc140d.dll
 0005:0000052c       __imp_??2@YAPAXIPBDH@Z     0043e52c     mfc140d:mfc140d.dll
 0005:00000530       __imp_??3@YAXPAXPBDH@Z     0043e530     mfc140d:mfc140d.dll
 0005:00000534       __imp_??_U@YAPAXIPBDH@Z    0043e534     mfc140d:mfc140d.dll
 0005:00000538       __imp_?GetSafeHdc@CDC@@QBEPAUHDC__@@XZ 0043e538     mfc140d:mfc140d.dll
 0005:0000053c       __imp_?DrawIcon@CDC@@QAEHHHPAUHICON__@@@Z 0043e53c     mfc140d:mfc140d.dll
 0005:00000540       __imp_??0CPaintDC@@QAE@PAVCWnd@@@Z 0043e540     mfc140d:mfc140d.dll
 0005:00000544       __imp_??1CPaintDC@@UAE@XZ  0043e544     mfc140d:mfc140d.dll
 0005:00000548       __imp_?AppendMenuA@CMenu@@QAEHIIPBD@Z 0043e548     mfc140d:mfc140d.dll
 0005:0000054c       __imp_?GetDlgItem@CWnd@@QBEPAV1@H@Z 0043e54c     mfc140d:mfc140d.dll
 0005:00000550       __imp_?SendMessageA@CWnd@@QBEJIIJ@Z 0043e550     mfc140d:mfc140d.dll
 0005:00000554       __imp_?GetSystemMenu@CWnd@@QBEPAVCMenu@@H@Z 0043e554     mfc140d:mfc140d.dll
 0005:00000558       __imp_?IsIconic@CWnd@@QBEHXZ 0043e558     mfc140d:mfc140d.dll
 0005:0000055c       __imp_?GetClientRect@CWnd@@QBEXPAUtagRECT@@@Z 0043e55c     mfc140d:mfc140d.dll
 0005:00000560       __imp_?ShowWindow@CWnd@@QAEHH@Z 0043e560     mfc140d:mfc140d.dll
 0005:00000564       __imp_?EnableWindow@CWnd@@QAEHH@Z 0043e564     mfc140d:mfc140d.dll
 0005:00000568       __imp_?SetDlgItemTextA@CWnd@@QAEXHPBD@Z 0043e568     mfc140d:mfc140d.dll
 0005:0000056c       __imp_?SetIcon@CWnd@@QAEPAUHICON__@@PAU2@H@Z 0043e56c     mfc140d:mfc140d.dll
 0005:00000570       __imp_?UpdateData@CWnd@@QAEHH@Z 0043e570     mfc140d:mfc140d.dll
 0005:00000574       __imp_?OnSysCommand@CWnd@@IAEXIJ@Z 0043e574     mfc140d:mfc140d.dll
 0005:00000578       __imp_?OnPaint@CDialog@@IAEXXZ 0043e578     mfc140d:mfc140d.dll
 0005:0000057c       __imp_??0CListBox@@QAE@XZ  0043e57c     mfc140d:mfc140d.dll
 0005:00000580       __imp_?SetCurSel@CListBox@@QAEHH@Z 0043e580     mfc140d:mfc140d.dll
 0005:00000584       __imp_?InsertString@CListBox@@QAEHHPBD@Z 0043e584     mfc140d:mfc140d.dll
 0005:00000588       __imp_??1CListBox@@UAE@XZ  0043e588     mfc140d:mfc140d.dll
 0005:0000058c       __imp_?LoadIconA@CWinApp@@QBEPAUHICON__@@I@Z 0043e58c     mfc140d:mfc140d.dll
 0005:00000590       __imp_?GetRuntimeClass@CDialogEx@@UBEPAUCRuntimeClass@@XZ 0043e590     mfc140d:mfc140d.dll
 0005:00000594       __imp_?Create@CAsyncSocket@@QAEHIHJPBD@Z 0043e594     mfc140d:mfc140d.dll
 0005:00000598       __imp_?GetPeerName@CAsyncSocket@@QAEHAAV?$CStringT@DV?$StrTraitMFC_DLL@DV?$ChTraitsCRT@D@ATL@@@@@ATL@@AAI@Z 0043e598     mfc140d:mfc140d.dll
 0005:0000059c       __imp_?IOCtl@CAsyncSocket@@QAEHJPAK@Z 0043e59c     mfc140d:mfc140d.dll
 0005:000005a0       __imp_?Listen@CAsyncSocket@@QAEHH@Z 0043e5a0     mfc140d:mfc140d.dll
 0005:000005a4       __imp_?ContinueModal@CWnd@@UAEHXZ 0043e5a4     mfc140d:mfc140d.dll
 0005:000005a8       __imp_?WinHelpInternal@CWnd@@UAEXKI@Z 0043e5a8     mfc140d:mfc140d.dll
 0005:000005ac       __imp_?HtmlHelpA@CWnd@@UAEXKI@Z 0043e5ac     mfc140d:mfc140d.dll
 0005:000005b0       __imp_?WinHelpA@CWnd@@UAEXKI@Z 0043e5b0     mfc140d:mfc140d.dll
 0005:000005b4       __imp_?GetScrollBarCtrl@CWnd@@UBEPAVCScrollBar@@H@Z 0043e5b4     mfc140d:mfc140d.dll
 0005:000005b8       __imp_?OnToolHitTest@CWnd@@UBEHVCPoint@@PAUtagTOOLINFOA@@@Z 0043e5b8     mfc140d:mfc140d.dll
 0005:000005bc       __imp_?SetMenu@CWnd@@UAEHPAVCMenu@@@Z 0043e5bc     mfc140d:mfc140d.dll
 0005:000005c0       __imp_?GetMenu@CWnd@@UBEPAVCMenu@@XZ 0043e5c0     mfc140d:mfc140d.dll
 0005:000005c4       __imp_?CalcWindowRect@CWnd@@UAEXPAUtagRECT@@I@Z 0043e5c4     mfc140d:mfc140d.dll
 0005:000005c8       __imp_?PreCreateWindow@CWnd@@UAEHAAUtagCREATESTRUCTA@@@Z 0043e5c8     mfc140d:mfc140d.dll
 0005:000005cc       __imp_?DestroyWindow@CWnd@@UAEHXZ 0043e5cc     mfc140d:mfc140d.dll
 0005:000005d0       __imp_?CreateEx@CWnd@@UAEHKPBD0KABUtagRECT@@PAV1@IPAX@Z 0043e5d0     mfc140d:mfc140d.dll
 0005:000005d4       __imp_?CreateEx@CWnd@@UAEHKPBD0KHHHHPAUHWND__@@PAUHMENU__@@PAX@Z 0043e5d4     mfc140d:mfc140d.dll
 0005:000005d8       __imp_?Create@CWnd@@UAEHPBD0KABUtagRECT@@PAV1@IPAUCCreateContext@@@Z 0043e5d8     mfc140d:mfc140d.dll
 0005:000005dc       __imp_?PreSubclassWindow@CWnd@@UAEXXZ 0043e5dc     mfc140d:mfc140d.dll
 0005:000005e0       __imp_?GetConnectionHook@CCmdTarget@@MAEPAUIConnectionPoint@@ABU_GUID@@@Z 0043e5e0     mfc140d:mfc140d.dll
 0005:000005e4       __imp_?GetExtraConnectionPoints@CCmdTarget@@MAEHPAVCPtrArray@@@Z 0043e5e4     mfc140d:mfc140d.dll
 0005:000005e8       __imp_?GetInterfaceHook@CCmdTarget@@UAEPAUIUnknown@@PBX@Z 0043e5e8     mfc140d:mfc140d.dll
 0005:000005ec       __imp_?OnCreateAggregates@CCmdTarget@@UAEHXZ 0043e5ec     mfc140d:mfc140d.dll
 0005:000005f0       __imp_?GetEventSinkMap@CCmdTarget@@MBEPBUAFX_EVENTSINKMAP@@XZ 0043e5f0     mfc140d:mfc140d.dll
 0005:000005f4       __imp_?GetConnectionMap@CCmdTarget@@MBEPBUAFX_CONNECTIONMAP@@XZ 0043e5f4     mfc140d:mfc140d.dll
 0005:000005f8       __imp_?GetDispatchMap@CCmdTarget@@MBEPBUAFX_DISPMAP@@XZ 0043e5f8     mfc140d:mfc140d.dll
 0005:000005fc       __imp_?GetCommandMap@CCmdTarget@@MBEPBUAFX_OLECMDMAP@@XZ 0043e5fc     mfc140d:mfc140d.dll
 0005:00000600       __imp_?GetTypeLib@CCmdTarget@@UAEJKPAPAUITypeLib@@@Z 0043e600     mfc140d:mfc140d.dll
 0005:00000604       __imp_?GetTypeLibCache@CCmdTarget@@UAEPAVCTypeLibCache@@XZ 0043e604     mfc140d:mfc140d.dll
 0005:00000608       __imp_?GetTypeInfoCount@CCmdTarget@@UAEIXZ 0043e608     mfc140d:mfc140d.dll
 0005:0000060c       __imp_?GetDispatchIID@CCmdTarget@@UAEHPAU_GUID@@@Z 0043e60c     mfc140d:mfc140d.dll
 0005:00000610       __imp_?IsInvokeAllowed@CCmdTarget@@UAEHJ@Z 0043e610     mfc140d:mfc140d.dll
 0005:00000614       __imp_?DDX_Control@@YGXPAVCDataExchange@@HAAVCWnd@@@Z 0043e614     mfc140d:mfc140d.dll
 0005:00000618       __imp_??1CBrush@@UAE@XZ    0043e618     mfc140d:mfc140d.dll
 0005:0000061c       __imp_?GetManager@?$CStringT@DV?$StrTraitMFC_DLL@DV?$ChTraitsCRT@D@ATL@@@@@ATL@@QBEPAUIAtlStringMgr@2@XZ 0043e61c     mfc140d:mfc140d.dll
 0005:00000620       __imp_??Y?$CStringT@DV?$StrTraitMFC_DLL@DV?$ChTraitsCRT@D@ATL@@@@@ATL@@QAEAAV01@D@Z 0043e620     mfc140d:mfc140d.dll
 0005:00000624       __imp_??4?$CStringT@DV?$StrTraitMFC_DLL@DV?$ChTraitsCRT@D@ATL@@@@@ATL@@QAEAAV01@PBD@Z 0043e624     mfc140d:mfc140d.dll
 0005:00000628       __imp_??0?$CStringT@DV?$StrTraitMFC_DLL@DV?$ChTraitsCRT@D@ATL@@@@@ATL@@QAE@PBD@Z 0043e628     mfc140d:mfc140d.dll
 0005:0000062c       __imp_??0?$CStringT@DV?$StrTraitMFC_DLL@DV?$ChTraitsCRT@D@ATL@@@@@ATL@@QAE@PAUIAtlStringMgr@1@@Z 0043e62c     mfc140d:mfc140d.dll
 0005:00000630       __imp_?Concatenate@?$CSimpleStringT@D$00@ATL@@KAXAAV12@PBDH1H@Z 0043e630     mfc140d:mfc140d.dll
 0005:00000634       __imp_?StringLength@?$CSimpleStringT@D$00@ATL@@SAHPBD@Z 0043e634     mfc140d:mfc140d.dll
 0005:00000638       __imp_?ReleaseBuffer@?$CSimpleStringT@D$00@ATL@@QAEXH@Z 0043e638     mfc140d:mfc140d.dll
 0005:0000063c       __imp_?GetLength@?$CSimpleStringT@D$00@ATL@@QBEHXZ 0043e63c     mfc140d:mfc140d.dll
 0005:00000640       __imp_?GetBuffer@?$CSimpleStringT@D$00@ATL@@QAEPADH@Z 0043e640     mfc140d:mfc140d.dll
 0005:00000644       __imp_?Empty@?$CSimpleStringT@D$00@ATL@@QAEXXZ 0043e644     mfc140d:mfc140d.dll
 0005:00000648       __imp_??B?$CSimpleStringT@D$00@ATL@@QBEPBDXZ 0043e648     mfc140d:mfc140d.dll
 0005:0000064c       __imp_??2@YAPAXI@Z         0043e64c     mfc140d:mfc140d.dll
 0005:00000650       __imp_?GetThisMessageMap@CDialogEx@@KGPBUAFX_MSGMAP@@XZ 0043e650     mfc140d:mfc140d.dll
 0005:00000654       __imp_?SendToHelper@CAsyncSocket@@MAEHPBXHPBUsockaddr@@HH@Z 0043e654     mfc140d:mfc140d.dll
 0005:00000658       __imp_?ReceiveFromHelper@CAsyncSocket@@MAEHPAXHPAUsockaddr@@PAHH@Z 0043e658     mfc140d:mfc140d.dll
 0005:0000065c       __imp_?ConnectHelper@CAsyncSocket@@MAEHPBUsockaddr@@H@Z 0043e65c     mfc140d:mfc140d.dll
 0005:00000660       __imp_?Dump@CAsyncSocket@@UBEXAAVCDumpContext@@@Z 0043e660     mfc140d:mfc140d.dll
 0005:00000664       __imp_?AssertValid@CAsyncSocket@@UBEXXZ 0043e664     mfc140d:mfc140d.dll
 0005:00000668       __imp_??1CAsyncSocket@@UAE@XZ 0043e668     mfc140d:mfc140d.dll
 0005:0000066c       __imp_?OnClose@CAsyncSocket@@MAEXH@Z 0043e66c     mfc140d:mfc140d.dll
 0005:00000670       __imp_?OnConnect@CAsyncSocket@@MAEXH@Z 0043e670     mfc140d:mfc140d.dll
 0005:00000674       __imp_?OnAccept@CAsyncSocket@@MAEXH@Z 0043e674     mfc140d:mfc140d.dll
 0005:00000678       __imp_?OnOutOfBandData@CAsyncSocket@@MAEXH@Z 0043e678     mfc140d:mfc140d.dll
 0005:0000067c       __imp_?OnSend@CAsyncSocket@@MAEXH@Z 0043e67c     mfc140d:mfc140d.dll
 0005:00000680       __imp_?OnReceive@CAsyncSocket@@MAEXH@Z 0043e680     mfc140d:mfc140d.dll
 0005:00000684       __imp_?Send@CAsyncSocket@@UAEHPBXHH@Z 0043e684     mfc140d:mfc140d.dll
 0005:00000688       __imp_?Receive@CAsyncSocket@@UAEHPAXHH@Z 0043e688     mfc140d:mfc140d.dll
 0005:0000068c       __imp_?Close@CAsyncSocket@@UAEXXZ 0043e68c     mfc140d:mfc140d.dll
 0005:00000690       __imp_?Accept@CAsyncSocket@@UAEHAAV1@PAUsockaddr@@PAH@Z 0043e690     mfc140d:mfc140d.dll
 0005:00000694       __imp_??0CAsyncSocket@@QAE@XZ 0043e694     mfc140d:mfc140d.dll
 0005:00000698       __imp_?GetRuntimeClass@CAsyncSocket@@UBEPAUCRuntimeClass@@XZ 0043e698     mfc140d:mfc140d.dll
 0005:0000069c       __imp_?AfxGetApp@@YGPAVCWinApp@@XZ 0043e69c     mfc140d:mfc140d.dll
 0005:000006a0       __imp_?Serialize@CObject@@UAEXAAVCArchive@@@Z 0043e6a0     mfc140d:mfc140d.dll
 0005:000006a4       __imp_??3CObject@@SGXPAX@Z 0043e6a4     mfc140d:mfc140d.dll
 0005:000006a8       __imp_?Format@?$CStringT@DV?$StrTraitMFC_DLL@DV?$ChTraitsCRT@D@ATL@@@@@ATL@@QAAXPBDZZ 0043e6a8     mfc140d:mfc140d.dll
 0005:000006ac       __imp_??Y?$CStringT@DV?$StrTraitMFC_DLL@DV?$ChTraitsCRT@D@ATL@@@@@ATL@@QAEAAV01@E@Z 0043e6ac     mfc140d:mfc140d.dll
 0005:000006b0       __imp_??1?$CStringT@DV?$StrTraitMFC_DLL@DV?$ChTraitsCRT@D@ATL@@@@@ATL@@QAE@XZ 0043e6b0     mfc140d:mfc140d.dll
 0005:000006b4       __imp_??0?$CStringT@DV?$StrTraitMFC_DLL@DV?$ChTraitsCRT@D@ATL@@@@@ATL@@QAE@ABV01@@Z 0043e6b4     mfc140d:mfc140d.dll
 0005:000006b8       __imp_??0?$CStringT@DV?$StrTraitMFC_DLL@DV?$ChTraitsCRT@D@ATL@@@@@ATL@@QAE@XZ 0043e6b8     mfc140d:mfc140d.dll
 0005:000006bc       __imp_??3@YAXPAX@Z         0043e6bc     mfc140d:mfc140d.dll
 0005:000006c0       __imp_?AfxGetModuleState@@YGPAVAFX_MODULE_STATE@@XZ 0043e6c0     mfc140d:mfc140d.dll
 0005:000006c4       __imp_?OnCommand@CDialogEx@@MAEHIJ@Z 0043e6c4     mfc140d:mfc140d.dll
 0005:000006c8       __imp_?_AfxSocketInit@@YGHPAUWSAData@@@Z 0043e6c8     mfc140d:mfc140d.dll
 0005:000006cc       __imp_?AfxWinMain@@YGHPAUHINSTANCE__@@0PADH@Z 0043e6cc     mfc140d:mfc140d.dll
 0005:000006d0       \177mfc140d_NULL_THUNK_DATA 0043e6d0     mfc140d:mfc140d.dll
 0005:000007c8       __imp__atoi                0043e7c8     ucrtd:ucrtbased.dll
 0005:000007cc       __imp__srand               0043e7cc     ucrtd:ucrtbased.dll
 0005:000007d0       __imp__rand                0043e7d0     ucrtd:ucrtbased.dll
 0005:000007d4       __imp___time64             0043e7d4     ucrtd:ucrtbased.dll
 0005:000007d8       __imp__wcslen              0043e7d8     ucrtd:ucrtbased.dll
 0005:000007dc       __imp____stdio_common_vsprintf 0043e7dc     ucrtd:ucrtbased.dll
 0005:000007e0       __imp____stdio_common_vsnprintf_s 0043e7e0     ucrtd:ucrtbased.dll
 0005:000007e4       __imp__malloc              0043e7e4     ucrtd:ucrtbased.dll
 0005:000007e8       __imp___CrtDbgReport       0043e7e8     ucrtd:ucrtbased.dll
 0005:000007ec       __imp____stdio_common_vsprintf_s 0043e7ec     ucrtd:ucrtbased.dll
 0005:000007f0       __imp___seh_filter_dll     0043e7f0     ucrtd:ucrtbased.dll
 0005:000007f4       __imp___initialize_narrow_environment 0043e7f4     ucrtd:ucrtbased.dll
 0005:000007f8       __imp___initialize_onexit_table 0043e7f8     ucrtd:ucrtbased.dll
 0005:000007fc       __imp___register_onexit_function 0043e7fc     ucrtd:ucrtbased.dll
 0005:00000800       __imp___execute_onexit_table 0043e800     ucrtd:ucrtbased.dll
 0005:00000804       __imp___crt_atexit         0043e804     ucrtd:ucrtbased.dll
 0005:00000808       __imp___crt_at_quick_exit  0043e808     ucrtd:ucrtbased.dll
 0005:0000080c       __imp___cexit              0043e80c     ucrtd:ucrtbased.dll
 0005:00000810       __imp___seh_filter_exe     0043e810     ucrtd:ucrtbased.dll
 0005:00000814       __imp___set_app_type       0043e814     ucrtd:ucrtbased.dll
 0005:00000818       __imp____setusermatherr    0043e818     ucrtd:ucrtbased.dll
 0005:0000081c       __imp___configure_narrow_argv 0043e81c     ucrtd:ucrtbased.dll
 0005:00000820       __imp___get_narrow_winmain_command_line 0043e820     ucrtd:ucrtbased.dll
 0005:00000824       __imp___initterm           0043e824     ucrtd:ucrtbased.dll
 0005:00000828       __imp___initterm_e         0043e828     ucrtd:ucrtbased.dll
 0005:0000082c       __imp__exit                0043e82c     ucrtd:ucrtbased.dll
 0005:00000830       __imp___exit               0043e830     ucrtd:ucrtbased.dll
 0005:00000834       __imp___set_fmode          0043e834     ucrtd:ucrtbased.dll
 0005:00000838       __imp___c_exit             0043e838     ucrtd:ucrtbased.dll
 0005:0000083c       __imp___register_thread_local_exe_atexit_callback 0043e83c     ucrtd:ucrtbased.dll
 0005:00000840       __imp___configthreadlocale 0043e840     ucrtd:ucrtbased.dll
 0005:00000844       __imp___set_new_mode       0043e844     ucrtd:ucrtbased.dll
 0005:00000848       __imp____p__commode        0043e848     ucrtd:ucrtbased.dll
 0005:0000084c       __imp__terminate           0043e84c     ucrtd:ucrtbased.dll
 0005:00000850       __imp___wmakepath_s        0043e850     ucrtd:ucrtbased.dll
 0005:00000854       __imp___wsplitpath_s       0043e854     ucrtd:ucrtbased.dll
 0005:00000858       __imp___controlfp_s        0043e858     ucrtd:ucrtbased.dll
 0005:0000085c       __imp___invalid_parameter_noinfo 0043e85c     ucrtd:ucrtbased.dll
 0005:00000860       __imp___errno              0043e860     ucrtd:ucrtbased.dll
 0005:00000864       __imp___recalloc           0043e864     ucrtd:ucrtbased.dll
 0005:00000868       __imp__free                0043e868     ucrtd:ucrtbased.dll
 0005:0000086c       __imp____stdio_common_vswprintf_s 0043e86c     ucrtd:ucrtbased.dll
 0005:00000870       __imp___setmbcp            0043e870     ucrtd:ucrtbased.dll
 0005:00000874       __imp__wcscpy_s            0043e874     ucrtd:ucrtbased.dll
 0005:00000878       __imp___CrtDbgReportW      0043e878     ucrtd:ucrtbased.dll
 0005:0000087c       \177ucrtbased_NULL_THUNK_DATA 0043e87c     ucrtd:ucrtbased.dll
 0005:000008cc       __IMPORT_DESCRIPTOR_libmysql 0043e8cc     libmysql:libmysql.dll
 0005:000008e0       __IMPORT_DESCRIPTOR_mfc140d 0043e8e0     mfc140d:mfc140d.dll
 0005:000008f4       __IMPORT_DESCRIPTOR_KERNEL32 0043e8f4     kernel32:KERNEL32.dll
 0005:00000908       __IMPORT_DESCRIPTOR_USER32 0043e908     user32:USER32.dll
 0005:0000091c       __IMPORT_DESCRIPTOR_GDI32  0043e91c     gdi32:GDI32.dll
 0005:00000930       __IMPORT_DESCRIPTOR_COMCTL32 0043e930     comctl32:COMCTL32.dll
 0005:00000944       __IMPORT_DESCRIPTOR_OLEAUT32 0043e944     oleaut32:OLEAUT32.dll
 0005:00000958       __IMPORT_DESCRIPTOR_gdiplus 0043e958     gdiplus:gdiplus.dll
 0005:0000096c       __IMPORT_DESCRIPTOR_WS2_32 0043e96c     ws2_32:WS2_32.dll
 0005:00000980       __IMPORT_DESCRIPTOR_VCRUNTIME140D 0043e980     vcruntimed:VCRUNTIME140D.dll
 0005:00000994       __IMPORT_DESCRIPTOR_ucrtbased 0043e994     ucrtd:ucrtbased.dll
 0005:000009a8       __NULL_IMPORT_DESCRIPTOR   0043e9a8     libmysql:libmysql.dll
 0007:00000000       __tls_start                00441000     msvcrtd:tlssup.obj
 0007:00000104       __Init_thread_epoch        00441104     msvcrtd:thread_safe_statics.obj
 0007:00000208       __tls_end                  00441208     msvcrtd:tlssup.obj
 0008:00000000       ___guard_check_icall_fptr  00442000     msvcrtd:guard_support.obj
