 TestServer

 Timestamp is 59cb9f53 (Wed Sep 27 21:53:39 2017)

 Preferred load address is 00400000

 Start         Length     Name                   Class
 0001:00000000 00010000H .textbss                DATA
 0002:00000000 0000459aH .text$di                CODE
 0002:000045a0 00018b95H .text$mn                CODE
 0002:0001d140 00001984H .text$x                 CODE
 0002:0001ead0 00001352H .text$yd                CODE
 0003:00000000 00000104H .CRT$XCA                DATA
 0003:00000104 00000104H .CRT$XCAA               DATA
 0003:00000208 00000109H .CRT$XCL                DATA
 0003:00000314 00000186H .CRT$XCU                DATA
 0003:0000049c 00000104H .CRT$XCZ                DATA
 0003:000005a0 00000104H .CRT$XIA                DATA
 0003:000006a4 00000104H .CRT$XIAA               DATA
 0003:000007a8 00000104H .CRT$XIAC               DATA
 0003:000008ac 00000104H .CRT$XIC                DATA
 0003:000009b0 00000104H .CRT$XIZ                DATA
 0003:00000ab4 00000004H .CRT$XLA                DATA
 0003:00000ab8 00000004H .CRT$XLZ                DATA
 0003:00000abc 00000104H .CRT$XPA                DATA
 0003:00000bc0 00000104H .CRT$XPZ                DATA
 0003:00000cc4 00000104H .CRT$XTA                DATA
 0003:00000dc8 00000104H .CRT$XTZ                DATA
 0003:00000ed0 00005783H .rdata                  DATA
 0003:00006654 0000011cH .rdata$T                DATA
 0003:00006770 00000778H .rdata$r                DATA
 0003:00006ee8 0000018bH .rdata$zzzdbg           DATA
 0003:00007074 00000104H .rtc$IAA                DATA
 0003:00007178 00000139H .rtc$IMZ                DATA
 0003:000072b4 00000104H .rtc$IZZ                DATA
 0003:000073b8 00000104H .rtc$TAA                DATA
 0003:000074bc 00000139H .rtc$TMZ                DATA
 0003:000075f8 00000104H .rtc$TZZ                DATA
 0003:00007700 00000821H .xdata$x                DATA
 0003:00007f24 00000104H ATL$__a                 DATA
 0003:00008028 00000104H ATL$__z                 DATA
 0003:0000812c 00000000H .edata                  DATA
 0004:00000000 000003daH .data                   DATA
 0004:000003dc 0000036bH .data$r                 DATA
 0004:00000748 00002ec0H .bss                    DATA
 0005:00000000 000008ccH .idata$5                DATA
 0005:000008cc 000000dcH .idata$2                DATA
 0005:000009a8 00000014H .idata$3                DATA
 0005:000009bc 000008ccH .idata$4                DATA
 0005:00001288 00000b33H .idata$6                DATA
 0006:00000000 00000149H .gfids$y                DATA
 0007:00000000 00000101H .tls                    DATA
 0007:00000104 00000104H .tls$                   DATA
 0007:00000208 00000101H .tls$ZZZ                DATA
 0008:00000000 00000104H .00cfg                  DATA
 0009:00000000 000006fbH .rsrc$01                DATA
 0009:00000700 00014a06H .rsrc$02                DATA

  Address         Publics by Value              Rva+Base       Lib:Object

 0000:00000000       ___guard_fids_table        00000000     <absolute>
 0000:00000000       ___safe_se_handler_table   00000000     <absolute>
 0000:00000000       ___guard_iat_table         00000000     <absolute>
 0000:00000000       ___guard_fids_count        00000000     <absolute>
 0000:00000000       ___guard_iat_count         00000000     <absolute>
 0000:00000000       ___guard_longjmp_count     00000000     <absolute>
 0000:00000000       ___safe_se_handler_count   00000000     <absolute>
 0000:00000000       ___guard_longjmp_table     00000000     <absolute>
 0000:0000002c       __tls_array                0000002c     <absolute>
 0000:00000100       ___guard_flags             00000100     <absolute>
 0000:00000000       ___ImageBase               00400000     <linker-defined>
 0001:00000000       __enc$textbss$begin        00401000     <linker-defined>
 0001:00010000       __enc$textbss$end          00411000     <linker-defined>
 0002:000045a0       ??$__vcrt_va_start_verify_argument_type@QB_W@@YAXXZ 004155a0 f i AES.obj
 0002:000045d0       ??0?$CTraceCategoryEx@$0CAAA@$0A@@ATL@@QAE@PBD@Z 004155d0 f i AES.obj
 0002:00004630       ??0AES@@QAE@XZ             00415630 f   AES.obj
 0002:00004670       ??1AES@@QAE@XZ             00415670 f   AES.obj
 0002:000046b0       ?AddRoundKey@AES@@QAEXQAY03E0@Z 004156b0 f   AES.obj
 0002:00004770       ?Decrypt@AES@@QAEXPADQAY03E1@Z 00415770 f   AES.obj
 0002:00004ad0       ?Encrypt@AES@@QAE?AV?$CStringT@DV?$StrTraitMFC_DLL@DV?$ChTraitsCRT@D@ATL@@@@@ATL@@QAY03E@Z 00415ad0 f   AES.obj
 0002:00004e30       ?FreeFunc@AES@@QAEXPAD@Z   00415e30 f   AES.obj
 0002:00004ea0       ?Inv_AddRoundKey@AES@@QAEXQAY03E0@Z 00415ea0 f   AES.obj
 0002:00004f60       ?Inv_KeySchedule@AES@@QAEXQAY03EQAY0BA@EH@Z 00415f60 f   AES.obj
 0002:000052f0       ?Inv_MixColumns@AES@@QAEXQAY03E@Z 004162f0 f   AES.obj
 0002:00008f70       ?Inv_ShiftRows@AES@@QAEXQAY03E@Z 00419f70 f   AES.obj
 0002:00009080       ?Inv_SubBytes@AES@@QAEXQAY03EQAY0BA@E@Z 0041a080 f   AES.obj
 0002:00009160       ?KeySchedule@AES@@QAEXQAY03EQAY0BA@EH@Z 0041a160 f   AES.obj
 0002:000094f0       ?MixColumns@AES@@QAEXQAY03E@Z 0041a4f0 f   AES.obj
 0002:00009830       ?RegisterCategory@CTrace@ATL@@SAXPBDI@Z 0041a830 f i AES.obj
 0002:000099d0       ?ShiftRows@AES@@QAEXQAY03E@Z 0041a9d0 f   AES.obj
 0002:00009ae0       ?SubBytes@AES@@QAEXQAY03EQAY0BA@E@Z 0041aae0 f   AES.obj
 0002:00009bc0       ?__empty_global_delete@@YAXPAX@Z 0041abc0 f i AES.obj
 0002:00009bf0       ?__empty_global_delete@@YAXPAXI@Z 0041abf0 f i AES.obj
 0002:00009bf0       ?__global_delete@@YAXPAXI@Z 0041abf0 f i AES.obj
 0002:00009c20       ___local_stdio_printf_options 0041ac20 f i AES.obj
 0002:00009c60       __vswprintf_s_l            0041ac60 f i AES.obj
 0002:00009d10       _swprintf_s                0041ad10 f i AES.obj
 0002:00009d90       ??0ClientSock@@QAE@XZ      0041ad90 f   ClientSock.obj
 0002:00009df0       ??1ClientSock@@UAE@XZ      0041adf0 f   ClientSock.obj
 0002:00009e50       ??_GClientSock@@UAEPAXI@Z  0041ae50 f i ClientSock.obj
 0002:00009e50       ??_EClientSock@@UAEPAXI@Z  0041ae50 f i ClientSock.obj
 0002:00009ee0       ?OnReceive@ClientSock@@UAEXH@Z 0041aee0 f   ClientSock.obj
 0002:00009f60       ?OnBnClickedDb@CDB_Check@@QAEXXZ 0041af60 f   DB_Check.obj
 0002:0000a050       ?OnCbnSelchangeDbdate@CDB_Check@@QAEXXZ 0041b050 f   DB_Check.obj
 0002:0000a140       ??0?$CTraceCategoryEx@$0CAAAA@$0A@@ATL@@QAE@PBD@Z 0041b140 f i DB_Check.obj
 0002:0000a1a0       ??0CDB_Check@@QAE@PAVCWnd@@@Z 0041b1a0 f   DB_Check.obj
 0002:0000a360       ??1CDB_Check@@UAE@XZ       0041b360 f   DB_Check.obj
 0002:0000a460       ??1CDialogEx@@UAE@XZ       0041b460 f i DB_Check.obj
 0002:0000a4e0       ??HATL@@YA?AV?$CStringT@DV?$StrTraitMFC_DLL@DV?$ChTraitsCRT@D@ATL@@@@@0@ABV10@PBD@Z 0041b4e0 f i DB_Check.obj
 0002:0000a6a0       ??HATL@@YA?AV?$CStringT@DV?$StrTraitMFC_DLL@DV?$ChTraitsCRT@D@ATL@@@@@0@PBDABV10@@Z 0041b6a0 f i DB_Check.obj
 0002:0000a860       ??_G?$CStringT@DV?$StrTraitMFC_DLL@DV?$ChTraitsCRT@D@ATL@@@@@ATL@@QAEPAXI@Z 0041b860 f i DB_Check.obj
 0002:0000a8e0       ??_GCDB_Check@@UAEPAXI@Z   0041b8e0 f i DB_Check.obj
 0002:0000a8e0       ??_ECDB_Check@@UAEPAXI@Z   0041b8e0 f i DB_Check.obj
 0002:0000a970       ?DestroyTherad2@CDB_Check@@QAE_NXZ 0041b970 f   DB_Check.obj
 0002:0000aa90       ?DestroyTherad@CDB_Check@@QAE_NXZ 0041ba90 f   DB_Check.obj
 0002:0000abb0       ?DoDataExchange@CDB_Check@@MAEXPAVCDataExchange@@@Z 0041bbb0 f   DB_Check.obj
 0002:0000ac40       ?GetMessageMap@CDB_Check@@MBEPBUAFX_MSGMAP@@XZ 0041bc40 f   DB_Check.obj
 0002:0000ac90       ?GetRuntimeClass@CDB_Check@@UBEPAUCRuntimeClass@@XZ 0041bc90 f   DB_Check.obj
 0002:0000acd0       ?GetThisClass@CDB_Check@@SGPAUCRuntimeClass@@XZ 0041bcd0 f   DB_Check.obj
 0002:0000ad10       ?GetThisMessageMap@CDB_Check@@KGPBUAFX_MSGMAP@@XZ 0041bd10 f   DB_Check.obj
 0002:0000ad50       ?OnInitDialog@CDB_Check@@UAEHXZ 0041bd50 f   DB_Check.obj
 0002:0000b130       ?ThreadFirst@CDB_Check@@SAIPAX@Z 0041c130 f   DB_Check.obj
 0002:0000b190       ?ThreadFunc2@CDB_Check@@QAEXXZ 0041c190 f   DB_Check.obj
 0002:0000c4c0       ?ThreadFunc@CDB_Check@@QAEXXZ 0041d4c0 f   DB_Check.obj
 0002:0000d900       ?ThreadSecond@CDB_Check@@SAIPAX@Z 0041e900 f   DB_Check.obj
 0002:0000d960       ?_GetBaseClass@CDB_Check@@KGPAUCRuntimeClass@@XZ 0041e960 f   DB_Check.obj
 0002:0000d9b0       ??0RSA_CODE@@QAE@XZ        0041e9b0 f   RSA_CODE.obj
 0002:0000d9f0       ??1RSA_CODE@@QAE@XZ        0041e9f0 f   RSA_CODE.obj
 0002:0000da30       ?Create_Primes@RSA_CODE@@QAEHXZ 0041ea30 f   RSA_CODE.obj
 0002:0000dba0       ?Decrypt@RSA_CODE@@QAEXPAHQAH@Z 0041eba0 f   RSA_CODE.obj
 0002:0000dcf0       ?Encrypt@RSA_CODE@@QAEHH@Z 0041ecf0 f   RSA_CODE.obj
 0002:0000ddc0       ?FreeFunc@RSA_CODE@@QAEXPAH@Z 0041edc0 f   RSA_CODE.obj
 0002:0000de30       ?Is_Primes@RSA_CODE@@QAE_NH@Z 0041ee30 f   RSA_CODE.obj
 0002:0000dec0       ?Select_d@RSA_CODE@@QAEHHH@Z 0041eec0 f   RSA_CODE.obj
 0002:0000df40       ?Select_e@RSA_CODE@@QAEHH@Z 0041ef40 f   RSA_CODE.obj
 0002:0000e180       ??0ServerSock@@QAE@XZ      0041f180 f   ServerSock.obj
 0002:0000e1e0       ??1ServerSock@@UAE@XZ      0041f1e0 f   ServerSock.obj
 0002:0000e240       ??_EServerSock@@UAEPAXI@Z  0041f240 f i ServerSock.obj
 0002:0000e240       ??_GServerSock@@UAEPAXI@Z  0041f240 f i ServerSock.obj
 0002:0000e2d0       ?OnAccept@ServerSock@@UAEXH@Z 0041f2d0 f   ServerSock.obj
 0002:0000e340       ?_AfxInitManaged@@YAHXZ    0041f340 f i stdafx.obj
 0002:0000e370       ??$AtlAdd@H@ATL@@YAJPAHHH@Z 0041f370 f i stdafx.obj
 0002:0000e3f0       ??$AtlAdd@I@ATL@@YAJPAIII@Z 0041f3f0 f i stdafx.obj
 0002:0000e460       ??$AtlAdd@K@ATL@@YAJPAKKK@Z 0041f460 f i stdafx.obj
 0002:0000e4d0       ??$AtlAlignUp@H@ATL@@YGHHK@Z 0041f4d0 f i stdafx.obj
 0002:0000e520       ??$AtlMultiply@I@ATL@@YAJPAIII@Z 0041f520 f i stdafx.obj
 0002:0000e5a0       ??$AtlMultiply@K@ATL@@YAJPAKKK@Z 0041f5a0 f i stdafx.obj
 0002:0000e620       ??$__vcrt_va_start_verify_argument_type@PBD@@YAXXZ 0041f620 f i stdafx.obj
 0002:0000e650       ??0?$CHeapPtr@DVCCRTAllocator@ATL@@@ATL@@QAE@XZ 0041f650 f i stdafx.obj
 0002:0000e6b0       ??0?$CHeapPtr@_WVCCRTAllocator@ATL@@@ATL@@QAE@XZ 0041f6b0 f i stdafx.obj
 0002:0000e710       ??0?$CHeapPtrBase@DVCCRTAllocator@ATL@@@ATL@@IAE@XZ 0041f710 f i stdafx.obj
 0002:0000e760       ??0?$CHeapPtrBase@_WVCCRTAllocator@ATL@@@ATL@@IAE@XZ 0041f760 f i stdafx.obj
 0002:0000e7b0       ??0?$CSimpleArray@GV?$CSimpleArrayEqualHelper@G@ATL@@@ATL@@QAE@XZ 0041f7b0 f i stdafx.obj
 0002:0000e810       ??0?$CTraceCategoryEx@$00$0A@@ATL@@QAE@PBD@Z 0041f810 f i stdafx.obj
 0002:0000e870       ??0?$CTraceCategoryEx@$01$0A@@ATL@@QAE@PBD@Z 0041f870 f i stdafx.obj
 0002:0000e8d0       ??0?$CTraceCategoryEx@$03$0A@@ATL@@QAE@PBD@Z 0041f8d0 f i stdafx.obj
 0002:0000e930       ??0?$CTraceCategoryEx@$07$0A@@ATL@@QAE@PBD@Z 0041f930 f i stdafx.obj
 0002:0000e990       ??0?$CTraceCategoryEx@$0BA@$0A@@ATL@@QAE@PBD@Z 0041f990 f i stdafx.obj
 0002:0000e9f0       ??0?$CTraceCategoryEx@$0BAA@$0A@@ATL@@QAE@PBD@Z 0041f9f0 f i stdafx.obj
 0002:0000ea50       ??0?$CTraceCategoryEx@$0BAAA@$0A@@ATL@@QAE@PBD@Z 0041fa50 f i stdafx.obj
 0002:0000eab0       ??0?$CTraceCategoryEx@$0BAAAA@$0A@@ATL@@QAE@PBD@Z 0041fab0 f i stdafx.obj
 0002:0000eb10       ??0?$CTraceCategoryEx@$0BAAAAA@$0A@@ATL@@QAE@PBD@Z 0041fb10 f i stdafx.obj
 0002:0000eb70       ??0?$CTraceCategoryEx@$0CA@$0A@@ATL@@QAE@PBD@Z 0041fb70 f i stdafx.obj
 0002:0000ebd0       ??0?$CTraceCategoryEx@$0CAA@$0A@@ATL@@QAE@PBD@Z 0041fbd0 f i stdafx.obj
 0002:0000ec30       ??0?$CTraceCategoryEx@$0CAAAAA@$0A@@ATL@@QAE@PBD@Z 0041fc30 f i stdafx.obj
 0002:0000ec90       ??0?$CTraceCategoryEx@$0EA@$0A@@ATL@@QAE@PBD@Z 0041fc90 f i stdafx.obj
 0002:0000ecf0       ??0?$CTraceCategoryEx@$0EAA@$0A@@ATL@@QAE@PBD@Z 0041fcf0 f i stdafx.obj
 0002:0000ed50       ??0?$CTraceCategoryEx@$0EAAA@$0A@@ATL@@QAE@PBD@Z 0041fd50 f i stdafx.obj
 0002:0000edb0       ??0?$CTraceCategoryEx@$0EAAAA@$0A@@ATL@@QAE@PBD@Z 0041fdb0 f i stdafx.obj
 0002:0000ee10       ??0?$CTraceCategoryEx@$0EAAAAA@$0A@@ATL@@QAE@PBD@Z 0041fe10 f i stdafx.obj
 0002:0000ee70       ??0?$CTraceCategoryEx@$0IA@$0A@@ATL@@QAE@PBD@Z 0041fe70 f i stdafx.obj
 0002:0000eed0       ??0?$CTraceCategoryEx@$0IAA@$0A@@ATL@@QAE@PBD@Z 0041fed0 f i stdafx.obj
 0002:0000ef30       ??0?$CTraceCategoryEx@$0IAAA@$0A@@ATL@@QAE@PBD@Z 0041ff30 f i stdafx.obj
 0002:0000ef90       ??0?$CTraceCategoryEx@$0IAAAA@$0A@@ATL@@QAE@PBD@Z 0041ff90 f i stdafx.obj
 0002:0000eff0       ??0CAtlComModule@ATL@@QAE@XZ 0041fff0 f i stdafx.obj
 0002:0000f120       ??0CAtlStringMgr@ATL@@QAE@PAUIAtlMemMgr@1@@Z 00420120 f i stdafx.obj
 0002:0000f1b0       ??0CAtlWinModule@ATL@@QAE@XZ 004201b0 f i stdafx.obj
 0002:0000f280       ??0CComCriticalSection@ATL@@QAE@XZ 00420280 f i stdafx.obj
 0002:0000f2e0       ??0CDCCache@CImage@ATL@@QAE@XZ 004202e0 f i stdafx.obj
 0002:0000f350       ??0CInitGDIPlus@CImage@ATL@@QAE@XZ 00420350 f i stdafx.obj
 0002:0000f400       ??0CNilStringData@ATL@@QAE@XZ 00420400 f i stdafx.obj
 0002:0000f4a0       ??0CPreserveLastError@ATL@@QAE@XZ 004204a0 f i stdafx.obj
 0002:0000f510       ??0CTraceFileAndLineInfo@ATL@@QAE@PBDH@Z 00420510 f i stdafx.obj
 0002:0000f560       ??0CWin32Heap@ATL@@QAE@PAX@Z 00420560 f i stdafx.obj
 0002:0000f610       ??0_ATL_COM_MODULE70@ATL@@QAE@XZ 00420610 f i stdafx.obj
 0002:0000f670       ??0_ATL_WIN_MODULE70@ATL@@QAE@XZ 00420670 f i stdafx.obj
 0002:0000f720       ??1?$CHeapPtr@DVCCRTAllocator@ATL@@@ATL@@QAE@XZ 00420720 f i stdafx.obj
 0002:0000f770       ??1?$CHeapPtr@_WVCCRTAllocator@ATL@@@ATL@@QAE@XZ 00420770 f i stdafx.obj
 0002:0000f7c0       ??1?$CHeapPtrBase@DVCCRTAllocator@ATL@@@ATL@@QAE@XZ 004207c0 f i stdafx.obj
 0002:0000f810       ??1?$CHeapPtrBase@_WVCCRTAllocator@ATL@@@ATL@@QAE@XZ 00420810 f i stdafx.obj
 0002:0000f860       ??1?$CSimpleArray@GV?$CSimpleArrayEqualHelper@G@ATL@@@ATL@@QAE@XZ 00420860 f i stdafx.obj
 0002:0000f8f0       ??1CAtlComModule@ATL@@QAE@XZ 004208f0 f i stdafx.obj
 0002:0000f980       ??1CAtlStringMgr@ATL@@UAE@XZ 00420980 f i stdafx.obj
 0002:0000f9d0       ??1CAtlWinModule@ATL@@QAE@XZ 004209d0 f i stdafx.obj
 0002:0000fa60       ??1CComCriticalSection@ATL@@QAE@XZ 00420a60 f i stdafx.obj
 0002:0000faa0       ??1CDCCache@CImage@ATL@@QAE@XZ 00420aa0 f i stdafx.obj
 0002:0000fb40       ??1CInitGDIPlus@CImage@ATL@@QAE@XZ 00420b40 f i stdafx.obj
 0002:0000fbb0       ??1CPreserveLastError@ATL@@QAE@XZ 00420bb0 f i stdafx.obj
 0002:0000fc10       ??1CWin32Heap@ATL@@UAE@XZ  00420c10 f i stdafx.obj
 0002:0000fce0       ??1_ATL_COM_MODULE70@ATL@@QAE@XZ 00420ce0 f i stdafx.obj
 0002:0000fd40       ??1_ATL_WIN_MODULE70@ATL@@QAE@XZ 00420d40 f i stdafx.obj
 0002:0000fda0       ??A?$CSimpleArray@GV?$CSimpleArrayEqualHelper@G@ATL@@@ATL@@QAEAAGH@Z 00420da0 f i stdafx.obj
 0002:0000fe70       ??B?$CHeapPtrBase@DVCCRTAllocator@ATL@@@ATL@@QBEPADXZ 00420e70 f i stdafx.obj
 0002:0000feb0       ??B?$CHeapPtrBase@_WVCCRTAllocator@ATL@@@ATL@@QBEPA_WXZ 00420eb0 f i stdafx.obj
 0002:0000fef0       ??B?$CTraceCategoryEx@$01$0A@@ATL@@QAEIXZ 00420ef0 f i stdafx.obj
 0002:0000ff30       ??B?$CTraceCategoryEx@$0CA@$0A@@ATL@@QAEIXZ 00420f30 f i stdafx.obj
 0002:0000ff70       ??RCTraceFileAndLineInfo@ATL@@QBAXHIPBDZZ 00420f70 f i stdafx.obj
 0002:000100a0       ??_GCAtlStringMgr@ATL@@UAEPAXI@Z 004210a0 f i stdafx.obj
 0002:000100a0       ??_ECAtlStringMgr@ATL@@UAEPAXI@Z 004210a0 f i stdafx.obj
 0002:00010110       ??_ECWin32Heap@ATL@@UAEPAXI@Z 00421110 f i stdafx.obj
 0002:00010110       ??_GCWin32Heap@ATL@@UAEPAXI@Z 00421110 f i stdafx.obj
 0002:00010180       ??_H@YGXPAXIIP6EPAX0@Z@Z   00421180 f i stdafx.obj
 0002:00010230       ?AddRef@CStringData@ATL@@QAEXXZ 00421230 f i stdafx.obj
 0002:000102d0       ?Allocate@?$CHeapPtr@DVCCRTAllocator@ATL@@@ATL@@QAE_NI@Z 004212d0 f i stdafx.obj
 0002:000103a0       ?Allocate@?$CHeapPtr@_WVCCRTAllocator@ATL@@@ATL@@QAE_NI@Z 004213a0 f i stdafx.obj
 0002:00010470       ?Allocate@CAtlStringMgr@ATL@@UAEPAUCStringData@2@HH@Z 00421470 f i stdafx.obj
 0002:00010720       ?Allocate@CCRTAllocator@ATL@@SAPAXI@Z 00421720 f i stdafx.obj
 0002:00010780       ?Allocate@CWin32Heap@ATL@@UAEPAXI@Z 00421780 f i stdafx.obj
 0002:000107f0       ?AllocateBytes@?$CHeapPtrBase@DVCCRTAllocator@ATL@@@ATL@@QAE_NI@Z 004217f0 f i stdafx.obj
 0002:000108b0       ?AllocateBytes@?$CHeapPtrBase@_WVCCRTAllocator@ATL@@@ATL@@QAE_NI@Z 004218b0 f i stdafx.obj
 0002:00010970       ?AtlWinModuleInit@ATL@@YGJPAU_ATL_WIN_MODULE70@1@@Z 00421970 f i stdafx.obj
 0002:00010a90       ?AtlWinModuleTerm@ATL@@YGJPAU_ATL_WIN_MODULE70@1@PAUHINSTANCE__@@@Z 00421a90 f i stdafx.obj
 0002:00010b90       ?CImageStaticInitialize@CImage@ATL@@CA_NXZ 00421b90 f i stdafx.obj
 0002:00010be0       ?Clone@CAtlStringMgr@ATL@@UAEPAUIAtlStringMgr@2@XZ 00421be0 f i stdafx.obj
 0002:00010c20       ?Free@?$CHeapPtrBase@DVCCRTAllocator@ATL@@@ATL@@QAEXXZ 00421c20 f i stdafx.obj
 0002:00010c90       ?Free@?$CHeapPtrBase@_WVCCRTAllocator@ATL@@@ATL@@QAEXXZ 00421c90 f i stdafx.obj
 0002:00010d00       ?Free@CAtlStringMgr@ATL@@UAEXPAUCStringData@2@@Z 00421d00 f i stdafx.obj
 0002:00010e00       ?Free@CCRTAllocator@ATL@@SAXPAX@Z 00421e00 f i stdafx.obj
 0002:00010e60       ?Free@CWin32Heap@ATL@@UAEXPAX@Z 00421e60 f i stdafx.obj
 0002:00010f20       ?GetCDCCacheInstance@CImage@ATL@@CAPAVCDCCache@12@XZ 00421f20 f i stdafx.obj
 0002:00010fd0       ?GetCategoryName@CTrace@ATL@@CAPA_WI@Z 00421fd0 f i stdafx.obj
 0002:00011050       ?GetInitGDIPlusInstance@CImage@ATL@@CAPAVCInitGDIPlus@12@XZ 00422050 f i stdafx.obj
 0002:00011100       ?GetInstance@CAtlStringMgr@ATL@@SAPAUIAtlStringMgr@2@XZ 00422100 f i stdafx.obj
 0002:00011260       ?GetModuleInstance@CAtlBaseModule@ATL@@QAEPAUHINSTANCE__@@XZ 00422260 f i stdafx.obj
 0002:000112a0       ?GetNilString@CAtlStringMgr@ATL@@UAEPAUCStringData@2@XZ 004222a0 f i stdafx.obj
 0002:00011300       ?GetSize@?$CSimpleArray@GV?$CSimpleArrayEqualHelper@G@ATL@@@ATL@@QBEHXZ 00422300 f i stdafx.obj
 0002:00011340       ?GetSize@CWin32Heap@ATL@@UAEIPAX@Z 00422340 f i stdafx.obj
 0002:000113b0       ?Init@CComCriticalSection@ATL@@QAEJXZ 004223b0 f i stdafx.obj
 0002:00011440       ?Reallocate@CAtlStringMgr@ATL@@UAEPAUCStringData@2@PAU32@HH@Z 00422440 f i stdafx.obj
 0002:00011710       ?Reallocate@CWin32Heap@ATL@@UAEPAXPAXI@Z 00422710 f i stdafx.obj
 0002:000117e0       ?ReleaseGDIPlus@CInitGDIPlus@CImage@ATL@@QAEXXZ 004227e0 f i stdafx.obj
 0002:00011880       ?RemoveAll@?$CSimpleArray@GV?$CSimpleArrayEqualHelper@G@ATL@@@ATL@@QAEXXZ 00422880 f i stdafx.obj
 0002:00011940       ?SetManager@CNilStringData@ATL@@QAEXPAUIAtlStringMgr@2@@Z 00422940 f i stdafx.obj
 0002:000119e0       ?StaticInitialize@CAtlStringMgr@ATL@@CA_NXZ 004229e0 f i stdafx.obj
 0002:00011a30       ?Term@CAtlComModule@ATL@@QAEXXZ 00422a30 f i stdafx.obj
 0002:00011b30       ?Term@CAtlWinModule@ATL@@QAEXXZ 00422b30 f i stdafx.obj
 0002:00011b90       ?Term@CComCriticalSection@ATL@@QAEJXZ 00422b90 f i stdafx.obj
 0002:00011bf0       ?TraceV@CTrace@ATL@@CAXPBDHIIPB_W@Z 00422bf0 f i stdafx.obj
 0002:00011f60       ?TraceV@CTrace@ATL@@SAXPBDHII0PAD@Z 00422f60 f i stdafx.obj
 0002:00012240       ?_AtlInitializeCriticalSectionEx@ATL@@YAHPAU_RTL_CRITICAL_SECTION@@KK@Z 00423240 f i stdafx.obj
 0002:000122a0       ?_AtlRaiseException@ATL@@YAXKK@Z 004232a0 f i stdafx.obj
 0002:00012300       ?__autoclassinit2@?$CHeapPtr@DVCCRTAllocator@ATL@@@ATL@@QAEXI@Z 00423300 f i stdafx.obj
 0002:00012360       ?__autoclassinit2@?$CHeapPtr@_WVCCRTAllocator@ATL@@@ATL@@QAEXI@Z 00423360 f i stdafx.obj
 0002:000123c0       ?__autoclassinit2@CAtlStringMgr@ATL@@QAEXI@Z 004233c0 f i stdafx.obj
 0002:00012420       ?__autoclassinit2@CWin32Heap@ATL@@QAEXI@Z 00423420 f i stdafx.obj
 0002:00012480       _HRESULT_FROM_WIN32        00423480 f i stdafx.obj
 0002:000124f0       __vscprintf                004234f0 f i stdafx.obj
 0002:00012550       __vscprintf_l              00423550 f i stdafx.obj
 0002:00012600       __vsnprintf_s              00423600 f i stdafx.obj
 0002:00012670       __vsnprintf_s_l            00423670 f i stdafx.obj
 0002:00012720       ??0CTestServerApp@@QAE@XZ  00423720 f   TestServer.obj
 0002:00012790       ??1CTestServerApp@@UAE@XZ  00423790 f i TestServer.obj
 0002:000127e0       ??B?$CTraceCategoryEx@$0IAAAA@$0A@@ATL@@QAEIXZ 004237e0 f i TestServer.obj
 0002:00012820       ??_GCTestServerApp@@UAEPAXI@Z 00423820 f i TestServer.obj
 0002:00012820       ??_ECTestServerApp@@UAEPAXI@Z 00423820 f i TestServer.obj
 0002:000128b0       ?GetApplicationRecoveryParameter@CWinApp@@UAEPAXXZ 004238b0 f i TestServer.obj
 0002:000128f0       ?GetApplicationRecoveryPingInterval@CWinApp@@UAEKXZ 004238f0 f i TestServer.obj
 0002:00012930       ?GetApplicationRestartFlags@CWinApp@@UAEKXZ 00423930 f i TestServer.obj
 0002:00012970       ?GetMessageMap@CTestServerApp@@MBEPBUAFX_MSGMAP@@XZ 00423970 f   TestServer.obj
 0002:000129c0       ?GetThisMessageMap@CTestServerApp@@KGPBUAFX_MSGMAP@@XZ 004239c0 f   TestServer.obj
 0002:00012a00       ?InitInstance@CTestServerApp@@UAEHXZ 00423a00 f   TestServer.obj
 0002:00012d50       ?ReopenPreviousFilesAtRestart@CWinApp@@UBEHXZ 00423d50 f i TestServer.obj
 0002:00012da0       ?RestoreAutosavedFilesAtRestart@CWinApp@@UBEHXZ 00423da0 f i TestServer.obj
 0002:00012df0       ?SupportsApplicationRecovery@CWinApp@@UBEHXZ 00423df0 f i TestServer.obj
 0002:00012e40       ?SupportsAutosaveAtInterval@CWinApp@@UBEHXZ 00423e40 f i TestServer.obj
 0002:00012e90       ?SupportsAutosaveAtRestart@CWinApp@@UBEHXZ 00423e90 f i TestServer.obj
 0002:00012ee0       ?SupportsRestartManager@CWinApp@@UBEHXZ 00423ee0 f i TestServer.obj
 0002:00012f30       ?__autoclassinit2@CTestServerApp@@QAEXI@Z 00423f30 f i TestServer.obj
 0002:00012f90       ?__autoclassinit2@CTestServerDlg@@QAEXI@Z 00423f90 f i TestServer.obj
 0002:00012ff0       ?OnSysCommand@CTestServerDlg@@IAEXIJ@Z 00423ff0 f   TestServerDlg.obj
 0002:00013130       ?OnPaint@CTestServerDlg@@IAEXXZ 00424130 f   TestServerDlg.obj
 0002:00013340       ?OnQueryDragIcon@CTestServerDlg@@IAEPAUHICON__@@XZ 00424340 f   TestServerDlg.obj
 0002:00013380       ?OnBnClickedSocketCreate@CTestServerDlg@@QAEXXZ 00424380 f   TestServerDlg.obj
 0002:00013670       ?OnBnClickedSocketClose@CTestServerDlg@@QAEXXZ 00424670 f   TestServerDlg.obj
 0002:00013940       ?OnBnClickedDb@CTestServerDlg@@QAEXXZ 00424940 f   TestServerDlg.obj
 0002:00013aa0       ??$__vcrt_va_start_verify_argument_type@QBD@@YAXXZ 00424aa0 f i TestServerDlg.obj
 0002:00013ad0       ??0CAboutDlg@@QAE@XZ       00424ad0 f   TestServerDlg.obj
 0002:00013b40       ??0CRect@@QAE@XZ           00424b40 f i TestServerDlg.obj
 0002:00013bb0       ??0CTestServerDlg@@QAE@PAVCWnd@@@Z 00424bb0 f   TestServerDlg.obj
 0002:00013d80       ??1CAboutDlg@@UAE@XZ       00424d80 f i TestServerDlg.obj
 0002:00013dd0       ??1CTestServerDlg@@UAE@XZ  00424dd0 f   TestServerDlg.obj
 0002:00014000       ??_GCAboutDlg@@UAEPAXI@Z   00425000 f i TestServerDlg.obj
 0002:00014000       ??_ECAboutDlg@@UAEPAXI@Z   00425000 f i TestServerDlg.obj
 0002:00014090       ??_ECTestServerDlg@@UAEPAXI@Z 00425090 f i TestServerDlg.obj
 0002:00014090       ??_GCTestServerDlg@@UAEPAXI@Z 00425090 f i TestServerDlg.obj
 0002:00014120       ?AfxAssertFailedLine@@YGHPBDH@Z 00425120 f i TestServerDlg.obj
 0002:00014230       ?DoDataExchange@CAboutDlg@@MAEXPAVCDataExchange@@@Z 00425230 f   TestServerDlg.obj
 0002:00014290       ?DoDataExchange@CTestServerDlg@@MAEXPAVCDataExchange@@@Z 00425290 f   TestServerDlg.obj
 0002:00014310       ?GetMessageMap@CAboutDlg@@MBEPBUAFX_MSGMAP@@XZ 00425310 f   TestServerDlg.obj
 0002:00014360       ?GetMessageMap@CTestServerDlg@@MBEPBUAFX_MSGMAP@@XZ 00425360 f   TestServerDlg.obj
 0002:000143b0       ?GetThisMessageMap@CAboutDlg@@KGPBUAFX_MSGMAP@@XZ 004253b0 f   TestServerDlg.obj
 0002:000143f0       ?GetThisMessageMap@CTestServerDlg@@KGPBUAFX_MSGMAP@@XZ 004253f0 f   TestServerDlg.obj
 0002:00014430       ?Height@CRect@@QBEHXZ      00425430 f i TestServerDlg.obj
 0002:00014480       ?OnAccept@CTestServerDlg@@QAEXXZ 00425480 f   TestServerDlg.obj
 0002:00014870       ?OnInitDialog@CTestServerDlg@@MAEHXZ 00425870 f   TestServerDlg.obj
 0002:00014d60       ?OnReceive@CTestServerDlg@@QAEXPAVClientSock@@@Z 00425d60 f   TestServerDlg.obj
 0002:000160b0       ?OnSend@CTestServerDlg@@QAEXPADH@Z 004270b0 f   TestServerDlg.obj
 0002:00016170       ?Width@CRect@@QBEHXZ       00427170 f i TestServerDlg.obj
 0002:000161c0       ?__autoclassinit2@CAboutDlg@@QAEXI@Z 004271c0 f i TestServerDlg.obj
 0002:00016220       ?__autoclassinit2@CPaintDC@@QAEXI@Z 00427220 f i TestServerDlg.obj
 0002:00016280       __vsnprintf_l              00427280 f i TestServerDlg.obj
 0002:00016330       __vsprintf_l               00427330 f i TestServerDlg.obj
 0002:00016390       _sprintf                   00427390 f i TestServerDlg.obj
 0002:00016408       _mysql_init@4              00427408 f   libmysql:libmysql.dll
 0002:0001640e       _mysql_real_connect@32     0042740e f   libmysql:libmysql.dll
 0002:00016414       _mysql_query@8             00427414 f   libmysql:libmysql.dll
 0002:0001641a       _mysql_store_result@4      0042741a f   libmysql:libmysql.dll
 0002:00016420       _mysql_free_result@4       00427420 f   libmysql:libmysql.dll
 0002:00016426       _mysql_fetch_row@4         00427426 f   libmysql:libmysql.dll
 0002:0001642c       _mysql_close@4             0042742c f   libmysql:libmysql.dll
 0002:00016432       ??3@YAXPAX@Z               00427432 f   mfc140d:mfc140d.dll
 0002:00016438       ??0?$CStringT@DV?$StrTraitMFC_DLL@DV?$ChTraitsCRT@D@ATL@@@@@ATL@@QAE@XZ 00427438 f   mfc140d:mfc140d.dll
 0002:0001643e       ??0?$CStringT@DV?$StrTraitMFC_DLL@DV?$ChTraitsCRT@D@ATL@@@@@ATL@@QAE@ABV01@@Z 0042743e f   mfc140d:mfc140d.dll
 0002:00016444       ??1?$CStringT@DV?$StrTraitMFC_DLL@DV?$ChTraitsCRT@D@ATL@@@@@ATL@@QAE@XZ 00427444 f   mfc140d:mfc140d.dll
 0002:0001644a       ??Y?$CStringT@DV?$StrTraitMFC_DLL@DV?$ChTraitsCRT@D@ATL@@@@@ATL@@QAEAAV01@E@Z 0042744a f   mfc140d:mfc140d.dll
 0002:00016450       ?Format@?$CStringT@DV?$StrTraitMFC_DLL@DV?$ChTraitsCRT@D@ATL@@@@@ATL@@QAAXPBDZZ 00427450 f   mfc140d:mfc140d.dll
 0002:00016456       ??3CObject@@SGXPAX@Z       00427456 f   mfc140d:mfc140d.dll
 0002:0001645c       ?Serialize@CObject@@UAEXAAVCArchive@@@Z 0042745c f   mfc140d:mfc140d.dll
 0002:00016462       ?AfxGetApp@@YGPAVCWinApp@@XZ 00427462 f   mfc140d:mfc140d.dll
 0002:00016468       ?GetRuntimeClass@CAsyncSocket@@UBEPAUCRuntimeClass@@XZ 00427468 f   mfc140d:mfc140d.dll
 0002:0001646e       ??0CAsyncSocket@@QAE@XZ    0042746e f   mfc140d:mfc140d.dll
 0002:00016474       ?Accept@CAsyncSocket@@UAEHAAV1@PAUsockaddr@@PAH@Z 00427474 f   mfc140d:mfc140d.dll
 0002:0001647a       ?Close@CAsyncSocket@@UAEXXZ 0042747a f   mfc140d:mfc140d.dll
 0002:00016480       ?Receive@CAsyncSocket@@UAEHPAXHH@Z 00427480 f   mfc140d:mfc140d.dll
 0002:00016486       ?Send@CAsyncSocket@@UAEHPBXHH@Z 00427486 f   mfc140d:mfc140d.dll
 0002:0001648c       ?OnReceive@CAsyncSocket@@MAEXH@Z 0042748c f   mfc140d:mfc140d.dll
 0002:00016492       ?OnSend@CAsyncSocket@@MAEXH@Z 00427492 f   mfc140d:mfc140d.dll
 0002:00016498       ?OnOutOfBandData@CAsyncSocket@@MAEXH@Z 00427498 f   mfc140d:mfc140d.dll
 0002:0001649e       ?OnAccept@CAsyncSocket@@MAEXH@Z 0042749e f   mfc140d:mfc140d.dll
 0002:000164a4       ?OnConnect@CAsyncSocket@@MAEXH@Z 004274a4 f   mfc140d:mfc140d.dll
 0002:000164aa       ?OnClose@CAsyncSocket@@MAEXH@Z 004274aa f   mfc140d:mfc140d.dll
 0002:000164b0       ??1CAsyncSocket@@UAE@XZ    004274b0 f   mfc140d:mfc140d.dll
 0002:000164b6       ?AssertValid@CAsyncSocket@@UBEXXZ 004274b6 f   mfc140d:mfc140d.dll
 0002:000164bc       ?Dump@CAsyncSocket@@UBEXAAVCDumpContext@@@Z 004274bc f   mfc140d:mfc140d.dll
 0002:000164c2       ?ConnectHelper@CAsyncSocket@@MAEHPBUsockaddr@@H@Z 004274c2 f   mfc140d:mfc140d.dll
 0002:000164c8       ?ReceiveFromHelper@CAsyncSocket@@MAEHPAXHPAUsockaddr@@PAHH@Z 004274c8 f   mfc140d:mfc140d.dll
 0002:000164ce       ?SendToHelper@CAsyncSocket@@MAEHPBXHPBUsockaddr@@HH@Z 004274ce f   mfc140d:mfc140d.dll
 0002:000164d4       ?GetThisMessageMap@CDialogEx@@KGPBUAFX_MSGMAP@@XZ 004274d4 f   mfc140d:mfc140d.dll
 0002:000164da       ??2@YAPAXI@Z               004274da f   mfc140d:mfc140d.dll
 0002:000164e0       ??B?$CSimpleStringT@D$00@ATL@@QBEPBDXZ 004274e0 f   mfc140d:mfc140d.dll
 0002:000164e6       ?Empty@?$CSimpleStringT@D$00@ATL@@QAEXXZ 004274e6 f   mfc140d:mfc140d.dll
 0002:000164ec       ?GetBuffer@?$CSimpleStringT@D$00@ATL@@QAEPADH@Z 004274ec f   mfc140d:mfc140d.dll
 0002:000164f2       ?GetLength@?$CSimpleStringT@D$00@ATL@@QBEHXZ 004274f2 f   mfc140d:mfc140d.dll
 0002:000164f8       ?ReleaseBuffer@?$CSimpleStringT@D$00@ATL@@QAEXH@Z 004274f8 f   mfc140d:mfc140d.dll
 0002:000164fe       ?StringLength@?$CSimpleStringT@D$00@ATL@@SAHPBD@Z 004274fe f   mfc140d:mfc140d.dll
 0002:00016504       ?Concatenate@?$CSimpleStringT@D$00@ATL@@KAXAAV12@PBDH1H@Z 00427504 f   mfc140d:mfc140d.dll
 0002:0001650a       ??0?$CStringT@DV?$StrTraitMFC_DLL@DV?$ChTraitsCRT@D@ATL@@@@@ATL@@QAE@PAUIAtlStringMgr@1@@Z 0042750a f   mfc140d:mfc140d.dll
 0002:00016510       ??0?$CStringT@DV?$StrTraitMFC_DLL@DV?$ChTraitsCRT@D@ATL@@@@@ATL@@QAE@PBD@Z 00427510 f   mfc140d:mfc140d.dll
 0002:00016516       ??4?$CStringT@DV?$StrTraitMFC_DLL@DV?$ChTraitsCRT@D@ATL@@@@@ATL@@QAEAAV01@PBD@Z 00427516 f   mfc140d:mfc140d.dll
 0002:0001651c       ??Y?$CStringT@DV?$StrTraitMFC_DLL@DV?$ChTraitsCRT@D@ATL@@@@@ATL@@QAEAAV01@D@Z 0042751c f   mfc140d:mfc140d.dll
 0002:00016522       ?GetManager@?$CStringT@DV?$StrTraitMFC_DLL@DV?$ChTraitsCRT@D@ATL@@@@@ATL@@QBEPAUIAtlStringMgr@2@XZ 00427522 f   mfc140d:mfc140d.dll
 0002:00016528       ??1CBrush@@UAE@XZ          00427528 f   mfc140d:mfc140d.dll
 0002:0001652e       ?DDX_Control@@YGXPAVCDataExchange@@HAAVCWnd@@@Z 0042752e f   mfc140d:mfc140d.dll
 0002:00016534       ?IsInvokeAllowed@CCmdTarget@@UAEHJ@Z 00427534 f   mfc140d:mfc140d.dll
 0002:0001653a       ?GetDispatchIID@CCmdTarget@@UAEHPAU_GUID@@@Z 0042753a f   mfc140d:mfc140d.dll
 0002:00016540       ?GetTypeInfoCount@CCmdTarget@@UAEIXZ 00427540 f   mfc140d:mfc140d.dll
 0002:00016546       ?GetTypeLibCache@CCmdTarget@@UAEPAVCTypeLibCache@@XZ 00427546 f   mfc140d:mfc140d.dll
 0002:0001654c       ?GetTypeLib@CCmdTarget@@UAEJKPAPAUITypeLib@@@Z 0042754c f   mfc140d:mfc140d.dll
 0002:00016552       ?GetCommandMap@CCmdTarget@@MBEPBUAFX_OLECMDMAP@@XZ 00427552 f   mfc140d:mfc140d.dll
 0002:00016558       ?GetDispatchMap@CCmdTarget@@MBEPBUAFX_DISPMAP@@XZ 00427558 f   mfc140d:mfc140d.dll
 0002:0001655e       ?GetConnectionMap@CCmdTarget@@MBEPBUAFX_CONNECTIONMAP@@XZ 0042755e f   mfc140d:mfc140d.dll
 0002:00016564       ?GetEventSinkMap@CCmdTarget@@MBEPBUAFX_EVENTSINKMAP@@XZ 00427564 f   mfc140d:mfc140d.dll
 0002:0001656a       ?OnCreateAggregates@CCmdTarget@@UAEHXZ 0042756a f   mfc140d:mfc140d.dll
 0002:00016570       ?GetInterfaceHook@CCmdTarget@@UAEPAUIUnknown@@PBX@Z 00427570 f   mfc140d:mfc140d.dll
 0002:00016576       ?GetExtraConnectionPoints@CCmdTarget@@MAEHPAVCPtrArray@@@Z 00427576 f   mfc140d:mfc140d.dll
 0002:0001657c       ?GetConnectionHook@CCmdTarget@@MAEPAUIConnectionPoint@@ABU_GUID@@@Z 0042757c f   mfc140d:mfc140d.dll
 0002:00016582       ?PreSubclassWindow@CWnd@@UAEXXZ 00427582 f   mfc140d:mfc140d.dll
 0002:00016588       ?Create@CWnd@@UAEHPBD0KABUtagRECT@@PAV1@IPAUCCreateContext@@@Z 00427588 f   mfc140d:mfc140d.dll
 0002:0001658e       ?CreateEx@CWnd@@UAEHKPBD0KHHHHPAUHWND__@@PAUHMENU__@@PAX@Z 0042758e f   mfc140d:mfc140d.dll
 0002:00016594       ?CreateEx@CWnd@@UAEHKPBD0KABUtagRECT@@PAV1@IPAX@Z 00427594 f   mfc140d:mfc140d.dll
 0002:0001659a       ?DestroyWindow@CWnd@@UAEHXZ 0042759a f   mfc140d:mfc140d.dll
 0002:000165a0       ?PreCreateWindow@CWnd@@UAEHAAUtagCREATESTRUCTA@@@Z 004275a0 f   mfc140d:mfc140d.dll
 0002:000165a6       ?CalcWindowRect@CWnd@@UAEXPAUtagRECT@@I@Z 004275a6 f   mfc140d:mfc140d.dll
 0002:000165ac       ?GetMenu@CWnd@@UBEPAVCMenu@@XZ 004275ac f   mfc140d:mfc140d.dll
 0002:000165b2       ?SetMenu@CWnd@@UAEHPAVCMenu@@@Z 004275b2 f   mfc140d:mfc140d.dll
 0002:000165b8       ?OnToolHitTest@CWnd@@UBEHVCPoint@@PAUtagTOOLINFOA@@@Z 004275b8 f   mfc140d:mfc140d.dll
 0002:000165be       ?GetScrollBarCtrl@CWnd@@UBEPAVCScrollBar@@H@Z 004275be f   mfc140d:mfc140d.dll
 0002:000165c4       ?WinHelpA@CWnd@@UAEXKI@Z   004275c4 f   mfc140d:mfc140d.dll
 0002:000165ca       ?HtmlHelpA@CWnd@@UAEXKI@Z  004275ca f   mfc140d:mfc140d.dll
 0002:000165d0       ?WinHelpInternal@CWnd@@UAEXKI@Z 004275d0 f   mfc140d:mfc140d.dll
 0002:000165d6       ?ContinueModal@CWnd@@UAEHXZ 004275d6 f   mfc140d:mfc140d.dll
 0002:000165dc       ?EndModalLoop@CWnd@@UAEXH@Z 004275dc f   mfc140d:mfc140d.dll
 0002:000165e2       ?OnDrawIconicThumbnailOrLivePreview@CWnd@@UAEXAAVCDC@@VCRect@@VCSize@@HAAH@Z 004275e2 f   mfc140d:mfc140d.dll
 0002:000165e8       ?GetInterfaceMap@CWnd@@MBEPBUAFX_INTERFACEMAP@@XZ 004275e8 f   mfc140d:mfc140d.dll
 0002:000165ee       ?EnsureStdObj@CWnd@@UAEJXZ 004275ee f   mfc140d:mfc140d.dll
 0002:000165f4       ?get_accParent@CWnd@@UAEJPAPAUIDispatch@@@Z 004275f4 f   mfc140d:mfc140d.dll
 0002:000165fa       ?get_accChildCount@CWnd@@UAEJPAJ@Z 004275fa f   mfc140d:mfc140d.dll
 0002:00016600       ?get_accChild@CWnd@@UAEJUtagVARIANT@@PAPAUIDispatch@@@Z 00427600 f   mfc140d:mfc140d.dll
 0002:00016606       ?get_accName@CWnd@@UAEJUtagVARIANT@@PAPA_W@Z 00427606 f   mfc140d:mfc140d.dll
 0002:0001660c       ?get_accValue@CWnd@@UAEJUtagVARIANT@@PAPA_W@Z 0042760c f   mfc140d:mfc140d.dll
 0002:00016612       ?get_accDescription@CWnd@@UAEJUtagVARIANT@@PAPA_W@Z 00427612 f   mfc140d:mfc140d.dll
 0002:00016618       ?get_accRole@CWnd@@UAEJUtagVARIANT@@PAU2@@Z 00427618 f   mfc140d:mfc140d.dll
 0002:0001661e       ?get_accState@CWnd@@UAEJUtagVARIANT@@PAU2@@Z 0042761e f   mfc140d:mfc140d.dll
 0002:00016624       ?get_accHelp@CWnd@@UAEJUtagVARIANT@@PAPA_W@Z 00427624 f   mfc140d:mfc140d.dll
 0002:0001662a       ?get_accHelpTopic@CWnd@@UAEJPAPA_WUtagVARIANT@@PAJ@Z 0042762a f   mfc140d:mfc140d.dll
 0002:00016630       ?get_accKeyboardShortcut@CWnd@@UAEJUtagVARIANT@@PAPA_W@Z 00427630 f   mfc140d:mfc140d.dll
 0002:00016636       ?get_accFocus@CWnd@@UAEJPAUtagVARIANT@@@Z 00427636 f   mfc140d:mfc140d.dll
 0002:0001663c       ?get_accSelection@CWnd@@UAEJPAUtagVARIANT@@@Z 0042763c f   mfc140d:mfc140d.dll
 0002:00016642       ?get_accDefaultAction@CWnd@@UAEJUtagVARIANT@@PAPA_W@Z 00427642 f   mfc140d:mfc140d.dll
 0002:00016648       ?accSelect@CWnd@@UAEJJUtagVARIANT@@@Z 00427648 f   mfc140d:mfc140d.dll
 0002:0001664e       ?accLocation@CWnd@@UAEJPAJ000UtagVARIANT@@@Z 0042764e f   mfc140d:mfc140d.dll
 0002:00016654       ?accNavigate@CWnd@@UAEJJUtagVARIANT@@PAU2@@Z 00427654 f   mfc140d:mfc140d.dll
 0002:0001665a       ?accHitTest@CWnd@@UAEJJJPAUtagVARIANT@@@Z 0042765a f   mfc140d:mfc140d.dll
 0002:00016660       ?accDoDefaultAction@CWnd@@UAEJUtagVARIANT@@@Z 00427660 f   mfc140d:mfc140d.dll
 0002:00016666       ?put_accName@CWnd@@UAEJUtagVARIANT@@PA_W@Z 00427666 f   mfc140d:mfc140d.dll
 0002:0001666c       ?put_accValue@CWnd@@UAEJUtagVARIANT@@PA_W@Z 0042766c f   mfc140d:mfc140d.dll
 0002:00016672       ?SetProxy@CWnd@@UAEJPAUIAccessibleProxy@@@Z 00427672 f   mfc140d:mfc140d.dll
 0002:00016678       ?CreateAccessibleProxy@CWnd@@UAEJIJPAJ@Z 00427678 f   mfc140d:mfc140d.dll
 0002:0001667e       ?OnNotify@CWnd@@MAEHIJPAJ@Z 0042767e f   mfc140d:mfc140d.dll
 0002:00016684       ?GetSuperWndProcAddr@CWnd@@MAEPAP6GJPAUHWND__@@IIJ@ZXZ 00427684 f   mfc140d:mfc140d.dll
 0002:0001668a       ?DoDataExchange@CWnd@@MAEXPAVCDataExchange@@@Z 0042768a f   mfc140d:mfc140d.dll
 0002:00016690       ?BeginModalState@CWnd@@UAEXXZ 00427690 f   mfc140d:mfc140d.dll
 0002:00016696       ?EndModalState@CWnd@@UAEXXZ 00427696 f   mfc140d:mfc140d.dll
 0002:0001669c       ?OnAmbientProperty@CWnd@@UAEHPAVCOleControlSite@@JPAUtagVARIANT@@@Z 0042769c f   mfc140d:mfc140d.dll
 0002:000166a2       ?WindowProc@CWnd@@MAEJIIJ@Z 004276a2 f   mfc140d:mfc140d.dll
 0002:000166a8       ?OnWndMsg@CWnd@@MAEHIIJPAJ@Z 004276a8 f   mfc140d:mfc140d.dll
 0002:000166ae       ?DefWindowProcA@CWnd@@MAEJIIJ@Z 004276ae f   mfc140d:mfc140d.dll
 0002:000166b4       ?PostNcDestroy@CWnd@@MAEXXZ 004276b4 f   mfc140d:mfc140d.dll
 0002:000166ba       ?OnChildNotify@CWnd@@MAEHIIJPAJ@Z 004276ba f   mfc140d:mfc140d.dll
 0002:000166c0       ?OnTouchInputs@CWnd@@MAEHIPAUtagTOUCHINPUT@@@Z 004276c0 f   mfc140d:mfc140d.dll
 0002:000166c6       ?OnTouchInput@CWnd@@MAEHVCPoint@@HHPAUtagTOUCHINPUT@@@Z 004276c6 f   mfc140d:mfc140d.dll
 0002:000166cc       ?GetGestureStatus@CWnd@@MAEKVCPoint@@@Z 004276cc f   mfc140d:mfc140d.dll
 0002:000166d2       ?OnGestureZoom@CWnd@@MAEHVCPoint@@J@Z 004276d2 f   mfc140d:mfc140d.dll
 0002:000166d8       ?OnGesturePan@CWnd@@MAEHVCPoint@@0@Z 004276d8 f   mfc140d:mfc140d.dll
 0002:000166de       ?OnGestureRotate@CWnd@@MAEHVCPoint@@N@Z 004276de f   mfc140d:mfc140d.dll
 0002:000166e4       ?OnGestureTwoFingerTap@CWnd@@MAEHVCPoint@@@Z 004276e4 f   mfc140d:mfc140d.dll
 0002:000166ea       ?OnGesturePressAndTap@CWnd@@MAEHVCPoint@@J@Z 004276ea f   mfc140d:mfc140d.dll
 0002:000166f0       ?ResizeDynamicLayout@CWnd@@MAEXXZ 004276f0 f   mfc140d:mfc140d.dll
 0002:000166f6       ?IsFrameWnd@CWnd@@UBEHXZ   004276f6 f   mfc140d:mfc140d.dll
 0002:000166fc       ?OnFinalRelease@CWnd@@UAEXXZ 004276fc f   mfc140d:mfc140d.dll
 0002:00016702       ?CreateControlContainer@CWnd@@MAEHPAPAVCOleControlContainer@@@Z 00427702 f   mfc140d:mfc140d.dll
 0002:00016708       ?CreateControlSite@CWnd@@MAEHPAVCOleControlContainer@@PAPAVCOleControlSite@@IABU_GUID@@@Z 00427708 f   mfc140d:mfc140d.dll
 0002:0001670e       ?Create@CDialog@@UAEHPBDPAVCWnd@@@Z 0042770e f   mfc140d:mfc140d.dll
 0002:00016714       ?Create@CDialog@@UAEHIPAVCWnd@@@Z 00427714 f   mfc140d:mfc140d.dll
 0002:0001671a       ?CreateIndirect@CDialog@@UAEHPBUDLGTEMPLATE@@PAVCWnd@@PAX@Z 0042771a f   mfc140d:mfc140d.dll
 0002:00016720       ?CreateIndirect@CDialog@@UAEHPAXPAVCWnd@@@Z 00427720 f   mfc140d:mfc140d.dll
 0002:00016726       ?DoModal@CDialog@@UAEHXZ   00427726 f   mfc140d:mfc140d.dll
 0002:0001672c       ?OnInitDialog@CDialog@@UAEHXZ 0042772c f   mfc140d:mfc140d.dll
 0002:00016732       ?OnSetFont@CDialog@@UAEXPAVCFont@@@Z 00427732 f   mfc140d:mfc140d.dll
 0002:00016738       ?OnOK@CDialog@@MAEXXZ      00427738 f   mfc140d:mfc140d.dll
 0002:0001673e       ?OnCancel@CDialog@@MAEXXZ  0042773e f   mfc140d:mfc140d.dll
 0002:00016744       ??1CDialog@@UAE@XZ         00427744 f   mfc140d:mfc140d.dll
 0002:0001674a       ?AssertValid@CDialog@@UBEXXZ 0042774a f   mfc140d:mfc140d.dll
 0002:00016750       ?Dump@CDialog@@UBEXAAVCDumpContext@@@Z 00427750 f   mfc140d:mfc140d.dll
 0002:00016756       ?OnCmdMsg@CDialog@@UAEHIHPAXPAUAFX_CMDHANDLERINFO@@@Z 00427756 f   mfc140d:mfc140d.dll
 0002:0001675c       ?CheckAutoCenter@CDialog@@UAEHXZ 0042775c f   mfc140d:mfc140d.dll
 0002:00016762       ?SetOccDialogInfo@CDialog@@MAEHPAU_AFX_OCC_DIALOG_INFO@@@Z 00427762 f   mfc140d:mfc140d.dll
 0002:00016768       ?GetOccDialogInfo@CDialog@@MAEPAU_AFX_OCC_DIALOG_INFO@@XZ 00427768 f   mfc140d:mfc140d.dll
 0002:0001676e       ?PreInitDialog@CDialog@@MAEXXZ 0042776e f   mfc140d:mfc140d.dll
 0002:00016774       ??0CComboBox@@QAE@XZ       00427774 f   mfc140d:mfc140d.dll
 0002:0001677a       ?GetCurSel@CComboBox@@QBEHXZ 0042777a f   mfc140d:mfc140d.dll
 0002:00016780       ?SetCurSel@CComboBox@@QAEHH@Z 00427780 f   mfc140d:mfc140d.dll
 0002:00016786       ?GetLBText@CComboBox@@QBEHHPAD@Z 00427786 f   mfc140d:mfc140d.dll
 0002:0001678c       ?GetLBTextLen@CComboBox@@QBEHH@Z 0042778c f   mfc140d:mfc140d.dll
 0002:00016792       ?AddString@CComboBox@@QAEHPBD@Z 00427792 f   mfc140d:mfc140d.dll
 0002:00016798       ??1CComboBox@@UAE@XZ       00427798 f   mfc140d:mfc140d.dll
 0002:0001679e       ?ResumeThread@CWinThread@@QAEKXZ 0042779e f   mfc140d:mfc140d.dll
 0002:000167a4       ?AfxBeginThread@@YGPAVCWinThread@@P6AIPAX@Z0HIKPAU_SECURITY_ATTRIBUTES@@@Z 004277a4 f   mfc140d:mfc140d.dll
 0002:000167aa       ?AfxMessageBox@@YGHPBDII@Z 004277aa f   mfc140d:mfc140d.dll
 0002:000167b0       ??0CListCtrl@@QAE@XZ       004277b0 f   mfc140d:mfc140d.dll
 0002:000167b6       ?SetItem@CListCtrl@@QAEHHHIPBDHIIJ@Z 004277b6 f   mfc140d:mfc140d.dll
 0002:000167bc       ?InsertItem@CListCtrl@@QAEHHPBD@Z 004277bc f   mfc140d:mfc140d.dll
 0002:000167c2       ?DeleteAllItems@CListCtrl@@QAEHXZ 004277c2 f   mfc140d:mfc140d.dll
 0002:000167c8       ?InsertColumn@CListCtrl@@QAEHHPBDHHH@Z 004277c8 f   mfc140d:mfc140d.dll
 0002:000167ce       ??1CListCtrl@@UAE@XZ       004277ce f   mfc140d:mfc140d.dll
 0002:000167d4       ??1CDialogImpl@@MAE@XZ     004277d4 f   mfc140d:mfc140d.dll
 0002:000167da       ?GetThisClass@CDialogEx@@SGPAUCRuntimeClass@@XZ 004277da f   mfc140d:mfc140d.dll
 0002:000167e0       ??0CDialogEx@@QAE@IPAVCWnd@@@Z 004277e0 f   mfc140d:mfc140d.dll
 0002:000167e6       ?PreTranslateMessage@CDialogEx@@UAEHPAUtagMSG@@@Z 004277e6 f   mfc140d:mfc140d.dll
 0002:000167ec       ?OnCommand@CDialogEx@@MAEHIJ@Z 004277ec f   mfc140d:mfc140d.dll
 0002:000167f2       ?OnHelp@CWinApp@@IAEXXZ    004277f2 f   mfc140d:mfc140d.dll
 0002:000167f8       ?GetThisMessageMap@CWinApp@@KGPBUAFX_MSGMAP@@XZ 004277f8 f   mfc140d:mfc140d.dll
 0002:000167fe       ??2CObject@@SGPAXIPBDH@Z   004277fe f   mfc140d:mfc140d.dll
 0002:00016804       ??3CObject@@SGXPAXPBDH@Z   00427804 f   mfc140d:mfc140d.dll
 0002:0001680a       ?OnCmdMsg@CCmdTarget@@UAEHIHPAXPAUAFX_CMDHANDLERINFO@@@Z 0042780a f   mfc140d:mfc140d.dll
 0002:00016810       ?OnFinalRelease@CCmdTarget@@UAEXXZ 00427810 f   mfc140d:mfc140d.dll
 0002:00016816       ?GetInterfaceMap@CCmdTarget@@MBEPBUAFX_INTERFACEMAP@@XZ 00427816 f   mfc140d:mfc140d.dll
 0002:0001681c       ?PreTranslateMessage@CWinThread@@UAEHPAUtagMSG@@@Z 0042781c f   mfc140d:mfc140d.dll
 0002:00016822       ?PumpMessage@CWinThread@@UAEHXZ 00427822 f   mfc140d:mfc140d.dll
 0002:00016828       ?IsIdleMessage@CWinThread@@UAEHPAUtagMSG@@@Z 00427828 f   mfc140d:mfc140d.dll
 0002:0001682e       ?ProcessMessageFilter@CWinThread@@UAEHHPAUtagMSG@@@Z 0042782e f   mfc140d:mfc140d.dll
 0002:00016834       ?GetMainWnd@CWinThread@@UAEPAVCWnd@@XZ 00427834 f   mfc140d:mfc140d.dll
 0002:0001683a       ?Delete@CWinThread@@UAEXXZ 0042783a f   mfc140d:mfc140d.dll
 0002:00016840       ?GetRuntimeClass@CWinApp@@UBEPAUCRuntimeClass@@XZ 00427840 f   mfc140d:mfc140d.dll
 0002:00016846       ??0CWinApp@@QAE@PBD@Z      00427846 f   mfc140d:mfc140d.dll
 0002:0001684c       ?SetRegistryKey@CWinApp@@IAEXPBD@Z 0042784c f   mfc140d:mfc140d.dll
 0002:00016852       ?GetProfileIntA@CWinApp@@UAEIPBD0H@Z 00427852 f   mfc140d:mfc140d.dll
 0002:00016858       ?WriteProfileInt@CWinApp@@UAEHPBD0H@Z 00427858 f   mfc140d:mfc140d.dll
 0002:0001685e       ?GetProfileStringA@CWinApp@@UAE?AV?$CStringT@DV?$StrTraitMFC_DLL@DV?$ChTraitsCRT@D@ATL@@@@@ATL@@PBD00@Z 0042785e f   mfc140d:mfc140d.dll
 0002:00016864       ?WriteProfileStringA@CWinApp@@UAEHPBD00@Z 00427864 f   mfc140d:mfc140d.dll
 0002:0001686a       ?GetProfileBinary@CWinApp@@UAEHPBD0PAPAEPAI@Z 0042786a f   mfc140d:mfc140d.dll
 0002:00016870       ?WriteProfileBinary@CWinApp@@UAEHPBD0PAEI@Z 00427870 f   mfc140d:mfc140d.dll
 0002:00016876       ?InitLibId@CWinApp@@UAEXXZ 00427876 f   mfc140d:mfc140d.dll
 0002:0001687c       ?Register@CWinApp@@UAEHXZ  0042787c f   mfc140d:mfc140d.dll
 0002:00016882       ?Unregister@CWinApp@@UAEHXZ 00427882 f   mfc140d:mfc140d.dll
 0002:00016888       ?OpenDocumentFile@CWinApp@@UAEPAVCDocument@@PBD@Z 00427888 f   mfc140d:mfc140d.dll
 0002:0001688e       ?OpenDocumentFile@CWinApp@@UAEPAVCDocument@@PBDH@Z 0042788e f   mfc140d:mfc140d.dll
 0002:00016894       ?AddToRecentFileList@CWinApp@@UAEXPBD@Z 00427894 f   mfc140d:mfc140d.dll
 0002:0001689a       ?InitApplication@CWinApp@@UAEHXZ 0042789a f   mfc140d:mfc140d.dll
 0002:000168a0       ?SaveAllModified@CWinApp@@UAEHXZ 004278a0 f   mfc140d:mfc140d.dll
 0002:000168a6       ?DoMessageBox@CWinApp@@UAEHPBDII@Z 004278a6 f   mfc140d:mfc140d.dll
 0002:000168ac       ?DoWaitCursor@CWinApp@@UAEXH@Z 004278ac f   mfc140d:mfc140d.dll
 0002:000168b2       ?OnDDECommand@CWinApp@@UAEHPAD@Z 004278b2 f   mfc140d:mfc140d.dll
 0002:000168b8       ?WinHelpA@CWinApp@@UAEXKI@Z 004278b8 f   mfc140d:mfc140d.dll
 0002:000168be       ?HtmlHelpA@CWinApp@@UAEXKI@Z 004278be f   mfc140d:mfc140d.dll
 0002:000168c4       ?WinHelpInternal@CWinApp@@UAEXKI@Z 004278c4 f   mfc140d:mfc140d.dll
 0002:000168ca       ?RegisterWithRestartManager@CWinApp@@UAEJHABV?$CStringT@DV?$StrTraitMFC_DLL@DV?$ChTraitsCRT@D@ATL@@@@@ATL@@@Z 004278ca f   mfc140d:mfc140d.dll
 0002:000168d0       ?RegisterWithRestartManager@CWinApp@@UAEJPB_WKP6GKPAX@Z1KK@Z 004278d0 f   mfc140d:mfc140d.dll
 0002:000168d6       ?ApplicationRecoveryCallback@CWinApp@@UAEKPAX@Z 004278d6 f   mfc140d:mfc140d.dll
 0002:000168dc       ?GetDataRecoveryHandler@CWinApp@@UAEPAVCDataRecoveryHandler@@XZ 004278dc f   mfc140d:mfc140d.dll
 0002:000168e2       ?IsTaskbarInteractionEnabled@CWinApp@@UAEHXZ 004278e2 f   mfc140d:mfc140d.dll
 0002:000168e8       ?InitInstance@CWinApp@@UAEHXZ 004278e8 f   mfc140d:mfc140d.dll
 0002:000168ee       ?ExitInstance@CWinApp@@UAEHXZ 004278ee f   mfc140d:mfc140d.dll
 0002:000168f4       ?RestartInstance@CWinApp@@UAEHXZ 004278f4 f   mfc140d:mfc140d.dll
 0002:000168fa       ?Run@CWinApp@@UAEHXZ       004278fa f   mfc140d:mfc140d.dll
 0002:00016900       ?OnIdle@CWinApp@@UAEHJ@Z   00427900 f   mfc140d:mfc140d.dll
 0002:00016906       ?ProcessWndProcException@CWinApp@@UAEJPAVCException@@PBUtagMSG@@@Z 00427906 f   mfc140d:mfc140d.dll
 0002:0001690c       ?LoadAppLangResourceDLL@CWinApp@@UAEPAUHINSTANCE__@@XZ 0042790c f   mfc140d:mfc140d.dll
 0002:00016912       ??1CWinApp@@UAE@XZ         00427912 f   mfc140d:mfc140d.dll
 0002:00016918       ?AssertValid@CWinApp@@UBEXXZ 00427918 f   mfc140d:mfc140d.dll
 0002:0001691e       ?Dump@CWinApp@@UBEXAAVCDumpContext@@@Z 0042791e f   mfc140d:mfc140d.dll
 0002:00016924       ?LoadSysPolicies@CWinApp@@UAEHXZ 00427924 f   mfc140d:mfc140d.dll
 0002:0001692a       ?AfxEnableControlContainer@@YAXPAVCOccManager@@@Z 0042792a f   mfc140d:mfc140d.dll
 0002:00016930       ?SetDefaultManager@CMFCVisualManager@@SGXPAUCRuntimeClass@@@Z 00427930 f   mfc140d:mfc140d.dll
 0002:00016936       ??0CShellManager@@QAE@XZ   00427936 f   mfc140d:mfc140d.dll
 0002:0001693c       ?GetThisClass@CMFCVisualManagerWindows@@SGPAUCRuntimeClass@@XZ 0042793c f   mfc140d:mfc140d.dll
 0002:00016942       ?IsEmpty@?$CSimpleStringT@D$00@ATL@@QBE_NXZ 00427942 f   mfc140d:mfc140d.dll
 0002:00016948       ??4?$CStringT@DV?$StrTraitMFC_DLL@DV?$ChTraitsCRT@D@ATL@@@@@ATL@@QAEAAV01@ABV01@@Z 00427948 f   mfc140d:mfc140d.dll
 0002:0001694e       ??Y?$CStringT@DV?$StrTraitMFC_DLL@DV?$ChTraitsCRT@D@ATL@@@@@ATL@@QAEAAV01@ABV?$CSimpleStringT@D$00@1@@Z 0042794e f   mfc140d:mfc140d.dll
 0002:00016954       ??Y?$CStringT@DV?$StrTraitMFC_DLL@DV?$ChTraitsCRT@D@ATL@@@@@ATL@@QAEAAV01@PBD@Z 00427954 f   mfc140d:mfc140d.dll
 0002:0001695a       ?LoadStringA@?$CStringT@DV?$StrTraitMFC_DLL@DV?$ChTraitsCRT@D@ATL@@@@@ATL@@QAEHI@Z 0042795a f   mfc140d:mfc140d.dll
 0002:00016960       ??2@YAPAXIPBDH@Z           00427960 f   mfc140d:mfc140d.dll
 0002:00016966       ??3@YAXPAXPBDH@Z           00427966 f   mfc140d:mfc140d.dll
 0002:0001696c       ??_U@YAPAXIPBDH@Z          0042796c f   mfc140d:mfc140d.dll
 0002:00016972       ?GetSafeHdc@CDC@@QBEPAUHDC__@@XZ 00427972 f   mfc140d:mfc140d.dll
 0002:00016978       ?DrawIcon@CDC@@QAEHHHPAUHICON__@@@Z 00427978 f   mfc140d:mfc140d.dll
 0002:0001697e       ??0CPaintDC@@QAE@PAVCWnd@@@Z 0042797e f   mfc140d:mfc140d.dll
 0002:00016984       ??1CPaintDC@@UAE@XZ        00427984 f   mfc140d:mfc140d.dll
 0002:0001698a       ?AppendMenuA@CMenu@@QAEHIIPBD@Z 0042798a f   mfc140d:mfc140d.dll
 0002:00016990       ?GetDlgItem@CWnd@@QBEPAV1@H@Z 00427990 f   mfc140d:mfc140d.dll
 0002:00016996       ?SendMessageA@CWnd@@QBEJIIJ@Z 00427996 f   mfc140d:mfc140d.dll
 0002:0001699c       ?GetSystemMenu@CWnd@@QBEPAVCMenu@@H@Z 0042799c f   mfc140d:mfc140d.dll
 0002:000169a2       ?IsIconic@CWnd@@QBEHXZ     004279a2 f   mfc140d:mfc140d.dll
 0002:000169a8       ?GetClientRect@CWnd@@QBEXPAUtagRECT@@@Z 004279a8 f   mfc140d:mfc140d.dll
 0002:000169ae       ?ShowWindow@CWnd@@QAEHH@Z  004279ae f   mfc140d:mfc140d.dll
 0002:000169b4       ?EnableWindow@CWnd@@QAEHH@Z 004279b4 f   mfc140d:mfc140d.dll
 0002:000169ba       ?SetDlgItemTextA@CWnd@@QAEXHPBD@Z 004279ba f   mfc140d:mfc140d.dll
 0002:000169c0       ?SetIcon@CWnd@@QAEPAUHICON__@@PAU2@H@Z 004279c0 f   mfc140d:mfc140d.dll
 0002:000169c6       ?UpdateData@CWnd@@QAEHH@Z  004279c6 f   mfc140d:mfc140d.dll
 0002:000169cc       ?OnSysCommand@CWnd@@IAEXIJ@Z 004279cc f   mfc140d:mfc140d.dll
 0002:000169d2       ?OnPaint@CDialog@@IAEXXZ   004279d2 f   mfc140d:mfc140d.dll
 0002:000169d8       ??0CListBox@@QAE@XZ        004279d8 f   mfc140d:mfc140d.dll
 0002:000169de       ?SetCurSel@CListBox@@QAEHH@Z 004279de f   mfc140d:mfc140d.dll
 0002:000169e4       ?InsertString@CListBox@@QAEHHPBD@Z 004279e4 f   mfc140d:mfc140d.dll
 0002:000169ea       ??1CListBox@@UAE@XZ        004279ea f   mfc140d:mfc140d.dll
 0002:000169f0       ?LoadIconA@CWinApp@@QBEPAUHICON__@@I@Z 004279f0 f   mfc140d:mfc140d.dll
 0002:000169f6       ?GetRuntimeClass@CDialogEx@@UBEPAUCRuntimeClass@@XZ 004279f6 f   mfc140d:mfc140d.dll
 0002:000169fc       ?Create@CAsyncSocket@@QAEHIHJPBD@Z 004279fc f   mfc140d:mfc140d.dll
 0002:00016a02       ?GetPeerName@CAsyncSocket@@QAEHAAV?$CStringT@DV?$StrTraitMFC_DLL@DV?$ChTraitsCRT@D@ATL@@@@@ATL@@AAI@Z 00427a02 f   mfc140d:mfc140d.dll
 0002:00016a08       ?IOCtl@CAsyncSocket@@QAEHJPAK@Z 00427a08 f   mfc140d:mfc140d.dll
 0002:00016a0e       ?Listen@CAsyncSocket@@QAEHH@Z 00427a0e f   mfc140d:mfc140d.dll
 0002:00016a20       ??1CComBSTR@ATL@@QAE@XZ    00427a20 f i mfcs140d:nolib.obj
 0002:00016a60       ??1stringdispid@CComTypeInfoHolder@ATL@@QAE@XZ 00427a60 f i mfcs140d:nolib.obj
 0002:00016a90       ??_Estringdispid@CComTypeInfoHolder@ATL@@QAEPAXI@Z 00427a90 f i mfcs140d:nolib.obj
 0002:00016b70       _IsolationAwareActivateActCtx@8 00427b70 f i mfcs140d:nolib.obj
 0002:00016c10       _IsolationAwareCreateActCtxW@4 00427c10 f i mfcs140d:nolib.obj
 0002:00016ca0       _IsolationAwareDeactivateActCtx@8 00427ca0 f i mfcs140d:nolib.obj
 0002:00016d40       _IsolationAwareFindActCtxSectionStringW@20 00427d40 f i mfcs140d:nolib.obj
 0002:00016df0       _IsolationAwarePrivatenPgViNgRzlnPgpgk@4 00427df0 f i mfcs140d:nolib.obj
 0002:00016f00       _IsolationAwarePrivatezltRgCebPnQQeRff@12 00427f00 f i mfcs140d:nolib.obj
 0002:00016fb0       _IsolationAwarePrivatezltRgzbQhYRuNaQYRJ@4 00427fb0 f i mfcs140d:nolib.obj
 0002:00016fe0       _IsolationAwarePrivatezltRgzbQhYRuNaQYRn@4 00427fe0 f i mfcs140d:nolib.obj
 0002:00017010       _IsolationAwareQueryActCtxW@28 00428010 f i mfcs140d:nolib.obj
 0002:000170c0       _IsolationAwareUnregisterClassA@8 004280c0 f i mfcs140d:nolib.obj
 0002:000172c0       _WinbaseIsolationAwarePrivatetRgCebPnQQeRff_xReaRYQP_QYY@4 004282c0 f i mfcs140d:nolib.obj
 0002:000172f0       _WinbaseIsolationAwarePrivatetRgzlnPgpgk@0 004282f0 f i mfcs140d:nolib.obj
 0002:00017710       ?AfxSocketInit@@YGHPAUWSAData@@@Z 00428710 f   mfcs140d:sockexp.obj
 0002:00017740       @_RTC_AllocaHelper@12      00428740 f   msvcrtd:_stack_.obj
 0002:00017780       @_RTC_CheckStackVars2@12   00428780 f   msvcrtd:_stack_.obj
 0002:00017890       @_RTC_CheckStackVars@8     00428890 f   msvcrtd:_stack_.obj
 0002:00017900       __RTC_CheckEsp             00428900 f   msvcrtd:_stack_.obj
 0002:00017930       @__security_check_cookie@4 00428930 f   msvcrtd:_secchk_.obj
 0002:00017950       __CRT_RTC_INIT             00428950 f   msvcrtd:_init_.obj
 0002:00017960       __CRT_RTC_INITW            00428960 f   msvcrtd:_init_.obj
 0002:00017970       __RTC_InitBase             00428970 f   msvcrtd:_init_.obj
 0002:000179b0       __RTC_Shutdown             004289b0 f   msvcrtd:_init_.obj
 0002:000179d0       ??1type_info@@UAE@XZ       004289d0 f   msvcrtd:std_type_info_static.obj
 0002:000179f0       ??_Etype_info@@UAEPAXI@Z   004289f0 f i msvcrtd:std_type_info_static.obj
 0002:000179f0       ??_Gtype_info@@UAEPAXI@Z   004289f0 f i msvcrtd:std_type_info_static.obj
 0002:00017a30       ??3@YAXPAXI@Z              00428a30 f   msvcrtd:delete_scalar_size.obj
 0002:00017a50       __alloca_probe             00428a50 f   msvcrtd:chkstk.obj
 0002:00017a50       __chkstk                   00428a50 f   msvcrtd:chkstk.obj
 0002:00017c30       ?_RTC_AllocaFailure@@YAXPAXPAU_RTC_ALLOCA_NODE@@H@Z 00428c30 f   msvcrtd:_error_.obj
 0002:00017da0       ?_RTC_Failure@@YAXPAXH@Z   00428da0 f   msvcrtd:_error_.obj
 0002:00017e10       ?_RTC_StackFailure@@YAXPAXPBD@Z 00428e10 f   msvcrtd:_error_.obj
 0002:00018280       __RTC_UninitUse            00429280 f   msvcrtd:_error_.obj
 0002:000183b0       __vsprintf_s_l             004293b0 f i msvcrtd:_error_.obj
 0002:000183f0       _sprintf_s                 004293f0 f i msvcrtd:_error_.obj
 0002:00018420       ??$__crt_fast_decode_pointer@PAP6AXXZ@@YAPAP6AXXZQAP6AXXZ@Z 00429420 f i msvcrtd:utility.obj
 0002:00018450       ??$__crt_fast_encode_pointer@PAP6AXXZ@@YAPAP6AXXZQAP6AXXZ@Z 00429450 f i msvcrtd:utility.obj
 0002:00018490       ?__crt_rotate_pointer_value@@YAIIH@Z 00429490 f i msvcrtd:utility.obj
 0002:000185e0       _NtCurrentTeb              004295e0 f i msvcrtd:utility.obj
 0002:000185f0       ___scrt_acquire_startup_lock 004295f0 f   msvcrtd:utility.obj
 0002:00018650       ___scrt_dllmain_after_initialize_c 00429650 f   msvcrtd:utility.obj
 0002:00018680       ___scrt_dllmain_before_initialize_c 00429680 f   msvcrtd:utility.obj
 0002:000186b0       ___scrt_dllmain_crt_thread_attach 004296b0 f   msvcrtd:utility.obj
 0002:000186f0       ___scrt_dllmain_crt_thread_detach 004296f0 f   msvcrtd:utility.obj
 0002:00018710       ___scrt_dllmain_exception_filter 00429710 f   msvcrtd:utility.obj
 0002:00018770       ___scrt_dllmain_uninitialize_c 00429770 f   msvcrtd:utility.obj
 0002:000187b0       ___scrt_dllmain_uninitialize_critical 004297b0 f   msvcrtd:utility.obj
 0002:000187d0       ___scrt_initialize_crt     004297d0 f   msvcrtd:utility.obj
 0002:00018830       ___scrt_initialize_onexit_tables 00429830 f   msvcrtd:utility.obj
 0002:00018930       ___scrt_is_nonwritable_in_current_image 00429930 f   msvcrtd:utility.obj
 0002:00018ab0       ___scrt_release_startup_lock 00429ab0 f   msvcrtd:utility.obj
 0002:00018ae0       ___scrt_uninitialize_crt   00429ae0 f   msvcrtd:utility.obj
 0002:00018b30       __onexit                   00429b30 f   msvcrtd:utility.obj
 0002:00018bc0       _at_quick_exit             00429bc0 f   msvcrtd:utility.obj
 0002:00018c20       _atexit                    00429c20 f   msvcrtd:utility.obj
 0002:00018da0       ??$__crt_fast_decode_pointer@P6GHPAU_RTL_CONDITION_VARIABLE@@PAU_RTL_CRITICAL_SECTION@@K@Z@@YAP6GHPAU_RTL_CONDITION_VARIABLE@@PAU_RTL_CRITICAL_SECTION@@K@ZQ6GH01K@Z@Z 00429da0 f i msvcrtd:thread_safe_statics.obj
 0002:00018dd0       ??$__crt_fast_decode_pointer@P6GXPAU_RTL_CONDITION_VARIABLE@@@Z@@YAP6GXPAU_RTL_CONDITION_VARIABLE@@@ZQ6GX0@Z@Z 00429dd0 f i msvcrtd:thread_safe_statics.obj
 0002:00018e00       ??$__crt_fast_encode_pointer@P6GHPAU_RTL_CONDITION_VARIABLE@@PAU_RTL_CRITICAL_SECTION@@K@Z@@YAP6GHPAU_RTL_CONDITION_VARIABLE@@PAU_RTL_CRITICAL_SECTION@@K@ZQ6GH01K@Z@Z 00429e00 f i msvcrtd:thread_safe_statics.obj
 0002:00018e40       ??$__crt_fast_encode_pointer@P6GXPAU_RTL_CONDITION_VARIABLE@@@Z@@YAP6GXPAU_RTL_CONDITION_VARIABLE@@@ZQ6GX0@Z@Z 00429e40 f i msvcrtd:thread_safe_statics.obj
 0002:00018eb0       __Init_thread_abort        00429eb0 f   msvcrtd:thread_safe_statics.obj
 0002:00018ee0       __Init_thread_footer       00429ee0 f   msvcrtd:thread_safe_statics.obj
 0002:00018f40       __Init_thread_header       00429f40 f   msvcrtd:thread_safe_statics.obj
 0002:00018fd0       __Init_thread_lock         00429fd0 f   msvcrtd:thread_safe_statics.obj
 0002:00018ff0       __Init_thread_notify       00429ff0 f   msvcrtd:thread_safe_statics.obj
 0002:00019060       __Init_thread_unlock       0042a060 f   msvcrtd:thread_safe_statics.obj
 0002:00019080       __Init_thread_wait         0042a080 f   msvcrtd:thread_safe_statics.obj
 0002:00019550       ?configure_argv@__scrt_narrow_argv_policy@@SAHXZ 0042a550 f i msvcrtd:exe_winmain.obj
 0002:00019570       ?get_app_type@__scrt_winmain_policy@@SA?AW4_crt_app_type@@XZ 0042a570 f i msvcrtd:exe_winmain.obj
 0002:000195c0       _WinMainCRTStartup         0042a5c0 f   msvcrtd:exe_winmain.obj
 0002:000195d0       ??_M@YGXPAXIHP6EX0@Z@Z     0042a5d0 f   msvcrtd:ehvecdtr.obj
 0002:00019600       ??_M@YGXPAXIIP6EX0@Z@Z     0042a600 f   msvcrtd:ehvecdtr.obj
 0002:00019730       ?__ArrayUnwind@@YGXPAXIIP6EX0@Z@Z 0042a730 f   msvcrtd:ehvecdtr.obj
 0002:00019800       ??_V@YAXPAXI@Z             0042a800 f   msvcrtd:delete_array_size.obj
 0002:00019820       __except_handler4          0042a820 f   msvcrtd:_chandler4gs_.obj
 0002:00019850       ___raise_securityfailure   0042a850 f   msvcrtd:gs_report.obj
 0002:00019890       ___report_gsfailure        0042a890 f   msvcrtd:gs_report.obj
 0002:000199e0       ___report_rangecheckfailure 0042a9e0 f   msvcrtd:gs_report.obj
 0002:000199f0       ___report_securityfailure  0042a9f0 f   msvcrtd:gs_report.obj
 0002:00019b00       ___report_securityfailureEx 0042ab00 f   msvcrtd:gs_report.obj
 0002:00019c70       ?_RTC_GetErrorFunc@@YAP6AHHPBDH00ZZPBX@Z 0042ac70 f   msvcrtd:_userapi_.obj
 0002:00019c80       ?_RTC_GetErrorFuncW@@YAP6AHHPB_WH00ZZPBX@Z 0042ac80 f   msvcrtd:_userapi_.obj
 0002:00019c90       __RTC_GetErrDesc           0042ac90 f   msvcrtd:_userapi_.obj
 0002:00019cb0       __RTC_NumErrors            0042acb0 f   msvcrtd:_userapi_.obj
 0002:00019cc0       __RTC_SetErrorFunc         0042acc0 f   msvcrtd:_userapi_.obj
 0002:00019cf0       __RTC_SetErrorFuncW        0042acf0 f   msvcrtd:_userapi_.obj
 0002:00019d20       __RTC_SetErrorType         0042ad20 f   msvcrtd:_userapi_.obj
 0002:0001a310       ?_RTC_GetSrcLine@@YAHPAEPA_WKPAH1K@Z 0042b310 f   msvcrtd:_pdblkup_.obj
 0002:0001a740       @_guard_check_icall@4      0042b740 f i msvcrtd:checkcfg.obj
 0002:0001a760       ___isa_available_init      0042b760 f   msvcrtd:_cpu_disp_.obj
 0002:0001aaf0       ___scrt_is_ucrt_dll_in_use 0042baf0 f   msvcrtd:ucrt_detection.obj
 0002:0001ab20       ___scrt_fastfail           0042bb20 f   msvcrtd:utility_desktop.obj
 0002:0001acb0       ___scrt_get_show_window_mode 0042bcb0 f   msvcrtd:utility_desktop.obj
 0002:0001ad00       ___scrt_initialize_winrt   0042bd00 f   msvcrtd:utility_desktop.obj
 0002:0001ad10       ___scrt_is_managed_app     0042bd10 f   msvcrtd:utility_desktop.obj
 0002:0001adc0       ___scrt_set_unhandled_exception_filter 0042bdc0 f   msvcrtd:utility_desktop.obj
 0002:0001ade0       ___scrt_unhandled_exception_filter@4 0042bde0 f   msvcrtd:utility_desktop.obj
 0002:0001ae60       __crt_debugger_hook        0042be60 f   msvcrtd:utility_desktop.obj
 0002:0001ae80       ___security_init_cookie    0042be80 f   msvcrtd:gs_support.obj
 0002:0001afa0       __matherr                  0042bfa0 f   msvcrtd:matherr.obj
 0002:0001afb0       __get_startup_argv_mode    0042bfb0 f   msvcrtd:argv_mode.obj
 0002:0001afc0       __get_startup_commit_mode  0042bfc0 f   msvcrtd:commit_mode.obj
 0002:0001afd0       __get_startup_file_mode    0042bfd0 f   msvcrtd:file_mode.obj
 0002:0001afe0       __get_startup_new_mode     0042bfe0 f   msvcrtd:new_mode.obj
 0002:0001aff0       __get_startup_thread_locale_mode 0042bff0 f   msvcrtd:thread_locale.obj
 0002:0001b000       ?__scrt_initialize_type_info@@YAXXZ 0042c000 f   msvcrtd:tncleanup.obj
 0002:0001b020       ?__scrt_uninitialize_type_info@@YAXXZ 0042c020 f   msvcrtd:tncleanup.obj
 0002:0001b040       __initialize_default_precision 0042c040 f   msvcrtd:default_precision.obj
 0002:0001b070       __initialize_invalid_parameter_handler 0042c070 f   msvcrtd:invalid_parameter_handler.obj
 0002:0001b080       __initialize_denormal_control 0042c080 f   msvcrtd:denormal_control.obj
 0002:0001b090       ___local_stdio_scanf_options 0042c090 f i msvcrtd:default_local_stdio_options.obj
 0002:0001b0a0       ___scrt_initialize_default_local_stdio_options 0042c0a0 f   msvcrtd:default_local_stdio_options.obj
 0002:0001b0f0       ___scrt_is_user_matherr_present 0042c0f0 f   msvcrtd:matherr_detection.obj
 0002:0001b120       ___scrt_get_dyn_tls_init_callback 0042c120 f   msvcrtd:dyn_tls_init.obj
 0002:0001b130       ___scrt_get_dyn_tls_dtor_callback 0042c130 f   msvcrtd:dyn_tls_dtor.obj
 0002:0001b140       __RTC_Initialize           0042c140 f   msvcrtd:_initsect_.obj
 0002:0001b180       __RTC_Terminate            0042c180 f   msvcrtd:_initsect_.obj
 0002:0001b1c0       ??_V@YAXPAX@Z              0042c1c0 f   msvcrtd:delete_array.obj
 0002:0001b1e0       @_guard_check_icall_nop@4  0042c1e0 f i msvcrtd:guard_support.obj
 0002:0001b1f0       __guard_icall_checks_enforced 0042c1f0 f i msvcrtd:guard_support.obj
 0002:0001b220       _WaitForSingleObject@8     0042c220 f   kernel32:KERNEL32.dll
 0002:0001b226       _DecodePointer@4           0042c226 f   kernel32:KERNEL32.dll
 0002:0001b22c       _RaiseException@16         0042c22c f   kernel32:KERNEL32.dll
 0002:0001b232       _GetLastError@0            0042c232 f   kernel32:KERNEL32.dll
 0002:0001b238       _SetLastError@4            0042c238 f   kernel32:KERNEL32.dll
 0002:0001b23e       _HeapDestroy@4             0042c23e f   kernel32:KERNEL32.dll
 0002:0001b244       _HeapAlloc@12              0042c244 f   kernel32:KERNEL32.dll
 0002:0001b24a       _HeapReAlloc@16            0042c24a f   kernel32:KERNEL32.dll
 0002:0001b250       _HeapFree@12               0042c250 f   kernel32:KERNEL32.dll
 0002:0001b256       _HeapSize@12               0042c256 f   kernel32:KERNEL32.dll
 0002:0001b25c       _GetProcessHeap@0          0042c25c f   kernel32:KERNEL32.dll
 0002:0001b262       _EnterCriticalSection@4    0042c262 f   kernel32:KERNEL32.dll
 0002:0001b268       _LeaveCriticalSection@4    0042c268 f   kernel32:KERNEL32.dll
 0002:0001b26e       _InitializeCriticalSectionEx@12 0042c26e f   kernel32:KERNEL32.dll
 0002:0001b274       _DeleteCriticalSection@4   0042c274 f   kernel32:KERNEL32.dll
 0002:0001b27a       _MultiByteToWideChar@24    0042c27a f   kernel32:KERNEL32.dll
 0002:0001b280       _OutputDebugStringA@4      0042c280 f   kernel32:KERNEL32.dll
 0002:0001b286       _InitializeCriticalSectionAndSpinCount@8 0042c286 f   kernel32:KERNEL32.dll
 0002:0001b28c       _GetModuleFileNameW@12     0042c28c f   kernel32:KERNEL32.dll
 0002:0001b292       _GetModuleHandleA@4        0042c292 f   kernel32:KERNEL32.dll
 0002:0001b298       _GetModuleHandleW@4        0042c298 f   kernel32:KERNEL32.dll
 0002:0001b29e       _GetProcAddress@8          0042c29e f   kernel32:KERNEL32.dll
 0002:0001b2a4       _LoadLibraryW@4            0042c2a4 f   kernel32:KERNEL32.dll
 0002:0001b2aa       _IsDebuggerPresent@0       0042c2aa f   kernel32:KERNEL32.dll
 0002:0001b2b0       _WideCharToMultiByte@32    0042c2b0 f   kernel32:KERNEL32.dll
 0002:0001b2b6       _CloseHandle@4             0042c2b6 f   kernel32:KERNEL32.dll
 0002:0001b2bc       _SetEvent@4                0042c2bc f   kernel32:KERNEL32.dll
 0002:0001b2c2       _ResetEvent@4              0042c2c2 f   kernel32:KERNEL32.dll
 0002:0001b2c8       _WaitForSingleObjectEx@12  0042c2c8 f   kernel32:KERNEL32.dll
 0002:0001b2ce       _CreateEventW@16           0042c2ce f   kernel32:KERNEL32.dll
 0002:0001b2d4       _UnhandledExceptionFilter@4 0042c2d4 f   kernel32:KERNEL32.dll
 0002:0001b2da       _SetUnhandledExceptionFilter@4 0042c2da f   kernel32:KERNEL32.dll
 0002:0001b2e0       _GetCurrentProcess@0       0042c2e0 f   kernel32:KERNEL32.dll
 0002:0001b2e6       _TerminateProcess@8        0042c2e6 f   kernel32:KERNEL32.dll
 0002:0001b2ec       _IsProcessorFeaturePresent@4 0042c2ec f   kernel32:KERNEL32.dll
 0002:0001b2f2       _VirtualQuery@12           0042c2f2 f   kernel32:KERNEL32.dll
 0002:0001b2f8       _FreeLibrary@4             0042c2f8 f   kernel32:KERNEL32.dll
 0002:0001b2fe       _GetStartupInfoW@4         0042c2fe f   kernel32:KERNEL32.dll
 0002:0001b304       _QueryPerformanceCounter@4 0042c304 f   kernel32:KERNEL32.dll
 0002:0001b30a       _GetCurrentProcessId@0     0042c30a f   kernel32:KERNEL32.dll
 0002:0001b310       _GetCurrentThreadId@0      0042c310 f   kernel32:KERNEL32.dll
 0002:0001b316       _GetSystemTimeAsFileTime@4 0042c316 f   kernel32:KERNEL32.dll
 0002:0001b31c       _InitializeSListHead@4     0042c31c f   kernel32:KERNEL32.dll
 0002:0001b322       _UnregisterClassA@8        0042c322 f   user32:USER32.dll
 0002:0001b328       _PeekMessageA@20           0042c328 f   user32:USER32.dll
 0002:0001b32e       _PostQuitMessage@4         0042c32e f   user32:USER32.dll
 0002:0001b334       _GetSystemMetrics@4        0042c334 f   user32:USER32.dll
 0002:0001b33a       _DeleteDC@4                0042c33a f   gdi32:GDI32.dll
 0002:0001b340       _InitCommonControlsEx@4    0042c340 f   comctl32:COMCTL32.dll
 0002:0001b346       ??$?2PAUHINSTANCE__@@@Wrapper@?$CSimpleArray@PAUHINSTANCE__@@V?$CSimpleArrayEqualHelper@PAUHINSTANCE__@@@ATL@@@ATL@@SAPAXIPAPAUHINSTANCE__@@@Z 0042c346 f i atls:atlbase.obj
 0002:0001b350       ??0?$CComCritSecLock@VCComCriticalSection@ATL@@@ATL@@QAE@AAVCComCriticalSection@1@_N@Z 0042c350 f i atls:atlbase.obj
 0002:0001b380       ??0?$CSimpleArray@PAUHINSTANCE__@@V?$CSimpleArrayEqualHelper@PAUHINSTANCE__@@@ATL@@@ATL@@QAE@XZ 0042c380 f i atls:atlbase.obj
 0002:0001b390       ??0CAtlBaseModule@ATL@@QAE@XZ 0042c390 f   atls:atlbase.obj
 0002:0001b3f7       ??0Wrapper@?$CSimpleArray@PAUHINSTANCE__@@V?$CSimpleArrayEqualHelper@PAUHINSTANCE__@@@ATL@@@ATL@@QAE@ABQAUHINSTANCE__@@@Z 0042c3f7 f i atls:atlbase.obj
 0002:0001b40b       ??0_ATL_BASE_MODULE70@ATL@@QAE@XZ 0042c40b f i atls:atlbase.obj
 0002:0001b436       ??1?$CComCritSecLock@VCComCriticalSection@ATL@@@ATL@@QAE@XZ 0042c436 f i atls:atlbase.obj
 0002:0001b452       ??1?$CSimpleArray@PAUHINSTANCE__@@V?$CSimpleArrayEqualHelper@PAUHINSTANCE__@@@ATL@@@ATL@@QAE@XZ 0042c452 f i atls:atlbase.obj
 0002:0001b457       ??1CAtlBaseModule@ATL@@QAE@XZ 0042c457 f   atls:atlbase.obj
 0002:0001b472       ??1_ATL_BASE_MODULE70@ATL@@QAE@XZ 0042c472 f i atls:atlbase.obj
 0002:0001b47c       ??A?$CSimpleArray@PAUHINSTANCE__@@V?$CSimpleArrayEqualHelper@PAUHINSTANCE__@@@ATL@@@ATL@@QAEAAPAUHINSTANCE__@@H@Z 0042c47c f i atls:atlbase.obj
 0002:0001b4b0       ?Add@?$CSimpleArray@PAUHINSTANCE__@@V?$CSimpleArrayEqualHelper@PAUHINSTANCE__@@@ATL@@@ATL@@QAEHABQAUHINSTANCE__@@@Z 0042c4b0 f i atls:atlbase.obj
 0002:0001b546       ?AddResourceInstance@CAtlBaseModule@ATL@@QAE_NPAUHINSTANCE__@@@Z 0042c546 f   atls:atlbase.obj
 0002:0001b585       ?AtlCrtErrorCheck@ATL@@YAHH@Z 0042c585 f i atls:atlbase.obj
 0002:0001b5ce       ?AtlThrowImpl@ATL@@YGXJ@Z  0042c5ce f i atls:atlbase.obj
 0002:0001b5fd       ?GetHInstanceAt@CAtlBaseModule@ATL@@QAEPAUHINSTANCE__@@H@Z 0042c5fd f   atls:atlbase.obj
 0002:0001b653       ?GetSize@?$CSimpleArray@PAUHINSTANCE__@@V?$CSimpleArrayEqualHelper@PAUHINSTANCE__@@@ATL@@@ATL@@QBEHXZ 0042c653 f i atls:atlbase.obj
 0002:0001b657       ?InternalSetAtIndex@?$CSimpleArray@PAUHINSTANCE__@@V?$CSimpleArrayEqualHelper@PAUHINSTANCE__@@@ATL@@@ATL@@QAEXHABQAUHINSTANCE__@@@Z 0042c657 f i atls:atlbase.obj
 0002:0001b677       ?Lock@?$CComCritSecLock@VCComCriticalSection@ATL@@@ATL@@QAEJXZ 0042c677 f i atls:atlbase.obj
 0002:0001b68e       ?Lock@CComCriticalSection@ATL@@QAEJXZ 0042c68e f i atls:atlbase.obj
 0002:0001b69a       ?RemoveAll@?$CSimpleArray@PAUHINSTANCE__@@V?$CSimpleArrayEqualHelper@PAUHINSTANCE__@@@ATL@@@ATL@@QAEXXZ 0042c69a f i atls:atlbase.obj
 0002:0001b6be       ?RemoveAt@?$CSimpleArray@PAUHINSTANCE__@@V?$CSimpleArrayEqualHelper@PAUHINSTANCE__@@@ATL@@@ATL@@QAEHH@Z 0042c6be f i atls:atlbase.obj
 0002:0001b718       ?RemoveResourceInstance@CAtlBaseModule@ATL@@QAE_NPAUHINSTANCE__@@@Z 0042c718 f   atls:atlbase.obj
 0002:0001b78e       ?Unlock@?$CComCritSecLock@VCComCriticalSection@ATL@@@ATL@@QAEXXZ 0042c78e f i atls:atlbase.obj
 0002:0001b7a3       ?Unlock@CComCriticalSection@ATL@@QAEJXZ 0042c7a3 f i atls:atlbase.obj
 0002:0001b7af       ?memmove_s@Checked@ATL@@YAXPAXIPBXI@Z 0042c7af f i atls:atlbase.obj
 0002:0001b873       ??0?$CTraceCategoryEx@$00$0A@@ATL@@QAE@PB_W@Z 0042c873 f i atls:stdafx.obj
 0002:0001b878       ??0?$CTraceCategoryEx@$01$0A@@ATL@@QAE@PB_W@Z 0042c878 f i atls:stdafx.obj
 0002:0001b87d       ??0?$CTraceCategoryEx@$03$0A@@ATL@@QAE@PB_W@Z 0042c87d f i atls:stdafx.obj
 0002:0001b882       ??0?$CTraceCategoryEx@$07$0A@@ATL@@QAE@PB_W@Z 0042c882 f i atls:stdafx.obj
 0002:0001b887       ??0?$CTraceCategoryEx@$0BA@$0A@@ATL@@QAE@PB_W@Z 0042c887 f i atls:stdafx.obj
 0002:0001b88c       ??0?$CTraceCategoryEx@$0BAA@$0A@@ATL@@QAE@PB_W@Z 0042c88c f i atls:stdafx.obj
 0002:0001b891       ??0?$CTraceCategoryEx@$0BAAA@$0A@@ATL@@QAE@PB_W@Z 0042c891 f i atls:stdafx.obj
 0002:0001b896       ??0?$CTraceCategoryEx@$0BAAAA@$0A@@ATL@@QAE@PB_W@Z 0042c896 f i atls:stdafx.obj
 0002:0001b89b       ??0?$CTraceCategoryEx@$0BAAAAA@$0A@@ATL@@QAE@PB_W@Z 0042c89b f i atls:stdafx.obj
 0002:0001b8a0       ??0?$CTraceCategoryEx@$0CA@$0A@@ATL@@QAE@PB_W@Z 0042c8a0 f i atls:stdafx.obj
 0002:0001b8a5       ??0?$CTraceCategoryEx@$0CAA@$0A@@ATL@@QAE@PB_W@Z 0042c8a5 f i atls:stdafx.obj
 0002:0001b8aa       ??0?$CTraceCategoryEx@$0CAAA@$0A@@ATL@@QAE@PB_W@Z 0042c8aa f i atls:stdafx.obj
 0002:0001b8af       ??0?$CTraceCategoryEx@$0CAAAA@$0A@@ATL@@QAE@PB_W@Z 0042c8af f i atls:stdafx.obj
 0002:0001b8b4       ??0?$CTraceCategoryEx@$0CAAAAA@$0A@@ATL@@QAE@PB_W@Z 0042c8b4 f i atls:stdafx.obj
 0002:0001b8b9       ??0?$CTraceCategoryEx@$0EA@$0A@@ATL@@QAE@PB_W@Z 0042c8b9 f i atls:stdafx.obj
 0002:0001b8be       ??0?$CTraceCategoryEx@$0EAA@$0A@@ATL@@QAE@PB_W@Z 0042c8be f i atls:stdafx.obj
 0002:0001b8c3       ??0?$CTraceCategoryEx@$0EAAA@$0A@@ATL@@QAE@PB_W@Z 0042c8c3 f i atls:stdafx.obj
 0002:0001b8c8       ??0?$CTraceCategoryEx@$0EAAAA@$0A@@ATL@@QAE@PB_W@Z 0042c8c8 f i atls:stdafx.obj
 0002:0001b8cd       ??0?$CTraceCategoryEx@$0EAAAAA@$0A@@ATL@@QAE@PB_W@Z 0042c8cd f i atls:stdafx.obj
 0002:0001b8d2       ??0?$CTraceCategoryEx@$0IA@$0A@@ATL@@QAE@PB_W@Z 0042c8d2 f i atls:stdafx.obj
 0002:0001b8d7       ??0?$CTraceCategoryEx@$0IAA@$0A@@ATL@@QAE@PB_W@Z 0042c8d7 f i atls:stdafx.obj
 0002:0001b8dc       ??0?$CTraceCategoryEx@$0IAAA@$0A@@ATL@@QAE@PB_W@Z 0042c8dc f i atls:stdafx.obj
 0002:0001b8e1       ??0?$CTraceCategoryEx@$0IAAAA@$0A@@ATL@@QAE@PB_W@Z 0042c8e1 f i atls:stdafx.obj
 0002:0001b8e6       ??_I@YGXPAXIIP6EX0@Z@Z     0042c8e6 f i atls:stdafx.obj
 0002:0001b91a       _SysFreeString@4           0042c91a f   oleaut32:OLEAUT32.dll
 0002:0001b920       _GdiplusShutdown@4         0042c920 f   gdiplus:gdiplus.dll
 0002:0001b926       _WSAStartup@8              0042c926 f   ws2_32:WS2_32.dll
 0002:0001b92c       ___CxxFrameHandler3        0042c92c f   vcruntimed:VCRUNTIME140D.dll
 0002:0001b932       _memset                    0042c932 f   vcruntimed:VCRUNTIME140D.dll
 0002:0001b938       ___vcrt_InitializeCriticalSectionEx 0042c938 f   vcruntimed:VCRUNTIME140D.dll
 0002:0001b93e       ___telemetry_main_invoke_trigger 0042c93e f   vcruntimed:VCRUNTIME140D.dll
 0002:0001b944       ___telemetry_main_return_trigger 0042c944 f   vcruntimed:VCRUNTIME140D.dll
 0002:0001b94a       __except_handler4_common   0042c94a f   vcruntimed:VCRUNTIME140D.dll
 0002:0001b950       ___vcrt_GetModuleFileNameW 0042c950 f   vcruntimed:VCRUNTIME140D.dll
 0002:0001b956       ___vcrt_GetModuleHandleW   0042c956 f   vcruntimed:VCRUNTIME140D.dll
 0002:0001b95c       ___vcrt_LoadLibraryExW     0042c95c f   vcruntimed:VCRUNTIME140D.dll
 0002:0001b962       ___std_type_info_destroy_list 0042c962 f   vcruntimed:VCRUNTIME140D.dll
 0002:0001b968       _memmove                   0042c968 f   vcruntimed:VCRUNTIME140D.dll
 0002:0001b96e       _wcscpy_s                  0042c96e f   ucrtd:ucrtbased.dll
 0002:0001b974       ___stdio_common_vswprintf_s 0042c974 f   ucrtd:ucrtbased.dll
 0002:0001b97a       _free                      0042c97a f   ucrtd:ucrtbased.dll
 0002:0001b980       __CrtDbgReportW            0042c980 f   ucrtd:ucrtbased.dll
 0002:0001b986       _atoi                      0042c986 f   ucrtd:ucrtbased.dll
 0002:0001b98c       _srand                     0042c98c f   ucrtd:ucrtbased.dll
 0002:0001b992       _rand                      0042c992 f   ucrtd:ucrtbased.dll
 0002:0001b998       __time64                   0042c998 f   ucrtd:ucrtbased.dll
 0002:0001b99e       _wcslen                    0042c99e f   ucrtd:ucrtbased.dll
 0002:0001b9a4       ___stdio_common_vsprintf   0042c9a4 f   ucrtd:ucrtbased.dll
 0002:0001b9aa       ___stdio_common_vsnprintf_s 0042c9aa f   ucrtd:ucrtbased.dll
 0002:0001b9b0       _malloc                    0042c9b0 f   ucrtd:ucrtbased.dll
 0002:0001b9b6       __CrtDbgReport             0042c9b6 f   ucrtd:ucrtbased.dll
 0002:0001b9bc       ___stdio_common_vsprintf_s 0042c9bc f   ucrtd:ucrtbased.dll
 0002:0001b9c2       __seh_filter_dll           0042c9c2 f   ucrtd:ucrtbased.dll
 0002:0001b9c8       __initialize_narrow_environment 0042c9c8 f   ucrtd:ucrtbased.dll
 0002:0001b9ce       __initialize_onexit_table  0042c9ce f   ucrtd:ucrtbased.dll
 0002:0001b9d4       __register_onexit_function 0042c9d4 f   ucrtd:ucrtbased.dll
 0002:0001b9da       __execute_onexit_table     0042c9da f   ucrtd:ucrtbased.dll
 0002:0001b9e0       __crt_atexit               0042c9e0 f   ucrtd:ucrtbased.dll
 0002:0001b9e6       __crt_at_quick_exit        0042c9e6 f   ucrtd:ucrtbased.dll
 0002:0001b9ec       __cexit                    0042c9ec f   ucrtd:ucrtbased.dll
 0002:0001b9f2       __seh_filter_exe           0042c9f2 f   ucrtd:ucrtbased.dll
 0002:0001b9f8       __set_app_type             0042c9f8 f   ucrtd:ucrtbased.dll
 0002:0001b9fe       ___setusermatherr          0042c9fe f   ucrtd:ucrtbased.dll
 0002:0001ba04       __configure_narrow_argv    0042ca04 f   ucrtd:ucrtbased.dll
 0002:0001ba0a       __get_narrow_winmain_command_line 0042ca0a f   ucrtd:ucrtbased.dll
 0002:0001ba10       __initterm                 0042ca10 f   ucrtd:ucrtbased.dll
 0002:0001ba16       __initterm_e               0042ca16 f   ucrtd:ucrtbased.dll
 0002:0001ba1c       _exit                      0042ca1c f   ucrtd:ucrtbased.dll
 0002:0001ba22       __exit                     0042ca22 f   ucrtd:ucrtbased.dll
 0002:0001ba28       __set_fmode                0042ca28 f   ucrtd:ucrtbased.dll
 0002:0001ba2e       __c_exit                   0042ca2e f   ucrtd:ucrtbased.dll
 0002:0001ba34       __register_thread_local_exe_atexit_callback 0042ca34 f   ucrtd:ucrtbased.dll
 0002:0001ba3a       __configthreadlocale       0042ca3a f   ucrtd:ucrtbased.dll
 0002:0001ba40       __set_new_mode             0042ca40 f   ucrtd:ucrtbased.dll
 0002:0001ba46       ___p__commode              0042ca46 f   ucrtd:ucrtbased.dll
 0002:0001ba4c       _terminate                 0042ca4c f   ucrtd:ucrtbased.dll
 0002:0001ba52       __wmakepath_s              0042ca52 f   ucrtd:ucrtbased.dll
 0002:0001ba58       __wsplitpath_s             0042ca58 f   ucrtd:ucrtbased.dll
 0002:0001ba5e       __controlfp_s              0042ca5e f   ucrtd:ucrtbased.dll
 0002:0001ba64       __invalid_parameter_noinfo 0042ca64 f   ucrtd:ucrtbased.dll
 0002:0001ba6a       __errno                    0042ca6a f   ucrtd:ucrtbased.dll
 0002:0001ba70       __recalloc                 0042ca70 f   ucrtd:ucrtbased.dll
 0002:0001ba76       ?_AfxSocketInit@@YGHPAUWSAData@@@Z 0042ca76 f   mfc140d:mfc140d.dll
 0002:0001ba80       ?AfxInitialize@@YGHHK@Z    0042ca80 f   mfcs140d:appmodul.obj
 0002:0001bb10       _WinMain@16                0042cb10 f   mfcs140d:appmodul.obj
 0002:0001bb3c       _OutputDebugStringW@4      0042cb3c f   kernel32:KERNEL32.dll
 0002:0001bb42       __setmbcp                  0042cb42 f   ucrtd:ucrtbased.dll
 0002:0001bb48       ?AfxGetModuleState@@YGPAVAFX_MODULE_STATE@@XZ 0042cb48 f   mfc140d:mfc140d.dll
 0002:0001bb4e       ?AfxWinMain@@YGHPAUHINSTANCE__@@0PADH@Z 0042cb4e f   mfc140d:mfc140d.dll
 0002:0001bb60       ___acrt_initialize         0042cb60 f   msvcrtd:ucrt_stubs.obj
 0002:0001bb60       ___vcrt_initialize         0042cb60 f   msvcrtd:ucrt_stubs.obj
 0002:0001bb60       ___scrt_stub_for_acrt_initialize 0042cb60 f   msvcrtd:ucrt_stubs.obj
 0002:0001bb70       ___vcrt_thread_attach      0042cb70 f   msvcrtd:ucrt_stubs.obj
 0002:0001bb70       ___scrt_stub_for_acrt_thread_attach 0042cb70 f   msvcrtd:ucrt_stubs.obj
 0002:0001bb70       ___acrt_thread_attach      0042cb70 f   msvcrtd:ucrt_stubs.obj
 0002:0001bb80       ___vcrt_thread_detach      0042cb80 f   msvcrtd:ucrt_stubs.obj
 0002:0001bb80       ___scrt_stub_for_acrt_thread_detach 0042cb80 f   msvcrtd:ucrt_stubs.obj
 0002:0001bb80       ___acrt_thread_detach      0042cb80 f   msvcrtd:ucrt_stubs.obj
 0002:0001bb90       ___scrt_stub_for_acrt_uninitialize 0042cb90 f   msvcrtd:ucrt_stubs.obj
 0002:0001bb90       ___acrt_uninitialize       0042cb90 f   msvcrtd:ucrt_stubs.obj
 0002:0001bb90       ___vcrt_uninitialize       0042cb90 f   msvcrtd:ucrt_stubs.obj
 0002:0001bba0       ___scrt_stub_for_acrt_uninitialize_critical 0042cba0 f   msvcrtd:ucrt_stubs.obj
 0002:0001bba0       ___vcrt_uninitialize_critical 0042cba0 f   msvcrtd:ucrt_stubs.obj
 0002:0001bba0       ___acrt_uninitialize_critical 0042cba0 f   msvcrtd:ucrt_stubs.obj
 0002:0001bbb0       ___scrt_stub_for_is_c_termination_complete 0042cbb0 f   msvcrtd:ucrt_stubs.obj
 0002:0001bbb0       __is_c_termination_complete 0042cbb0 f   msvcrtd:ucrt_stubs.obj
 0002:0001eb70       ??__Fcache@?1??GetCDCCacheInstance@CImage@ATL@@CAPAVCDCCache@12@XZ@YAXXZ 0042fb70 f i stdafx.obj
 0002:0001ebc0       ??__FgdiPlus@?1??GetInitGDIPlusInstance@CImage@ATL@@CAPAVCInitGDIPlus@12@XZ@YAXXZ 0042fbc0 f i stdafx.obj
 0002:0001ec10       ??__FstrHeap@?1??GetInstance@CAtlStringMgr@ATL@@SAPAUIAtlStringMgr@2@XZ@YAXXZ 0042fc10 f i stdafx.obj
 0002:0001ec60       ??__FstrMgr@?1??GetInstance@CAtlStringMgr@ATL@@SAPAUIAtlStringMgr@2@XZ@YAXXZ 0042fc60 f i stdafx.obj
 0003:00000000       ___xc_a                    00431000     msvcrtd:initializers.obj
 0003:0000049c       ___xc_z                    0043149c     msvcrtd:initializers.obj
 0003:000005a0       ___xi_a                    004315a0     msvcrtd:initializers.obj
 0003:000009b0       ___xi_z                    004319b0     msvcrtd:initializers.obj
 0003:00000ab4       ___xl_a                    00431ab4     msvcrtd:tlssup.obj
 0003:00000ab8       ___xl_z                    00431ab8     msvcrtd:tlssup.obj
 0003:00000abc       ___xp_a                    00431abc     msvcrtd:initializers.obj
 0003:00000bc0       ___xp_z                    00431bc0     msvcrtd:initializers.obj
 0003:00000cc4       ___xt_a                    00431cc4     msvcrtd:initializers.obj
 0003:00000dc8       ___xt_z                    00431dc8     msvcrtd:initializers.obj
 0003:00000ed0       ??_C@_17CNPHIMPH@?$AA?$CF?$AAl?$AAs?$AA?$AA@ 00431ed0     AES.obj
 0003:00000edc       ??_C@_0BC@PGMFNIFA@atlTraceException?$AA@ 00431edc     AES.obj
 0003:00000ef4       ??_C@_17LGGGMOOB@?$AA?$CF?$AAh?$AAs?$AA?$AA@ 00431ef4     AES.obj
 0003:00000f00       ??_C@_1EO@EBPPKGOM@?$AAf?$AAa?$AAl?$AAs?$AAe?$AA?5?$AA?$CG?$AA?$CG?$AA?5?$AA?$CC?$AAT?$AAo?$AAo?$AA?5?$AAm?$AAa?$AAn?$AAy?$AA?5?$AAc?$AAa?$AAt?$AAe?$AAg?$AAo?$AAr?$AAi?$AAe?$AAs?$AA?5?$AAd?$AAe@ 00431f00     AES.obj
 0003:00000f60       ??_C@_1KC@LMLKMJJ@?$AAc?$AA?3?$AA?2?$AAp?$AAr?$AAo?$AAg?$AAr?$AAa?$AAm?$AA?5?$AAf?$AAi?$AAl?$AAe?$AAs?$AA?5?$AA?$CI?$AAx?$AA8?$AA6?$AA?$CJ?$AA?2?$AAm?$AAi?$AAc?$AAr?$AAo?$AAs?$AAo?$AAf?$AAt@ 00431f60     AES.obj
 0003:00001022       ??_C@_00CNPNBAHC@?$AA@     00432022     AES.obj
 0003:00001028       ??_7ClientSock@@6B@        00432028     ClientSock.obj
 0003:000010e0       ??_C@_0P@MBNHGHMI@atlTraceString?$AA@ 004320e0     DB_Check.obj
 0003:000010f4       ?classCDB_Check@CDB_Check@@2UCRuntimeClass@@B 004320f4     DB_Check.obj
[...]
 0005:00000498       __imp_?OpenDocumentFile@CWinApp@@UAEPAVCDocument@@PBD@Z 0043e498     mfc140d:mfc140d.dll
 0005:0000049c       __imp_?OpenDocumentFile@CWinApp@@UAEPAVCDocument@@PBDH@Z 0043e49c     mfc140d:mfc140d.dll
 0005:000004a0       __imp_?AddToRecentFileList@CWinApp@@UAEXPBD@Z 0043e4a0     mfc140d:mfc140d.dll
 0005:000004a4       __imp_?InitApplication@CWinApp@@UAEHXZ 0043e4a4     mfc140d:mfc140d.dll
 0005:000004a8       __imp_?SaveAllModified@CWinApp@@UAEHXZ 0043e4a8     mfc140d:mfc140d.dll
 0005:000004ac       __imp_?DoMessageBox@CWinApp@@UAEHPBDII@Z 0043e4ac     mfc140d:mfc140d.dll
 0005:000004b0       __imp_?DoWaitCursor@CWinApp@@UAEXH@Z 0043e4b0     mfc140d:mfc140d.dll
 0005:000004b4       __imp_?OnDDECommand@CWinApp@@UAEHPAD@Z 0043e4b4     mfc140d:mfc140d.dll
 0005:000004b8       __imp_?WinHelpA@CWinApp@@UAEXKI@Z 0043e4b8     mfc140d:mfc140d.dll
 0005:000004bc       __imp_?HtmlHelpA@CWinApp@@UAEXKI@Z 0043e4bc     mfc140d:mfc140d.dll
 0005:000004c0       __imp_?WinHelpInternal@CWinApp@@UAEXKI@Z 0043e4c0     mfc140d:mfc140d.dll
 0005:000004c4       __imp_?RegisterWithRestartManager@CWinApp@@UAEJHABV?$CStringT@DV?$StrTraitMFC_DLL@DV?$ChTraitsCRT@D@ATL@@@@@ATL@@@Z 0043e4c4     mfc140d:mfc140d.dll
 0005:000004c8       __imp_?RegisterWithRestartManager@CWinApp@@UAEJPB_WKP6GKPAX@Z1KK@Z 0043e4c8     mfc140d:mfc140d.dll
 0005:000004cc       __imp_?ApplicationRecoveryCallback@CWinApp@@UAEKPAX@Z 0043e4cc     mfc140d:mfc140d.dll
 0005:000004d0       __imp_?GetDataRecoveryHandler@CWinApp@@UAEPAVCDataRecoveryHandler@@XZ 0043e4d0     mfc140d:mfc140d.dll
 0005:000004d4       __imp_?IsTaskbarInteractionEnabled@CWinApp@@UAEHXZ 0043e4d4     mfc140d:mfc140d.dll
 0005:000004d8       __imp_?InitInstance@CWinApp@@UAEHXZ 0043e4d8     mfc140d:mfc140d.dll
 0005:000004dc       __imp_?ExitInstance@CWinApp@@UAEHXZ 0043e4dc     mfc140d:mfc140d.dll
 0005:000004e0       __imp_?RestartInstance@CWinApp@@UAEHXZ 0043e4e0     mfc140d:mfc140d.dll
 0005:000004e4       __imp_?Run@CWinApp@@UAEHXZ 0043e4e4     mfc140d:mfc140d.dll
 0005:000004e8       __imp_?OnIdle@CWinApp@@UAEHJ@Z 0043e4e8     mfc140d:mfc140d.dll
 0005:000004ec       __imp_?ProcessWndProcException@CWinApp@@UAEJPAVCException@@PBUtagMSG@@@Z 0043e4ec     mfc140d:mfc140d.dll
 0005:000004f0       __imp_?LoadAppLangResourceDLL@CWinApp@@UAEPAUHINSTANCE__@@XZ 0043e4f0     mfc140d:mfc140d.dll
 0005:000004f4       __imp_??1CWinApp@@UAE@XZ   0043e4f4     mfc140d:mfc140d.dll
 0005:000004f8       __imp_?AssertValid@CWinApp@@UBEXXZ 0043e4f8     mfc140d:mfc140d.dll
 0005:000004fc       __imp_?Dump@CWinApp@@UBEXAAVCDumpContext@@@Z 0043e4fc     mfc140d:mfc140d.dll
 0005:00000500       __imp_?LoadSysPolicies@CWinApp@@UAEHXZ 0043e500     mfc140d:mfc140d.dll
 0005:00000504       __imp_?AfxEnableControlContainer@@YAXPAVCOccManager@@@Z 0043e504     mfc140d:mfc140d.dll
 0005:00000508       __imp_?SetDefaultManager@CMFCVisualManager@@SGXPAUCRuntimeClass@@@Z 0043e508     mfc140d:mfc140d.dll
 0005:0000050c       __imp_??0CShellManager@@QAE@XZ 0043e50c     mfc140d:mfc140d.dll
 0005:00000510       __imp_?GetThisClass@CMFCVisualManagerWindows@@SGPAUCRuntimeClass@@XZ 0043e510     mfc140d:mfc140d.dll
 0005:00000514       __imp_?traceAppMsg@@3VCTraceCategory@ATL@@A 0043e514     mfc140d:mfc140d.dll
 0005:00000518       __imp_?IsEmpty@?$CSimpleStringT@D$00@ATL@@QBE_NXZ 0043e518     mfc140d:mfc140d.dll
 0005:0000051c       __imp_??4?$CStringT@DV?$StrTraitMFC_DLL@DV?$ChTraitsCRT@D@ATL@@@@@ATL@@QAEAAV01@ABV01@@Z 0043e51c     mfc140d:mfc140d.dll
 0005:00000520       __imp_??Y?$CStringT@DV?$StrTraitMFC_DLL@DV?$ChTraitsCRT@D@ATL@@@@@ATL@@QAEAAV01@ABV?$CSimpleStringT@D$00@1@@Z 0043e520     mfc140d:mfc140d.dll
 0005:00000524       __imp_??Y?$CStringT@DV?$StrTraitMFC_DLL@DV?$ChTraitsCRT@D@ATL@@@@@ATL@@QAEAAV01@PBD@Z 0043e524     mfc140d:mfc140d.dll
 0005:00000528       __imp_?LoadStringA@?$CStringT@DV?$StrTraitMFC_DLL@DV?$ChTraitsCRT@D@ATL@@@@@ATL@@QAEHI@Z 0043e528     mfc140d:mfc140d.dll
 0005:0000052c       __imp_??2@YAPAXIPBDH@Z     0043e52c     mfc140d:mfc140d.dll
 0005:00000530       __imp_??3@YAXPAXPBDH@Z     0043e530     mfc140d:mfc140d.dll
 0005:00000534       __imp_??_U@YAPAXIPBDH@Z    0043e534     mfc140d:mfc140d.dll
 0005:00000538       __imp_?GetSafeHdc@CDC@@QBEPAUHDC__@@XZ 0043e538     mfc140d:mfc140d.dll
 0005:0000053c       __imp_?DrawIcon@CDC@@QAEHHHPAUHICON__@@@Z 0043e53c     mfc140d:mfc140d.dll
 0005:00000540       __imp_??0CPaintDC@@QAE@PAVCWnd@@@Z 0043e540     mfc140d:mfc140d.dll
 0005:00000544       __imp_??1CPaintDC@@UAE@XZ  0043e544     mfc140d:mfc140d.dll
 0005:00000548       __imp_?AppendMenuA@CMenu@@QAEHIIPBD@Z 0043e548     mfc140d:mfc140d.dll
 0005:0000054c       __imp_?GetDlgItem@CWnd@@QBEPAV1@H@Z 0043e54c     mfc140d:mfc140d.dll
 0005:00000550       __imp_?SendMessageA@CWnd@@QBEJIIJ@Z 0043e550     mfc140d:mfc140d.dll
 0005:00000554       __imp_?GetSystemMenu@CWnd@@QBEPAVCMenu@@H@Z 0043e554     mfc140d:mfc140d.dll
 0005:00000558       __imp_?IsIconic@CWnd@@QBEHXZ 0043e558     mfc140d:mfc140d.dll
 0005:0000055c       __imp_?GetClientRect@CWnd@@QBEXPAUtagRECT@@@Z 0043e55c     mfc140d:mfc140d.dll
 0005:00000560       __imp_?ShowWindow@CWnd@@QAEHH@Z 0043e560     mfc140d:mfc140d.dll
 0005:00000564       __imp_?EnableWindow@CWnd@@QAEHH@Z 0043e564     mfc140d:mfc140d.dll
 0005:00000568       __imp_?SetDlgItemTextA@CWnd@@QAEXHPBD@Z 0043e568     mfc140d:mfc140d.dll
 0005:0000056c       __imp_?SetIcon@CWnd@@QAEPAUHICON__@@PAU2@H@Z 0043e56c     mfc140d:mfc140d.dll
 0005:00000570       __imp_?UpdateData@CWnd@@QAEHH@Z 0043e570     mfc140d:mfc140d.dll
 0005:00000574       __imp_?OnSysCommand@CWnd@@IAEXIJ@Z 0043e574     mfc140d:mfc140d.dll
 0005:00000578       __imp_?OnPaint@CDialog@@IAEXXZ 0043e578     mfc140d:mfc140d.dll
 0005:0000057c       __imp_??0CListBox@@QAE@XZ  0043e57c     mfc140d:mfc140d.dll
 0005:00000580       __imp_?SetCurSel@CListBox@@QAEHH@Z 0043e580     mfc140d:mfc140d.dll
 0005:00000584       __imp_?InsertString@CListBox@@QAEHHPBD@Z 0043e584     mfc140d:mfc140d.dll
 0005:00000588       __imp_??1CListBox@@UAE@XZ  0043e588     mfc140d:mfc140d.dll
 0005:0000058c       __imp_?LoadIconA@CWinApp@@QBEPAUHICON__@@I@Z 0043e58c     mfc140d:mfc140d.dll
 0005:00000590       __imp_?GetRuntimeClass@CDialogEx@@UBEPAUCRuntimeClass@@XZ 0043e590     mfc140d:mfc140d.dll
 0005:00000594       __imp_?Create@CAsyncSocket@@QAEHIHJPBD@Z 0043e594     mfc140d:mfc140d.dll
 0005:00000598       __imp_?GetPeerName@CAsyncSocket@@QAEHAAV?$CStringT@DV?$StrTraitMFC_DLL@DV?$ChTraitsCRT@D@ATL@@@@@ATL@@AAI@Z 0043e598     mfc140d:mfc140d.dll
 0005:0000059c       __imp_?IOCtl@CAsyncSocket@@QAEHJPAK@Z 0043e59c     mfc140d:mfc140d.dll
 0005:000005a0       __imp_?Listen@CAsyncSocket@@QAEHH@Z 0043e5a0     mfc140d:mfc140d.dll
 0005:000005a4       __imp_?ContinueModal@CWnd@@UAEHXZ 0043e5a4     mfc140d:mfc140d.dll
 0005:000005a8       __imp_?WinHelpInternal@CWnd@@UAEXKI@Z 0043e5a8     mfc140d:mfc140d.dll
 0005:000005ac       __imp_?HtmlHelpA@CWnd@@UAEXKI@Z 0043e5ac     mfc140d:mfc140d.dll
 0005:000005b0       __imp_?WinHelpA@CWnd@@UAEXKI@Z 0043e5b0     mfc140d:mfc140d.dll
 0005:000005b4       __imp_?GetScrollBarCtrl@CWnd@@UBEPAVCScrollBar@@H@Z 0043e5b4     mfc140d:mfc140d.dll
 0005:000005b8       __imp_?OnToolHitTest@CWnd@@UBEHVCPoint@@PAUtagTOOLINFOA@@@Z 0043e5b8     mfc140d:mfc140d.dll
 0005:000005bc       __imp_?SetMenu@CWnd@@UAEHPAVCMenu@@@Z 0043e5bc     mfc140d:mfc140d.dll
 0005:000005c0       __imp_?GetMenu@CWnd@@UBEPAVCMenu@@XZ 0043e5c0     mfc140d:mfc140d.dll
 0005:000005c4       __imp_?CalcWindowRect@CWnd@@UAEXPAUtagRECT@@I@Z 0043e5c4     mfc140d:mfc140d.dll
 0005:000005c8       __imp_?PreCreateWindow@CWnd@@UAEHAAUtagCREATESTRUCTA@@@Z 0043e5c8     mfc140d:mfc140d.dll
 0005:000005cc       __imp_?DestroyWindow@CWnd@@UAEHXZ 0043e5cc     mfc140d:mfc140d.dll
 0005:000005d0       __imp_?CreateEx@CWnd@@UAEHKPBD0KABUtagRECT@@PAV1@IPAX@Z 0043e5d0     mfc140d:mfc140d.dll
 0005:000005d4       __imp_?CreateEx@CWnd@@UAEHKPBD0KHHHHPAUHWND__@@PAUHMENU__@@PAX@Z 0043e5d4     mfc140d:mfc140d.dll
 0005:000005d8       __imp_?Create@CWnd@@UAEHPBD0KABUtagRECT@@PAV1@IPAUCCreateContext@@@Z 0043e5d8     mfc140d:mfc140d.dll
 0005:000005dc       __imp_?PreSubclassWindow@CWnd@@UAEXXZ 0043e5dc     mfc140d:mfc140d.dll
 0005:000005e0       __imp_?GetConnectionHook@CCmdTarget@@MAEPAUIConnectionPoint@@ABU_GUID@@@Z 0043e5e0     mfc140d:mfc140d.dll
 0005:000005e4       __imp_?GetExtraConnectionPoints@CCmdTarget@@MAEHPAVCPtrArray@@@Z 0043e5e4     mfc140d:mfc140d.dll
 0005:000005e8       __imp_?GetInterfaceHook@CCmdTarget@@UAEPAUIUnknown@@PBX@Z 0043e5e8     mfc140d:mfc140d.dll
 0005:000005ec       __imp_?OnCreateAggregates@CCmdTarget@@UAEHXZ 0043e5ec     mfc140d:mfc140d.dll
 0005:000005f0       __imp_?GetEventSinkMap@CCmdTarget@@MBEPBUAFX_EVENTSINKMAP@@XZ 0043e5f0     mfc140d:mfc140d.dll
 0005:000005f4       __imp_?GetConnectionMap@CCmdTarget@@MBEPBUAFX_CONNECTIONMAP@@XZ 0043e5f4     mfc140d:mfc140d.dll
 0005:000005f8       __imp_?GetDispatchMap@CCmdTarget@@MBEPBUAFX_DISPMAP@@XZ 0043e5f8     mfc140d:mfc140d.dll
 0005:000005fc       __imp_?GetCommandMap@CCmdTarget@@MBEPBUAFX_OLECMDMAP@@XZ 0043e5fc     mfc140d:mfc140d.dll
 0005:00000600       __imp_?GetTypeLib@CCmdTarget@@UAEJKPAPAUITypeLib@@@Z 0043e600     mfc140d:mfc140d.dll
 0005:00000604       __imp_?GetTypeLibCache@CCmdTarget@@UAEPAVCTypeLibCache@@XZ 0043e604     mfc140d:mfc140d.dll
 0005:00000608       __imp_?GetTypeInfoCount@CCmdTarget@@UAEIXZ 0043e608     mfc140d:mfc140d.dll
 0005:0000060c       __imp_?GetDispatchIID@CCmdTarget@@UAEHPAU_GUID@@@Z 0043e60c     mfc140d:mfc140d.dll
 0005:00000610       __imp_?IsInvokeAllowed@CCmdTarget@@UAEHJ@Z 0043e610     mfc140d:mfc140d.dll
 0005:00000614       __imp_?DDX_Control@@YGXPAVCDataExchange@@HAAVCWnd@@@Z 0043e614     mfc140d:mfc140d.dll
 0005:00000618       __imp_??1CBrush@@UAE@XZ    0043e618     mfc140d:mfc140d.dll
 0005:0000061c       __imp_?GetManager@?$CStringT@DV?$StrTraitMFC_DLL@DV?$ChTraitsCRT@D@ATL@@@@@ATL@@QBEPAUIAtlStringMgr@2@XZ 0043e61c     mfc140d:mfc140d.dll
 0005:00000620       __imp_??Y?$CStringT@DV?$StrTraitMFC_DLL@DV?$ChTraitsCRT@D@ATL@@@@@ATL@@QAEAAV01@D@Z 0043e620     mfc140d:mfc140d.dll
 0005:00000624       __imp_??4?$CStringT@DV?$StrTraitMFC_DLL@DV?$ChTraitsCRT@D@ATL@@@@@ATL@@QAEAAV01@PBD@Z 0043e624     mfc140d:mfc140d.dll
 0005:00000628       __imp_??0?$CStringT@DV?$StrTraitMFC_DLL@DV?$ChTraitsCRT@D@ATL@@@@@ATL@@QAE@PBD@Z 0043e628     mfc140d:mfc140d.dll
 0005:0000062c       __imp_??0?$CStringT@DV?$StrTraitMFC_DLL@DV?$ChTraitsCRT@D@ATL@@@@@ATL@@QAE@PAUIAtlStringMgr@1@@Z 0043e62c     mfc140d:mfc140d.dll
 0005:00000630       __imp_?Concatenate@?$CSimpleStringT@D$00@ATL@@KAXAAV12@PBDH1H@Z 0043e630     mfc140d:mfc140d.dll
 0005:00000634       __imp_?StringLength@?$CSimpleStringT@D$00@ATL@@SAHPBD@Z 0043e634     mfc140d:mfc140d.dll
 0005:00000638       __imp_?ReleaseBuffer@?$CSimpleStringT@D$00@ATL@@QAEXH@Z 0043e638     mfc140d:mfc140d.dll
 0005:0000063c       __imp_?GetLength@?$CSimpleStringT@D$00@ATL@@QBEHXZ 0043e63c     mfc140d:mfc140d.dll
 0005:00000640       __imp_?GetBuffer@?$CSimpleStringT@D$00@ATL@@QAEPADH@Z 0043e640     mfc140d:mfc140d.dll
 0005:00000644       __imp_?Empty@?$CSimpleStringT@D$00@ATL@@QAEXXZ 0043e644     mfc140d:mfc140d.dll
 0005:00000648       __imp_??B?$CSimpleStringT@D$00@ATL@@QBEPBDXZ 0043e648     mfc140d:mfc140d.dll
 0005:0000064c       __imp_??2@YAPAXI@Z         0043e64c     mfc140d:mfc140d.dll
 0005:00000650       __imp_?GetThisMessageMap@CDialogEx@@KGPBUAFX_MSGMAP@@XZ 0043e650     mfc140d:mfc140d.dll
 0005:00000654       __imp_?SendToHelper@CAsyncSocket@@MAEHPBXHPBUsockaddr@@HH@Z 0043e654     mfc140d:mfc140d.dll
 0005:00000658       __imp_?ReceiveFromHelper@CAsyncSocket@@MAEHPAXHPAUsockaddr@@PAHH@Z 0043e658     mfc140d:mfc140d.dll
 0005:0000065c       __imp_?ConnectHelper@CAsyncSocket@@MAEHPBUsockaddr@@H@Z 0043e65c     mfc140d:mfc140d.dll
 0005:00000660       __imp_?Dump@CAsyncSocket@@UBEXAAVCDumpContext@@@Z 0043e660     mfc140d:mfc140d.dll
 0005:00000664       __imp_?AssertValid@CAsyncSocket@@UBEXXZ 0043e664     mfc140d:mfc140d.dll
 0005:00000668       __imp_??1CAsyncSocket@@UAE@XZ 0043e668     mfc140d:mfc140d.dll
 0005:0000066c       __imp_?OnClose@CAsyncSocket@@MAEXH@Z 0043e66c     mfc140d:mfc140d.dll
 0005:00000670       __imp_?OnConnect@CAsyncSocket@@MAEXH@Z 0043e670     mfc140d:mfc140d.dll
 0005:00000674       __imp_?OnAccept@CAsyncSocket@@MAEXH@Z 0043e674     mfc140d:mfc140d.dll
 0005:00000678       __imp_?OnOutOfBandData@CAsyncSocket@@MAEXH@Z 0043e678     mfc140d:mfc140d.dll
 0005:0000067c       __imp_?OnSend@CAsyncSocket@@MAEXH@Z 0043e67c     mfc140d:mfc140d.dll
 0005:00000680       __imp_?OnReceive@CAsyncSocket@@MAEXH@Z 0043e680     mfc140d:mfc140d.dll
 0005:00000684       __imp_?Send@CAsyncSocket@@UAEHPBXHH@Z 0043e684     mfc140d:mfc140d.dll
 0005:00000688       __imp_?Receive@CAsyncSocket@@UAEHPAXHH@Z 0043e688     mfc140d:mfc140d.dll
 0005:0000068c       __imp_?Close@CAsyncSocket@@UAEXXZ 0043e68c     mfc140d:mfc140d.dll
 0005:00000690       __imp_?Accept@CAsyncSocket@@UAEHAAV1@PAUsockaddr@@PAH@Z 0043e690     mfc140d:mfc140d.dll
 0005:00000694       __imp_??0CAsyncSocket@@QAE@XZ 0043e694     mfc140d:mfc140d.dll
 0005:00000698       __imp_?GetRuntimeClass@CAsyncSocket@@UBEPAUCRuntimeClass@@XZ 0043e698     mfc140d:mfc140d.dll
 0005:0000069c       __imp_?AfxGetApp@@YGPAVCWinApp@@XZ 0043e69c     mfc140d:mfc140d.dll
 0005:000006a0       __imp_?Serialize@CObject@@UAEXAAVCArchive@@@Z 0043e6a0     mfc140d:mfc140d.dll
 0005:000006a4       __imp_??3CObject@@SGXPAX@Z 0043e6a4     mfc140d:mfc140d.dll
 0005:000006a8       __imp_?Format@?$CStringT@DV?$StrTraitMFC_DLL@DV?$ChTraitsCRT@D@ATL@@@@@ATL@@QAAXPBDZZ 0043e6a8     mfc140d:mfc140d.dll
 0005:000006ac       __imp_??Y?$CStringT@DV?$StrTraitMFC_DLL@DV?$ChTraitsCRT@D@ATL@@@@@ATL@@QAEAAV01@E@Z 0043e6ac     mfc140d:mfc140d.dll
 0005:000006b0       __imp_??1?$CStringT@DV?$StrTraitMFC_DLL@DV?$ChTraitsCRT@D@ATL@@@@@ATL@@QAE@XZ 0043e6b0     mfc140d:mfc140d.dll
 0005:000006b4       __imp_??0?$CStringT@DV?$StrTraitMFC_DLL@DV?$ChTraitsCRT@D@ATL@@@@@ATL@@QAE@ABV01@@Z 0043e6b4     mfc140d:mfc140d.dll
 0005:000006b8       __imp_??0?$CStringT@DV?$StrTraitMFC_DLL@DV?$ChTraitsCRT@D@ATL@@@@@ATL@@QAE@XZ 0043e6b8     mfc140d:mfc140d.dll
 0005:000006bc       __imp_??3@YAXPAX@Z         0043e6bc     mfc140d:mfc140d.dll
 0005:000006c0       __imp_?AfxGetModuleState@@YGPAVAFX_MODULE_STATE@@XZ 0043e6c0     mfc140d:mfc140d.dll
 0005:000006c4       __imp_?OnCommand@CDialogEx@@MAEHIJ@Z 0043e6c4     mfc140d:mfc140d.dll
 0005:000006c8       __imp_?_AfxSocketInit@@YGHPAUWSAData@@@Z 0043e6c8     mfc140d:mfc140d.dll
 0005:000006cc       __imp_?AfxWinMain@@YGHPAUHINSTANCE__@@0PADH@Z 0043e6cc     mfc140d:mfc140d.dll
 0005:000006d0       \177mfc140d_NULL_THUNK_DATA 0043e6d0     mfc140d:mfc140d.dll
 0005:000007c8       __imp__atoi                0043e7c8     ucrtd:ucrtbased.dll
 0005:000007cc       __imp__srand               0043e7cc     ucrtd:ucrtbased.dll
 0005:000007d0       __imp__rand                0043e7d0     ucrtd:ucrtbased.dll
 0005:000007d4       __imp___time64             0043e7d4     ucrtd:ucrtbased.dll
 0005:000007d8       __imp__wcslen              0043e7d8     ucrtd:ucrtbased.dll
 0005:000007dc       __imp____stdio_common_vsprintf 0043e7dc     ucrtd:ucrtbased.dll
 0005:000007e0       __imp____stdio_common_vsnprintf_s 0043e7e0     ucrtd:ucrtbased.dll
 0005:000007e4       __imp__malloc              0043e7e4     ucrtd:ucrtbased.dll
 0005:000007e8       __imp___CrtDbgReport       0043e7e8     ucrtd:ucrtbased.dll
 0005:000007ec       __imp____stdio_common_vsprintf_s 0043e7ec     ucrtd:ucrtbased.dll
 0005:000007f0       __imp___seh_filter_dll     0043e7f0     ucrtd:ucrtbased.dll
 0005:000007f4       __imp___initialize_narrow_environment 0043e7f4     ucrtd:ucrtbased.dll
 0005:000007f8       __imp___initialize_onexit_table 0043e7f8     ucrtd:ucrtbased.dll
 0005:000007fc       __imp___register_onexit_function 0043e7fc     ucrtd:ucrtbased.dll
 0005:00000800       __imp___execute_onexit_table 0043e800     ucrtd:ucrtbased.dll
 0005:00000804       __imp___crt_atexit         0043e804     ucrtd:ucrtbased.dll
 0005:00000808       __imp___crt_at_quick_exit  0043e808     ucrtd:ucrtbased.dll
 0005:0000080c       __imp___cexit              0043e80c     ucrtd:ucrtbased.dll
 0005:00000810       __imp___seh_filter_exe     0043e810     ucrtd:ucrtbased.dll
 0005:00000814       __imp___set_app_type       0043e814     ucrtd:ucrtbased.dll
 0005:00000818       __imp____setusermatherr    0043e818     ucrtd:ucrtbased.dll
 0005:0000081c       __imp___configure_narrow_argv 0043e81c     ucrtd:ucrtbased.dll
 0005:00000820       __imp___get_narrow_winmain_command_line 0043e820     ucrtd:ucrtbased.dll
 0005:00000824       __imp___initterm           0043e824     ucrtd:ucrtbased.dll
 0005:00000828       __imp___initterm_e         0043e828     ucrtd:ucrtbased.dll
 0005:0000082c       __imp__exit                0043e82c     ucrtd:ucrtbased.dll
 0005:00000830       __imp___exit               0043e830     ucrtd:ucrtbased.dll
 0005:00000834       __imp___set_fmode          0043e834     ucrtd:ucrtbased.dll
 0005:00000838       __imp___c_exit             0043e838     ucrtd:ucrtbased.dll
 0005:0000083c       __imp___register_thread_local_exe_atexit_callback 0043e83c     ucrtd:ucrtbased.dll
 0005:00000840       __imp___configthreadlocale 0043e840     ucrtd:ucrtbased.dll
 0005:00000844       __imp___set_new_mode       0043e844     ucrtd:ucrtbased.dll
 0005:00000848       __imp____p__commode        0043e848     ucrtd:ucrtbased.dll
 0005:0000084c       __imp__terminate           0043e84c     ucrtd:ucrtbased.dll
 0005:00000850       __imp___wmakepath_s        0043e850     ucrtd:ucrtbased.dll
 0005:00000854       __imp___wsplitpath_s       0043e854     ucrtd:ucrtbased.dll
 0005:00000858       __imp___controlfp_s        0043e858     ucrtd:ucrtbased.dll
 0005:0000085c       __imp___invalid_parameter_noinfo 0043e85c     ucrtd:ucrtbased.dll
 0005:00000860       __imp___errno              0043e860     ucrtd:ucrtbased.dll
 0005:00000864       __imp___recalloc           0043e864     ucrtd:ucrtbased.dll
 0005:00000868       __imp__free                0043e868     ucrtd:ucrtbased.dll
 0005:0000086c       __imp____stdio_common_vswprintf_s 0043e86c     ucrtd:ucrtbased.dll
 0005:00000870       __imp___setmbcp            0043e870     ucrtd:ucrtbased.dll
 0005:00000874       __imp__wcscpy_s            0043e874     ucrtd:ucrtbased.dll
 0005:00000878       __imp___CrtDbgReportW      0043e878     ucrtd:ucrtbased.dll
 0005:0000087c       \177ucrtbased_NULL_THUNK_DATA 0043e87c     ucrtd:ucrtbased.dll
 0005:000008cc       __IMPORT_DESCRIPTOR_libmysql 0043e8cc     libmysql:libmysql.dll
 0005:000008e0       __IMPORT_DESCRIPTOR_mfc140d 0043e8e0     mfc140d:mfc140d.dll
 0005:000008f4       __IMPORT_DESCRIPTOR_KERNEL32 0043e8f4     kernel32:KERNEL32.dll
 0005:00000908       __IMPORT_DESCRIPTOR_USER32 0043e908     user32:USER32.dll
 0005:0000091c       __IMPORT_DESCRIPTOR_GDI32  0043e91c     gdi32:GDI32.dll
 0005:00000930       __IMPORT_DESCRIPTOR_COMCTL32 0043e930     comctl32:COMCTL32.dll
 0005:00000944       __IMPORT_DESCRIPTOR_OLEAUT32 0043e944     oleaut32:OLEAUT32.dll
 0005:00000958       __IMPORT_DESCRIPTOR_gdiplus 0043e958     gdiplus:gdiplus.dll
 0005:0000096c       __IMPORT_DESCRIPTOR_WS2_32 0043e96c     ws2_32:WS2_32.dll
 0005:00000980       __IMPORT_DESCRIPTOR_VCRUNTIME140D 0043e980     vcruntimed:VCRUNTIME140D.dll
 0005:00000994       __IMPORT_DESCRIPTOR_ucrtbased 0043e994     ucrtd:ucrtbased.dll
 0005:000009a8       __NULL_IMPORT_DESCRIPTOR   0043e9a8     libmysql:libmysql.dll
 0007:00000000       __tls_start                00441000     msvcrtd:tlssup.obj
 0007:00000104       __Init_thread_epoch        00441104     msvcrtd:thread_safe_statics.obj
 0007:00000208       __tls_end                  00441208     msvcrtd:tlssup.obj
 0008:00000000       ___guard_check_icall_fptr  00442000     msvcrtd:guard_support.obj
